[    0.000000] Linux version 6.12.57+deb13-amd64 (debian-kernel@lists.debian.org) (x86_64-linux-gnu-gcc-14 (Debian 14.2.0-19) 14.2.0, GNU ld (GNU Binutils for Debian) 2.44) #1 SMP PREEMPT_DYNAMIC Debian 6.12.57-1 (2025-11-05)
[    0.000000] Command line: BOOT_IMAGE=/@/boot/vmlinuz-6.12.57+deb13-amd64 root=UUID=cf1b7843-392f-413c-ab2f-fa8bfa5d90e7 ro rootflags=subvol=@ fbcon=rotate:1 video=DSI-1:panel_orientation=right_side_up log_buf_len=10M drm.debug=0x1e
[    0.000000] x86/split lock detection: #AC: crashing the kernel on kernel split_locks and warning on user-space split_locks
[    0.000000] BIOS-provided physical RAM map:
[    0.000000] BIOS-e820: [mem 0x0000000000000000-0x000000000009dfff] usable
[    0.000000] BIOS-e820: [mem 0x000000000009e000-0x000000000009efff] reserved
[    0.000000] BIOS-e820: [mem 0x000000000009f000-0x000000000009ffff] usable
[    0.000000] BIOS-e820: [mem 0x00000000000a0000-0x00000000000fffff] reserved
[    0.000000] BIOS-e820: [mem 0x0000000000100000-0x00000000416edfff] usable
[    0.000000] BIOS-e820: [mem 0x00000000416ee000-0x00000000416eefff] reserved
[    0.000000] BIOS-e820: [mem 0x00000000416ef000-0x0000000043359fff] usable
[    0.000000] BIOS-e820: [mem 0x000000004335a000-0x000000004335afff] reserved
[    0.000000] BIOS-e820: [mem 0x000000004335b000-0x000000007025cfff] usable
[    0.000000] BIOS-e820: [mem 0x000000007025d000-0x000000007335cfff] reserved
[    0.000000] BIOS-e820: [mem 0x000000007335d000-0x000000007343efff] ACPI data
[    0.000000] BIOS-e820: [mem 0x000000007343f000-0x00000000734fefff] ACPI NVS
[    0.000000] BIOS-e820: [mem 0x00000000734ff000-0x0000000073efefff] reserved
[    0.000000] BIOS-e820: [mem 0x0000000073eff000-0x0000000073efffff] usable
[    0.000000] BIOS-e820: [mem 0x0000000073f00000-0x0000000079ffffff] reserved
[    0.000000] BIOS-e820: [mem 0x000000007aa00000-0x000000007abfffff] reserved
[    0.000000] BIOS-e820: [mem 0x000000007b000000-0x00000000803fffff] reserved
[    0.000000] BIOS-e820: [mem 0x00000000c0000000-0x00000000cfffffff] reserved
[    0.000000] BIOS-e820: [mem 0x00000000fe000000-0x00000000fe010fff] reserved
[    0.000000] BIOS-e820: [mem 0x00000000fec00000-0x00000000fec00fff] reserved
[    0.000000] BIOS-e820: [mem 0x00000000fed00000-0x00000000fed00fff] reserved
[    0.000000] BIOS-e820: [mem 0x00000000fed20000-0x00000000fed7ffff] reserved
[    0.000000] BIOS-e820: [mem 0x00000000fee00000-0x00000000fee00fff] reserved
[    0.000000] BIOS-e820: [mem 0x00000000ff000000-0x00000000ffffffff] reserved
[    0.000000] BIOS-e820: [mem 0x0000000100000000-0x000000037fbfffff] usable
[    0.000000] NX (Execute Disable) protection: active
[    0.000000] APIC: Static calls initialized
[    0.000000] efi: EFI v2.8 by American Megatrends
[    0.000000] efi: ACPI=0x734db000 ACPI 2.0=0x734db014 TPMFinalLog=0x734aa000 SMBIOS=0x73c99000 SMBIOS 3.0=0x73c98000 MEMATTR=0x6a54f018 ESRT=0x6cc00818 INITRD=0x6a551b18 TPMEventLog=0x7338a018 
[    0.000000] efi: Remove mem78: MMIO range=[0xc0000000-0xcfffffff] (256MB) from e820 map
[    0.000000] e820: remove [mem 0xc0000000-0xcfffffff] reserved
[    0.000000] efi: Not removing mem79: MMIO range=[0xfe000000-0xfe010fff] (68KB) from e820 map
[    0.000000] efi: Not removing mem80: MMIO range=[0xfec00000-0xfec00fff] (4KB) from e820 map
[    0.000000] efi: Not removing mem81: MMIO range=[0xfed00000-0xfed00fff] (4KB) from e820 map
[    0.000000] efi: Not removing mem83: MMIO range=[0xfee00000-0xfee00fff] (4KB) from e820 map
[    0.000000] efi: Remove mem84: MMIO range=[0xff000000-0xffffffff] (16MB) from e820 map
[    0.000000] e820: remove [mem 0xff000000-0xffffffff] reserved
[    0.000000] secureboot: Secure boot disabled
[    0.000000] SMBIOS 3.5.0 present.
[    0.000000] DMI: Default string Default string/Default string, BIOS 5.25 07/14/2023
[    0.000000] DMI: Memory slots populated: 4/8
[    0.000000] tsc: Detected 800.000 MHz processor
[    0.000000] tsc: Detected 806.400 MHz TSC
[    0.000219] e820: update [mem 0x00000000-0x00000fff] usable ==> reserved
[    0.000221] e820: remove [mem 0x000a0000-0x000fffff] usable
[    0.000232] last_pfn = 0x37fc00 max_arch_pfn = 0x400000000
[    0.000236] MTRR map: 5 entries (3 fixed + 2 variable; max 23), built from 10 variable MTRRs
[    0.000238] x86/PAT: Configuration [0-7]: WB  WC  UC- UC  WB  WP  UC- WT  
[    0.000349] last_pfn = 0x73f00 max_arch_pfn = 0x400000000
[    0.013092] esrt: Reserving ESRT space from 0x000000006cc00818 to 0x000000006cc008f0.
[    0.013099] e820: update [mem 0x6cc00000-0x6cc00fff] usable ==> reserved
[    0.013118] Using GB pages for direct mapping
[    0.027696] printk: log_buf_len: 16777216 bytes
[    0.027697] printk: early log buf free: 126784(96%)
[    0.027699] RAMDISK: [mem 0x63c1b000-0x66a6cfff]
[    0.028042] ACPI: Early table checksum verification disabled
[    0.028047] ACPI: RSDP 0x00000000734DB014 000024 (v02 ALASKA)
[    0.028052] ACPI: XSDT 0x00000000734DA728 00010C (v01 ALASKA A M I    01072009 AMI  01000013)
[    0.028057] ACPI: FACP 0x000000007343C000 000114 (v06 ALASKA A M I    01072009 AMI  01000013)
[    0.028062] ACPI: DSDT 0x00000000733C8000 073A41 (v02 ALASKA A M I    01072009 INTL 20200717)
[    0.028064] ACPI: FACS 0x00000000734FE000 000040
[    0.028066] ACPI: FIDT 0x00000000733C7000 00009C (v01 ALASKA A M I    01072009 AMI  00010013)
[    0.028068] ACPI: SSDT 0x000000007343E000 00038C (v02 PmaxDv Pmax_Dev 00000001 INTL 20200717)
[    0.028071] ACPI: SSDT 0x00000000733C1000 005D0B (v02 CpuRef CpuSsdt  00003000 INTL 20200717)
[    0.028073] ACPI: SSDT 0x00000000733BE000 002AA1 (v02 SaSsdt SaSsdt   00003000 INTL 20200717)
[    0.028075] ACPI: SSDT 0x00000000733BA000 0033D3 (v02 INTEL  IgfxSsdt 00003000 INTL 20200717)
[    0.028077] ACPI: SSDT 0x00000000733AC000 00D39F (v02 INTEL  TcssSsdt 00001000 INTL 20200717)
[    0.028079] ACPI: HPET 0x000000007343D000 000038 (v01 ALASKA A M I    01072009 AMI  01000013)
[    0.028081] ACPI: APIC 0x00000000733AB000 0001DC (v05 ALASKA A M I    01072009 AMI  01000013)
[    0.028083] ACPI: MCFG 0x00000000733AA000 00003C (v01 ALASKA A M I    01072009 AMI  01000013)
[    0.028085] ACPI: SSDT 0x00000000733A8000 001F47 (v02 ALASKA Ther_Rvp 00001000 INTL 20200717)
[    0.028087] ACPI: UEFI 0x0000000073491000 000048 (v01 ALASKA A M I    01072009 AMI  01000013)
[    0.028089] ACPI: NHLT 0x00000000733A6000 0018B6 (v00 ALASKA A M I    01072009 AMI  01000013)
[    0.028091] ACPI: LPIT 0x00000000733A5000 0000CC (v01 ALASKA A M I    01072009 AMI  01000013)
[    0.028093] ACPI: SSDT 0x00000000733A1000 002A83 (v02 ALASKA PtidDevc 00001000 INTL 20200717)
[    0.028095] ACPI: SSDT 0x000000007339E000 002357 (v02 ALASKA TbtTypeC 00000000 INTL 20200717)
[    0.028097] ACPI: DBGP 0x000000007339D000 000034 (v01 ALASKA A M I    01072009 AMI  01000013)
[    0.028099] ACPI: DBG2 0x000000007339C000 000054 (v00 ALASKA A M I    01072009 AMI  01000013)
[    0.028101] ACPI: SSDT 0x000000007339A000 0014CC (v02 ALASKA UsbCTabl 00001000 INTL 20200717)
[    0.028103] ACPI: DMAR 0x0000000073399000 000088 (v02 INTEL  EDK2     00000002      01000013)
[    0.028105] ACPI: SSDT 0x0000000073398000 0005BB (v02 INTEL  xh_adl_N 00000000 INTL 20200717)
[    0.028107] ACPI: SSDT 0x0000000073394000 003AEA (v02 SocGpe SocGpe   00003000 INTL 20200717)
[    0.028109] ACPI: SSDT 0x0000000073390000 0039DA (v02 SocCmn SocCmn   00003000 INTL 20200717)
[    0.028111] ACPI: SSDT 0x000000007338F000 000144 (v02 Intel  ADebTabl 00001000 INTL 20200717)
[    0.028113] ACPI: BGRT 0x000000007338E000 000038 (v01 ALASKA A M I    01072009 AMI  00010013)
[    0.028115] ACPI: TPM2 0x000000007338D000 00004C (v04 ALASKA A M I    00000001 AMI  00000000)
[    0.028118] ACPI: PHAT 0x000000007338C000 0005F1 (v01 ALASKA A M I    00000005 MSFT 0100000D)
[    0.028120] ACPI: WSMT 0x00000000733A4000 000028 (v01 ALASKA A M I    01072009 AMI  00010013)
[    0.028122] ACPI: FPDT 0x000000007338B000 000044 (v01 ALASKA A M I    01072009 AMI  01000013)
[    0.028123] ACPI: Reserving FACP table memory at [mem 0x7343c000-0x7343c113]
[    0.028125] ACPI: Reserving DSDT table memory at [mem 0x733c8000-0x7343ba40]
[    0.028126] ACPI: Reserving FACS table memory at [mem 0x734fe000-0x734fe03f]
[    0.028126] ACPI: Reserving FIDT table memory at [mem 0x733c7000-0x733c709b]
[    0.028127] ACPI: Reserving SSDT table memory at [mem 0x7343e000-0x7343e38b]
[    0.028128] ACPI: Reserving SSDT table memory at [mem 0x733c1000-0x733c6d0a]
[    0.028128] ACPI: Reserving SSDT table memory at [mem 0x733be000-0x733c0aa0]
[    0.028129] ACPI: Reserving SSDT table memory at [mem 0x733ba000-0x733bd3d2]
[    0.028129] ACPI: Reserving SSDT table memory at [mem 0x733ac000-0x733b939e]
[    0.028130] ACPI: Reserving HPET table memory at [mem 0x7343d000-0x7343d037]
[    0.028131] ACPI: Reserving APIC table memory at [mem 0x733ab000-0x733ab1db]
[    0.028131] ACPI: Reserving MCFG table memory at [mem 0x733aa000-0x733aa03b]
[    0.028132] ACPI: Reserving SSDT table memory at [mem 0x733a8000-0x733a9f46]
[    0.028132] ACPI: Reserving UEFI table memory at [mem 0x73491000-0x73491047]
[    0.028133] ACPI: Reserving NHLT table memory at [mem 0x733a6000-0x733a78b5]
[    0.028134] ACPI: Reserving LPIT table memory at [mem 0x733a5000-0x733a50cb]
[    0.028134] ACPI: Reserving SSDT table memory at [mem 0x733a1000-0x733a3a82]
[    0.028135] ACPI: Reserving SSDT table memory at [mem 0x7339e000-0x733a0356]
[    0.028135] ACPI: Reserving DBGP table memory at [mem 0x7339d000-0x7339d033]
[    0.028136] ACPI: Reserving DBG2 table memory at [mem 0x7339c000-0x7339c053]
[    0.028137] ACPI: Reserving SSDT table memory at [mem 0x7339a000-0x7339b4cb]
[    0.028137] ACPI: Reserving DMAR table memory at [mem 0x73399000-0x73399087]
[    0.028138] ACPI: Reserving SSDT table memory at [mem 0x73398000-0x733985ba]
[    0.028138] ACPI: Reserving SSDT table memory at [mem 0x73394000-0x73397ae9]
[    0.028139] ACPI: Reserving SSDT table memory at [mem 0x73390000-0x733939d9]
[    0.028139] ACPI: Reserving SSDT table memory at [mem 0x7338f000-0x7338f143]
[    0.028140] ACPI: Reserving BGRT table memory at [mem 0x7338e000-0x7338e037]
[    0.028141] ACPI: Reserving TPM2 table memory at [mem 0x7338d000-0x7338d04b]
[    0.028141] ACPI: Reserving PHAT table memory at [mem 0x7338c000-0x7338c5f0]
[    0.028142] ACPI: Reserving WSMT table memory at [mem 0x733a4000-0x733a4027]
[    0.028142] ACPI: Reserving FPDT table memory at [mem 0x7338b000-0x7338b043]
[    0.028342] No NUMA configuration found
[    0.028343] Faking a node at [mem 0x0000000000000000-0x000000037fbfffff]
[    0.028352] NODE_DATA(0) allocated [mem 0x37b3d5680-0x37b3fffff]
[    0.028550] Zone ranges:
[    0.028551]   DMA      [mem 0x0000000000001000-0x0000000000ffffff]
[    0.028553]   DMA32    [mem 0x0000000001000000-0x00000000ffffffff]
[    0.028554]   Normal   [mem 0x0000000100000000-0x000000037fbfffff]
[    0.028555]   Device   empty
[    0.028556] Movable zone start for each node
[    0.028558] Early memory node ranges
[    0.028558]   node   0: [mem 0x0000000000001000-0x000000000009dfff]
[    0.028560]   node   0: [mem 0x000000000009f000-0x000000000009ffff]
[    0.028561]   node   0: [mem 0x0000000000100000-0x00000000416edfff]
[    0.028561]   node   0: [mem 0x00000000416ef000-0x0000000043359fff]
[    0.028562]   node   0: [mem 0x000000004335b000-0x000000007025cfff]
[    0.028563]   node   0: [mem 0x0000000073eff000-0x0000000073efffff]
[    0.028564]   node   0: [mem 0x0000000100000000-0x000000037fbfffff]
[    0.028566] Initmem setup node 0 [mem 0x0000000000001000-0x000000037fbfffff]
[    0.028571] On node 0, zone DMA: 1 pages in unavailable ranges
[    0.028573] On node 0, zone DMA: 1 pages in unavailable ranges
[    0.028599] On node 0, zone DMA: 96 pages in unavailable ranges
[    0.030208] On node 0, zone DMA32: 1 pages in unavailable ranges
[    0.031294] On node 0, zone DMA32: 1 pages in unavailable ranges
[    0.031423] On node 0, zone DMA32: 15522 pages in unavailable ranges
[    0.031783] On node 0, zone Normal: 16640 pages in unavailable ranges
[    0.031794] On node 0, zone Normal: 1024 pages in unavailable ranges
[    0.031816] Reserving Intel graphics memory at [mem 0x7c800000-0x803fffff]
[    0.032386] ACPI: PM-Timer IO Port: 0x1808
[    0.032397] ACPI: LAPIC_NMI (acpi_id[0x01] high edge lint[0x1])
[    0.032398] ACPI: LAPIC_NMI (acpi_id[0x02] high edge lint[0x1])
[    0.032399] ACPI: LAPIC_NMI (acpi_id[0x03] high edge lint[0x1])
[    0.032400] ACPI: LAPIC_NMI (acpi_id[0x04] high edge lint[0x1])
[    0.032400] ACPI: LAPIC_NMI (acpi_id[0x05] high edge lint[0x1])
[    0.032401] ACPI: LAPIC_NMI (acpi_id[0x06] high edge lint[0x1])
[    0.032401] ACPI: LAPIC_NMI (acpi_id[0x07] high edge lint[0x1])
[    0.032402] ACPI: LAPIC_NMI (acpi_id[0x08] high edge lint[0x1])
[    0.032403] ACPI: LAPIC_NMI (acpi_id[0x09] high edge lint[0x1])
[    0.032403] ACPI: LAPIC_NMI (acpi_id[0x0a] high edge lint[0x1])
[    0.032404] ACPI: LAPIC_NMI (acpi_id[0x0b] high edge lint[0x1])
[    0.032404] ACPI: LAPIC_NMI (acpi_id[0x0c] high edge lint[0x1])
[    0.032405] ACPI: LAPIC_NMI (acpi_id[0x0d] high edge lint[0x1])
[    0.032406] ACPI: LAPIC_NMI (acpi_id[0x0e] high edge lint[0x1])
[    0.032406] ACPI: LAPIC_NMI (acpi_id[0x0f] high edge lint[0x1])
[    0.032407] ACPI: LAPIC_NMI (acpi_id[0x10] high edge lint[0x1])
[    0.032407] ACPI: LAPIC_NMI (acpi_id[0x11] high edge lint[0x1])
[    0.032408] ACPI: LAPIC_NMI (acpi_id[0x12] high edge lint[0x1])
[    0.032409] ACPI: LAPIC_NMI (acpi_id[0x13] high edge lint[0x1])
[    0.032409] ACPI: LAPIC_NMI (acpi_id[0x14] high edge lint[0x1])
[    0.032410] ACPI: LAPIC_NMI (acpi_id[0x15] high edge lint[0x1])
[    0.032410] ACPI: LAPIC_NMI (acpi_id[0x16] high edge lint[0x1])
[    0.032411] ACPI: LAPIC_NMI (acpi_id[0x17] high edge lint[0x1])
[    0.032412] ACPI: LAPIC_NMI (acpi_id[0x00] high edge lint[0x1])
[    0.032450] IOAPIC[0]: apic_id 2, version 32, address 0xfec00000, GSI 0-119
[    0.032453] ACPI: INT_SRC_OVR (bus 0 bus_irq 0 global_irq 2 dfl dfl)
[    0.032454] ACPI: INT_SRC_OVR (bus 0 bus_irq 9 global_irq 9 high level)
[    0.032458] ACPI: Using ACPI (MADT) for SMP configuration information
[    0.032459] ACPI: HPET id: 0x8086a201 base: 0xfed00000
[    0.032468] e820: update [mem 0x6a4f4000-0x6a534fff] usable ==> reserved
[    0.032482] TSC deadline timer available
[    0.032486] CPU topo: Max. logical packages:   1
[    0.032487] CPU topo: Max. logical dies:       1
[    0.032488] CPU topo: Max. dies per package:   1
[    0.032491] CPU topo: Max. threads per core:   1
[    0.032492] CPU topo: Num. cores per package:     4
[    0.032493] CPU topo: Num. threads per package:   4
[    0.032493] CPU topo: Allowing 4 present CPUs plus 0 hotplug CPUs
[    0.032515] PM: hibernation: Registered nosave memory: [mem 0x00000000-0x00000fff]
[    0.032517] PM: hibernation: Registered nosave memory: [mem 0x0009e000-0x0009efff]
[    0.032518] PM: hibernation: Registered nosave memory: [mem 0x000a0000-0x000fffff]
[    0.032519] PM: hibernation: Registered nosave memory: [mem 0x416ee000-0x416eefff]
[    0.032521] PM: hibernation: Registered nosave memory: [mem 0x4335a000-0x4335afff]
[    0.032522] PM: hibernation: Registered nosave memory: [mem 0x6a4f4000-0x6a534fff]
[    0.032524] PM: hibernation: Registered nosave memory: [mem 0x6cc00000-0x6cc00fff]
[    0.032525] PM: hibernation: Registered nosave memory: [mem 0x7025d000-0x73efefff]
[    0.032526] PM: hibernation: Registered nosave memory: [mem 0x73f00000-0xffffffff]
[    0.032528] [mem 0x80400000-0xfdffffff] available for PCI devices
[    0.032529] Booting paravirtualized kernel on bare hardware
[    0.032531] clocksource: refined-jiffies: mask: 0xffffffff max_cycles: 0xffffffff, max_idle_ns: 7645519600211568 ns
[    0.037635] setup_percpu: NR_CPUS:8192 nr_cpumask_bits:4 nr_cpu_ids:4 nr_node_ids:1
[    0.037919] percpu: Embedded 66 pages/cpu s233472 r8192 d28672 u524288
[    0.037927] pcpu-alloc: s233472 r8192 d28672 u524288 alloc=1*2097152
[    0.037929] pcpu-alloc: [0] 0 1 2 3 
[    0.037948] Kernel command line: BOOT_IMAGE=/@/boot/vmlinuz-6.12.57+deb13-amd64 root=UUID=cf1b7843-392f-413c-ab2f-fa8bfa5d90e7 ro rootflags=subvol=@ fbcon=rotate:1 video=DSI-1:panel_orientation=right_side_up log_buf_len=10M drm.debug=0x1e
[    0.038023] random: crng init done
[    0.039603] Dentry cache hash table entries: 2097152 (order: 12, 16777216 bytes, linear)
[    0.040420] Inode-cache hash table entries: 1048576 (order: 11, 8388608 bytes, linear)
[    0.040476] Fallback order for Node 0: 0 
[    0.040480] Built 1 zonelists, mobility grouping on.  Total pages: 3079674
[    0.040481] Policy zone: Normal
[    0.040489] mem auto-init: stack:all(zero), heap alloc:on, heap free:off
[    0.040500] software IO TLB: area num 4.
[    0.059958] SLUB: HWalign=64, Order=0-3, MinObjects=0, CPUs=4, Nodes=1
[    0.059995] ftrace: allocating 45728 entries in 179 pages
[    0.063280] ftrace: allocated 179 pages with 5 groups
[    0.063732] Dynamic Preempt: voluntary
[    0.063769] rcu: Preemptible hierarchical RCU implementation.
[    0.063770] rcu: 	RCU restricting CPUs from NR_CPUS=8192 to nr_cpu_ids=4.
[    0.063771] 	Trampoline variant of Tasks RCU enabled.
[    0.063772] 	Rude variant of Tasks RCU enabled.
[    0.063772] 	Tracing variant of Tasks RCU enabled.
[    0.063773] rcu: RCU calculated value of scheduler-enlistment delay is 25 jiffies.
[    0.063773] rcu: Adjusting geometry for rcu_fanout_leaf=16, nr_cpu_ids=4
[    0.063780] RCU Tasks: Setting shift to 2 and lim to 1 rcu_task_cb_adjust=1 rcu_task_cpu_ids=4.
[    0.063782] RCU Tasks Rude: Setting shift to 2 and lim to 1 rcu_task_cb_adjust=1 rcu_task_cpu_ids=4.
[    0.063783] RCU Tasks Trace: Setting shift to 2 and lim to 1 rcu_task_cb_adjust=1 rcu_task_cpu_ids=4.
[    0.068151] NR_IRQS: 524544, nr_irqs: 1024, preallocated irqs: 16
[    0.068471] rcu: srcu_init: Setting srcu_struct sizes based on contention.
[    0.068704] Console: colour dummy device 80x25
[    0.068708] printk: legacy console [tty0] enabled
[    0.069183] ACPI: Core revision 20240827
[    0.069789] hpet: HPET dysfunctional in PC10. Force disabled.
[    0.069884] APIC: Switch to symmetric I/O mode setup
[    0.069889] DMAR: Host address width 39
[    0.069892] DMAR: DRHD base: 0x000000fed90000 flags: 0x0
[    0.069903] DMAR: dmar0: reg_base_addr fed90000 ver 4:0 cap 1c0000c40660462 ecap 29a00f0505e
[    0.069910] DMAR: DRHD base: 0x000000fed91000 flags: 0x1
[    0.069918] DMAR: dmar1: reg_base_addr fed91000 ver 5:0 cap d2008c40660462 ecap f050da
[    0.069923] DMAR: RMRR base: 0x0000007c000000 end: 0x000000803fffff
[    0.069929] DMAR-IR: IOAPIC id 2 under DRHD base  0xfed91000 IOMMU 1
[    0.069933] DMAR-IR: HPET id 0 under DRHD base 0xfed91000
[    0.069936] DMAR-IR: Queued invalidation will be enabled to support x2apic and Intr-remapping.
[    0.071954] DMAR-IR: Enabled IRQ remapping in x2apic mode
[    0.071963] x2apic enabled
[    0.072033] APIC: Switched APIC routing to: cluster x2apic
[    0.076992] clocksource: tsc-early: mask: 0xffffffffffffffff max_cycles: 0xb9fb05486c, max_idle_ns: 440795231721 ns
[    0.077006] Calibrating delay loop (skipped), value calculated using timer frequency.. 1612.80 BogoMIPS (lpj=3225600)
[    0.077053] CPU0: Thermal monitoring enabled (TM1)
[    0.077058] x86/cpu: User Mode Instruction Prevention (UMIP) activated
[    0.077160] CET detected: Indirect Branch Tracking enabled
[    0.077165] Last level iTLB entries: 4KB 0, 2MB 0, 4MB 0
[    0.077168] Last level dTLB entries: 4KB 0, 2MB 0, 4MB 0, 1GB 0
[    0.077174] process: using mwait in idle threads
[    0.077179] Spectre V1 : Mitigation: usercopy/swapgs barriers and __user pointer sanitization
[    0.077184] Spectre V2 : Mitigation: Enhanced / Automatic IBRS
[    0.077189] Spectre V2 : mitigation: Enabling conditional Indirect Branch Prediction Barrier
[    0.077195] Speculative Store Bypass: Mitigation: Speculative Store Bypass disabled via prctl
[    0.077199] Register File Data Sampling: Mitigation: Clear Register File
[    0.077204] VMSCAPE: Mitigation: IBPB before exit to userspace
[    0.077215] x86/fpu: Supporting XSAVE feature 0x001: 'x87 floating point registers'
[    0.077220] x86/fpu: Supporting XSAVE feature 0x002: 'SSE registers'
[    0.077223] x86/fpu: Supporting XSAVE feature 0x004: 'AVX registers'
[    0.077227] x86/fpu: Supporting XSAVE feature 0x200: 'Protection Keys User registers'
[    0.077231] x86/fpu: Supporting XSAVE feature 0x800: 'Control-flow User registers'
[    0.077235] x86/fpu: xstate_offset[2]:  576, xstate_sizes[2]:  256
[    0.077239] x86/fpu: xstate_offset[9]:  832, xstate_sizes[9]:    8
[    0.077243] x86/fpu: xstate_offset[11]:  840, xstate_sizes[11]:   16
[    0.077247] x86/fpu: Enabled xstate features 0xa07, context size is 856 bytes, using 'compacted' format.
[    0.081002] Freeing SMP alternatives memory: 40K
[    0.081002] pid_max: default: 32768 minimum: 301
[    0.081002] LSM: initializing lsm=lockdown,capability,landlock,yama,apparmor,tomoyo,bpf,ipe,ima,evm
[    0.081002] landlock: Up and running.
[    0.081002] Yama: disabled by default; enable with sysctl kernel.yama.*
[    0.081002] AppArmor: AppArmor initialized
[    0.081002] TOMOYO Linux initialized
[    0.081002] LSM support for eBPF active
[    0.081002] Mount-cache hash table entries: 32768 (order: 6, 262144 bytes, linear)
[    0.081002] Mountpoint-cache hash table entries: 32768 (order: 6, 262144 bytes, linear)
[    0.081002] smpboot: CPU0: Intel(R) N100 (family: 0x6, model: 0xbe, stepping: 0x0)
[    0.081002] Performance Events: XSAVE Architectural LBR, PEBS fmt4+-baseline, PEBS-via-PT,  AnyThread deprecated, Gracemont events, 32-deep LBR, full-width counters, Intel PMU driver.
[    0.081002] ... version:                5
[    0.081002] ... bit width:              48
[    0.081002] ... generic registers:      6
[    0.081002] ... value mask:             0000ffffffffffff
[    0.081002] ... max period:             00007fffffffffff
[    0.081002] ... fixed-purpose events:   3
[    0.081002] ... event mask:             000000070000003f
[    0.081002] signal: max sigframe size: 3632
[    0.081002] Estimated ratio of average max frequency by base frequency (times 1024): 3712
[    0.081002] rcu: Hierarchical SRCU implementation.
[    0.081002] rcu: 	Max phase no-delay instances is 1000.
[    0.081002] Timer migration: 1 hierarchy levels; 8 children per group; 1 crossnode level
[    0.081002] NMI watchdog: Enabled. Permanently consumes one hw-PMU counter.
[    0.081002] smp: Bringing up secondary CPUs ...
[    0.081002] smpboot: x86: Booting SMP configuration:
[    0.081002] .... node  #0, CPUs:      #1 #2 #3
[    0.085078] smp: Brought up 1 node, 4 CPUs
[    0.085078] smpboot: Total of 4 processors activated (6451.20 BogoMIPS)
[    0.110379] node 0 deferred pages initialised in 24ms
[    0.110791] Memory: 11853864K/12318696K available (16384K kernel code, 2496K rwdata, 11800K rodata, 4152K init, 4936K bss, 453916K reserved, 0K cma-reserved)
[    0.110791] devtmpfs: initialized
[    0.110791] x86/mm: Memory block size: 128MB
[    0.113023] ACPI: PM: Registering ACPI NVS region [mem 0x7343f000-0x734fefff] (786432 bytes)
[    0.113094] clocksource: jiffies: mask: 0xffffffff max_cycles: 0xffffffff, max_idle_ns: 7645041785100000 ns
[    0.113110] futex hash table entries: 1024 (order: 4, 65536 bytes, linear)
[    0.113192] pinctrl core: initialized pinctrl subsystem
[    0.113989] NET: Registered PF_NETLINK/PF_ROUTE protocol family
[    0.114395] DMA: preallocated 2048 KiB GFP_KERNEL pool for atomic allocations
[    0.114635] DMA: preallocated 2048 KiB GFP_KERNEL|GFP_DMA pool for atomic allocations
[    0.114887] DMA: preallocated 2048 KiB GFP_KERNEL|GFP_DMA32 pool for atomic allocations
[    0.114910] audit: initializing netlink subsys (disabled)
[    0.114932] audit: type=2000 audit(1764614032.000:1): state=initialized audit_enabled=0 res=1
[    0.114932] thermal_sys: Registered thermal governor 'fair_share'
[    0.114932] thermal_sys: Registered thermal governor 'bang_bang'
[    0.114932] thermal_sys: Registered thermal governor 'step_wise'
[    0.114932] thermal_sys: Registered thermal governor 'user_space'
[    0.114932] thermal_sys: Registered thermal governor 'power_allocator'
[    0.114932] cpuidle: using governor ladder
[    0.114932] cpuidle: using governor menu
[    0.114932] acpiphp: ACPI Hot Plug PCI Controller Driver version: 0.5
[    0.114932] PCI: ECAM [mem 0xc0000000-0xcfffffff] (base 0xc0000000) for domain 0000 [bus 00-ff]
[    0.114932] PCI: Using configuration type 1 for base access
[    0.114932] kprobes: kprobe jump-optimization is enabled. All kprobes are optimized if possible.
[    0.117080] HugeTLB: registered 1.00 GiB page size, pre-allocated 0 pages
[    0.117080] HugeTLB: 16380 KiB vmemmap can be freed for a 1.00 GiB page
[    0.117080] HugeTLB: registered 2.00 MiB page size, pre-allocated 0 pages
[    0.117080] HugeTLB: 28 KiB vmemmap can be freed for a 2.00 MiB page
[    0.117151] ACPI: Added _OSI(Module Device)
[    0.117156] ACPI: Added _OSI(Processor Device)
[    0.117159] ACPI: Added _OSI(Processor Aggregator Device)
[    0.263069] ACPI: 14 ACPI AML tables successfully acquired and loaded
[    0.285505] ACPI: Dynamic OEM Table Load:
[    0.285522] ACPI: SSDT 0xFFFF8F3C39D1B800 000394 (v02 PmRef  Cpu0Cst  00003001 INTL 20200717)
[    0.286855] ACPI: Dynamic OEM Table Load:
[    0.286865] ACPI: SSDT 0xFFFF8F3CEF344C00 0001A3 (v02 PmRef  Cpu0Ist  00003000 INTL 20200717)
[    0.288120] ACPI: Dynamic OEM Table Load:
[    0.288129] ACPI: SSDT 0xFFFF8F3CEF345400 0001AB (v02 PmRef  Cpu0Psd  00003000 INTL 20200717)
[    0.289404] ACPI: Dynamic OEM Table Load:
[    0.289414] ACPI: SSDT 0xFFFF8F3C39D08800 0004BA (v02 PmRef  Cpu0Hwp  00003000 INTL 20200717)
[    0.291161] ACPI: Dynamic OEM Table Load:
[    0.291175] ACPI: SSDT 0xFFFF8F3A80DB0000 001BAF (v02 PmRef  ApIst    00003000 INTL 20200717)
[    0.293209] ACPI: Dynamic OEM Table Load:
[    0.293220] ACPI: SSDT 0xFFFF8F3A80DB4000 001038 (v02 PmRef  ApHwp    00003000 INTL 20200717)
[    0.295044] ACPI: Dynamic OEM Table Load:
[    0.295054] ACPI: SSDT 0xFFFF8F3A80DB6000 001349 (v02 PmRef  ApPsd    00003000 INTL 20200717)
[    0.296954] ACPI: Dynamic OEM Table Load:
[    0.296964] ACPI: SSDT 0xFFFF8F3A80FED000 000FBB (v02 PmRef  ApCst    00003000 INTL 20200717)
[    0.299999] ACPI: EC: EC started
[    0.300002] ACPI: EC: interrupt blocked
[    0.308920] ACPI: EC: EC_CMD/EC_SC=0x66, EC_DATA=0x62
[    0.308926] ACPI: \_SB_.PC00.LPCB.H_EC: Boot DSDT EC used to handle transactions
[    0.308930] ACPI: Interpreter enabled
[    0.309030] ACPI: PM: (supports S0 S3 S4 S5)
[    0.309034] ACPI: Using IOAPIC for interrupt routing
[    0.309119] PCI: Using host bridge windows from ACPI; if necessary, use "pci=nocrs" and report a bug
[    0.309124] PCI: Ignoring E820 reservations for host bridge windows
[    0.310682] ACPI: Enabled 7 GPEs in block 00 to 7F
[    0.343062] ACPI: \_SB_.PC00.CNVW.WRST: New power resource
[    0.355790] ACPI: \_SB_.PC00.TBT0: New power resource
[    0.356330] ACPI: \_SB_.PC00.TBT1: New power resource
[    0.356860] ACPI: \_SB_.PC00.D3C_: New power resource
[    0.428723] ACPI: \_TZ_.FN00: New power resource
[    0.428805] ACPI: \_TZ_.FN01: New power resource
[    0.428888] ACPI: \_TZ_.FN02: New power resource
[    0.428962] ACPI: \_TZ_.FN03: New power resource
[    0.429064] ACPI: \_TZ_.FN04: New power resource
[    0.429724] ACPI: \PIN_: New power resource
[    0.430430] ACPI: PCI Root Bridge [PC00] (domain 0000 [bus 00-fe])
[    0.430442] acpi PNP0A08:00: _OSC: OS supports [ExtendedConfig ASPM ClockPM Segments MSI HPX-Type3]
[    0.431860] acpi PNP0A08:00: _OSC: platform does not support [AER]
[    0.434598] acpi PNP0A08:00: _OSC: OS now controls [PCIeHotplug SHPCHotplug PME PCIeCapability LTR]
[    0.436789] PCI host bridge to bus 0000:00
[    0.436795] pci_bus 0000:00: root bus resource [io  0x0000-0x0cf7 window]
[    0.436800] pci_bus 0000:00: root bus resource [io  0x0d00-0xffff window]
[    0.436804] pci_bus 0000:00: root bus resource [mem 0x000a0000-0x000bffff window]
[    0.436809] pci_bus 0000:00: root bus resource [mem 0x000e0000-0x000fffff window]
[    0.436813] pci_bus 0000:00: root bus resource [mem 0x80400000-0xbfffffff window]
[    0.436817] pci_bus 0000:00: root bus resource [mem 0x4000000000-0x7fffffffff window]
[    0.436821] pci_bus 0000:00: root bus resource [bus 00-fe]
[    0.436865] pci 0000:00:00.0: [8086:461c] type 00 class 0x060000 conventional PCI endpoint
[    0.437088] pci 0000:00:02.0: [8086:46d1] type 00 class 0x030000 PCIe Root Complex Integrated Endpoint
[    0.437103] pci 0000:00:02.0: BAR 0 [mem 0x6000000000-0x6000ffffff 64bit]
[    0.437113] pci 0000:00:02.0: BAR 2 [mem 0x4000000000-0x400fffffff 64bit pref]
[    0.437120] pci 0000:00:02.0: BAR 4 [io  0x5000-0x503f]
[    0.437144] pci 0000:00:02.0: DMAR: Skip IOMMU disabling for graphics
[    0.437150] pci 0000:00:02.0: Video device with shadowed ROM at [mem 0x000c0000-0x000dffff]
[    0.437186] pci 0000:00:02.0: VF BAR 0 [mem 0x00000000-0x00ffffff 64bit]
[    0.437190] pci 0000:00:02.0: VF BAR 0 [mem 0x00000000-0x06ffffff 64bit]: contains BAR 0 for 7 VFs
[    0.437199] pci 0000:00:02.0: VF BAR 2 [mem 0x00000000-0x1fffffff 64bit pref]
[    0.437202] pci 0000:00:02.0: VF BAR 2 [mem 0x00000000-0xdfffffff 64bit pref]: contains BAR 2 for 7 VFs
[    0.437403] pci 0000:00:0a.0: [8086:467d] type 00 class 0x118000 PCIe Root Complex Integrated Endpoint
[    0.437417] pci 0000:00:0a.0: BAR 0 [mem 0x6001120000-0x6001127fff 64bit]
[    0.437441] pci 0000:00:0a.0: enabling Extended Tags
[    0.437559] pci 0000:00:0d.0: [8086:464e] type 00 class 0x0c0330 conventional PCI endpoint
[    0.437578] pci 0000:00:0d.0: BAR 0 [mem 0x6001110000-0x600111ffff 64bit]
[    0.437634] pci 0000:00:0d.0: PME# supported from D3hot D3cold
[    0.440735] pci 0000:00:14.0: [8086:54ed] type 00 class 0x0c0330 conventional PCI endpoint
[    0.440766] pci 0000:00:14.0: BAR 0 [mem 0x6001100000-0x600110ffff 64bit]
[    0.440872] pci 0000:00:14.0: PME# supported from D3hot D3cold
[    0.443799] pci 0000:00:14.2: [8086:54ef] type 00 class 0x050000 conventional PCI endpoint
[    0.443826] pci 0000:00:14.2: BAR 0 [mem 0x600112c000-0x600112ffff 64bit]
[    0.443844] pci 0000:00:14.2: BAR 2 [mem 0x6001134000-0x6001134fff 64bit]
[    0.444082] pci 0000:00:15.0: [8086:54e8] type 00 class 0x0c8000 conventional PCI endpoint
[    0.444160] pci 0000:00:15.0: BAR 0 [mem 0x00000000-0x00000fff 64bit]
[    0.444750] pci 0000:00:15.3: [8086:54eb] type 00 class 0x0c8000 conventional PCI endpoint
[    0.444837] pci 0000:00:15.3: BAR 0 [mem 0x00000000-0x00000fff 64bit]
[    0.445385] pci 0000:00:16.0: [8086:54e0] type 00 class 0x078000 conventional PCI endpoint
[    0.445415] pci 0000:00:16.0: BAR 0 [mem 0x6001131000-0x6001131fff 64bit]
[    0.445517] pci 0000:00:16.0: PME# supported from D3hot
[    0.446258] pci 0000:00:1c.0: [8086:54ba] type 01 class 0x060400 PCIe Root Port
[    0.446294] pci 0000:00:1c.0: PCI bridge to [bus 01]
[    0.446301] pci 0000:00:1c.0:   bridge window [io  0x4000-0x4fff]
[    0.446307] pci 0000:00:1c.0:   bridge window [mem 0x80600000-0x806fffff]
[    0.446407] pci 0000:00:1c.0: PME# supported from D0 D3hot D3cold
[    0.446450] pci 0000:00:1c.0: PTM enabled (root), 4ns granularity
[    0.447132] pci 0000:00:1c.6: [8086:54be] type 01 class 0x060400 PCIe Root Port
[    0.447169] pci 0000:00:1c.6: PCI bridge to [bus 02]
[    0.447175] pci 0000:00:1c.6:   bridge window [io  0x3000-0x3fff]
[    0.447181] pci 0000:00:1c.6:   bridge window [mem 0x80500000-0x805fffff]
[    0.447280] pci 0000:00:1c.6: PME# supported from D0 D3hot D3cold
[    0.447322] pci 0000:00:1c.6: PTM enabled (root), 4ns granularity
[    0.447996] pci 0000:00:1d.0: [8086:54b0] type 01 class 0x060400 PCIe Root Port
[    0.448047] pci 0000:00:1d.0: PCI bridge to [bus 03]
[    0.448056] pci 0000:00:1d.0:   bridge window [mem 0x80400000-0x804fffff]
[    0.448162] pci 0000:00:1d.0: PME# supported from D0 D3hot D3cold
[    0.448209] pci 0000:00:1d.0: PTM enabled (root), 4ns granularity
[    0.448983] pci 0000:00:1f.0: [8086:5481] type 00 class 0x060100 conventional PCI endpoint
[    0.449426] pci 0000:00:1f.3: [8086:54c8] type 00 class 0x040300 conventional PCI endpoint
[    0.449473] pci 0000:00:1f.3: BAR 0 [mem 0x6001128000-0x600112bfff 64bit]
[    0.449530] pci 0000:00:1f.3: BAR 4 [mem 0x6001000000-0x60010fffff 64bit]
[    0.449641] pci 0000:00:1f.3: PME# supported from D3hot D3cold
[    0.450377] pci 0000:00:1f.4: [8086:54a3] type 00 class 0x0c0500 conventional PCI endpoint
[    0.450406] pci 0000:00:1f.4: BAR 0 [mem 0x6001130000-0x60011300ff 64bit]
[    0.450433] pci 0000:00:1f.4: BAR 4 [io  0xefa0-0xefbf]
[    0.450748] pci 0000:00:1f.5: [8086:54a4] type 00 class 0x0c8000 conventional PCI endpoint
[    0.450773] pci 0000:00:1f.5: BAR 0 [mem 0xfe010000-0xfe010fff]
[    0.450984] pci 0000:01:00.0: [10ec:8168] type 00 class 0x020000 PCIe Endpoint
[    0.451009] pci 0000:01:00.0: BAR 0 [io  0x4000-0x40ff]
[    0.451038] pci 0000:01:00.0: BAR 2 [mem 0x80604000-0x80604fff 64bit]
[    0.451057] pci 0000:01:00.0: BAR 4 [mem 0x80600000-0x80603fff 64bit]
[    0.451197] pci 0000:01:00.0: supports D1 D2
[    0.451200] pci 0000:01:00.0: PME# supported from D0 D1 D2 D3hot D3cold
[    0.451483] pci 0000:00:1c.0: PCI bridge to [bus 01]
[    0.451607] pci 0000:02:00.0: [10ec:b852] type 00 class 0x028000 PCIe Endpoint
[    0.451650] pci 0000:02:00.0: BAR 0 [io  0x3000-0x30ff]
[    0.451702] pci 0000:02:00.0: BAR 2 [mem 0x80500000-0x805fffff 64bit]
[    0.451968] pci 0000:02:00.0: PME# supported from D0 D3hot D3cold
[    0.452371] pci 0000:00:1c.6: PCI bridge to [bus 02]
[    0.452738] pci 0000:03:00.0: [1d79:2263] type 00 class 0x010802 PCIe Endpoint
[    0.452815] pci 0000:03:00.0: BAR 0 [mem 0x80400000-0x80403fff 64bit]
[    0.453591] pci 0000:00:1d.0: PCI bridge to [bus 03]
[    0.461698] ACPI: PCI: Interrupt link LNKA configured for IRQ 0
[    0.461875] ACPI: PCI: Interrupt link LNKB configured for IRQ 1
[    0.462046] ACPI: PCI: Interrupt link LNKC configured for IRQ 0
[    0.462214] ACPI: PCI: Interrupt link LNKD configured for IRQ 0
[    0.462376] ACPI: PCI: Interrupt link LNKE configured for IRQ 0
[    0.462538] ACPI: PCI: Interrupt link LNKF configured for IRQ 0
[    0.462699] ACPI: PCI: Interrupt link LNKG configured for IRQ 0
[    0.462861] ACPI: PCI: Interrupt link LNKH configured for IRQ 0
[    0.487062] ACPI: EC: interrupt unblocked
[    0.487068] ACPI: EC: event unblocked
[    0.487099] ACPI: EC: EC_CMD/EC_SC=0x66, EC_DATA=0x62
[    0.487102] ACPI: EC: GPE=0x6e
[    0.487105] ACPI: \_SB_.PC00.LPCB.H_EC: Boot DSDT EC initialization complete
[    0.487109] ACPI: \_SB_.PC00.LPCB.H_EC: EC: Used to handle transactions and events
[    0.487252] iommu: Default domain type: Translated
[    0.487252] iommu: DMA domain TLB invalidation policy: lazy mode
[    0.487252] pps_core: LinuxPPS API ver. 1 registered
[    0.487252] pps_core: Software ver. 5.3.6 - Copyright 2005-2007 Rodolfo Giometti <giometti@linux.it>
[    0.487252] PTP clock support registered
[    0.487252] EDAC MC: Ver: 3.0.0
[    0.487252] efivars: Registered efivars operations
[    0.487252] NetLabel: Initializing
[    0.487252] NetLabel:  domain hash size = 128
[    0.487252] NetLabel:  protocols = UNLABELED CIPSOv4 CALIPSO
[    0.487252] NetLabel:  unlabeled traffic allowed by default
[    0.487252] PCI: Using ACPI for IRQ routing
[    0.512024] PCI: pci_cache_line_size set to 64 bytes
[    0.512170] pci 0000:00:1f.5: BAR 0 [mem 0xfe010000-0xfe010fff]: can't claim; no compatible bridge window
[    0.512315] e820: reserve RAM buffer [mem 0x0009e000-0x0009ffff]
[    0.512318] e820: reserve RAM buffer [mem 0x416ee000-0x43ffffff]
[    0.512320] e820: reserve RAM buffer [mem 0x4335a000-0x43ffffff]
[    0.512321] e820: reserve RAM buffer [mem 0x6a4f4000-0x6bffffff]
[    0.512322] e820: reserve RAM buffer [mem 0x6cc00000-0x6fffffff]
[    0.512324] e820: reserve RAM buffer [mem 0x7025d000-0x73ffffff]
[    0.512325] e820: reserve RAM buffer [mem 0x73f00000-0x73ffffff]
[    0.512326] e820: reserve RAM buffer [mem 0x37fc00000-0x37fffffff]
[    0.512381] pci 0000:00:02.0: vgaarb: setting as boot VGA device
[    0.512381] pci 0000:00:02.0: vgaarb: bridge control possible
[    0.512381] pci 0000:00:02.0: vgaarb: VGA device added: decodes=io+mem,owns=io+mem,locks=none
[    0.512381] vgaarb: loaded
[    0.512381] clocksource: Switched to clocksource tsc-early
[    0.512381] VFS: Disk quotas dquot_6.6.0
[    0.512381] VFS: Dquot-cache hash table entries: 512 (order 0, 4096 bytes)
[    0.512381] AppArmor: AppArmor Filesystem Enabled
[    0.512381] pnp: PnP ACPI init
[    0.512381] system 00:01: [io  0x0680-0x069f] has been reserved
[    0.512381] system 00:01: [io  0x164e-0x164f] has been reserved
[    0.512381] pnp 00:02: disabling [mem 0xc0000000-0xcfffffff] because it overlaps 0000:00:02.0 BAR 9 [mem 0x00000000-0xdfffffff 64bit pref]
[    0.512381] system 00:02: [mem 0xfedc0000-0xfedc7fff] has been reserved
[    0.512381] system 00:02: [mem 0xfeda0000-0xfeda0fff] has been reserved
[    0.512381] system 00:02: [mem 0xfeda1000-0xfeda1fff] has been reserved
[    0.512381] system 00:02: [mem 0xfed20000-0xfed7ffff] could not be reserved
[    0.512381] system 00:02: [mem 0xfed90000-0xfed93fff] could not be reserved
[    0.512381] system 00:02: [mem 0xfed45000-0xfed8ffff] could not be reserved
[    0.512381] system 00:02: [mem 0xfee00000-0xfeefffff] could not be reserved
[    0.514007] system 00:03: [io  0x2000-0x20fe] has been reserved
[    0.517643] pnp: PnP ACPI: found 5 devices
[    0.523839] clocksource: acpi_pm: mask: 0xffffff max_cycles: 0xffffff, max_idle_ns: 2085701024 ns
[    0.523924] NET: Registered PF_INET protocol family
[    0.524378] IP idents hash table entries: 262144 (order: 9, 2097152 bytes, linear)
[    0.544339] tcp_listen_portaddr_hash hash table entries: 8192 (order: 5, 131072 bytes, linear)
[    0.544395] Table-perturb hash table entries: 65536 (order: 6, 262144 bytes, linear)
[    0.544498] TCP established hash table entries: 131072 (order: 8, 1048576 bytes, linear)
[    0.544871] TCP bind hash table entries: 65536 (order: 9, 2097152 bytes, linear)
[    0.545030] TCP: Hash tables configured (established 131072 bind 65536)
[    0.545178] MPTCP token hash table entries: 16384 (order: 6, 393216 bytes, linear)
[    0.545254] UDP hash table entries: 8192 (order: 6, 262144 bytes, linear)
[    0.545313] UDP-Lite hash table entries: 8192 (order: 6, 262144 bytes, linear)
[    0.545390] NET: Registered PF_UNIX/PF_LOCAL protocol family
[    0.545401] NET: Registered PF_XDP protocol family
[    0.545412] pci_bus 0000:00: max bus depth: 1 pci_try_num: 2
[    0.545430] pci 0000:00:02.0: VF BAR 2 [mem 0x4020000000-0x40ffffffff 64bit pref]: assigned
[    0.545440] pci 0000:00:02.0: VF BAR 0 [mem 0x4010000000-0x4016ffffff 64bit]: assigned
[    0.545445] pci 0000:00:15.0: BAR 0 [mem 0x4017000000-0x4017000fff 64bit]: assigned
[    0.545505] pci 0000:00:15.3: BAR 0 [mem 0x4017001000-0x4017001fff 64bit]: assigned
[    0.545568] pci 0000:00:1f.5: BAR 0 [mem 0x80700000-0x80700fff]: assigned
[    0.545584] pci 0000:00:1c.0: PCI bridge to [bus 01]
[    0.545588] pci 0000:00:1c.0:   bridge window [io  0x4000-0x4fff]
[    0.545595] pci 0000:00:1c.0:   bridge window [mem 0x80600000-0x806fffff]
[    0.545606] pci 0000:00:1c.6: PCI bridge to [bus 02]
[    0.545610] pci 0000:00:1c.6:   bridge window [io  0x3000-0x3fff]
[    0.545617] pci 0000:00:1c.6:   bridge window [mem 0x80500000-0x805fffff]
[    0.545627] pci 0000:00:1d.0: PCI bridge to [bus 03]
[    0.545633] pci 0000:00:1d.0:   bridge window [mem 0x80400000-0x804fffff]
[    0.545644] pci_bus 0000:00: resource 4 [io  0x0000-0x0cf7 window]
[    0.545648] pci_bus 0000:00: resource 5 [io  0x0d00-0xffff window]
[    0.545652] pci_bus 0000:00: resource 6 [mem 0x000a0000-0x000bffff window]
[    0.545655] pci_bus 0000:00: resource 7 [mem 0x000e0000-0x000fffff window]
[    0.545659] pci_bus 0000:00: resource 8 [mem 0x80400000-0xbfffffff window]
[    0.545662] pci_bus 0000:00: resource 9 [mem 0x4000000000-0x7fffffffff window]
[    0.545666] pci_bus 0000:01: resource 0 [io  0x4000-0x4fff]
[    0.545670] pci_bus 0000:01: resource 1 [mem 0x80600000-0x806fffff]
[    0.545673] pci_bus 0000:02: resource 0 [io  0x3000-0x3fff]
[    0.545676] pci_bus 0000:02: resource 1 [mem 0x80500000-0x805fffff]
[    0.545680] pci_bus 0000:03: resource 1 [mem 0x80400000-0x804fffff]
[    0.546515] PCI: CLS 64 bytes, default 64
[    0.546582] DMAR: No ATSR found
[    0.546584] DMAR: No SATC found
[    0.546587] DMAR: IOMMU feature fl1gp_support inconsistent
[    0.546588] DMAR: IOMMU feature pgsel_inv inconsistent
[    0.546592] DMAR: IOMMU feature nwfs inconsistent
[    0.546594] DMAR: IOMMU feature dit inconsistent
[    0.546596] DMAR: IOMMU feature sc_support inconsistent
[    0.546599] DMAR: IOMMU feature dev_iotlb_support inconsistent
[    0.546601] DMAR: dmar0: Using Queued invalidation
[    0.546609] DMAR: dmar1: Using Queued invalidation
[    0.546648] Trying to unpack rootfs image as initramfs...
[    0.546961] pci 0000:00:02.0: Adding to iommu group 0
[    0.547016] pci 0000:00:00.0: Adding to iommu group 1
[    0.547036] pci 0000:00:0a.0: Adding to iommu group 2
[    0.547064] pci 0000:00:0d.0: Adding to iommu group 3
[    0.547093] pci 0000:00:14.0: Adding to iommu group 4
[    0.547110] pci 0000:00:14.2: Adding to iommu group 4
[    0.547139] pci 0000:00:15.0: Adding to iommu group 5
[    0.547158] pci 0000:00:15.3: Adding to iommu group 5
[    0.547182] pci 0000:00:16.0: Adding to iommu group 6
[    0.547205] pci 0000:00:1c.0: Adding to iommu group 7
[    0.547235] pci 0000:00:1c.6: Adding to iommu group 8
[    0.547260] pci 0000:00:1d.0: Adding to iommu group 9
[    0.547293] pci 0000:00:1f.0: Adding to iommu group 10
[    0.547306] pci 0000:00:1f.3: Adding to iommu group 10
[    0.547319] pci 0000:00:1f.4: Adding to iommu group 10
[    0.547333] pci 0000:00:1f.5: Adding to iommu group 10
[    0.547351] pci 0000:01:00.0: Adding to iommu group 11
[    0.547368] pci 0000:02:00.0: Adding to iommu group 12
[    0.547384] pci 0000:03:00.0: Adding to iommu group 13
[    0.548698] DMAR: Intel(R) Virtualization Technology for Directed I/O
[    0.548707] PCI-DMA: Using software bounce buffering for IO (SWIOTLB)
[    0.548711] software IO TLB: mapped [mem 0x000000005ddd8000-0x0000000061dd8000] (64MB)
[    0.548785] clocksource: tsc: mask: 0xffffffffffffffff max_cycles: 0xb9fb05486c, max_idle_ns: 440795231721 ns
[    0.548814] clocksource: Switched to clocksource tsc
[    0.548884] platform rtc_cmos: registered platform RTC device (no PNP device found)
[    0.552844] Initialise system trusted keyrings
[    0.552863] Key type blacklist registered
[    0.552923] workingset: timestamp_bits=36 max_order=22 bucket_order=0
[    0.552936] zbud: loaded
[    0.553049] fuse: init (API version 7.41)
[    0.553222] integrity: Platform Keyring initialized
[    0.553229] integrity: Machine keyring initialized
[    0.573914] Key type asymmetric registered
[    0.573924] Asymmetric key parser 'x509' registered
[    0.654907] Freeing initrd memory: 47432K
[    0.661077] Block layer SCSI generic (bsg) driver version 0.4 loaded (major 246)
[    0.661124] io scheduler mq-deadline registered
[    0.662987] ledtrig-cpu: registered to indicate activity on CPUs
[    0.663391] pcieport 0000:00:1c.0: PME: Signaling with IRQ 122
[    0.663715] pcieport 0000:00:1c.6: PME: Signaling with IRQ 123
[    0.664067] pcieport 0000:00:1d.0: PME: Signaling with IRQ 124
[    0.664197] shpchp: Standard Hot Plug PCI Controller Driver version: 0.4
[    0.666098] thermal LNXTHERM:00: registered as thermal_zone0
[    0.666104] ACPI: thermal: Thermal Zone [TZ00] (28 C)
[    0.666263] Serial: 8250/16550 driver, 4 ports, IRQ sharing enabled
[    0.667028] hpet_acpi_add: no address or irqs in _CRS
[    0.667059] Linux agpgart interface v0.103
[    0.673050] i8042: PNP: PS/2 Controller [PNP0303:PS2K] at 0x60,0x64 irq 1
[    0.673056] i8042: PNP: PS/2 appears to have AUX port disabled, if this is incorrect please boot with i8042.nopnp
[    0.673838] serio: i8042 KBD port at 0x60,0x64 irq 1
[    0.673914] mousedev: PS/2 mouse device common for all mice
[    0.673976] rtc_cmos rtc_cmos: RTC can wake from S4
[    0.674834] rtc_cmos rtc_cmos: registered as rtc0
[    0.674984] rtc_cmos rtc_cmos: setting system clock to 2025-12-01T18:33:53 UTC (1764614033)
[    0.675023] rtc_cmos rtc_cmos: alarms up to one month, y3k, 114 bytes nvram
[    0.675206] intel_pstate: Intel P-state driver initializing
[    0.675498] input: AT Translated Set 2 keyboard as /devices/platform/i8042/serio0/input/input0
[    0.675808] intel_pstate: HWP enabled
[    0.676319] efifb: probing for efifb
[    0.676334] efifb: framebuffer at 0x4000000000, using 1876k, total 1875k
[    0.676339] efifb: mode is 800x600x32, linelength=3200, pages=1
[    0.676343] efifb: scrolling: redraw
[    0.676345] efifb: Truecolor: size=8:8:8:8, shift=24:16:8:0
[    0.682220] Console: switching to colour frame buffer device 75x50
[    0.688988] fb0: EFI VGA frame buffer device
[    0.689225] NET: Registered PF_INET6 protocol family
[    0.695066] Segment Routing with IPv6
[    0.695141] In-situ OAM (IOAM) with IPv6
[    0.695227] mip6: Mobile IPv6
[    0.695277] NET: Registered PF_PACKET protocol family
[    0.695482] mpls_gso: MPLS GSO support
[    0.696013] ENERGY_PERF_BIAS: Set to 'normal', was 'performance'
[    0.696207] microcode: Current revision: 0x0000001d
[    0.696292] microcode: Updated early from: 0x0000000f
[    0.696743] resctrl: L2 allocation detected
[    0.696820] IPI shorthand broadcast: enabled
[    0.698430] sched_clock: Marking stable (688376598, 8358413)->(733823261, -37088250)
[    0.698927] registered taskstats version 1
[    0.699129] Loading compiled-in X.509 certificates
[    0.725946] Loaded X.509 cert 'Build time autogenerated kernel key: 7c2b230a25e7258756ba9d8e66b30d6d89429d6d'
[    0.727569] Demotion targets for Node 0: null
[    0.727800] Key type .fscrypt registered
[    0.727874] Key type fscrypt-provisioning registered
[    0.746736] Key type encrypted registered
[    0.746810] AppArmor: AppArmor sha256 policy hashing enabled
[    0.747209] ima: Allocated hash algorithm: sha256
[    0.782437] ima: No architecture policies found
[    0.786382] evm: Initialising EVM extended attributes:
[    0.790005] evm: security.selinux
[    0.793561] evm: security.SMACK64 (disabled)
[    0.797786] evm: security.SMACK64EXEC (disabled)
[    0.801926] evm: security.SMACK64TRANSMUTE (disabled)
[    0.805973] evm: security.SMACK64MMAP (disabled)
[    0.810028] evm: security.apparmor
[    0.813924] evm: security.ima
[    0.817756] evm: security.capability
[    0.821547] evm: HMAC attrs: 0x1
[    0.827283] RAS: Correctable Errors collector initialized.
[    0.835871] clk: Disabling unused clocks
[    0.839090] PM: genpd: Disabling unused power domains
[    0.843908] Freeing unused decrypted memory: 2028K
[    0.847736] Freeing unused kernel image (initmem) memory: 4152K
[    0.850884] Write protecting the kernel read-only data: 28672k
[    0.854235] Freeing unused kernel image (rodata/data gap) memory: 488K
[    0.907305] x86/mm: Checked W+X mappings: passed, no W+X pages found.
[    0.911147] Run /init as init process
[    0.914910]   with arguments:
[    0.914912]     /init
[    0.914913]   with environment:
[    0.914913]     HOME=/
[    0.914914]     TERM=linux
[    0.940182] udevd[177]: starting version 3.2.14
[    0.944423] udevd[179]: starting eudev-3.2.14
[    1.000537] ACPI: battery: Slot [BAT0] (battery present)
[    1.051676] i801_smbus 0000:00:1f.4: enabling device (0000 -> 0003)
[    1.054877] intel-lpss 0000:00:15.0: enabling device (0004 -> 0006)
[    1.055320] i801_smbus 0000:00:1f.4: SPD Write Disable is set
[    1.061671] i801_smbus 0000:00:1f.4: SMBus using PCI interrupt
[    1.061969] nvme 0000:03:00.0: platform quirk: setting simple suspend
[    1.068448] nvme nvme0: pci function 0000:03:00.0
[    1.068727] idma64 idma64.0: Found Intel integrated DMA 64-bit
[    1.072438] ACPI: bus type USB registered
[    1.078383] usbcore: registered new interface driver usbfs
[    1.078452] r8169 0000:01:00.0: enabling device (0000 -> 0003)
[    1.085254] usbcore: registered new interface driver hub
[    1.089536] usbcore: registered new device driver usb
[    1.092660] nvme nvme0: missing or invalid SUBNQN field.
[    1.099695] r8169 0000:01:00.0 eth0: RTL8168h/8111h, 00:e0:4c:59:d2:6c, XID 541, IRQ 126
[    1.105778] r8169 0000:01:00.0 eth0: jumbo features [frames: 9194 bytes, tx checksumming: ko]
[    1.108515] intel-lpss 0000:00:15.3: enabling device (0004 -> 0006)
[    1.116592] idma64 idma64.1: Found Intel integrated DMA 64-bit
[    1.119503] nvme nvme0: allocated 64 MiB host memory buffer.
[    1.131840] nvme nvme0: 4/0/0 default/read/poll queues
[    1.144773]  nvme0n1: p1 p2 p5 p6 p7
[    1.274767] i801_smbus 0000:00:1f.4: SMBus is busy, can't use it!
[    1.278837] i801_smbus 0000:00:1f.4: SMBus is busy, can't use it!
[    1.281976] i801_smbus 0000:00:1f.4: SMBus is busy, can't use it!
[    1.284908] i801_smbus 0000:00:1f.4: SMBus is busy, can't use it!
[    1.288705] i801_smbus 0000:00:1f.4: SMBus is busy, can't use it!
[    1.292430] i801_smbus 0000:00:1f.4: SMBus is busy, can't use it!
[    1.296091] i801_smbus 0000:00:1f.4: SMBus is busy, can't use it!
[    1.318309] iTCO_vendor_support: vendor-support=0
[    1.338551] iTCO_wdt iTCO_wdt: Found a Intel PCH TCO device (Version=6, TCOBASE=0x0400)
[    1.346207] iTCO_wdt iTCO_wdt: initialized. heartbeat=30 sec (nowayout=0)
[    1.362840] xhci_hcd 0000:00:0d.0: xHCI Host Controller
[    1.366140] xhci_hcd 0000:00:0d.0: new USB bus registered, assigned bus number 1
[    1.373732] xhci_hcd 0000:00:0d.0: hcc params 0x20007fc1 hci version 0x120 quirks 0x0000000200009810
[    1.382274] xhci_hcd 0000:00:0d.0: xHCI Host Controller
[    1.385679] xhci_hcd 0000:00:0d.0: new USB bus registered, assigned bus number 2
[    1.391887] xhci_hcd 0000:00:0d.0: Host supports USB 3.2 Enhanced SuperSpeed
[    1.399930] usb usb1: New USB device found, idVendor=1d6b, idProduct=0002, bcdDevice= 6.12
[    1.408363] usb usb1: New USB device strings: Mfr=3, Product=2, SerialNumber=1
[    1.417022] usb usb1: Product: xHCI Host Controller
[    1.421413] usb usb1: Manufacturer: Linux 6.12.57+deb13-amd64 xhci-hcd
[    1.425770] usb usb1: SerialNumber: 0000:00:0d.0
[    1.430401] hub 1-0:1.0: USB hub found
[    1.434169] hub 1-0:1.0: 1 port detected
[    1.438032] usb usb2: New USB device found, idVendor=1d6b, idProduct=0003, bcdDevice= 6.12
[    1.445152] usb usb2: New USB device strings: Mfr=3, Product=2, SerialNumber=1
[    1.453802] usb usb2: Product: xHCI Host Controller
[    1.458228] usb usb2: Manufacturer: Linux 6.12.57+deb13-amd64 xhci-hcd
[    1.462745] usb usb2: SerialNumber: 0000:00:0d.0
[    1.467395] hub 2-0:1.0: USB hub found
[    1.471878] hub 2-0:1.0: 2 ports detected
[    1.477354] xhci_hcd 0000:00:14.0: xHCI Host Controller
[    1.481067] xhci_hcd 0000:00:14.0: new USB bus registered, assigned bus number 3
[    1.488985] xhci_hcd 0000:00:14.0: hcc params 0x20007fc1 hci version 0x120 quirks 0x0000100200009810
[    1.497946] xhci_hcd 0000:00:14.0: xHCI Host Controller
[    1.501531] xhci_hcd 0000:00:14.0: new USB bus registered, assigned bus number 4
[    1.508418] xhci_hcd 0000:00:14.0: Host supports USB 3.1 Enhanced SuperSpeed
[    1.516283] usb usb3: New USB device found, idVendor=1d6b, idProduct=0002, bcdDevice= 6.12
[    1.525384] usb usb3: New USB device strings: Mfr=3, Product=2, SerialNumber=1
[    1.534899] usb usb3: Product: xHCI Host Controller
[    1.539868] usb usb3: Manufacturer: Linux 6.12.57+deb13-amd64 xhci-hcd
[    1.544962] usb usb3: SerialNumber: 0000:00:14.0
[    1.550213] hub 3-0:1.0: USB hub found
[    1.555228] hub 3-0:1.0: 12 ports detected
[    1.561740] usb usb4: New USB device found, idVendor=1d6b, idProduct=0003, bcdDevice= 6.12
[    1.571545] usb usb4: New USB device strings: Mfr=3, Product=2, SerialNumber=1
[    1.581315] usb usb4: Product: xHCI Host Controller
[    1.586317] usb usb4: Manufacturer: Linux 6.12.57+deb13-amd64 xhci-hcd
[    1.591259] usb usb4: SerialNumber: 0000:00:14.0
[    1.596495] hub 4-0:1.0: USB hub found
[    1.601341] hub 4-0:1.0: 4 ports detected
[    1.720362] raid6: avx2x4   gen() 16753 MB/s
[    1.792360] raid6: avx2x2   gen() 23519 MB/s
[    1.860360] raid6: avx2x1   gen() 19449 MB/s
[    1.863924] raid6: using algorithm avx2x2 gen() 23519 MB/s
[    1.932359] raid6: .... xor() 13391 MB/s, rmw enabled
[    1.936928] raid6: using avx2x2 recovery algorithm
[    1.948129] xor: automatically using best checksumming function   avx       
[    2.060409] usb 3-3: new high-speed USB device number 2 using xhci_hcd
[    2.158237] Btrfs loaded, zoned=yes, fsverity=yes
[    2.206611] usb 3-3: New USB device found, idVendor=32e6, idProduct=9005, bcdDevice= 0.01
[    2.214459] usb 3-3: New USB device strings: Mfr=1, Product=2, SerialNumber=0
[    2.222140] usb 3-3: Product: icspring camera
[    2.226068] usb 3-3: Manufacturer: icSpring
[    2.261794] PM: Image not found (code -22)
[    2.303685] BTRFS: device label root1 devid 1 transid 131497 /dev/nvme0n1p5 (259:3) scanned by mount (247)
[    2.313282] BTRFS info (device nvme0n1p5): first mount of filesystem cf1b7843-392f-413c-ab2f-fa8bfa5d90e7
[    2.320210] BTRFS info (device nvme0n1p5): using crc32c (crc32c-intel) checksum algorithm
[    2.335969] BTRFS info (device nvme0n1p5): enabling ssd optimizations
[    2.339646] BTRFS info (device nvme0n1p5): turning on async discard
[    2.343186] BTRFS info (device nvme0n1p5): enabling free space tree
[    2.348385] usb 3-4: new full-speed USB device number 3 using xhci_hcd
[    2.395518] Not activating Mandatory Access Control as /sbin/tomoyo-init does not exist.
[    2.489305] usb 3-4: New USB device found, idVendor=222a, idProduct=0001, bcdDevice= 0.02
[    2.497089] usb 3-4: New USB device strings: Mfr=1, Product=2, SerialNumber=0
[    2.504540] usb 3-4: Product: ILITEK-2900
[    2.508195] usb 3-4: Manufacturer: ILITEK
[    2.640384] usb 3-8: new full-speed USB device number 4 using xhci_hcd
[    2.682728] udevd[463]: starting version 3.2.14
[    2.738698] udevd[463]: GOTO 'alsa_restore_std' has no matching label in: '/usr/lib/udev/rules.d/90-alsa-restore.rules'
[    2.746943] udevd[463]: GOTO 'alsa_restore_std' has no matching label in: '/usr/lib/udev/rules.d/90-alsa-restore.rules'
[    2.760940] udevd[464]: starting eudev-3.2.14
[    2.785369] usb 3-8: New USB device found, idVendor=0bda, idProduct=b85b, bcdDevice= 0.00
[    2.793172] usb 3-8: New USB device strings: Mfr=1, Product=2, SerialNumber=3
[    2.801122] usb 3-8: Product: Bluetooth Radio
[    2.805057] usb 3-8: Manufacturer: Realtek
[    2.808897] usb 3-8: SerialNumber: 00e04c000001
[    2.836746] ACPI: AC: AC Adapter [ADP1] (on-line)
[    2.867523] input: Intel HID events as /devices/platform/INTC1070:00/input/input1
[    2.875844] intel-hid INTC1070:00: platform supports 5 button array
[    2.883742] input: Intel HID 5 button array as /devices/platform/INTC1070:00/input/input2
[    2.905233] input: Lid Switch as /devices/LNXSYSTM:00/LNXSYBUS:00/PNP0A08:00/device:06/PNP0C09:00/PNP0C0D:00/input/input3
[    2.916733] ACPI: button: Lid Switch [LID0]
[    2.924524] input: Power Button as /devices/LNXSYSTM:00/LNXSYBUS:00/PNP0C0C:00/input/input4
[    2.939432] ACPI: button: Power Button [PWRB]
[    2.943570] input: Sleep Button as /devices/LNXSYSTM:00/LNXSYBUS:00/PNP0C0E:00/input/input5
[    2.953350] ACPI: button: Sleep Button [SLPB]
[    2.954910] intel_pmc_core INT33A1:00:  initialized
[    3.021181] resource: resource sanity check: requesting [mem 0x00000000fedc0000-0x00000000fedcffff], which spans more than pnp 00:02 [mem 0xfedc0000-0xfedc7fff]
[    3.033630] caller igen6_probe+0x15e/0x7c0 [igen6_edac] mapping multiple BARs
[    3.054963] EDAC MC0: Giving out device to module igen6_edac controller Intel_client_SoC MC#0: DEV 0000:00:00.0 (INTERRUPT)
[    3.063907] EDAC igen6 MC0: HANDLING IBECC MEMORY ERROR
[    3.063911] EDAC igen6 MC0: ADDR 0x7fffffffe0 
[    3.063971] EDAC igen6: v2.5.1
[    3.099278] pstore: Using crash dump compression: deflate
[    3.100036] bmc150_accel_i2c i2c-BOSC0200:00: supply vdd not found, using dummy regulator
[    3.148073] cfg80211: Loading compiled-in X.509 certificates for regulatory database
[    3.158452] input: PC Speaker as /devices/platform/pcspkr/input/input6
[    3.160044] mei_me 0000:00:16.0: enabling device (0000 -> 0002)
[    3.160444] bmc150_accel_i2c i2c-BOSC0200:00: supply vddio not found, using dummy regulator
[    3.173961] Loaded X.509 cert 'benh@debian.org: 577e021cb980e0e820821ba7b54b4961b8b4fadf'
[    3.174212] pstore: Registered efi_pstore as persistent store backend
[    3.192515] Loaded X.509 cert 'romain.perier@gmail.com: 3abbc6ec146e09d1b6016ab9d6cf71dd233f0328'
[    3.201840] Loaded X.509 cert 'sforshee: 00b28ddf47aef9cea7'
[    3.206775] Loaded X.509 cert 'wens: 61c038651aabdcf94bd0ac7ff06c7248db18c600'
[    3.253951] ACPI: bus type drm_connector registered
[    3.303513] Bluetooth: Core ver 2.22
[    3.308410] NET: Registered PF_BLUETOOTH protocol family
[    3.312900] Bluetooth: HCI device and connection manager initialized
[    3.319077] Bluetooth: HCI socket layer initialized
[    3.324828] Bluetooth: L2CAP socket layer initialized
[    3.330009] Bluetooth: SCO socket layer initialized
[    3.330454] RAPL PMU: API unit is 2^-32 Joules, 4 fixed counters, 655360 ms ovfl timer
[    3.343530] RAPL PMU: hw unit of domain pp0-core 2^-14 Joules
[    3.348042] RAPL PMU: hw unit of domain package 2^-14 Joules
[    3.352466] RAPL PMU: hw unit of domain pp1-gpu 2^-14 Joules
[    3.356803] RAPL PMU: hw unit of domain psys 2^-14 Joules
[    3.393919] cryptd: max_cpu_qlen set to 1000
[    3.497289] AES CTR mode by8 optimization enabled
[    3.502079] usbcore: registered new interface driver btusb
[    3.508133] Bluetooth: hci0: RTL: examining hci_ver=0b hci_rev=000b lmp_ver=0b lmp_subver=8852
[    3.519178] Bluetooth: hci0: RTL: rom_version status=0 version=1
[    3.523669] Bluetooth: hci0: RTL: loading rtl_bt/rtl8852bu_fw.bin
[    3.538430] Bluetooth: hci0: RTL: loading rtl_bt/rtl8852bu_config.bin
[    3.551865] Bluetooth: hci0: RTL: cfg_sz 6, total sz 54947
[    3.583910] snd_hda_intel 0000:00:1f.3: enabling device (0000 -> 0002)
[    3.596660] mc: Linux media interface: v0.10
[    3.622061] hid: raw HID events driver (C) Jiri Kosina
[    3.670533] videodev: Linux video capture interface: v2.00
[    3.675027] usbcore: registered new interface driver usbhid
[    3.678936] usbhid: USB HID core driver
[    3.692673] input: ILITEK ILITEK-2900 Touchscreen as /devices/pci0000:00/0000:00:14.0/usb3/3-4/3-4:1.0/0003:222A:0001.0001/input/input7
[    3.700893] input: ILITEK ILITEK-2900 Stylus as /devices/pci0000:00/0000:00:14.0/usb3/3-4/3-4:1.0/0003:222A:0001.0001/input/input8
[    3.709254] hid-generic 0003:222A:0001.0001: input,hiddev0,hidraw0: USB HID v1.10 Device [ILITEK ILITEK-2900] on usb-0000:00:14.0-4/input0
[    3.753514] rtw89_8852be 0000:02:00.0: loaded firmware rtw89/rtw8852b_fw-1.bin
[    3.761471] rtw89_8852be 0000:02:00.0: enabling device (0000 -> 0003)
[    3.772292] rtw89_8852be 0000:02:00.0: Firmware version 0.29.29.8 (39dbf50f), cmd version 0, type 5
[    3.780162] rtw89_8852be 0000:02:00.0: Firmware version 0.29.29.8 (39dbf50f), cmd version 0, type 3
[    3.854526] usb 3-3: Found UVC 1.00 device icspring camera (32e6:9005)
[    3.905958] input: ILITEK ILITEK-2900 as /devices/pci0000:00/0000:00:14.0/usb3/3-4/3-4:1.0/0003:222A:0001.0001/input/input10
[    3.914166] usbcore: registered new interface driver uvcvideo
[    3.928496] input: ILITEK ILITEK-2900 Stylus as /devices/pci0000:00/0000:00:14.0/usb3/3-4/3-4:1.0/0003:222A:0001.0001/input/input11
[    3.946082] hid-multitouch 0003:222A:0001.0001: input,hiddev0,hidraw0: USB HID v1.10 Device [ILITEK ILITEK-2900] on usb-0000:00:14.0-4/input0
[    4.090145] Bluetooth: hci0: RTL: fw version 0x0474842d
[    4.100567] rtw89_8852be 0000:02:00.0: chip rfe_type is 5
[    4.136532] rtw89_8852be 0000:02:00.0: rfkill hardware state changed to enable
[    4.274096] i915 0000:00:02.0: [drm] Found ALDERLAKE_P/ADL-N (device ID 46d1) display version 13.00 stepping D0
[    4.282252] i915 0000:00:02.0: [drm:intel_gt_common_init_early [i915]] WOPCM: 2048K
[    4.282467] i915 0000:00:02.0: [drm:intel_uc_init_early [i915]] GT0: enable_guc=3 (guc:yes submission:yes huc:yes slpc:yes)
[    4.282698] i915 0000:00:02.0: [drm:intel_pch_type [i915]] Found Alder Lake PCH
[    4.282892] i915 0000:00:02.0: [drm:intel_gt_probe_all [i915]] GT0: Setting up Primary GT
[    4.283072] i915 0000:00:02.0: [drm:intel_uncore_init_mmio [i915]] unclaimed mmio detected on uncore init, clearing
[    4.283240] i915 0000:00:02.0: [drm:intel_display_device_info_runtime_init [i915]] rawclk rate: 19200 kHz
[    4.283559] i915 0000:00:02.0: [drm:intel_engines_init_mmio [i915]] GT0: vcs2 fused off
[    4.283711] i915 0000:00:02.0: [drm:intel_engines_init_mmio [i915]] GT0: vdbox enable: 0001, instances: 0001
[    4.283876] i915 0000:00:02.0: [drm:intel_engines_init_mmio [i915]] GT0: vebox enable: 0001, instances: 0001
[    4.284267] i915 0000:00:02.0: [drm:i915_ggtt_probe_hw [i915]] GGTT size = 4096M
[    4.284482] i915 0000:00:02.0: [drm:i915_ggtt_probe_hw [i915]] GMADR size = 256M
[    4.284664] i915 0000:00:02.0: [drm:i915_ggtt_probe_hw [i915]] DSM size = 60M
[    4.284840] i915 0000:00:02.0: [drm] VT-d active for gfx access
[    4.289520] Console: switching to colour dummy device 80x25
[    4.289834] i915 0000:00:02.0: vgaarb: deactivate vga console
[    4.289918] i915 0000:00:02.0: [drm] Using Transparent Hugepages
[    4.289929] i915 0000:00:02.0: [drm:i915_gem_init_stolen [i915]] GEN6_STOLEN_RESERVED = 0x0000000080200087
[    4.290135] i915 0000:00:02.0: [drm:i915_gem_init_stolen [i915]] Memory reserved for graphics device: 61440K, usable: 59392K
[    4.290299] i915 0000:00:02.0: [drm:intel_memory_regions_hw_probe [i915]] Memory region(0): system: 11639 MiB [mem 0x00000000-0x2d7787fff], io: n/a
[    4.290431] i915 0000:00:02.0: [drm:intel_memory_regions_hw_probe [i915]] Memory region(5): stolen-system: 58 MiB [mem 0x7c800000-0x801fffff], io: n/a
[    4.290605] i915 0000:00:02.0: [drm:intel_opregion_setup [i915]] graphic opregion physical addr: 0x734a3018
[    4.290792] i915 0000:00:02.0: [drm:intel_opregion_setup [i915]] ACPI OpRegion version 2.1.0
[    4.290959] i915 0000:00:02.0: [drm:intel_opregion_setup [i915]] Public ACPI methods supported
[    4.291120] i915 0000:00:02.0: [drm:intel_opregion_setup [i915]] ASLE supported
[    4.291286] i915 0000:00:02.0: [drm:intel_opregion_setup [i915]] ASLE extension supported
[    4.291466] i915 0000:00:02.0: [drm:intel_opregion_setup [i915]] Found valid VBT in ACPI OpRegion (RVDA)
[    4.291638] i915 0000:00:02.0: [drm:intel_dram_detect [i915]] Num qgv points 4
[    4.291789] i915 0000:00:02.0: [drm:intel_dram_detect [i915]] DRAM channels: 2
[    4.291930] i915 0000:00:02.0: [drm:i915_driver_probe [i915]] Watermark level 0 adjustment needed: no
[    4.292069] i915 0000:00:02.0: [drm:icl_get_qgv_points.constprop.0 [i915]] QGV 0: DCLK=2401 tRP=24 tRDPRE=20 tRAS=52 tRCD=24 tRC=76
[    4.292289] i915 0000:00:02.0: [drm:icl_get_qgv_points.constprop.0 [i915]] QGV 1: DCLK=4001 tRP=36 tRDPRE=24 tRAS=84 tRCD=36 tRC=120
[    4.292499] i915 0000:00:02.0: [drm:icl_get_qgv_points.constprop.0 [i915]] QGV 2: DCLK=4401 tRP=40 tRDPRE=28 tRAS=96 tRCD=40 tRC=136
[    4.292683] i915 0000:00:02.0: [drm:icl_get_qgv_points.constprop.0 [i915]] QGV 3: DCLK=4801 tRP=44 tRDPRE=28 tRAS=104 tRCD=44 tRC=148
[    4.292862] i915 0000:00:02.0: [drm:icl_get_qgv_points.constprop.0 [i915]] PSF GV 0: CLK=32 
[    4.293034] i915 0000:00:02.0: [drm:icl_get_qgv_points.constprop.0 [i915]] PSF GV 1: CLK=38 
[    4.293206] i915 0000:00:02.0: [drm:icl_get_qgv_points.constprop.0 [i915]] PSF GV 2: CLK=48 
[    4.293386] i915 0000:00:02.0: [drm:tgl_get_bw_info.isra.0 [i915]] BW0 / QGV 0: num_planes=0 deratedbw=8478 peakbw: 19208
[    4.293560] i915 0000:00:02.0: [drm:tgl_get_bw_info.isra.0 [i915]] BW0 / QGV 1: num_planes=0 deratedbw=11380 peakbw: 32008
[    4.293732] i915 0000:00:02.0: [drm:tgl_get_bw_info.isra.0 [i915]] BW0 / QGV 2: num_planes=0 deratedbw=11556 peakbw: 35208
[    4.293901] i915 0000:00:02.0: [drm:tgl_get_bw_info.isra.0 [i915]] BW0 / QGV 3: num_planes=0 deratedbw=11991 peakbw: 38408
[    4.294086] i915 0000:00:02.0: [drm:tgl_get_bw_info.isra.0 [i915]] BW0 / PSF GV 0: num_planes=0 bw=34133
[    4.294271] i915 0000:00:02.0: [drm:tgl_get_bw_info.isra.0 [i915]] BW0 / PSF GV 1: num_planes=0 bw=40533
[    4.294454] i915 0000:00:02.0: [drm:tgl_get_bw_info.isra.0 [i915]] BW0 / PSF GV 2: num_planes=0 bw=51200
[    4.294631] i915 0000:00:02.0: [drm:tgl_get_bw_info.isra.0 [i915]] BW1 / QGV 0: num_planes=4 deratedbw=10928 peakbw: 19208
[    4.294812] i915 0000:00:02.0: [drm:tgl_get_bw_info.isra.0 [i915]] BW1 / QGV 1: num_planes=4 deratedbw=15758 peakbw: 32008
[    4.294999] i915 0000:00:02.0: [drm:tgl_get_bw_info.isra.0 [i915]] BW1 / QGV 2: num_planes=4 deratedbw=16388 peakbw: 35208
[    4.295174] i915 0000:00:02.0: [drm:tgl_get_bw_info.isra.0 [i915]] BW1 / QGV 3: num_planes=4 deratedbw=17250 peakbw: 38408
[    4.295346] i915 0000:00:02.0: [drm:tgl_get_bw_info.isra.0 [i915]] BW1 / PSF GV 0: num_planes=4 bw=34133
[    4.295517] i915 0000:00:02.0: [drm:tgl_get_bw_info.isra.0 [i915]] BW1 / PSF GV 1: num_planes=4 bw=40533
[    4.295687] i915 0000:00:02.0: [drm:tgl_get_bw_info.isra.0 [i915]] BW1 / PSF GV 2: num_planes=4 bw=51200
[    4.295856] i915 0000:00:02.0: [drm:tgl_get_bw_info.isra.0 [i915]] BW2 / QGV 0: num_planes=0 deratedbw=12772 peakbw: 19208
[    4.296026] i915 0000:00:02.0: [drm:tgl_get_bw_info.isra.0 [i915]] BW2 / QGV 1: num_planes=0 deratedbw=19510 peakbw: 32008
[    4.296194] i915 0000:00:02.0: [drm:tgl_get_bw_info.isra.0 [i915]] BW2 / QGV 2: num_planes=0 deratedbw=20720 peakbw: 35208
[    4.296368] i915 0000:00:02.0: [drm:tgl_get_bw_info.isra.0 [i915]] BW2 / QGV 3: num_planes=0 deratedbw=22096 peakbw: 38408
[    4.296556] i915 0000:00:02.0: [drm:tgl_get_bw_info.isra.0 [i915]] BW2 / PSF GV 0: num_planes=0 bw=34133
[    4.296730] i915 0000:00:02.0: [drm:tgl_get_bw_info.isra.0 [i915]] BW2 / PSF GV 1: num_planes=0 bw=40533
[    4.296895] i915 0000:00:02.0: [drm:tgl_get_bw_info.isra.0 [i915]] BW2 / PSF GV 2: num_planes=0 bw=51200
[    4.297070] i915 0000:00:02.0: [drm:tgl_get_bw_info.isra.0 [i915]] BW3 / QGV 0: num_planes=0 deratedbw=13950 peakbw: 19208
[    4.297231] i915 0000:00:02.0: [drm:tgl_get_bw_info.isra.0 [i915]] BW3 / QGV 1: num_planes=0 deratedbw=22146 peakbw: 32008
[    4.297408] i915 0000:00:02.0: [drm:tgl_get_bw_info.isra.0 [i915]] BW3 / QGV 2: num_planes=0 deratedbw=23044 peakbw: 35208
[    4.297566] i915 0000:00:02.0: [drm:tgl_get_bw_info.isra.0 [i915]] BW3 / QGV 3: num_planes=0 deratedbw=23044 peakbw: 38408
[    4.297716] i915 0000:00:02.0: [drm:tgl_get_bw_info.isra.0 [i915]] BW3 / PSF GV 0: num_planes=0 bw=34133
[    4.297871] i915 0000:00:02.0: [drm:tgl_get_bw_info.isra.0 [i915]] BW3 / PSF GV 1: num_planes=0 bw=40533
[    4.298033] i915 0000:00:02.0: [drm:tgl_get_bw_info.isra.0 [i915]] BW3 / PSF GV 2: num_planes=0 bw=51200
[    4.298217] i915 0000:00:02.0: [drm:tgl_get_bw_info.isra.0 [i915]] BW4 / QGV 0: num_planes=0 deratedbw=14624 peakbw: 19208
[    4.298399] i915 0000:00:02.0: [drm:tgl_get_bw_info.isra.0 [i915]] BW4 / QGV 1: num_planes=0 deratedbw=23044 peakbw: 32008
[    4.298572] i915 0000:00:02.0: [drm:tgl_get_bw_info.isra.0 [i915]] BW4 / QGV 2: num_planes=0 deratedbw=23044 peakbw: 35208
[    4.298745] i915 0000:00:02.0: [drm:tgl_get_bw_info.isra.0 [i915]] BW4 / QGV 3: num_planes=0 deratedbw=23044 peakbw: 38408
[    4.298920] i915 0000:00:02.0: [drm:tgl_get_bw_info.isra.0 [i915]] BW4 / PSF GV 0: num_planes=0 bw=34133
[    4.299091] i915 0000:00:02.0: [drm:tgl_get_bw_info.isra.0 [i915]] BW4 / PSF GV 1: num_planes=0 bw=40533
[    4.299270] i915 0000:00:02.0: [drm:tgl_get_bw_info.isra.0 [i915]] BW4 / PSF GV 2: num_planes=0 bw=51200
[    4.299441] i915 0000:00:02.0: [drm:tgl_get_bw_info.isra.0 [i915]] BW5 / QGV 0: num_planes=0 deratedbw=14986 peakbw: 19208
[    4.299611] i915 0000:00:02.0: [drm:tgl_get_bw_info.isra.0 [i915]] BW5 / QGV 1: num_planes=0 deratedbw=23044 peakbw: 32008
[    4.299781] i915 0000:00:02.0: [drm:tgl_get_bw_info.isra.0 [i915]] BW5 / QGV 2: num_planes=0 deratedbw=23044 peakbw: 35208
[    4.299955] i915 0000:00:02.0: [drm:tgl_get_bw_info.isra.0 [i915]] BW5 / QGV 3: num_planes=0 deratedbw=23044 peakbw: 38408
[    4.300127] i915 0000:00:02.0: [drm:tgl_get_bw_info.isra.0 [i915]] BW5 / PSF GV 0: num_planes=0 bw=34133
[    4.300294] i915 0000:00:02.0: [drm:tgl_get_bw_info.isra.0 [i915]] BW5 / PSF GV 1: num_planes=0 bw=40533
[    4.300471] i915 0000:00:02.0: [drm:tgl_get_bw_info.isra.0 [i915]] BW5 / PSF GV 2: num_planes=0 bw=51200
[    4.300992] i915 0000:00:02.0: [drm:intel_bios_init [i915]] Set default to SSC at 120000 kHz
[    4.301199] i915 0000:00:02.0: [drm:intel_bios_init [i915]] VBT signature "$VBT ALDERLAKE-P    ", BDB version 249
[    4.301489] i915 0000:00:02.0: [drm:intel_bios_init [i915]] Found BDB block 1 (size 6, min size 7)
[    4.301656] i915 0000:00:02.0: [drm:intel_bios_init [i915]] Found BDB block 2 (size 395, min size 5)
[    4.301836] i915 0000:00:02.0: [drm:intel_bios_init [i915]] Found BDB block 9 (size 100, min size 100)
[    4.302021] i915 0000:00:02.0: [drm:intel_bios_init [i915]] Found BDB block 12 (size 19, min size 19)
[    4.302193] i915 0000:00:02.0: [drm:intel_bios_init [i915]] Found BDB block 27 (size 812, min size 848)
[    4.302364] i915 0000:00:02.0: [drm:intel_bios_init [i915]] Found BDB block 40 (size 34, min size 34)
[    4.302524] i915 0000:00:02.0: [drm:intel_bios_init [i915]] Generating LFP data table pointers
[    4.302683] i915 0000:00:02.0: [drm:intel_bios_init [i915]] Found BDB block 41 (size 148, min size 148)
[    4.302842] i915 0000:00:02.0: [drm:intel_bios_init [i915]] Found BDB block 42 (size 1366, min size 1366)
[    4.303000] i915 0000:00:02.0: [drm:intel_bios_init [i915]] Found BDB block 43 (size 305, min size 305)
[    4.303158] i915 0000:00:02.0: [drm:intel_bios_init [i915]] Found BDB block 44 (size 78, min size 136)
[    4.303315] i915 0000:00:02.0: [drm:intel_bios_init [i915]] Found BDB block 52 (size 822, min size 822)
[    4.303473] i915 0000:00:02.0: [drm:intel_bios_init [i915]] Found BDB block 53 (size 2001, min size 1)
[    4.303629] i915 0000:00:02.0: [drm:intel_bios_init [i915]] Found BDB block 56 (size 210, min size 210)
[    4.303785] i915 0000:00:02.0: [drm:intel_bios_init [i915]] Found BDB block 58 (size 674, min size 2)
[    4.303941] i915 0000:00:02.0: [drm:intel_bios_init [i915]] BDB_GENERAL_FEATURES int_tv_support 0 int_crt_support 0 lvds_use_ssc 0 lvds_ssc_freq 120000 display_clock_mode 1 fdi_rx_polarity_inverted 0
[    4.304098] i915 0000:00:02.0: [drm:intel_bios_init [i915]] crt_ddc_bus_pin: 2
[    4.304253] i915 0000:00:02.0: [drm:intel_bios_init [i915]] Found VBT child device with type 0x1400
[    4.304426] i915 0000:00:02.0: [drm:intel_bios_init [i915]] Found VBT child device with type 0x60d2
[    4.304594] i915 0000:00:02.0: [drm:intel_bios_init [i915]] Found VBT child device with type 0x68c6
[    4.304763] i915 0000:00:02.0: [drm:intel_bios_init [i915]] Skipping SDVO device mapping
[    4.304926] i915 0000:00:02.0: [drm:intel_bios_init [i915]] Port A VBT info: CRT:0 DVI:0 HDMI:0 DP:0 eDP:0 DSI:1 DP++:0 LSPCON:0 USB-Type-C:0 TBT:0 DSC:0
[    4.305091] i915 0000:00:02.0: [drm:intel_bios_init [i915]] Port A VBT HDMI level shift: 0
[    4.305256] i915 0000:00:02.0: [drm:intel_bios_init [i915]] Port B VBT info: CRT:0 DVI:1 HDMI:1 DP:0 eDP:0 DSI:0 DP++:0 LSPCON:0 USB-Type-C:0 TBT:0 DSC:0
[    4.305417] i915 0000:00:02.0: [drm:intel_bios_init [i915]] Port B VBT HDMI level shift: 0
[    4.305576] i915 0000:00:02.0: [drm:intel_bios_init [i915]] Port B VBT HDMI max TMDS clock: 594000 kHz
[    4.305736] i915 0000:00:02.0: [drm:intel_bios_init [i915]] Port E VBT info: CRT:0 DVI:0 HDMI:0 DP:1 eDP:0 DSI:0 DP++:0 LSPCON:0 USB-Type-C:1 TBT:1 DSC:0
[    4.305897] i915 0000:00:02.0: [drm:intel_bios_init [i915]] Port E VBT HDMI level shift: 0
[    4.306063] i915 0000:00:02.0: [drm:intel_power_domains_init [i915]] Allowed DC state mask 4000000a
[    4.306279] i915 0000:00:02.0: [drm:gen9_set_dc_state.part.0 [i915]] Setting DC state from 00 to 00
[    4.306514] i915 0000:00:02.0: [drm:check_phy_reg [i915]] Combo PHY A reg 001628a0 state mismatch: current 9003513c mask e0000000 expected a0000000
[    4.306744] i915 0000:00:02.0: [drm:icl_combo_phys_init [i915]] Initializing combo PHY A (Voltage/Process Info : 0.85V dot0 (low-voltage))
[    4.306988] i915 0000:00:02.0: [drm:intel_power_well_enable [i915]] enabling PW_1
[    4.307197] i915 0000:00:02.0: [drm:intel_cdclk_init_hw [i915]] Current CDCLK 179200 kHz, VCO 537600 kHz, ref 38400 kHz, bypass 19200 kHz, voltage level 0
[    4.307393] i915 0000:00:02.0: [drm:gen9_dbuf_slices_update [i915]] Updating dbuf slices to 0xf
[    4.307637] i915 0000:00:02.0: [drm:intel_power_well_enable [i915]] enabling always-on
[    4.307830] i915 0000:00:02.0: [drm:intel_power_well_enable [i915]] enabling DC_off
[    4.308021] i915 0000:00:02.0: [drm:gen9_set_dc_state.part.0 [i915]] Setting DC state from 00 to 00
[    4.308258] i915 0000:00:02.0: [drm:intel_power_well_enable [i915]] enabling PW_2
[    4.308452] i915 0000:00:02.0: vgaarb: VGA decodes changed: olddecodes=io+mem,decodes=io+mem:owns=io+mem
[    4.308463] i915 0000:00:02.0: [drm:intel_power_well_enable [i915]] enabling PW_A
[    4.308650] i915 0000:00:02.0: [drm:intel_power_well_enable [i915]] enabling PW_B
[    4.308843] i915 0000:00:02.0: [drm:intel_power_well_enable [i915]] enabling PW_C
[    4.309032] i915 0000:00:02.0: [drm:intel_power_well_enable [i915]] enabling PW_D
[    4.309341] i915 0000:00:02.0: [drm:intel_dmc_init [i915]] Loading i915/adlp_dmc.bin
[    4.309672] i915 0000:00:02.0: [drm:intel_bw_init [i915]] Forcing SAGV disable: mask 0x307
[    4.310027] i915 0000:00:02.0: [drm:intel_fbc_init [i915]] Sanitized enable_fbc value: 1
[    4.310404] i915 0000:00:02.0: [drm:skl_wm_init [i915]] SAGV supported: yes, original SAGV block time: 35 us
[    4.310619] i915 0000:00:02.0: [drm:intel_print_wm_latency [i915]] Gen9 Plane WM0 latency 3 (3.0 usec)
[    4.310802] i915 0000:00:02.0: [drm:intel_print_wm_latency [i915]] Gen9 Plane WM1 latency 54 (54.0 usec)
[    4.310979] i915 0000:00:02.0: [drm:intel_print_wm_latency [i915]] Gen9 Plane WM2 latency 83 (83.0 usec)
[    4.311154] i915 0000:00:02.0: [drm:intel_print_wm_latency [i915]] Gen9 Plane WM3 latency 102 (102.0 usec)
[    4.311324] i915 0000:00:02.0: [drm:intel_print_wm_latency [i915]] Gen9 Plane WM4 latency 147 (147.0 usec)
[    4.311488] i915 0000:00:02.0: [drm:intel_print_wm_latency [i915]] Gen9 Plane WM5 latency 147 (147.0 usec)
[    4.311919] i915 0000:00:02.0: [drm:intel_display_driver_probe_nogem [i915]] 3 display pipes available.
[    4.312509] i915 0000:00:02.0: [drm:intel_cdclk_dump_config [i915]] Current CDCLK 179200 kHz, VCO 537600 kHz, ref 38400 kHz, bypass 19200 kHz, voltage level 0
[    4.312765] i915 0000:00:02.0: [drm:intel_update_max_cdclk [i915]] Max CD clock rate: 652800 kHz
[    4.312973] i915 0000:00:02.0: [drm:intel_display_driver_probe_nogem [i915]] Max dotclock rate: 1305600 kHz
[    4.313169] [drm] cmdline forces connector DSI-1 panel_orientation to 3
[    4.313177] [drm:__drm_connector_init [drm]] cmdline mode for connector DSI-1  0x0@60Hz
[    4.313228] i915 0000:00:02.0: [drm:intel_bios_init_panel [i915]] Panel type (VBT): 0
[    4.313417] i915 0000:00:02.0: [drm:intel_bios_init_panel [i915]] Panel type (fallback): 0
[    4.313598] i915 0000:00:02.0: [drm:intel_bios_init_panel [i915]] Selected panel type (VBT): 0
[    4.313775] i915 0000:00:02.0: [drm:intel_bios_init_panel [i915]] DRRS supported mode is seamless
[    4.313957] i915 0000:00:02.0: [drm:intel_bios_init_panel [i915]] Found panel mode in BIOS VBT generic dtd table: "800x1280": 61 67420 800 820 830 842 1280 1297 1301 1322 0x8 0x5
[    4.314151] i915 0000:00:02.0: [drm:intel_bios_init_panel [i915]] Panel manufacturer name: MS_, product code: 1, serial number: 1, year of manufacture: 2002
[    4.314347] i915 0000:00:02.0: [drm:intel_bios_init_panel [i915]] Panel name: LFP_PanelName
[    4.314534] i915 0000:00:02.0: [drm:intel_bios_init_panel [i915]] Seamless DRRS min refresh rate: 0 Hz
[    4.314727] i915 0000:00:02.0: [drm:intel_bios_init_panel [i915]] VBT backlight PWM modulation frequency 200 Hz, active high, min brightness 20, level 255, controller 0
[    4.314917] i915 0000:00:02.0: [drm:intel_bios_init_panel [i915]] Found MIPI Config block, panel index = 0
[    4.315112] i915 0000:00:02.0: [drm:intel_bios_init_panel [i915]] Found MIPI sequence block v3
[    4.315305] i915 0000:00:02.0: [drm:icl_dsi_init [i915]] MIPI related VBT parsing complete
[    4.315510] i915 0000:00:02.0: [drm:intel_panel_add_fixed_mode [i915]] [CONNECTOR:189:DSI-1] using VBT LFP fixed mode: "800x1280": 61 67420 800 820 830 842 1280 1297 1301 1322 0x48 0x5
[    4.315702] i915 0000:00:02.0: [drm:intel_panel_init [i915]] [CONNECTOR:189:DSI-1] DRRS type: none
[    4.315899] i915 0000:00:02.0: [drm:cnp_setup_backlight [i915]] [CONNECTOR:189:DSI-1] Using native PCH PWM for backlight control (controller=0)
[    4.316091] i915 0000:00:02.0: [drm:intel_backlight_setup [i915]] [CONNECTOR:189:DSI-1] backlight initialized, enabled, brightness 96000/96000
[    4.316262] i915 0000:00:02.0: [drm:intel_dsi_vbt_init [i915]] 
[    4.316448] i915 0000:00:02.0: [drm:intel_dsi_log_params [i915]] Pclk 67420
[    4.316634] i915 0000:00:02.0: [drm:intel_dsi_log_params [i915]] Pixel overlap 0
[    4.316818] i915 0000:00:02.0: [drm:intel_dsi_log_params [i915]] Lane count 4
[    4.317003] i915 0000:00:02.0: [drm:intel_dsi_log_params [i915]] DPHY param reg 0xc8690082
[    4.317162] i915 0000:00:02.0: [drm:intel_dsi_log_params [i915]] Video mode format non-burst with sync events
[    4.317317] i915 0000:00:02.0: [drm:intel_dsi_log_params [i915]] Burst mode ratio 100
[    4.317472] i915 0000:00:02.0: [drm:intel_dsi_log_params [i915]] Reset timer 255
[    4.317628] i915 0000:00:02.0: [drm:intel_dsi_log_params [i915]] Eot enabled
[    4.317784] i915 0000:00:02.0: [drm:intel_dsi_log_params [i915]] Clockstop enabled
[    4.317935] i915 0000:00:02.0: [drm:intel_dsi_log_params [i915]] Mode video
[    4.318086] i915 0000:00:02.0: [drm:intel_dsi_log_params [i915]] Dual link: NONE
[    4.318235] i915 0000:00:02.0: [drm:intel_dsi_log_params [i915]] Pixel Format 0
[    4.318385] i915 0000:00:02.0: [drm:intel_dsi_log_params [i915]] TLPX 0
[    4.318534] i915 0000:00:02.0: [drm:intel_dsi_log_params [i915]] LP RX Timeout 0xffff
[    4.318684] i915 0000:00:02.0: [drm:intel_dsi_log_params [i915]] Turnaround Timeout 0x17
[    4.318839] i915 0000:00:02.0: [drm:intel_dsi_log_params [i915]] Init Count 0x7d0
[    4.318985] i915 0000:00:02.0: [drm:intel_dsi_log_params [i915]] HS to LP Count 0x0
[    4.319131] i915 0000:00:02.0: [drm:intel_dsi_log_params [i915]] LP Byte Clock 0
[    4.319276] i915 0000:00:02.0: [drm:intel_dsi_log_params [i915]] DBI BW Timer 0x0
[    4.319421] i915 0000:00:02.0: [drm:intel_dsi_log_params [i915]] LP to HS Clock Count 0x0
[    4.319566] i915 0000:00:02.0: [drm:intel_dsi_log_params [i915]] HS to LP Clock Count 0x0
[    4.319711] i915 0000:00:02.0: [drm:icl_dsi_init [i915]] BTA enabled
[    4.319998] i915 0000:00:02.0: [drm:intel_hdmi_init_connector [i915]] Adding HDMI connector on [ENCODER:192:DDI B/PHY B]
[    4.320170] i915 0000:00:02.0: [drm:intel_hdmi_init_connector [i915]] [ENCODER:192:DDI B/PHY B] Using DDC pin 0x2 (VBT)
[    4.320371] i915 0000:00:02.0: [drm:intel_dp_aux_ch [i915]] [ENCODER:202:DDI TC2/PHY TC2] Using AUX CH USBC2 (VBT)
[    4.320629] i915 0000:00:02.0: [drm:dmc_load_work_fn [i915]] DMC 0:
[    4.320832] i915 0000:00:02.0: [drm:dmc_load_work_fn [i915]]  mmio[0]: 0x8f074 = 0x86fc0
[    4.321024] i915 0000:00:02.0: [drm:dmc_load_work_fn [i915]]  mmio[1]: 0x8f034 = 0xc003b400 (EVT_CTL)
[    4.321168] i915 0000:00:02.0: [drm:tc_phy_get_current_mode [i915]] Port E/TC#2: PHY mode: tbt-alt (ready: yes, owned: no, HPD: disconnected)
[    4.321228] i915 0000:00:02.0: [drm:dmc_load_work_fn [i915]]  mmio[2]: 0x8f004 = 0x1240108 (EVT_HTP)
[    4.321415] i915 0000:00:02.0: [drm:intel_dp_init_connector [i915]] Adding DP connector on [ENCODER:202:DDI TC2/PHY TC2]
[    4.321423] i915 0000:00:02.0: [drm:dmc_load_work_fn [i915]]  mmio[3]: 0x8f038 = 0xc003b200 (EVT_CTL)
[    4.321624] i915 0000:00:02.0: [drm:dmc_load_work_fn [i915]]  mmio[4]: 0x8f008 = 0x512050d4 (EVT_HTP)
[    4.321698] i915 0000:00:02.0: [drm:intel_modeset_setup_hw_state [i915]] [CRTC:82:pipe A] hw state readout: enabled
[    4.321815] i915 0000:00:02.0: [drm:dmc_load_work_fn [i915]]  mmio[5]: 0x8f03c = 0xc003b300 (EVT_CTL)
[    4.321904] i915 0000:00:02.0: [drm:intel_modeset_setup_hw_state [i915]] [CRTC:134:pipe B] hw state readout: disabled
[    4.322001] i915 0000:00:02.0: [drm:dmc_load_work_fn [i915]]  mmio[6]: 0x8f00c = 0x584c57fc (EVT_HTP)
[    4.322096] i915 0000:00:02.0: [drm:intel_modeset_setup_hw_state [i915]] [CRTC:186:pipe C] hw state readout: disabled
[    4.322191] i915 0000:00:02.0: [drm:dmc_load_work_fn [i915]] DMC 1:
[    4.322270] i915 0000:00:02.0: [drm:intel_modeset_setup_hw_state [i915]] [PLANE:32:plane 1A] hw state readout: enabled, pipe A
[    4.322371] i915 0000:00:02.0: [drm:dmc_load_work_fn [i915]]  mmio[0]: 0x5f074 = 0x96fc0
[    4.322438] i915 0000:00:02.0: [drm:intel_modeset_setup_hw_state [i915]] [PLANE:41:plane 2A] hw state readout: disabled, pipe A
[    4.322549] i915 0000:00:02.0: [drm:dmc_load_work_fn [i915]]  mmio[1]: 0x5f034 = 0xc003df00 (EVT_CTL) (disabling)
[    4.322602] i915 0000:00:02.0: [drm:intel_modeset_setup_hw_state [i915]] [PLANE:50:plane 3A] hw state readout: disabled, pipe A
[    4.322727] i915 0000:00:02.0: [drm:dmc_load_work_fn [i915]]  mmio[2]: 0x5f004 = 0x214c2114 (EVT_HTP)
[    4.322762] i915 0000:00:02.0: [drm:intel_modeset_setup_hw_state [i915]] [PLANE:59:plane 4A] hw state readout: disabled, pipe A
[    4.322903] i915 0000:00:02.0: [drm:dmc_load_work_fn [i915]]  mmio[3]: 0x5f038 = 0xc003e000 (EVT_CTL) (disabling)
[    4.322921] i915 0000:00:02.0: [drm:intel_modeset_setup_hw_state [i915]] [PLANE:68:plane 5A] hw state readout: disabled, pipe A
[    4.323080] i915 0000:00:02.0: [drm:intel_modeset_setup_hw_state [i915]] [PLANE:77:cursor A] hw state readout: disabled, pipe A
[    4.323080] i915 0000:00:02.0: [drm:dmc_load_work_fn [i915]]  mmio[4]: 0x5f008 = 0x22402208 (EVT_HTP)
[    4.323243] i915 0000:00:02.0: [drm:intel_modeset_setup_hw_state [i915]] [PLANE:84:plane 1B] hw state readout: disabled, pipe B
[    4.323259] i915 0000:00:02.0: [drm:dmc_load_work_fn [i915]]  mmio[5]: 0x5f03c = 0xc0032c00 (EVT_CTL) (disabling)
[    4.323401] i915 0000:00:02.0: [drm:intel_modeset_setup_hw_state [i915]] [PLANE:93:plane 2B] hw state readout: disabled, pipe B
[    4.323434] i915 0000:00:02.0: [drm:dmc_load_work_fn [i915]]  mmio[6]: 0x5f00c = 0x241422fc (EVT_HTP)
[    4.323557] i915 0000:00:02.0: [drm:intel_modeset_setup_hw_state [i915]] [PLANE:102:plane 3B] hw state readout: disabled, pipe B
[    4.323611] i915 0000:00:02.0: [drm:dmc_load_work_fn [i915]]  mmio[7]: 0x5f040 = 0xc0033100 (EVT_CTL) (disabling)
[    4.323719] i915 0000:00:02.0: [drm:intel_modeset_setup_hw_state [i915]] [PLANE:111:plane 4B] hw state readout: disabled, pipe B
[    4.323789] i915 0000:00:02.0: [drm:dmc_load_work_fn [i915]]  mmio[8]: 0x5f010 = 0x26f826cc (EVT_HTP)
[    4.323877] i915 0000:00:02.0: [drm:intel_modeset_setup_hw_state [i915]] [PLANE:120:plane 5B] hw state readout: disabled, pipe B
[    4.323969] i915 0000:00:02.0: [drm:dmc_load_work_fn [i915]] DMC 2:
[    4.324036] i915 0000:00:02.0: [drm:intel_modeset_setup_hw_state [i915]] [PLANE:129:cursor B] hw state readout: disabled, pipe B
[    4.324144] i915 0000:00:02.0: [drm:dmc_load_work_fn [i915]]  mmio[0]: 0x5f474 = 0x9efc0
[    4.324193] i915 0000:00:02.0: [drm:intel_modeset_setup_hw_state [i915]] [PLANE:136:plane 1C] hw state readout: disabled, pipe C
[    4.324318] i915 0000:00:02.0: [drm:dmc_load_work_fn [i915]]  mmio[1]: 0x5f434 = 0xc003df00 (EVT_CTL) (disabling)
[    4.324348] i915 0000:00:02.0: [drm:intel_modeset_setup_hw_state [i915]] [PLANE:145:plane 2C] hw state readout: disabled, pipe C
[    4.324512] i915 0000:00:02.0: [drm:dmc_load_work_fn [i915]]  mmio[2]: 0x5f404 = 0xa968a930 (EVT_HTP)
[    4.324525] i915 0000:00:02.0: [drm:intel_modeset_setup_hw_state [i915]] [PLANE:154:plane 3C] hw state readout: disabled, pipe C
[    4.324669] intel_rapl_msr: PL4 support detected.
[    4.324687] i915 0000:00:02.0: [drm:intel_modeset_setup_hw_state [i915]] [PLANE:163:plane 4C] hw state readout: disabled, pipe C
[    4.324695] i915 0000:00:02.0: [drm:dmc_load_work_fn [i915]]  mmio[3]: 0x5f438 = 0xc003e000 (EVT_CTL) (disabling)
[    4.324853] intel_rapl_common: Found RAPL domain package
[    4.324855] intel_rapl_common: Found RAPL domain core
[    4.324856] intel_rapl_common: Found RAPL domain uncore
[    4.324858] intel_rapl_common: Found RAPL domain psys
[    4.324879] i915 0000:00:02.0: [drm:dmc_load_work_fn [i915]]  mmio[4]: 0x5f408 = 0xaa5caa24 (EVT_HTP)
[    4.324990] i915 0000:00:02.0: [drm:intel_modeset_setup_hw_state [i915]] [PLANE:172:plane 5C] hw state readout: disabled, pipe C
[    4.325052] i915 0000:00:02.0: [drm:dmc_load_work_fn [i915]]  mmio[5]: 0x5f43c = 0xc0032c00 (EVT_CTL) (disabling)
[    4.325188] i915 0000:00:02.0: [drm:intel_modeset_setup_hw_state [i915]] [PLANE:181:cursor C] hw state readout: disabled, pipe C
[    4.325223] i915 0000:00:02.0: [drm:dmc_load_work_fn [i915]]  mmio[6]: 0x5f40c = 0xac30ab18 (EVT_HTP)
[    4.325354] i915 0000:00:02.0: [drm:intel_modeset_setup_hw_state [i915]] [ENCODER:188:DSI A] hw state readout: enabled, pipe A
[    4.325396] i915 0000:00:02.0: [drm:dmc_load_work_fn [i915]]  mmio[7]: 0x5f440 = 0xc0033100 (EVT_CTL) (disabling)
[    4.325509] i915 0000:00:02.0: [drm:intel_modeset_setup_hw_state [i915]] [ENCODER:192:DDI B/PHY B] hw state readout: disabled, pipe A
[    4.325568] i915 0000:00:02.0: [drm:dmc_load_work_fn [i915]]  mmio[8]: 0x5f410 = 0xaf14aee8 (EVT_HTP)
[    4.325664] i915 0000:00:02.0: [drm:intel_tc_port_sanitize_mode [i915]] Port E/TC#2: sanitize mode (disconnected)
[    4.325836] i915 0000:00:02.0: [drm:intel_modeset_setup_hw_state [i915]] [ENCODER:202:DDI TC2/PHY TC2] hw state readout: disabled, pipe A
[    4.325851] i915 0000:00:02.0: [drm:dmc_load_work_fn [i915]] DMC 3:
[    4.325992] i915 0000:00:02.0: [drm:intel_modeset_setup_hw_state [i915]] [ENCODER:204:DP-MST A] hw state readout: disabled, pipe A
[    4.326018] i915 0000:00:02.0: [drm:dmc_load_work_fn [i915]]  mmio[0]: 0x5f874 = 0x53fc0
[    4.326133] i915 0000:00:02.0: [drm:intel_modeset_setup_hw_state [i915]] [ENCODER:205:DP-MST B] hw state readout: disabled, pipe B
[    4.326171] i915 0000:00:02.0: [drm:dmc_load_work_fn [i915]]  mmio[1]: 0x5f83c = 0xc0032c00 (EVT_CTL) (disabling)
[    4.326269] i915 0000:00:02.0: [drm:intel_modeset_setup_hw_state [i915]] [ENCODER:206:DP-MST C] hw state readout: disabled, pipe C
[    4.326324] i915 0000:00:02.0: [drm:dmc_load_work_fn [i915]]  mmio[2]: 0x5f80c = 0x25202408 (EVT_HTP)
[    4.326406] i915 0000:00:02.0: [drm:intel_dpll_readout_hw_state [i915]] DPLL 0 hw state readout: pipe_mask 0x0, on 0
[    4.326476] i915 0000:00:02.0: [drm:dmc_load_work_fn [i915]]  mmio[3]: 0x5f840 = 0xc0033100 (EVT_CTL) (disabling)
[    4.326591] i915 0000:00:02.0: [drm:intel_reference_shared_dpll_crtc [i915]] [CRTC:82:pipe A] reserving DPLL 1
[    4.326627] i915 0000:00:02.0: [drm:dmc_load_work_fn [i915]]  mmio[4]: 0x5f810 = 0x280427d8 (EVT_HTP)
[    4.326767] i915 0000:00:02.0: [drm:intel_dpll_readout_hw_state [i915]] DPLL 1 hw state readout: pipe_mask 0x1, on 1
[    4.326778] i915 0000:00:02.0: [drm:dmc_load_work_fn [i915]] DMC 4:
[    4.326930] i915 0000:00:02.0: [drm:dmc_load_work_fn [i915]]  mmio[0]: 0x5fc74 = 0x5afc0
[    4.326939] i915 0000:00:02.0: [drm:intel_dpll_readout_hw_state [i915]] TBT PLL hw state readout: pipe_mask 0x0, on 0
[    4.327081] i915 0000:00:02.0: [drm:dmc_load_work_fn [i915]]  mmio[1]: 0x5fc3c = 0xc0032c00 (EVT_CTL) (disabling)
[    4.327105] i915 0000:00:02.0: [drm:intel_dpll_readout_hw_state [i915]] TC PLL 1 hw state readout: pipe_mask 0x0, on 0
[    4.327231] i915 0000:00:02.0: [drm:dmc_load_work_fn [i915]]  mmio[2]: 0x5fc0c = 0x95209408 (EVT_HTP)
[    4.327268] i915 0000:00:02.0: [drm:intel_dpll_readout_hw_state [i915]] TC PLL 2 hw state readout: pipe_mask 0x0, on 0
[    4.327381] i915 0000:00:02.0: [drm:dmc_load_work_fn [i915]]  mmio[3]: 0x5fc40 = 0xc0033100 (EVT_CTL) (disabling)
[    4.327427] i915 0000:00:02.0: [drm:intel_dpll_readout_hw_state [i915]] TC PLL 3 hw state readout: pipe_mask 0x0, on 0
[    4.327530] i915 0000:00:02.0: [drm:dmc_load_work_fn [i915]]  mmio[4]: 0x5fc10 = 0x980497d8 (EVT_HTP)
[    4.327585] i915 0000:00:02.0: [drm:intel_dpll_readout_hw_state [i915]] TC PLL 4 hw state readout: pipe_mask 0x0, on 0
[    4.327741] i915 0000:00:02.0: [drm:intel_modeset_setup_hw_state [i915]] [CONNECTOR:189:DSI-1] hw state readout: enabled
[    4.327895] i915 0000:00:02.0: [drm:intel_modeset_setup_hw_state [i915]] [CONNECTOR:193:HDMI-A-1] hw state readout: disabled
[    4.328043] i915 0000:00:02.0: [drm:intel_modeset_setup_hw_state [i915]] [CONNECTOR:203:DP-1] hw state readout: disabled
[    4.328187] i915 0000:00:02.0: [drm:drm_atomic_set_mode_for_crtc [drm]] Set [MODE:800x1280] for [CRTC:82:pipe A] state 0000000077ceb64e
[    4.328228] i915 0000:00:02.0: [drm:intel_modeset_setup_hw_state [i915]] [PLANE:32:plane 1A] min_cdclk 33710 kHz
[    4.328383] i915 0000:00:02.0: [drm:intel_modeset_setup_hw_state [i915]] [PLANE:41:plane 2A] min_cdclk 0 kHz
[    4.328525] i915 0000:00:02.0: [drm:intel_modeset_setup_hw_state [i915]] [PLANE:50:plane 3A] min_cdclk 0 kHz
[    4.328661] i915 0000:00:02.0: [drm:intel_modeset_setup_hw_state [i915]] [PLANE:59:plane 4A] min_cdclk 0 kHz
[    4.328795] i915 0000:00:02.0: [drm:intel_modeset_setup_hw_state [i915]] [PLANE:68:plane 5A] min_cdclk 0 kHz
[    4.328937] i915 0000:00:02.0: [drm:intel_modeset_setup_hw_state [i915]] [PLANE:77:cursor A] min_cdclk 0 kHz
[    4.329077] i915 0000:00:02.0: [drm:intel_bw_crtc_update [i915]] pipe A data rate 269680 num active planes 1
[    4.329276] i915 0000:00:02.0: [drm:intel_modeset_setup_hw_state [i915]] [PLANE:84:plane 1B] min_cdclk 0 kHz
[    4.329424] i915 0000:00:02.0: [drm:intel_modeset_setup_hw_state [i915]] [PLANE:93:plane 2B] min_cdclk 0 kHz
[    4.329570] i915 0000:00:02.0: [drm:intel_modeset_setup_hw_state [i915]] [PLANE:102:plane 3B] min_cdclk 0 kHz
[    4.329717] i915 0000:00:02.0: [drm:intel_modeset_setup_hw_state [i915]] [PLANE:111:plane 4B] min_cdclk 0 kHz
[    4.329866] i915 0000:00:02.0: [drm] Finished loading DMC firmware i915/adlp_dmc.bin (v2.20)
[    4.329859] i915 0000:00:02.0: [drm:intel_modeset_setup_hw_state [i915]] [PLANE:120:plane 5B] min_cdclk 0 kHz
[    4.330016] i915 0000:00:02.0: [drm:intel_modeset_setup_hw_state [i915]] [PLANE:129:cursor B] min_cdclk 0 kHz
[    4.330164] i915 0000:00:02.0: [drm:intel_bw_crtc_update [i915]] pipe B data rate 0 num active planes 0
[    4.330387] i915 0000:00:02.0: [drm:intel_modeset_setup_hw_state [i915]] [PLANE:136:plane 1C] min_cdclk 0 kHz
[    4.330551] i915 0000:00:02.0: [drm:intel_modeset_setup_hw_state [i915]] [PLANE:145:plane 2C] min_cdclk 0 kHz
[    4.330715] i915 0000:00:02.0: [drm:intel_modeset_setup_hw_state [i915]] [PLANE:154:plane 3C] min_cdclk 0 kHz
[    4.330867] i915 0000:00:02.0: [drm:intel_modeset_setup_hw_state [i915]] [PLANE:163:plane 4C] min_cdclk 0 kHz
[    4.331027] i915 0000:00:02.0: [drm:intel_modeset_setup_hw_state [i915]] [PLANE:172:plane 5C] min_cdclk 0 kHz
[    4.331186] i915 0000:00:02.0: [drm:intel_modeset_setup_hw_state [i915]] [PLANE:181:cursor C] min_cdclk 0 kHz
[    4.331330] i915 0000:00:02.0: [drm:intel_bw_crtc_update [i915]] pipe C data rate 0 num active planes 0
[    4.331544] i915 0000:00:02.0: [drm:intel_power_well_enable [i915]] enabling DDI_IO_A
[    4.331755] i915 0000:00:02.0: [drm:intel_ddi_sanitize_encoder_pll_mapping [i915]] [ENCODER:188:DSI A] is disabled/in DSI mode with an ungated DDI clock, gate it
[    4.331943] i915 0000:00:02.0: [drm:intel_crtc_state_dump [i915]] [CRTC:82:pipe A] enable: yes [setup_hw_state]
[    4.332152] i915 0000:00:02.0: [drm:intel_crtc_state_dump [i915]] active: yes, output_types: DSI (0x200), output format: RGB, sink format: RGB
[    4.332351] i915 0000:00:02.0: [drm:intel_crtc_state_dump [i915]] cpu_transcoder: DSI A, pipe bpp: 24, dithering: 0
[    4.332550] i915 0000:00:02.0: [drm:intel_crtc_state_dump [i915]] MST master transcoder: <invalid>
[    4.332698] i915 0000:00:02.0: [drm:intel_crtc_state_dump [i915]] port sync: master transcoder: <invalid>, slave transcoder bitmask = 0x0
[    4.332843] i915 0000:00:02.0: [drm:intel_crtc_state_dump [i915]] joiner: no, pipes: 0x0
[    4.332987] i915 0000:00:02.0: [drm:intel_crtc_state_dump [i915]] splitter: disabled, link count 0, overlap 0
[    4.333130] i915 0000:00:02.0: [drm:intel_crtc_state_dump [i915]] framestart delay: 1, MSA timing delay: 0
[    4.333272] i915 0000:00:02.0: [drm:intel_crtc_state_dump [i915]] audio: 0, infoframes: 0, infoframes enabled: 0x0
[    4.333416] i915 0000:00:02.0: [drm:intel_crtc_state_dump [i915]] vrr: no, vmin: 0, vmax: 0, pipeline full: 0, guardband: 0 flipline: 0, vmin vblank: 1, vmax vblank: 0
[    4.333557] i915 0000:00:02.0: [drm:intel_crtc_state_dump [i915]] requested mode: "800x1280": 61 67420 800 820 830 842 600 1297 1301 1322 0x40 0x0
[    4.333699] i915 0000:00:02.0: [drm:intel_crtc_state_dump [i915]] adjusted mode: "800x1280": 61 67420 800 820 830 842 1280 1297 1301 1322 0x40 0x0
[    4.333840] i915 0000:00:02.0: [drm:intel_crtc_state_dump [i915]] crtc timings: clock=67420, hd=800 hb=800-842 hs=820-830 ht=842, vd=1280 vb=1280-1322 vs=1297-1301 vt=1322, flags=0x0
[    4.333981] i915 0000:00:02.0: [drm:intel_crtc_state_dump [i915]] pipe mode: "800x1280": 61 67420 800 820 830 842 1280 1297 1301 1322 0x40 0x0
[    4.334120] i915 0000:00:02.0: [drm:intel_crtc_state_dump [i915]] crtc timings: clock=67420, hd=800 hb=800-842 hs=820-830 ht=842, vd=1280 vb=1280-1322 vs=1297-1301 vt=1322, flags=0x0
[    4.334258] i915 0000:00:02.0: [drm:intel_crtc_state_dump [i915]] port clock: 80903, pipe src: 800x600+0+0, pixel rate 67420
[    4.334396] i915 0000:00:02.0: [drm:intel_crtc_state_dump [i915]] linetime: 100, ips linetime: 0
[    4.334533] i915 0000:00:02.0: [drm:intel_crtc_state_dump [i915]] num_scalers: 2, scaler_users: 0x80000000, scaler_id: 0, scaling_filter: 0
[    4.334669] i915 0000:00:02.0: [drm:intel_crtc_state_dump [i915]] pch pfit: 800x1280+0+0, enabled, force thru: no
[    4.334805] i915 0000:00:02.0: [drm:intel_crtc_state_dump [i915]] ips: 0, double wide: 0, drrs: 0
[    4.334941] i915 0000:00:02.0: [drm:intel_crtc_state_dump [i915]] dpll_hw_state: cfgcr0: 0x7199ba, cfgcr1: 0x120, div0: 0x0, mg_refclkin_ctl: 0x0, hg_clktop2_coreclkctl1: 0x0, mg_clktop2_hsclkctl: 0x0, mg_pll_div0: 0x0, mg_pll_div2: 0x0, mg_pll_lf: 0x0, mg_pll_frac_lock: 0x0, mg_pll_ssc: 0x0, mg_pll_bias: 0x0, mg_pll_tdc_coldst_bias: 0x0
[    4.335078] i915 0000:00:02.0: [drm:intel_crtc_state_dump [i915]] csc_mode: 0x20000000 gamma_mode: 0x20000000 gamma_enable: 0 csc_enable: 0
[    4.335212] i915 0000:00:02.0: [drm:intel_crtc_state_dump [i915]] pre csc lut: 0 entries, post csc lut: 0 entries
[    4.335347] i915 0000:00:02.0: [drm:intel_crtc_state_dump [i915]] output csc: pre offsets: 0x0000 0x0000 0x0000
[    4.335482] i915 0000:00:02.0: [drm:intel_crtc_state_dump [i915]] output csc: coefficients: 0x0000 0x0000 0x0000
[    4.335616] i915 0000:00:02.0: [drm:intel_crtc_state_dump [i915]] output csc: coefficients: 0x0000 0x0000 0x0000
[    4.335749] i915 0000:00:02.0: [drm:intel_crtc_state_dump [i915]] output csc: coefficients: 0x0000 0x0000 0x0000
[    4.335883] i915 0000:00:02.0: [drm:intel_crtc_state_dump [i915]] output csc: post offsets: 0x0000 0x0000 0x0000
[    4.336016] i915 0000:00:02.0: [drm:intel_crtc_state_dump [i915]] pipe csc: pre offsets: 0x0000 0x0000 0x0000
[    4.336148] i915 0000:00:02.0: [drm:intel_crtc_state_dump [i915]] pipe csc: coefficients: 0x0000 0x0000 0x0000
[    4.336281] i915 0000:00:02.0: [drm:intel_crtc_state_dump [i915]] pipe csc: coefficients: 0x0000 0x0000 0x0000
[    4.336443] i915 0000:00:02.0: [drm:intel_crtc_state_dump [i915]] pipe csc: coefficients: 0x0000 0x0000 0x0000
[    4.336576] i915 0000:00:02.0: [drm:intel_crtc_state_dump [i915]] pipe csc: post offsets: 0x0000 0x0000 0x0000
[    4.336708] i915 0000:00:02.0: [drm:intel_crtc_state_dump [i915]] [CRTC:134:pipe B] enable: no [setup_hw_state]
[    4.336840] i915 0000:00:02.0: [drm:intel_crtc_state_dump [i915]] [CRTC:186:pipe C] enable: no [setup_hw_state]
[    4.336994] i915 0000:00:02.0: [drm:skl_wm_get_hw_state_and_sanitize [i915]] [CRTC:82:pipe A] dbuf slices 0x3, ddb (0 - 2048), active pipes 0x1, mbus joined: no
[    4.337138] i915 0000:00:02.0: [drm:skl_wm_get_hw_state_and_sanitize [i915]] [CRTC:134:pipe B] dbuf slices 0x0, ddb (0 - 0), active pipes 0x1, mbus joined: no
[    4.337272] i915 0000:00:02.0: [drm:skl_wm_get_hw_state_and_sanitize [i915]] [CRTC:186:pipe C] dbuf slices 0x0, ddb (0 - 0), active pipes 0x1, mbus joined: no
[    4.337426] i915 0000:00:02.0: [drm:skl_get_initial_plane_config [i915]] pipe A/plane 1A with fb: size=800x600@32, offset=0, pitch 3200, size 0x1d4c00
[    4.337556] i915 0000:00:02.0: [drm:_i915_gem_object_stolen_init [i915]] creating preallocated stolen object: stolen_offset=0x0000000000000000, size=0x00000000001d5000
[    4.337772] i915 0000:00:02.0: [drm:initial_plane_vma [i915]] Initial plane fb bound to 0x0 in the ggtt (original 0x0)
[    4.342193] i915 0000:00:02.0: [drm:intel_wopcm_init [i915]] Calculated GuC WOPCM [592K, 1420K)
[    4.342404] i915 0000:00:02.0: [drm:i915_init_ggtt [i915]] Reserved GGTT:[1d5000, 1d7000] for use by error capture
[    4.342608] i915 0000:00:02.0: [drm:i915_init_ggtt [i915]] clearing unused GTT space: [1d7000, fee00000]
[    4.342793] i915 0000:00:02.0: [drm:i915_gem_init [i915]] No clock gating settings or workarounds applied.
[    4.343020] i915 0000:00:02.0: [drm:debug_dump_steering [i915]] MCR Steering: Default steering: group=0x0, instance=0x0
[    4.343227] i915 0000:00:02.0: [drm:wa_init_finish [i915]] GT0: Initialized 4 GT workarounds on global
[    4.343499] i915 0000:00:02.0: [drm:wa_init_finish [i915]] GT0: Initialized 11 engine workarounds on rcs'0
[    4.343690] i915 0000:00:02.0: [drm:wa_init_finish [i915]] GT0: Initialized 4 whitelist workarounds on rcs'0
[    4.343879] i915 0000:00:02.0: [drm:wa_init_finish [i915]] GT0: Initialized 5 context workarounds on rcs'0
[    4.344143] i915 0000:00:02.0: [drm:wa_init_finish [i915]] GT0: Initialized 1 engine workarounds on bcs'0
[    4.344336] i915 0000:00:02.0: [drm:wa_init_finish [i915]] GT0: Initialized 1 whitelist workarounds on bcs'0
[    4.345193] i915 0000:00:02.0: [drm:wa_init_finish [i915]] GT0: Initialized 1 context workarounds on bcs'0
[    4.345476] i915 0000:00:02.0: [drm:wa_init_finish [i915]] GT0: Initialized 1 engine workarounds on vcs'0
[    4.345692] i915 0000:00:02.0: [drm:wa_init_finish [i915]] GT0: Initialized 1 whitelist workarounds on vcs'0
[    4.345937] i915 0000:00:02.0: [drm:wa_init_finish [i915]] GT0: Initialized 1 engine workarounds on vecs'0
[    4.346149] i915 0000:00:02.0: [drm:wa_init_finish [i915]] GT0: Initialized 1 whitelist workarounds on vecs'0
