[    0.000000] Linux version 6.12.57 (pg@p8) (gcc (Debian 14.2.0-19) 14.2.0, GNU ld (GNU Binutils for Debian) 2.44) #12 SMP PREEMPT_DYNAMIC Mon Dec  1 22:39:03 CET 2025
[    0.000000] Command line: BOOT_IMAGE=/@/boot/vmlinuz-6.12.57 root=UUID=cf1b7843-392f-413c-ab2f-fa8bfa5d90e7 ro rootflags=subvol=@ fbcon=rotate:1 video=DSI-1:panel_orientation=right_side_up log_buf_len=10M drm.debug=0x1e
[    0.000000] x86/split lock detection: #AC: crashing the kernel on kernel split_locks and warning on user-space split_locks
[    0.000000] BIOS-provided physical RAM map:
[    0.000000] BIOS-e820: [mem 0x0000000000000000-0x000000000009dfff] usable
[    0.000000] BIOS-e820: [mem 0x000000000009e000-0x000000000009efff] reserved
[    0.000000] BIOS-e820: [mem 0x000000000009f000-0x000000000009ffff] usable
[    0.000000] BIOS-e820: [mem 0x00000000000a0000-0x00000000000fffff] reserved
[    0.000000] BIOS-e820: [mem 0x0000000000100000-0x00000000416edfff] usable
[    0.000000] BIOS-e820: [mem 0x00000000416ee000-0x00000000416eefff] reserved
[    0.000000] BIOS-e820: [mem 0x00000000416ef000-0x0000000043359fff] usable
[    0.000000] BIOS-e820: [mem 0x000000004335a000-0x000000004335afff] reserved
[    0.000000] BIOS-e820: [mem 0x000000004335b000-0x000000007025cfff] usable
[    0.000000] BIOS-e820: [mem 0x000000007025d000-0x000000007335cfff] reserved
[    0.000000] BIOS-e820: [mem 0x000000007335d000-0x000000007343efff] ACPI data
[    0.000000] BIOS-e820: [mem 0x000000007343f000-0x00000000734fefff] ACPI NVS
[    0.000000] BIOS-e820: [mem 0x00000000734ff000-0x0000000073efefff] reserved
[    0.000000] BIOS-e820: [mem 0x0000000073eff000-0x0000000073efffff] usable
[    0.000000] BIOS-e820: [mem 0x0000000073f00000-0x0000000079ffffff] reserved
[    0.000000] BIOS-e820: [mem 0x000000007aa00000-0x000000007abfffff] reserved
[    0.000000] BIOS-e820: [mem 0x000000007b000000-0x00000000803fffff] reserved
[    0.000000] BIOS-e820: [mem 0x00000000c0000000-0x00000000cfffffff] reserved
[    0.000000] BIOS-e820: [mem 0x00000000fe000000-0x00000000fe010fff] reserved
[    0.000000] BIOS-e820: [mem 0x00000000fec00000-0x00000000fec00fff] reserved
[    0.000000] BIOS-e820: [mem 0x00000000fed00000-0x00000000fed00fff] reserved
[    0.000000] BIOS-e820: [mem 0x00000000fed20000-0x00000000fed7ffff] reserved
[    0.000000] BIOS-e820: [mem 0x00000000fee00000-0x00000000fee00fff] reserved
[    0.000000] BIOS-e820: [mem 0x00000000ff000000-0x00000000ffffffff] reserved
[    0.000000] BIOS-e820: [mem 0x0000000100000000-0x000000037fbfffff] usable
[    0.000000] NX (Execute Disable) protection: active
[    0.000000] APIC: Static calls initialized
[    0.000000] efi: EFI v2.8 by American Megatrends
[    0.000000] efi: ACPI=0x734db000 ACPI 2.0=0x734db014 TPMFinalLog=0x734aa000 SMBIOS=0x73c99000 SMBIOS 3.0=0x73c98000 MEMATTR=0x6c8b8018 ESRT=0x6d078418 INITRD=0x6c6d0b18 TPMEventLog=0x7338a018 
[    0.000000] efi: Remove mem94: MMIO range=[0xc0000000-0xcfffffff] (256MB) from e820 map
[    0.000000] e820: remove [mem 0xc0000000-0xcfffffff] reserved
[    0.000000] efi: Not removing mem95: MMIO range=[0xfe000000-0xfe010fff] (68KB) from e820 map
[    0.000000] efi: Not removing mem96: MMIO range=[0xfec00000-0xfec00fff] (4KB) from e820 map
[    0.000000] efi: Not removing mem97: MMIO range=[0xfed00000-0xfed00fff] (4KB) from e820 map
[    0.000000] efi: Not removing mem99: MMIO range=[0xfee00000-0xfee00fff] (4KB) from e820 map
[    0.000000] efi: Remove mem100: MMIO range=[0xff000000-0xffffffff] (16MB) from e820 map
[    0.000000] e820: remove [mem 0xff000000-0xffffffff] reserved
[    0.000000] secureboot: Secure boot disabled
[    0.000000] SMBIOS 3.5.0 present.
[    0.000000] DMI: Default string Default string/Default string, BIOS 5.25 07/14/2023
[    0.000000] DMI: Memory slots populated: 4/8
[    0.000000] tsc: Detected 800.000 MHz processor
[    0.000000] tsc: Detected 806.400 MHz TSC
[    0.000220] e820: update [mem 0x00000000-0x00000fff] usable ==> reserved
[    0.000222] e820: remove [mem 0x000a0000-0x000fffff] usable
[    0.000233] last_pfn = 0x37fc00 max_arch_pfn = 0x400000000
[    0.000237] MTRR map: 5 entries (3 fixed + 2 variable; max 23), built from 10 variable MTRRs
[    0.000239] x86/PAT: Configuration [0-7]: WB  WC  UC- UC  WB  WP  UC- WT  
[    0.000347] last_pfn = 0x73f00 max_arch_pfn = 0x400000000
[    0.012995] esrt: Reserving ESRT space from 0x000000006d078418 to 0x000000006d0784f0.
[    0.013002] e820: update [mem 0x6d078000-0x6d078fff] usable ==> reserved
[    0.013022] Using GB pages for direct mapping
[    0.027868] printk: log_buf_len: 16777216 bytes
[    0.027870] printk: early log buf free: 126856(96%)
[    0.027871] RAMDISK: [mem 0x63986000-0x6679dfff]
[    0.028215] ACPI: Early table checksum verification disabled
[    0.028221] ACPI: RSDP 0x00000000734DB014 000024 (v02 ALASKA)
[    0.028225] ACPI: XSDT 0x00000000734DA728 00010C (v01 ALASKA A M I    01072009 AMI  01000013)
[    0.028231] ACPI: FACP 0x000000007343C000 000114 (v06 ALASKA A M I    01072009 AMI  01000013)
[    0.028235] ACPI: DSDT 0x00000000733C8000 073A41 (v02 ALASKA A M I    01072009 INTL 20200717)
[    0.028237] ACPI: FACS 0x00000000734FE000 000040
[    0.028239] ACPI: FIDT 0x00000000733C7000 00009C (v01 ALASKA A M I    01072009 AMI  00010013)
[    0.028242] ACPI: SSDT 0x000000007343E000 00038C (v02 PmaxDv Pmax_Dev 00000001 INTL 20200717)
[    0.028244] ACPI: SSDT 0x00000000733C1000 005D0B (v02 CpuRef CpuSsdt  00003000 INTL 20200717)
[    0.028246] ACPI: SSDT 0x00000000733BE000 002AA1 (v02 SaSsdt SaSsdt   00003000 INTL 20200717)
[    0.028248] ACPI: SSDT 0x00000000733BA000 0033D3 (v02 INTEL  IgfxSsdt 00003000 INTL 20200717)
[    0.028250] ACPI: SSDT 0x00000000733AC000 00D39F (v02 INTEL  TcssSsdt 00001000 INTL 20200717)
[    0.028253] ACPI: HPET 0x000000007343D000 000038 (v01 ALASKA A M I    01072009 AMI  01000013)
[    0.028255] ACPI: APIC 0x00000000733AB000 0001DC (v05 ALASKA A M I    01072009 AMI  01000013)
[    0.028257] ACPI: MCFG 0x00000000733AA000 00003C (v01 ALASKA A M I    01072009 AMI  01000013)
[    0.028259] ACPI: SSDT 0x00000000733A8000 001F47 (v02 ALASKA Ther_Rvp 00001000 INTL 20200717)
[    0.028261] ACPI: UEFI 0x0000000073491000 000048 (v01 ALASKA A M I    01072009 AMI  01000013)
[    0.028263] ACPI: NHLT 0x00000000733A6000 0018B6 (v00 ALASKA A M I    01072009 AMI  01000013)
[    0.028265] ACPI: LPIT 0x00000000733A5000 0000CC (v01 ALASKA A M I    01072009 AMI  01000013)
[    0.028267] ACPI: SSDT 0x00000000733A1000 002A83 (v02 ALASKA PtidDevc 00001000 INTL 20200717)
[    0.028269] ACPI: SSDT 0x000000007339E000 002357 (v02 ALASKA TbtTypeC 00000000 INTL 20200717)
[    0.028271] ACPI: DBGP 0x000000007339D000 000034 (v01 ALASKA A M I    01072009 AMI  01000013)
[    0.028273] ACPI: DBG2 0x000000007339C000 000054 (v00 ALASKA A M I    01072009 AMI  01000013)
[    0.028275] ACPI: SSDT 0x000000007339A000 0014CC (v02 ALASKA UsbCTabl 00001000 INTL 20200717)
[    0.028277] ACPI: DMAR 0x0000000073399000 000088 (v02 INTEL  EDK2     00000002      01000013)
[    0.028279] ACPI: SSDT 0x0000000073398000 0005BB (v02 INTEL  xh_adl_N 00000000 INTL 20200717)
[    0.028281] ACPI: SSDT 0x0000000073394000 003AEA (v02 SocGpe SocGpe   00003000 INTL 20200717)
[    0.028283] ACPI: SSDT 0x0000000073390000 0039DA (v02 SocCmn SocCmn   00003000 INTL 20200717)
[    0.028285] ACPI: SSDT 0x000000007338F000 000144 (v02 Intel  ADebTabl 00001000 INTL 20200717)
[    0.028287] ACPI: TPM2 0x000000007338D000 00004C (v04 ALASKA A M I    00000001 AMI  00000000)
[    0.028289] ACPI: BGRT 0x000000007338E000 000038 (v01 ALASKA A M I    01072009 AMI  00010013)
[    0.028291] ACPI: PHAT 0x000000007338C000 0005F1 (v01 ALASKA A M I    00000005 MSFT 0100000D)
[    0.028293] ACPI: WSMT 0x00000000733A4000 000028 (v01 ALASKA A M I    01072009 AMI  00010013)
[    0.028295] ACPI: FPDT 0x000000007338B000 000044 (v01 ALASKA A M I    01072009 AMI  01000013)
[    0.028297] ACPI: Reserving FACP table memory at [mem 0x7343c000-0x7343c113]
[    0.028298] ACPI: Reserving DSDT table memory at [mem 0x733c8000-0x7343ba40]
[    0.028299] ACPI: Reserving FACS table memory at [mem 0x734fe000-0x734fe03f]
[    0.028300] ACPI: Reserving FIDT table memory at [mem 0x733c7000-0x733c709b]
[    0.028300] ACPI: Reserving SSDT table memory at [mem 0x7343e000-0x7343e38b]
[    0.028301] ACPI: Reserving SSDT table memory at [mem 0x733c1000-0x733c6d0a]
[    0.028302] ACPI: Reserving SSDT table memory at [mem 0x733be000-0x733c0aa0]
[    0.028302] ACPI: Reserving SSDT table memory at [mem 0x733ba000-0x733bd3d2]
[    0.028303] ACPI: Reserving SSDT table memory at [mem 0x733ac000-0x733b939e]
[    0.028304] ACPI: Reserving HPET table memory at [mem 0x7343d000-0x7343d037]
[    0.028304] ACPI: Reserving APIC table memory at [mem 0x733ab000-0x733ab1db]
[    0.028305] ACPI: Reserving MCFG table memory at [mem 0x733aa000-0x733aa03b]
[    0.028305] ACPI: Reserving SSDT table memory at [mem 0x733a8000-0x733a9f46]
[    0.028306] ACPI: Reserving UEFI table memory at [mem 0x73491000-0x73491047]
[    0.028307] ACPI: Reserving NHLT table memory at [mem 0x733a6000-0x733a78b5]
[    0.028307] ACPI: Reserving LPIT table memory at [mem 0x733a5000-0x733a50cb]
[    0.028308] ACPI: Reserving SSDT table memory at [mem 0x733a1000-0x733a3a82]
[    0.028308] ACPI: Reserving SSDT table memory at [mem 0x7339e000-0x733a0356]
[    0.028309] ACPI: Reserving DBGP table memory at [mem 0x7339d000-0x7339d033]
[    0.028310] ACPI: Reserving DBG2 table memory at [mem 0x7339c000-0x7339c053]
[    0.028310] ACPI: Reserving SSDT table memory at [mem 0x7339a000-0x7339b4cb]
[    0.028311] ACPI: Reserving DMAR table memory at [mem 0x73399000-0x73399087]
[    0.028311] ACPI: Reserving SSDT table memory at [mem 0x73398000-0x733985ba]
[    0.028312] ACPI: Reserving SSDT table memory at [mem 0x73394000-0x73397ae9]
[    0.028313] ACPI: Reserving SSDT table memory at [mem 0x73390000-0x733939d9]
[    0.028313] ACPI: Reserving SSDT table memory at [mem 0x7338f000-0x7338f143]
[    0.028314] ACPI: Reserving TPM2 table memory at [mem 0x7338d000-0x7338d04b]
[    0.028314] ACPI: Reserving BGRT table memory at [mem 0x7338e000-0x7338e037]
[    0.028315] ACPI: Reserving PHAT table memory at [mem 0x7338c000-0x7338c5f0]
[    0.028316] ACPI: Reserving WSMT table memory at [mem 0x733a4000-0x733a4027]
[    0.028316] ACPI: Reserving FPDT table memory at [mem 0x7338b000-0x7338b043]
[    0.028519] No NUMA configuration found
[    0.028520] Faking a node at [mem 0x0000000000000000-0x000000037fbfffff]
[    0.028529] NODE_DATA(0) allocated [mem 0x37b3d5680-0x37b3fffff]
[    0.028745] Zone ranges:
[    0.028746]   DMA      [mem 0x0000000000001000-0x0000000000ffffff]
[    0.028748]   DMA32    [mem 0x0000000001000000-0x00000000ffffffff]
[    0.028749]   Normal   [mem 0x0000000100000000-0x000000037fbfffff]
[    0.028751]   Device   empty
[    0.028751] Movable zone start for each node
[    0.028753] Early memory node ranges
[    0.028754]   node   0: [mem 0x0000000000001000-0x000000000009dfff]
[    0.028755]   node   0: [mem 0x000000000009f000-0x000000000009ffff]
[    0.028756]   node   0: [mem 0x0000000000100000-0x00000000416edfff]
[    0.028757]   node   0: [mem 0x00000000416ef000-0x0000000043359fff]
[    0.028758]   node   0: [mem 0x000000004335b000-0x000000007025cfff]
[    0.028758]   node   0: [mem 0x0000000073eff000-0x0000000073efffff]
[    0.028759]   node   0: [mem 0x0000000100000000-0x000000037fbfffff]
[    0.028761] Initmem setup node 0 [mem 0x0000000000001000-0x000000037fbfffff]
[    0.028767] On node 0, zone DMA: 1 pages in unavailable ranges
[    0.028768] On node 0, zone DMA: 1 pages in unavailable ranges
[    0.028795] On node 0, zone DMA: 96 pages in unavailable ranges
[    0.030399] On node 0, zone DMA32: 1 pages in unavailable ranges
[    0.031488] On node 0, zone DMA32: 1 pages in unavailable ranges
[    0.031641] On node 0, zone DMA32: 15522 pages in unavailable ranges
[    0.032001] On node 0, zone Normal: 16640 pages in unavailable ranges
[    0.032011] On node 0, zone Normal: 1024 pages in unavailable ranges
[    0.032033] Reserving Intel graphics memory at [mem 0x7c800000-0x803fffff]
[    0.032600] ACPI: PM-Timer IO Port: 0x1808
[    0.032612] ACPI: LAPIC_NMI (acpi_id[0x01] high edge lint[0x1])
[    0.032613] ACPI: LAPIC_NMI (acpi_id[0x02] high edge lint[0x1])
[    0.032614] ACPI: LAPIC_NMI (acpi_id[0x03] high edge lint[0x1])
[    0.032615] ACPI: LAPIC_NMI (acpi_id[0x04] high edge lint[0x1])
[    0.032615] ACPI: LAPIC_NMI (acpi_id[0x05] high edge lint[0x1])
[    0.032616] ACPI: LAPIC_NMI (acpi_id[0x06] high edge lint[0x1])
[    0.032616] ACPI: LAPIC_NMI (acpi_id[0x07] high edge lint[0x1])
[    0.032617] ACPI: LAPIC_NMI (acpi_id[0x08] high edge lint[0x1])
[    0.032618] ACPI: LAPIC_NMI (acpi_id[0x09] high edge lint[0x1])
[    0.032618] ACPI: LAPIC_NMI (acpi_id[0x0a] high edge lint[0x1])
[    0.032619] ACPI: LAPIC_NMI (acpi_id[0x0b] high edge lint[0x1])
[    0.032619] ACPI: LAPIC_NMI (acpi_id[0x0c] high edge lint[0x1])
[    0.032620] ACPI: LAPIC_NMI (acpi_id[0x0d] high edge lint[0x1])
[    0.032620] ACPI: LAPIC_NMI (acpi_id[0x0e] high edge lint[0x1])
[    0.032621] ACPI: LAPIC_NMI (acpi_id[0x0f] high edge lint[0x1])
[    0.032621] ACPI: LAPIC_NMI (acpi_id[0x10] high edge lint[0x1])
[    0.032622] ACPI: LAPIC_NMI (acpi_id[0x11] high edge lint[0x1])
[    0.032623] ACPI: LAPIC_NMI (acpi_id[0x12] high edge lint[0x1])
[    0.032623] ACPI: LAPIC_NMI (acpi_id[0x13] high edge lint[0x1])
[    0.032624] ACPI: LAPIC_NMI (acpi_id[0x14] high edge lint[0x1])
[    0.032625] ACPI: LAPIC_NMI (acpi_id[0x15] high edge lint[0x1])
[    0.032625] ACPI: LAPIC_NMI (acpi_id[0x16] high edge lint[0x1])
[    0.032626] ACPI: LAPIC_NMI (acpi_id[0x17] high edge lint[0x1])
[    0.032626] ACPI: LAPIC_NMI (acpi_id[0x00] high edge lint[0x1])
[    0.032666] IOAPIC[0]: apic_id 2, version 32, address 0xfec00000, GSI 0-119
[    0.032669] ACPI: INT_SRC_OVR (bus 0 bus_irq 0 global_irq 2 dfl dfl)
[    0.032671] ACPI: INT_SRC_OVR (bus 0 bus_irq 9 global_irq 9 high level)
[    0.032674] ACPI: Using ACPI (MADT) for SMP configuration information
[    0.032675] ACPI: HPET id: 0x8086a201 base: 0xfed00000
[    0.032686] e820: update [mem 0x6c772000-0x6c7b2fff] usable ==> reserved
[    0.032700] TSC deadline timer available
[    0.032704] CPU topo: Max. logical packages:   1
[    0.032705] CPU topo: Max. logical dies:       1
[    0.032705] CPU topo: Max. dies per package:   1
[    0.032709] CPU topo: Max. threads per core:   1
[    0.032710] CPU topo: Num. cores per package:     4
[    0.032711] CPU topo: Num. threads per package:   4
[    0.032711] CPU topo: Allowing 4 present CPUs plus 0 hotplug CPUs
[    0.032733] PM: hibernation: Registered nosave memory: [mem 0x00000000-0x00000fff]
[    0.032735] PM: hibernation: Registered nosave memory: [mem 0x0009e000-0x0009efff]
[    0.032736] PM: hibernation: Registered nosave memory: [mem 0x000a0000-0x000fffff]
[    0.032738] PM: hibernation: Registered nosave memory: [mem 0x416ee000-0x416eefff]
[    0.032739] PM: hibernation: Registered nosave memory: [mem 0x4335a000-0x4335afff]
[    0.032741] PM: hibernation: Registered nosave memory: [mem 0x6c772000-0x6c7b2fff]
[    0.032742] PM: hibernation: Registered nosave memory: [mem 0x6d078000-0x6d078fff]
[    0.032743] PM: hibernation: Registered nosave memory: [mem 0x7025d000-0x73efefff]
[    0.032745] PM: hibernation: Registered nosave memory: [mem 0x73f00000-0xffffffff]
[    0.032746] [mem 0x80400000-0xfdffffff] available for PCI devices
[    0.032748] Booting paravirtualized kernel on bare hardware
[    0.032750] clocksource: refined-jiffies: mask: 0xffffffff max_cycles: 0xffffffff, max_idle_ns: 7645519600211568 ns
[    0.037841] setup_percpu: NR_CPUS:8192 nr_cpumask_bits:4 nr_cpu_ids:4 nr_node_ids:1
[    0.038124] percpu: Embedded 66 pages/cpu s233472 r8192 d28672 u524288
[    0.038132] pcpu-alloc: s233472 r8192 d28672 u524288 alloc=1*2097152
[    0.038134] pcpu-alloc: [0] 0 1 2 3 
[    0.038153] Kernel command line: BOOT_IMAGE=/@/boot/vmlinuz-6.12.57 root=UUID=cf1b7843-392f-413c-ab2f-fa8bfa5d90e7 ro rootflags=subvol=@ fbcon=rotate:1 video=DSI-1:panel_orientation=right_side_up log_buf_len=10M drm.debug=0x1e
[    0.038229] random: crng init done
[    0.039843] Dentry cache hash table entries: 2097152 (order: 12, 16777216 bytes, linear)
[    0.040666] Inode-cache hash table entries: 1048576 (order: 11, 8388608 bytes, linear)
[    0.040721] Fallback order for Node 0: 0 
[    0.040725] Built 1 zonelists, mobility grouping on.  Total pages: 3079674
[    0.040726] Policy zone: Normal
[    0.040735] mem auto-init: stack:all(zero), heap alloc:on, heap free:off
[    0.040746] software IO TLB: area num 4.
[    0.060724] SLUB: HWalign=64, Order=0-3, MinObjects=0, CPUs=4, Nodes=1
[    0.060762] ftrace: allocating 45728 entries in 179 pages
[    0.064012] ftrace: allocated 179 pages with 5 groups
[    0.064465] Dynamic Preempt: voluntary
[    0.064503] rcu: Preemptible hierarchical RCU implementation.
[    0.064504] rcu: 	RCU restricting CPUs from NR_CPUS=8192 to nr_cpu_ids=4.
[    0.064505] 	Trampoline variant of Tasks RCU enabled.
[    0.064506] 	Rude variant of Tasks RCU enabled.
[    0.064506] 	Tracing variant of Tasks RCU enabled.
[    0.064507] rcu: RCU calculated value of scheduler-enlistment delay is 25 jiffies.
[    0.064507] rcu: Adjusting geometry for rcu_fanout_leaf=16, nr_cpu_ids=4
[    0.064514] RCU Tasks: Setting shift to 2 and lim to 1 rcu_task_cb_adjust=1 rcu_task_cpu_ids=4.
[    0.064516] RCU Tasks Rude: Setting shift to 2 and lim to 1 rcu_task_cb_adjust=1 rcu_task_cpu_ids=4.
[    0.064517] RCU Tasks Trace: Setting shift to 2 and lim to 1 rcu_task_cb_adjust=1 rcu_task_cpu_ids=4.
[    0.068894] NR_IRQS: 524544, nr_irqs: 1024, preallocated irqs: 16
[    0.069215] rcu: srcu_init: Setting srcu_struct sizes based on contention.
[    0.069458] Console: colour dummy device 80x25
[    0.069462] printk: legacy console [tty0] enabled
[    0.069930] ACPI: Core revision 20240827
[    0.070521] hpet: HPET dysfunctional in PC10. Force disabled.
[    0.070617] APIC: Switch to symmetric I/O mode setup
[    0.070622] DMAR: Host address width 39
[    0.070625] DMAR: DRHD base: 0x000000fed90000 flags: 0x0
[    0.070636] DMAR: dmar0: reg_base_addr fed90000 ver 4:0 cap 1c0000c40660462 ecap 29a00f0505e
[    0.070642] DMAR: DRHD base: 0x000000fed91000 flags: 0x1
[    0.070650] DMAR: dmar1: reg_base_addr fed91000 ver 5:0 cap d2008c40660462 ecap f050da
[    0.070656] DMAR: RMRR base: 0x0000007c000000 end: 0x000000803fffff
[    0.070662] DMAR-IR: IOAPIC id 2 under DRHD base  0xfed91000 IOMMU 1
[    0.070666] DMAR-IR: HPET id 0 under DRHD base 0xfed91000
[    0.070669] DMAR-IR: Queued invalidation will be enabled to support x2apic and Intr-remapping.
[    0.072704] DMAR-IR: Enabled IRQ remapping in x2apic mode
[    0.072712] x2apic enabled
[    0.072783] APIC: Switched APIC routing to: cluster x2apic
[    0.077777] clocksource: tsc-early: mask: 0xffffffffffffffff max_cycles: 0xb9fb05486c, max_idle_ns: 440795231721 ns
[    0.077792] Calibrating delay loop (skipped), value calculated using timer frequency.. 1612.80 BogoMIPS (lpj=3225600)
[    0.077839] CPU0: Thermal monitoring enabled (TM1)
[    0.077844] x86/cpu: User Mode Instruction Prevention (UMIP) activated
[    0.077945] CET detected: Indirect Branch Tracking enabled
[    0.077950] Last level iTLB entries: 4KB 0, 2MB 0, 4MB 0
[    0.077953] Last level dTLB entries: 4KB 0, 2MB 0, 4MB 0, 1GB 0
[    0.077959] process: using mwait in idle threads
[    0.077964] Spectre V1 : Mitigation: usercopy/swapgs barriers and __user pointer sanitization
[    0.077969] Spectre V2 : Mitigation: Enhanced / Automatic IBRS
[    0.077974] Spectre V2 : mitigation: Enabling conditional Indirect Branch Prediction Barrier
[    0.077980] Speculative Store Bypass: Mitigation: Speculative Store Bypass disabled via prctl
[    0.077984] Register File Data Sampling: Mitigation: Clear Register File
[    0.077989] VMSCAPE: Mitigation: IBPB before exit to userspace
[    0.078001] x86/fpu: Supporting XSAVE feature 0x001: 'x87 floating point registers'
[    0.078005] x86/fpu: Supporting XSAVE feature 0x002: 'SSE registers'
[    0.078008] x86/fpu: Supporting XSAVE feature 0x004: 'AVX registers'
[    0.078012] x86/fpu: Supporting XSAVE feature 0x200: 'Protection Keys User registers'
[    0.078016] x86/fpu: Supporting XSAVE feature 0x800: 'Control-flow User registers'
[    0.078021] x86/fpu: xstate_offset[2]:  576, xstate_sizes[2]:  256
[    0.078025] x86/fpu: xstate_offset[9]:  832, xstate_sizes[9]:    8
[    0.078029] x86/fpu: xstate_offset[11]:  840, xstate_sizes[11]:   16
[    0.078033] x86/fpu: Enabled xstate features 0xa07, context size is 856 bytes, using 'compacted' format.
[    0.081787] Freeing SMP alternatives memory: 40K
[    0.081787] pid_max: default: 32768 minimum: 301
[    0.081787] LSM: initializing lsm=lockdown,capability,landlock,yama,apparmor,tomoyo,bpf,ipe,ima,evm
[    0.081787] landlock: Up and running.
[    0.081787] Yama: disabled by default; enable with sysctl kernel.yama.*
[    0.081787] AppArmor: AppArmor initialized
[    0.081787] TOMOYO Linux initialized
[    0.081787] LSM support for eBPF active
[    0.081787] Mount-cache hash table entries: 32768 (order: 6, 262144 bytes, linear)
[    0.081787] Mountpoint-cache hash table entries: 32768 (order: 6, 262144 bytes, linear)
[    0.081787] smpboot: CPU0: Intel(R) N100 (family: 0x6, model: 0xbe, stepping: 0x0)
[    0.081787] Performance Events: XSAVE Architectural LBR, PEBS fmt4+-baseline, PEBS-via-PT,  AnyThread deprecated, Gracemont events, 32-deep LBR, full-width counters, Intel PMU driver.
[    0.081787] ... version:                5
[    0.081787] ... bit width:              48
[    0.081787] ... generic registers:      6
[    0.081787] ... value mask:             0000ffffffffffff
[    0.081787] ... max period:             00007fffffffffff
[    0.081787] ... fixed-purpose events:   3
[    0.081787] ... event mask:             000000070000003f
[    0.081787] signal: max sigframe size: 3632
[    0.081787] Estimated ratio of average max frequency by base frequency (times 1024): 3712
[    0.081787] rcu: Hierarchical SRCU implementation.
[    0.081787] rcu: 	Max phase no-delay instances is 1000.
[    0.081787] Timer migration: 1 hierarchy levels; 8 children per group; 1 crossnode level
[    0.081787] NMI watchdog: Enabled. Permanently consumes one hw-PMU counter.
[    0.081787] smp: Bringing up secondary CPUs ...
[    0.081787] smpboot: x86: Booting SMP configuration:
[    0.081787] .... node  #0, CPUs:      #1 #2 #3
[    0.085863] smp: Brought up 1 node, 4 CPUs
[    0.085863] smpboot: Total of 4 processors activated (6451.20 BogoMIPS)
[    0.111580] node 0 deferred pages initialised in 24ms
[    0.111585] Memory: 11854096K/12318696K available (16384K kernel code, 2496K rwdata, 11800K rodata, 4152K init, 4936K bss, 453684K reserved, 0K cma-reserved)
[    0.111585] devtmpfs: initialized
[    0.111585] x86/mm: Memory block size: 128MB
[    0.111585] ACPI: PM: Registering ACPI NVS region [mem 0x7343f000-0x734fefff] (786432 bytes)
[    0.111585] clocksource: jiffies: mask: 0xffffffff max_cycles: 0xffffffff, max_idle_ns: 7645041785100000 ns
[    0.111585] futex hash table entries: 1024 (order: 4, 65536 bytes, linear)
[    0.113822] pinctrl core: initialized pinctrl subsystem
[    0.114616] NET: Registered PF_NETLINK/PF_ROUTE protocol family
[    0.115018] DMA: preallocated 2048 KiB GFP_KERNEL pool for atomic allocations
[    0.115285] DMA: preallocated 2048 KiB GFP_KERNEL|GFP_DMA pool for atomic allocations
[    0.115535] DMA: preallocated 2048 KiB GFP_KERNEL|GFP_DMA32 pool for atomic allocations
[    0.115559] audit: initializing netlink subsys (disabled)
[    0.115581] audit: type=2000 audit(1764634899.036:1): state=initialized audit_enabled=0 res=1
[    0.115581] thermal_sys: Registered thermal governor 'fair_share'
[    0.115581] thermal_sys: Registered thermal governor 'bang_bang'
[    0.115581] thermal_sys: Registered thermal governor 'step_wise'
[    0.115581] thermal_sys: Registered thermal governor 'user_space'
[    0.115581] thermal_sys: Registered thermal governor 'power_allocator'
[    0.115581] cpuidle: using governor ladder
[    0.115581] cpuidle: using governor menu
[    0.115581] acpiphp: ACPI Hot Plug PCI Controller Driver version: 0.5
[    0.115581] PCI: ECAM [mem 0xc0000000-0xcfffffff] (base 0xc0000000) for domain 0000 [bus 00-ff]
[    0.115581] PCI: Using configuration type 1 for base access
[    0.115581] kprobes: kprobe jump-optimization is enabled. All kprobes are optimized if possible.
[    0.115581] HugeTLB: registered 1.00 GiB page size, pre-allocated 0 pages
[    0.115581] HugeTLB: 16380 KiB vmemmap can be freed for a 1.00 GiB page
[    0.115581] HugeTLB: registered 2.00 MiB page size, pre-allocated 0 pages
[    0.115581] HugeTLB: 28 KiB vmemmap can be freed for a 2.00 MiB page
[    0.115581] ACPI: Added _OSI(Module Device)
[    0.115581] ACPI: Added _OSI(Processor Device)
[    0.115581] ACPI: Added _OSI(Processor Aggregator Device)
[    0.258190] ACPI: 14 ACPI AML tables successfully acquired and loaded
[    0.280086] ACPI: Dynamic OEM Table Load:
[    0.280105] ACPI: SSDT 0xFFFF8E98C1417400 000394 (v02 PmRef  Cpu0Cst  00003001 INTL 20200717)
[    0.281428] ACPI: Dynamic OEM Table Load:
[    0.281437] ACPI: SSDT 0xFFFF8E98C0FA2A00 0001A3 (v02 PmRef  Cpu0Ist  00003000 INTL 20200717)
[    0.282689] ACPI: Dynamic OEM Table Load:
[    0.282697] ACPI: SSDT 0xFFFF8E98C0FA2C00 0001AB (v02 PmRef  Cpu0Psd  00003000 INTL 20200717)
[    0.283953] ACPI: Dynamic OEM Table Load:
[    0.283962] ACPI: SSDT 0xFFFF8E98C0F96800 0004BA (v02 PmRef  Cpu0Hwp  00003000 INTL 20200717)
[    0.285704] ACPI: Dynamic OEM Table Load:
[    0.285719] ACPI: SSDT 0xFFFF8E98C0F9A000 001BAF (v02 PmRef  ApIst    00003000 INTL 20200717)
[    0.287769] ACPI: Dynamic OEM Table Load:
[    0.287781] ACPI: SSDT 0xFFFF8E98C0F9E000 001038 (v02 PmRef  ApHwp    00003000 INTL 20200717)
[    0.289608] ACPI: Dynamic OEM Table Load:
[    0.289619] ACPI: SSDT 0xFFFF8E98C0F98000 001349 (v02 PmRef  ApPsd    00003000 INTL 20200717)
[    0.291547] ACPI: Dynamic OEM Table Load:
[    0.291557] ACPI: SSDT 0xFFFF8E98C0180000 000FBB (v02 PmRef  ApCst    00003000 INTL 20200717)
[    0.294542] ACPI: EC: EC started
[    0.294546] ACPI: EC: interrupt blocked
[    0.303090] ACPI: EC: EC_CMD/EC_SC=0x66, EC_DATA=0x62
[    0.303095] ACPI: \_SB_.PC00.LPCB.H_EC: Boot DSDT EC used to handle transactions
[    0.303100] ACPI: Interpreter enabled
[    0.303188] ACPI: PM: (supports S0 S3 S4 S5)
[    0.303191] ACPI: Using IOAPIC for interrupt routing
[    0.303272] PCI: Using host bridge windows from ACPI; if necessary, use "pci=nocrs" and report a bug
[    0.303277] PCI: Ignoring E820 reservations for host bridge windows
[    0.304817] ACPI: Enabled 7 GPEs in block 00 to 7F
[    0.336978] ACPI: \_SB_.PC00.CNVW.WRST: New power resource
[    0.349552] ACPI: \_SB_.PC00.TBT0: New power resource
[    0.350068] ACPI: \_SB_.PC00.TBT1: New power resource
[    0.350574] ACPI: \_SB_.PC00.D3C_: New power resource
[    0.419363] ACPI: \_TZ_.FN00: New power resource
[    0.419445] ACPI: \_TZ_.FN01: New power resource
[    0.419520] ACPI: \_TZ_.FN02: New power resource
[    0.419594] ACPI: \_TZ_.FN03: New power resource
[    0.419675] ACPI: \_TZ_.FN04: New power resource
[    0.420334] ACPI: \PIN_: New power resource
[    0.421050] ACPI: PCI Root Bridge [PC00] (domain 0000 [bus 00-fe])
[    0.421062] acpi PNP0A08:00: _OSC: OS supports [ExtendedConfig ASPM ClockPM Segments MSI HPX-Type3]
[    0.422470] acpi PNP0A08:00: _OSC: platform does not support [AER]
[    0.425173] acpi PNP0A08:00: _OSC: OS now controls [PCIeHotplug SHPCHotplug PME PCIeCapability LTR]
[    0.427401] PCI host bridge to bus 0000:00
[    0.427408] pci_bus 0000:00: root bus resource [io  0x0000-0x0cf7 window]
[    0.427414] pci_bus 0000:00: root bus resource [io  0x0d00-0xffff window]
[    0.427417] pci_bus 0000:00: root bus resource [mem 0x000a0000-0x000bffff window]
[    0.427422] pci_bus 0000:00: root bus resource [mem 0x000e0000-0x000fffff window]
[    0.427425] pci_bus 0000:00: root bus resource [mem 0x80400000-0xbfffffff window]
[    0.427429] pci_bus 0000:00: root bus resource [mem 0x4000000000-0x7fffffffff window]
[    0.427433] pci_bus 0000:00: root bus resource [bus 00-fe]
[    0.427478] pci 0000:00:00.0: [8086:461c] type 00 class 0x060000 conventional PCI endpoint
[    0.427656] pci 0000:00:02.0: [8086:46d1] type 00 class 0x030000 PCIe Root Complex Integrated Endpoint
[    0.427670] pci 0000:00:02.0: BAR 0 [mem 0x6000000000-0x6000ffffff 64bit]
[    0.427680] pci 0000:00:02.0: BAR 2 [mem 0x4000000000-0x400fffffff 64bit pref]
[    0.427687] pci 0000:00:02.0: BAR 4 [io  0x5000-0x503f]
[    0.427711] pci 0000:00:02.0: DMAR: Skip IOMMU disabling for graphics
[    0.427716] pci 0000:00:02.0: Video device with shadowed ROM at [mem 0x000c0000-0x000dffff]
[    0.427754] pci 0000:00:02.0: VF BAR 0 [mem 0x00000000-0x00ffffff 64bit]
[    0.427758] pci 0000:00:02.0: VF BAR 0 [mem 0x00000000-0x06ffffff 64bit]: contains BAR 0 for 7 VFs
[    0.427767] pci 0000:00:02.0: VF BAR 2 [mem 0x00000000-0x1fffffff 64bit pref]
[    0.427770] pci 0000:00:02.0: VF BAR 2 [mem 0x00000000-0xdfffffff 64bit pref]: contains BAR 2 for 7 VFs
[    0.427969] pci 0000:00:0a.0: [8086:467d] type 00 class 0x118000 PCIe Root Complex Integrated Endpoint
[    0.427982] pci 0000:00:0a.0: BAR 0 [mem 0x6001120000-0x6001127fff 64bit]
[    0.428007] pci 0000:00:0a.0: enabling Extended Tags
[    0.428125] pci 0000:00:0d.0: [8086:464e] type 00 class 0x0c0330 conventional PCI endpoint
[    0.428143] pci 0000:00:0d.0: BAR 0 [mem 0x6001110000-0x600111ffff 64bit]
[    0.428199] pci 0000:00:0d.0: PME# supported from D3hot D3cold
[    0.431169] pci 0000:00:14.0: [8086:54ed] type 00 class 0x0c0330 conventional PCI endpoint
[    0.431207] pci 0000:00:14.0: BAR 0 [mem 0x6001100000-0x600110ffff 64bit]
[    0.431313] pci 0000:00:14.0: PME# supported from D3hot D3cold
[    0.434106] pci 0000:00:14.2: [8086:54ef] type 00 class 0x050000 conventional PCI endpoint
[    0.434134] pci 0000:00:14.2: BAR 0 [mem 0x600112c000-0x600112ffff 64bit]
[    0.434151] pci 0000:00:14.2: BAR 2 [mem 0x6001134000-0x6001134fff 64bit]
[    0.434398] pci 0000:00:15.0: [8086:54e8] type 00 class 0x0c8000 conventional PCI endpoint
[    0.434475] pci 0000:00:15.0: BAR 0 [mem 0x00000000-0x00000fff 64bit]
[    0.435053] pci 0000:00:15.3: [8086:54eb] type 00 class 0x0c8000 conventional PCI endpoint
[    0.435132] pci 0000:00:15.3: BAR 0 [mem 0x00000000-0x00000fff 64bit]
[    0.435626] pci 0000:00:16.0: [8086:54e0] type 00 class 0x078000 conventional PCI endpoint
[    0.435656] pci 0000:00:16.0: BAR 0 [mem 0x6001131000-0x6001131fff 64bit]
[    0.435757] pci 0000:00:16.0: PME# supported from D3hot
[    0.436481] pci 0000:00:1c.0: [8086:54ba] type 01 class 0x060400 PCIe Root Port
[    0.436517] pci 0000:00:1c.0: PCI bridge to [bus 01]
[    0.436524] pci 0000:00:1c.0:   bridge window [io  0x4000-0x4fff]
[    0.436530] pci 0000:00:1c.0:   bridge window [mem 0x80600000-0x806fffff]
[    0.436630] pci 0000:00:1c.0: PME# supported from D0 D3hot D3cold
[    0.436673] pci 0000:00:1c.0: PTM enabled (root), 4ns granularity
[    0.437348] pci 0000:00:1c.6: [8086:54be] type 01 class 0x060400 PCIe Root Port
[    0.437384] pci 0000:00:1c.6: PCI bridge to [bus 02]
[    0.437391] pci 0000:00:1c.6:   bridge window [io  0x3000-0x3fff]
[    0.437397] pci 0000:00:1c.6:   bridge window [mem 0x80500000-0x805fffff]
[    0.437495] pci 0000:00:1c.6: PME# supported from D0 D3hot D3cold
[    0.437538] pci 0000:00:1c.6: PTM enabled (root), 4ns granularity
[    0.438214] pci 0000:00:1d.0: [8086:54b0] type 01 class 0x060400 PCIe Root Port
[    0.438266] pci 0000:00:1d.0: PCI bridge to [bus 03]
[    0.438275] pci 0000:00:1d.0:   bridge window [mem 0x80400000-0x804fffff]
[    0.438383] pci 0000:00:1d.0: PME# supported from D0 D3hot D3cold
[    0.438430] pci 0000:00:1d.0: PTM enabled (root), 4ns granularity
[    0.439093] pci 0000:00:1f.0: [8086:5481] type 00 class 0x060100 conventional PCI endpoint
[    0.439516] pci 0000:00:1f.3: [8086:54c8] type 00 class 0x040300 conventional PCI endpoint
[    0.439563] pci 0000:00:1f.3: BAR 0 [mem 0x6001128000-0x600112bfff 64bit]
[    0.439619] pci 0000:00:1f.3: BAR 4 [mem 0x6001000000-0x60010fffff 64bit]
[    0.439729] pci 0000:00:1f.3: PME# supported from D3hot D3cold
[    0.440422] pci 0000:00:1f.4: [8086:54a3] type 00 class 0x0c0500 conventional PCI endpoint
[    0.440450] pci 0000:00:1f.4: BAR 0 [mem 0x6001130000-0x60011300ff 64bit]
[    0.440476] pci 0000:00:1f.4: BAR 4 [io  0xefa0-0xefbf]
[    0.440770] pci 0000:00:1f.5: [8086:54a4] type 00 class 0x0c8000 conventional PCI endpoint
[    0.440795] pci 0000:00:1f.5: BAR 0 [mem 0xfe010000-0xfe010fff]
[    0.441002] pci 0000:01:00.0: [10ec:8168] type 00 class 0x020000 PCIe Endpoint
[    0.441026] pci 0000:01:00.0: BAR 0 [io  0x4000-0x40ff]
[    0.441054] pci 0000:01:00.0: BAR 2 [mem 0x80604000-0x80604fff 64bit]
[    0.441073] pci 0000:01:00.0: BAR 4 [mem 0x80600000-0x80603fff 64bit]
[    0.441211] pci 0000:01:00.0: supports D1 D2
[    0.441214] pci 0000:01:00.0: PME# supported from D0 D1 D2 D3hot D3cold
[    0.441585] pci 0000:00:1c.0: PCI bridge to [bus 01]
[    0.441709] pci 0000:02:00.0: [10ec:b852] type 00 class 0x028000 PCIe Endpoint
[    0.441752] pci 0000:02:00.0: BAR 0 [io  0x3000-0x30ff]
[    0.441807] pci 0000:02:00.0: BAR 2 [mem 0x80500000-0x805fffff 64bit]
[    0.442085] pci 0000:02:00.0: PME# supported from D0 D3hot D3cold
[    0.442493] pci 0000:00:1c.6: PCI bridge to [bus 02]
[    0.442861] pci 0000:03:00.0: [1d79:2263] type 00 class 0x010802 PCIe Endpoint
[    0.442934] pci 0000:03:00.0: BAR 0 [mem 0x80400000-0x80403fff 64bit]
[    0.443715] pci 0000:00:1d.0: PCI bridge to [bus 03]
[    0.451362] ACPI: PCI: Interrupt link LNKA configured for IRQ 0
[    0.451532] ACPI: PCI: Interrupt link LNKB configured for IRQ 1
[    0.451697] ACPI: PCI: Interrupt link LNKC configured for IRQ 0
[    0.451862] ACPI: PCI: Interrupt link LNKD configured for IRQ 0
[    0.452026] ACPI: PCI: Interrupt link LNKE configured for IRQ 0
[    0.452190] ACPI: PCI: Interrupt link LNKF configured for IRQ 0
[    0.452354] ACPI: PCI: Interrupt link LNKG configured for IRQ 0
[    0.452518] ACPI: PCI: Interrupt link LNKH configured for IRQ 0
[    0.475916] ACPI: EC: interrupt unblocked
[    0.475922] ACPI: EC: event unblocked
[    0.475948] ACPI: EC: EC_CMD/EC_SC=0x66, EC_DATA=0x62
[    0.475950] ACPI: EC: GPE=0x6e
[    0.475953] ACPI: \_SB_.PC00.LPCB.H_EC: Boot DSDT EC initialization complete
[    0.475957] ACPI: \_SB_.PC00.LPCB.H_EC: EC: Used to handle transactions and events
[    0.476096] iommu: Default domain type: Translated
[    0.476096] iommu: DMA domain TLB invalidation policy: lazy mode
[    0.476096] pps_core: LinuxPPS API ver. 1 registered
[    0.476096] pps_core: Software ver. 5.3.6 - Copyright 2005-2007 Rodolfo Giometti <giometti@linux.it>
[    0.476096] PTP clock support registered
[    0.476096] EDAC MC: Ver: 3.0.0
[    0.476096] efivars: Registered efivars operations
[    0.476096] NetLabel: Initializing
[    0.476096] NetLabel:  domain hash size = 128
[    0.476096] NetLabel:  protocols = UNLABELED CIPSOv4 CALIPSO
[    0.476096] NetLabel:  unlabeled traffic allowed by default
[    0.476096] PCI: Using ACPI for IRQ routing
[    0.500376] PCI: pci_cache_line_size set to 64 bytes
[    0.500522] pci 0000:00:1f.5: BAR 0 [mem 0xfe010000-0xfe010fff]: can't claim; no compatible bridge window
[    0.500667] e820: reserve RAM buffer [mem 0x0009e000-0x0009ffff]
[    0.500670] e820: reserve RAM buffer [mem 0x416ee000-0x43ffffff]
[    0.500672] e820: reserve RAM buffer [mem 0x4335a000-0x43ffffff]
[    0.500673] e820: reserve RAM buffer [mem 0x6c772000-0x6fffffff]
[    0.500675] e820: reserve RAM buffer [mem 0x6d078000-0x6fffffff]
[    0.500676] e820: reserve RAM buffer [mem 0x7025d000-0x73ffffff]
[    0.500678] e820: reserve RAM buffer [mem 0x73f00000-0x73ffffff]
[    0.500679] e820: reserve RAM buffer [mem 0x37fc00000-0x37fffffff]
[    0.500727] pci 0000:00:02.0: vgaarb: setting as boot VGA device
[    0.500727] pci 0000:00:02.0: vgaarb: bridge control possible
[    0.500727] pci 0000:00:02.0: vgaarb: VGA device added: decodes=io+mem,owns=io+mem,locks=none
[    0.500727] vgaarb: loaded
[    0.500727] clocksource: Switched to clocksource tsc-early
[    0.500727] VFS: Disk quotas dquot_6.6.0
[    0.500727] VFS: Dquot-cache hash table entries: 512 (order 0, 4096 bytes)
[    0.500727] AppArmor: AppArmor Filesystem Enabled
[    0.500727] pnp: PnP ACPI init
[    0.500727] system 00:01: [io  0x0680-0x069f] has been reserved
[    0.500727] system 00:01: [io  0x164e-0x164f] has been reserved
[    0.500727] pnp 00:02: disabling [mem 0xc0000000-0xcfffffff] because it overlaps 0000:00:02.0 BAR 9 [mem 0x00000000-0xdfffffff 64bit pref]
[    0.500727] system 00:02: [mem 0xfedc0000-0xfedc7fff] has been reserved
[    0.500727] system 00:02: [mem 0xfeda0000-0xfeda0fff] has been reserved
[    0.500727] system 00:02: [mem 0xfeda1000-0xfeda1fff] has been reserved
[    0.500727] system 00:02: [mem 0xfed20000-0xfed7ffff] could not be reserved
[    0.500727] system 00:02: [mem 0xfed90000-0xfed93fff] could not be reserved
[    0.500727] system 00:02: [mem 0xfed45000-0xfed8ffff] could not be reserved
[    0.500727] system 00:02: [mem 0xfee00000-0xfeefffff] could not be reserved
[    0.504930] system 00:03: [io  0x2000-0x20fe] has been reserved
[    0.506203] pnp: PnP ACPI: found 5 devices
[    0.512393] clocksource: acpi_pm: mask: 0xffffff max_cycles: 0xffffff, max_idle_ns: 2085701024 ns
[    0.512469] NET: Registered PF_INET protocol family
[    0.512819] IP idents hash table entries: 262144 (order: 9, 2097152 bytes, linear)
[    0.533087] tcp_listen_portaddr_hash hash table entries: 8192 (order: 5, 131072 bytes, linear)
[    0.533138] Table-perturb hash table entries: 65536 (order: 6, 262144 bytes, linear)
[    0.533240] TCP established hash table entries: 131072 (order: 8, 1048576 bytes, linear)
[    0.533613] TCP bind hash table entries: 65536 (order: 9, 2097152 bytes, linear)
[    0.533772] TCP: Hash tables configured (established 131072 bind 65536)
[    0.533904] MPTCP token hash table entries: 16384 (order: 6, 393216 bytes, linear)
[    0.533979] UDP hash table entries: 8192 (order: 6, 262144 bytes, linear)
[    0.534052] UDP-Lite hash table entries: 8192 (order: 6, 262144 bytes, linear)
[    0.534137] NET: Registered PF_UNIX/PF_LOCAL protocol family
[    0.534148] NET: Registered PF_XDP protocol family
[    0.534161] pci_bus 0000:00: max bus depth: 1 pci_try_num: 2
[    0.534178] pci 0000:00:02.0: VF BAR 2 [mem 0x4020000000-0x40ffffffff 64bit pref]: assigned
[    0.534189] pci 0000:00:02.0: VF BAR 0 [mem 0x4010000000-0x4016ffffff 64bit]: assigned
[    0.534195] pci 0000:00:15.0: BAR 0 [mem 0x4017000000-0x4017000fff 64bit]: assigned
[    0.534255] pci 0000:00:15.3: BAR 0 [mem 0x4017001000-0x4017001fff 64bit]: assigned
[    0.534314] pci 0000:00:1f.5: BAR 0 [mem 0x80700000-0x80700fff]: assigned
[    0.534329] pci 0000:00:1c.0: PCI bridge to [bus 01]
[    0.534333] pci 0000:00:1c.0:   bridge window [io  0x4000-0x4fff]
[    0.534341] pci 0000:00:1c.0:   bridge window [mem 0x80600000-0x806fffff]
[    0.534351] pci 0000:00:1c.6: PCI bridge to [bus 02]
[    0.534355] pci 0000:00:1c.6:   bridge window [io  0x3000-0x3fff]
[    0.534362] pci 0000:00:1c.6:   bridge window [mem 0x80500000-0x805fffff]
[    0.534372] pci 0000:00:1d.0: PCI bridge to [bus 03]
[    0.534379] pci 0000:00:1d.0:   bridge window [mem 0x80400000-0x804fffff]
[    0.534390] pci_bus 0000:00: resource 4 [io  0x0000-0x0cf7 window]
[    0.534394] pci_bus 0000:00: resource 5 [io  0x0d00-0xffff window]
[    0.534397] pci_bus 0000:00: resource 6 [mem 0x000a0000-0x000bffff window]
[    0.534401] pci_bus 0000:00: resource 7 [mem 0x000e0000-0x000fffff window]
[    0.534404] pci_bus 0000:00: resource 8 [mem 0x80400000-0xbfffffff window]
[    0.534408] pci_bus 0000:00: resource 9 [mem 0x4000000000-0x7fffffffff window]
[    0.534412] pci_bus 0000:01: resource 0 [io  0x4000-0x4fff]
[    0.534415] pci_bus 0000:01: resource 1 [mem 0x80600000-0x806fffff]
[    0.534418] pci_bus 0000:02: resource 0 [io  0x3000-0x3fff]
[    0.534421] pci_bus 0000:02: resource 1 [mem 0x80500000-0x805fffff]
[    0.534425] pci_bus 0000:03: resource 1 [mem 0x80400000-0x804fffff]
[    0.535255] PCI: CLS 64 bytes, default 64
[    0.535322] DMAR: No ATSR found
[    0.535325] DMAR: No SATC found
[    0.535327] DMAR: IOMMU feature fl1gp_support inconsistent
[    0.535329] DMAR: IOMMU feature pgsel_inv inconsistent
[    0.535332] DMAR: IOMMU feature nwfs inconsistent
[    0.535334] DMAR: IOMMU feature dit inconsistent
[    0.535337] DMAR: IOMMU feature sc_support inconsistent
[    0.535339] DMAR: IOMMU feature dev_iotlb_support inconsistent
[    0.535342] DMAR: dmar0: Using Queued invalidation
[    0.535349] DMAR: dmar1: Using Queued invalidation
[    0.535379] Trying to unpack rootfs image as initramfs...
[    0.535701] pci 0000:00:02.0: Adding to iommu group 0
[    0.535751] pci 0000:00:00.0: Adding to iommu group 1
[    0.535769] pci 0000:00:0a.0: Adding to iommu group 2
[    0.535787] pci 0000:00:0d.0: Adding to iommu group 3
[    0.535809] pci 0000:00:14.0: Adding to iommu group 4
[    0.535823] pci 0000:00:14.2: Adding to iommu group 4
[    0.535843] pci 0000:00:15.0: Adding to iommu group 5
[    0.535856] pci 0000:00:15.3: Adding to iommu group 5
[    0.535874] pci 0000:00:16.0: Adding to iommu group 6
[    0.535892] pci 0000:00:1c.0: Adding to iommu group 7
[    0.535910] pci 0000:00:1c.6: Adding to iommu group 8
[    0.535929] pci 0000:00:1d.0: Adding to iommu group 9
[    0.535960] pci 0000:00:1f.0: Adding to iommu group 10
[    0.535974] pci 0000:00:1f.3: Adding to iommu group 10
[    0.535990] pci 0000:00:1f.4: Adding to iommu group 10
[    0.536004] pci 0000:00:1f.5: Adding to iommu group 10
[    0.536022] pci 0000:01:00.0: Adding to iommu group 11
[    0.536041] pci 0000:02:00.0: Adding to iommu group 12
[    0.536058] pci 0000:03:00.0: Adding to iommu group 13
[    0.537371] DMAR: Intel(R) Virtualization Technology for Directed I/O
[    0.537382] PCI-DMA: Using software bounce buffering for IO (SWIOTLB)
[    0.537385] software IO TLB: mapped [mem 0x000000005dcd8000-0x0000000061cd8000] (64MB)
[    0.537459] clocksource: tsc: mask: 0xffffffffffffffff max_cycles: 0xb9fb05486c, max_idle_ns: 440795231721 ns
[    0.537487] clocksource: Switched to clocksource tsc
[    0.537544] platform rtc_cmos: registered platform RTC device (no PNP device found)
[    0.540948] Initialise system trusted keyrings
[    0.540967] Key type blacklist registered
[    0.541029] workingset: timestamp_bits=36 max_order=22 bucket_order=0
[    0.541043] zbud: loaded
[    0.541154] fuse: init (API version 7.41)
[    0.541338] integrity: Platform Keyring initialized
[    0.541345] integrity: Machine keyring initialized
[    0.562070] Key type asymmetric registered
[    0.562079] Asymmetric key parser 'x509' registered
[    0.635097] Freeing initrd memory: 47200K
[    0.641326] Block layer SCSI generic (bsg) driver version 0.4 loaded (major 246)
[    0.641372] io scheduler mq-deadline registered
[    0.643235] ledtrig-cpu: registered to indicate activity on CPUs
[    0.643639] pcieport 0000:00:1c.0: PME: Signaling with IRQ 122
[    0.643964] pcieport 0000:00:1c.6: PME: Signaling with IRQ 123
[    0.644311] pcieport 0000:00:1d.0: PME: Signaling with IRQ 124
[    0.644461] shpchp: Standard Hot Plug PCI Controller Driver version: 0.4
[    0.646347] thermal LNXTHERM:00: registered as thermal_zone0
[    0.646353] ACPI: thermal: Thermal Zone [TZ00] (28 C)
[    0.646507] Serial: 8250/16550 driver, 4 ports, IRQ sharing enabled
[    0.647289] hpet_acpi_add: no address or irqs in _CRS
[    0.647321] Linux agpgart interface v0.103
[    0.653202] i8042: PNP: PS/2 Controller [PNP0303:PS2K] at 0x60,0x64 irq 1
[    0.653209] i8042: PNP: PS/2 appears to have AUX port disabled, if this is incorrect please boot with i8042.nopnp
[    0.654044] serio: i8042 KBD port at 0x60,0x64 irq 1
[    0.654128] mousedev: PS/2 mouse device common for all mice
[    0.654190] rtc_cmos rtc_cmos: RTC can wake from S4
[    0.655081] rtc_cmos rtc_cmos: registered as rtc0
[    0.655241] rtc_cmos rtc_cmos: setting system clock to 2025-12-02T00:21:40 UTC (1764634900)
[    0.655277] rtc_cmos rtc_cmos: alarms up to one month, y3k, 114 bytes nvram
[    0.655416] intel_pstate: Intel P-state driver initializing
[    0.655866] input: AT Translated Set 2 keyboard as /devices/platform/i8042/serio0/input/input0
[    0.655968] intel_pstate: HWP enabled
[    0.656508] efifb: probing for efifb
[    0.656528] efifb: framebuffer at 0x4000000000, using 1876k, total 1875k
[    0.656533] efifb: mode is 800x600x32, linelength=3200, pages=1
[    0.656537] efifb: scrolling: redraw
[    0.656540] efifb: Truecolor: size=8:8:8:8, shift=24:16:8:0
[    0.662430] Console: switching to colour frame buffer device 75x50
[    0.669199] fb0: EFI VGA frame buffer device
[    0.669408] NET: Registered PF_INET6 protocol family
[    0.674144] Segment Routing with IPv6
[    0.674218] In-situ OAM (IOAM) with IPv6
[    0.674301] mip6: Mobile IPv6
[    0.674347] NET: Registered PF_PACKET protocol family
[    0.674558] mpls_gso: MPLS GSO support
[    0.675124] ENERGY_PERF_BIAS: Set to 'normal', was 'performance'
[    0.675363] microcode: Current revision: 0x0000001d
[    0.675446] microcode: Updated early from: 0x0000000f
[    0.675861] resctrl: L2 allocation detected
[    0.675950] IPI shorthand broadcast: enabled
[    0.677676] sched_clock: Marking stable (668003762, 8388911)->(711957969, -35565296)
[    0.678256] registered taskstats version 1
[    0.678456] Loading compiled-in X.509 certificates
[    0.697064] Loaded X.509 cert 'Build time autogenerated kernel key: d2dd4bf04bc5201ffcfa02ea549298b155fb4038'
[    0.699339] Demotion targets for Node 0: null
[    0.699569] Key type .fscrypt registered
[    0.699638] Key type fscrypt-provisioning registered
[    0.718037] Key type encrypted registered
[    0.718108] AppArmor: AppArmor sha256 policy hashing enabled
[    0.718603] ima: Allocated hash algorithm: sha256
[    0.754656] ima: No architecture policies found
[    0.758503] evm: Initialising EVM extended attributes:
[    0.762061] evm: security.selinux
[    0.765927] evm: security.SMACK64 (disabled)
[    0.770158] evm: security.SMACK64EXEC (disabled)
[    0.774329] evm: security.SMACK64TRANSMUTE (disabled)
[    0.778388] evm: security.SMACK64MMAP (disabled)
[    0.782432] evm: security.apparmor
[    0.786348] evm: security.ima
[    0.790241] evm: security.capability
[    0.794005] evm: HMAC attrs: 0x1
[    0.813165] RAS: Correctable Errors collector initialized.
[    0.823141] clk: Disabling unused clocks
[    0.826283] PM: genpd: Disabling unused power domains
[    0.831193] Freeing unused decrypted memory: 2028K
[    0.835109] Freeing unused kernel image (initmem) memory: 4152K
[    0.840423] Write protecting the kernel read-only data: 28672k
[    0.843805] Freeing unused kernel image (rodata/data gap) memory: 488K
[    0.891200] x86/mm: Checked W+X mappings: passed, no W+X pages found.
[    0.894990] Run /init as init process
[    0.898840]   with arguments:
[    0.898842]     /init
[    0.898843]   with environment:
[    0.898844]     HOME=/
[    0.898845]     TERM=linux
[    0.923966] udevd[177]: starting version 3.2.14
[    0.928055] udevd[178]: starting eudev-3.2.14
[    0.963243] ACPI: battery: Slot [BAT0] (battery present)
[    0.982402] i801_smbus 0000:00:1f.4: enabling device (0000 -> 0003)
[    0.988702] i801_smbus 0000:00:1f.4: SPD Write Disable is set
[    0.991821] i801_smbus 0000:00:1f.4: SMBus using PCI interrupt
[    1.012422] intel-lpss 0000:00:15.0: enabling device (0004 -> 0006)
[    1.016461] idma64 idma64.0: Found Intel integrated DMA 64-bit
[    1.035785] ACPI: bus type USB registered
[    1.038962] usbcore: registered new interface driver usbfs
[    1.042120] usbcore: registered new interface driver hub
[    1.045187] usbcore: registered new device driver usb
[    1.047271] intel-lpss 0000:00:15.3: enabling device (0004 -> 0006)
[    1.052598] idma64 idma64.1: Found Intel integrated DMA 64-bit
[    1.206833] i801_smbus 0000:00:1f.4: SMBus is busy, can't use it!
[    1.210529] i801_smbus 0000:00:1f.4: SMBus is busy, can't use it!
[    1.213680] i801_smbus 0000:00:1f.4: SMBus is busy, can't use it!
[    1.216413] i801_smbus 0000:00:1f.4: SMBus is busy, can't use it!
[    1.219757] i801_smbus 0000:00:1f.4: SMBus is busy, can't use it!
[    1.223153] i801_smbus 0000:00:1f.4: SMBus is busy, can't use it!
[    1.226481] i801_smbus 0000:00:1f.4: SMBus is busy, can't use it!
[    1.240023] nvme 0000:03:00.0: platform quirk: setting simple suspend
[    1.242847] nvme nvme0: pci function 0000:03:00.0
[    1.250844] r8169 0000:01:00.0: enabling device (0000 -> 0003)
[    1.253644] nvme nvme0: missing or invalid SUBNQN field.
[    1.268502] r8169 0000:01:00.0 eth0: RTL8168h/8111h, 00:e0:4c:59:d2:6c, XID 541, IRQ 126
[    1.274103] r8169 0000:01:00.0 eth0: jumbo features [frames: 9194 bytes, tx checksumming: ko]
[    1.277812] nvme nvme0: allocated 64 MiB host memory buffer.
[    1.292319] nvme nvme0: 4/0/0 default/read/poll queues
[    1.305261]  nvme0n1: p1 p2 p5 p6 p7
[    1.311947] iTCO_vendor_support: vendor-support=0
[    1.315373] xhci_hcd 0000:00:0d.0: xHCI Host Controller
[    1.318693] xhci_hcd 0000:00:0d.0: new USB bus registered, assigned bus number 1
[    1.326206] xhci_hcd 0000:00:0d.0: hcc params 0x20007fc1 hci version 0x120 quirks 0x0000000200009810
[    1.333006] iTCO_wdt iTCO_wdt: Found a Intel PCH TCO device (Version=6, TCOBASE=0x0400)
[    1.333386] xhci_hcd 0000:00:0d.0: xHCI Host Controller
[    1.340115] iTCO_wdt iTCO_wdt: initialized. heartbeat=30 sec (nowayout=0)
[    1.343159] xhci_hcd 0000:00:0d.0: new USB bus registered, assigned bus number 2
[    1.356432] xhci_hcd 0000:00:0d.0: Host supports USB 3.2 Enhanced SuperSpeed
[    1.363067] usb usb1: New USB device found, idVendor=1d6b, idProduct=0002, bcdDevice= 6.12
[    1.369727] usb usb1: New USB device strings: Mfr=3, Product=2, SerialNumber=1
[    1.377070] usb usb1: Product: xHCI Host Controller
[    1.380647] usb usb1: Manufacturer: Linux 6.12.57 xhci-hcd
[    1.384521] usb usb1: SerialNumber: 0000:00:0d.0
[    1.389074] hub 1-0:1.0: USB hub found
[    1.392825] hub 1-0:1.0: 1 port detected
[    1.396514] usb usb2: New USB device found, idVendor=1d6b, idProduct=0003, bcdDevice= 6.12
[    1.403299] usb usb2: New USB device strings: Mfr=3, Product=2, SerialNumber=1
[    1.411138] usb usb2: Product: xHCI Host Controller
[    1.415634] usb usb2: Manufacturer: Linux 6.12.57 xhci-hcd
[    1.420133] usb usb2: SerialNumber: 0000:00:0d.0
[    1.424701] hub 2-0:1.0: USB hub found
[    1.429114] hub 2-0:1.0: 2 ports detected
[    1.435107] xhci_hcd 0000:00:14.0: xHCI Host Controller
[    1.438759] xhci_hcd 0000:00:14.0: new USB bus registered, assigned bus number 3
[    1.447146] xhci_hcd 0000:00:14.0: hcc params 0x20007fc1 hci version 0x120 quirks 0x0000100200009810
[    1.455547] xhci_hcd 0000:00:14.0: xHCI Host Controller
[    1.459453] xhci_hcd 0000:00:14.0: new USB bus registered, assigned bus number 4
[    1.467421] xhci_hcd 0000:00:14.0: Host supports USB 3.1 Enhanced SuperSpeed
[    1.477318] usb usb3: New USB device found, idVendor=1d6b, idProduct=0002, bcdDevice= 6.12
[    1.487184] usb usb3: New USB device strings: Mfr=3, Product=2, SerialNumber=1
[    1.496978] usb usb3: Product: xHCI Host Controller
[    1.501938] usb usb3: Manufacturer: Linux 6.12.57 xhci-hcd
[    1.506844] usb usb3: SerialNumber: 0000:00:14.0
[    1.512013] hub 3-0:1.0: USB hub found
[    1.516924] hub 3-0:1.0: 12 ports detected
[    1.523398] usb usb4: New USB device found, idVendor=1d6b, idProduct=0003, bcdDevice= 6.12
[    1.533137] usb usb4: New USB device strings: Mfr=3, Product=2, SerialNumber=1
[    1.542792] usb usb4: Product: xHCI Host Controller
[    1.547638] usb usb4: Manufacturer: Linux 6.12.57 xhci-hcd
[    1.552496] usb usb4: SerialNumber: 0000:00:14.0
[    1.557599] hub 4-0:1.0: USB hub found
[    1.561555] hub 4-0:1.0: 4 ports detected
[    1.668408] raid6: avx2x4   gen() 21499 MB/s
[    1.740396] raid6: avx2x2   gen() 21253 MB/s
[    1.780407] usb 3-3: new high-speed USB device number 2 using xhci_hcd
[    1.808394] raid6: avx2x1   gen() 18854 MB/s
[    1.811917] raid6: using algorithm avx2x4 gen() 21499 MB/s
[    1.880392] raid6: .... xor() 4556 MB/s, rmw enabled
[    1.883851] raid6: using avx2x2 recovery algorithm
[    1.890185] xor: automatically using best checksumming function   avx       
[    1.926568] usb 3-3: New USB device found, idVendor=32e6, idProduct=9005, bcdDevice= 0.01
[    1.935734] usb 3-3: New USB device strings: Mfr=1, Product=2, SerialNumber=0
[    1.945018] usb 3-3: Product: icspring camera
[    1.949129] usb 3-3: Manufacturer: icSpring
[    2.072479] usb 3-4: new full-speed USB device number 3 using xhci_hcd
[    2.104902] Btrfs loaded, zoned=yes, fsverity=yes
[    2.217906] usb 3-4: New USB device found, idVendor=222a, idProduct=0001, bcdDevice= 0.02
[    2.225440] usb 3-4: New USB device strings: Mfr=1, Product=2, SerialNumber=0
[    2.229280] PM: Image not found (code -22)
[    2.233152] usb 3-4: Product: ILITEK-2900
[    2.236851] usb 3-4: Manufacturer: ILITEK
[    2.258730] hid: raw HID events driver (C) Jiri Kosina
[    2.270948] usbcore: registered new interface driver usbhid
[    2.274397] usbhid: USB HID core driver
[    2.280328] input: ILITEK ILITEK-2900 Touchscreen as /devices/pci0000:00/0000:00:14.0/usb3/3-4/3-4:1.0/0003:222A:0001.0001/input/input1
[    2.288300] input: ILITEK ILITEK-2900 Stylus as /devices/pci0000:00/0000:00:14.0/usb3/3-4/3-4:1.0/0003:222A:0001.0001/input/input2
[    2.295876] hid-generic 0003:222A:0001.0001: input,hiddev0,hidraw0: USB HID v1.10 Device [ILITEK ILITEK-2900] on usb-0000:00:14.0-4/input0
[    2.356527] usb 3-8: new full-speed USB device number 4 using xhci_hcd
[    2.360326] input: ILITEK ILITEK-2900 as /devices/pci0000:00/0000:00:14.0/usb3/3-4/3-4:1.0/0003:222A:0001.0001/input/input4
[    2.370170] input: ILITEK ILITEK-2900 Stylus as /devices/pci0000:00/0000:00:14.0/usb3/3-4/3-4:1.0/0003:222A:0001.0001/input/input5
[    2.378724] hid-multitouch 0003:222A:0001.0001: input,hiddev0,hidraw0: USB HID v1.10 Device [ILITEK ILITEK-2900] on usb-0000:00:14.0-4/input0
[    2.426063] BTRFS: device label root1 devid 1 transid 131967 /dev/nvme0n1p5 (259:3) scanned by mount (248)
[    2.434900] BTRFS info (device nvme0n1p5): first mount of filesystem cf1b7843-392f-413c-ab2f-fa8bfa5d90e7
[    2.442880] BTRFS info (device nvme0n1p5): using crc32c (crc32c-intel) checksum algorithm
[    2.460993] BTRFS info (device nvme0n1p5): enabling ssd optimizations
[    2.465140] BTRFS info (device nvme0n1p5): turning on async discard
[    2.469182] BTRFS info (device nvme0n1p5): enabling free space tree
[    2.509546] usb 3-8: New USB device found, idVendor=0bda, idProduct=b85b, bcdDevice= 0.00
[    2.517639] usb 3-8: New USB device strings: Mfr=1, Product=2, SerialNumber=3
[    2.523186] Not activating Mandatory Access Control as /sbin/tomoyo-init does not exist.
[    2.526024] usb 3-8: Product: Bluetooth Radio
[    2.538892] usb 3-8: Manufacturer: Realtek
[    2.543085] usb 3-8: SerialNumber: 00e04c000001
[    2.808734] udevd[464]: starting version 3.2.14
[    2.864758] udevd[464]: GOTO 'alsa_restore_std' has no matching label in: '/usr/lib/udev/rules.d/90-alsa-restore.rules'
[    2.874027] udevd[464]: GOTO 'alsa_restore_std' has no matching label in: '/usr/lib/udev/rules.d/90-alsa-restore.rules'
[    2.889070] udevd[465]: starting eudev-3.2.14
[    2.958184] resource: resource sanity check: requesting [mem 0x00000000fedc0000-0x00000000fedcffff], which spans more than pnp 00:02 [mem 0xfedc0000-0xfedc7fff]
[    2.972165] caller igen6_probe+0x15e/0x7c0 [igen6_edac] mapping multiple BARs
[    2.981202] EDAC MC0: Giving out device to module igen6_edac controller Intel_client_SoC MC#0: DEV 0000:00:00.0 (INTERRUPT)
[    2.989923] EDAC igen6 MC0: HANDLING IBECC MEMORY ERROR
[    2.989926] EDAC igen6 MC0: ADDR 0x7fffffffe0 
[    2.990367] EDAC igen6: v2.5.1
[    2.999611] ACPI: AC: AC Adapter [ADP1] (on-line)
[    3.004599] input: Intel HID events as /devices/platform/INTC1070:00/input/input7
[    3.013156] intel-hid INTC1070:00: platform supports 5 button array
[    3.017944] input: Intel HID 5 button array as /devices/platform/INTC1070:00/input/input8
[    3.028520] input: Lid Switch as /devices/LNXSYSTM:00/LNXSYBUS:00/PNP0A08:00/device:06/PNP0C09:00/PNP0C0D:00/input/input9
[    3.038263] ACPI: button: Lid Switch [LID0]
[    3.038532] intel_pmc_core INT33A1:00:  initialized
[    3.043331] input: Power Button as /devices/LNXSYSTM:00/LNXSYBUS:00/PNP0C0C:00/input/input10
[    3.066083] ACPI: button: Power Button [PWRB]
[    3.071534] input: Sleep Button as /devices/LNXSYSTM:00/LNXSYBUS:00/PNP0C0E:00/input/input11
[    3.080489] ACPI: button: Sleep Button [SLPB]
[    3.104505] ACPI: bus type drm_connector registered
[    3.116637] mc: Linux media interface: v0.10
[    3.149077] bmc150_accel_i2c i2c-BOSC0200:00: supply vdd not found, using dummy regulator
[    3.166712] bmc150_accel_i2c i2c-BOSC0200:00: supply vddio not found, using dummy regulator
[    3.175583] mei_me 0000:00:16.0: enabling device (0000 -> 0002)
[    3.205104] videodev: Linux video capture interface: v2.00
[    3.230138] pstore: Using crash dump compression: deflate
[    3.236939] input: PC Speaker as /devices/platform/pcspkr/input/input12
[    3.267529] pstore: Registered efi_pstore as persistent store backend
[    3.374693] Bluetooth: Core ver 2.22
[    3.374840] NET: Registered PF_BLUETOOTH protocol family
[    3.374841] Bluetooth: HCI device and connection manager initialized
[    3.374866] Bluetooth: HCI socket layer initialized
[    3.374877] Bluetooth: L2CAP socket layer initialized
[    3.374898] Bluetooth: SCO socket layer initialized
[    3.410046] cfg80211: Loading compiled-in X.509 certificates for regulatory database
[    3.417489] usb 3-3: Found UVC 1.00 device icspring camera (32e6:9005)
[    3.418584] Loaded X.509 cert 'benh@debian.org: 577e021cb980e0e820821ba7b54b4961b8b4fadf'
[    3.432430] Loaded X.509 cert 'romain.perier@gmail.com: 3abbc6ec146e09d1b6016ab9d6cf71dd233f0328'
[    3.432435] RAPL PMU: API unit is 2^-32 Joules, 4 fixed counters, 655360 ms ovfl timer
[    3.435018] usbcore: registered new interface driver uvcvideo
[    3.441399] Loaded X.509 cert 'sforshee: 00b28ddf47aef9cea7'
[    3.451523] RAPL PMU: hw unit of domain pp0-core 2^-14 Joules
[    3.457177] Loaded X.509 cert 'wens: 61c038651aabdcf94bd0ac7ff06c7248db18c600'
[    3.461677] RAPL PMU: hw unit of domain package 2^-14 Joules
[    3.479383] RAPL PMU: hw unit of domain pp1-gpu 2^-14 Joules
[    3.484675] RAPL PMU: hw unit of domain psys 2^-14 Joules
[    3.494830] cryptd: max_cpu_qlen set to 1000
[    3.515345] usbcore: registered new interface driver btusb
[    3.522705] AES CTR mode by8 optimization enabled
[    3.528278] Bluetooth: hci0: RTL: examining hci_ver=0b hci_rev=000b lmp_ver=0b lmp_subver=8852
[    3.537231] Bluetooth: hci0: RTL: rom_version status=0 version=1
[    3.541208] Bluetooth: hci0: RTL: loading rtl_bt/rtl8852bu_fw.bin
[    3.565435] Bluetooth: hci0: RTL: loading rtl_bt/rtl8852bu_config.bin
[    3.571236] Bluetooth: hci0: RTL: cfg_sz 6, total sz 54947
[    3.622693] snd_hda_intel 0000:00:1f.3: enabling device (0000 -> 0002)
[    3.893327] Bluetooth: hci0: RTL: fw version 0x0474842d
[    4.097535] i915 0000:00:02.0: [drm] Found ALDERLAKE_P/ADL-N (device ID 46d1) display version 13.00 stepping D0
[    4.105486] i915 0000:00:02.0: [drm:intel_gt_common_init_early [i915]] WOPCM: 2048K
[    4.105681] i915 0000:00:02.0: [drm:intel_uc_init_early [i915]] GT0: enable_guc=3 (guc:yes submission:yes huc:yes slpc:yes)
[    4.105898] i915 0000:00:02.0: [drm:intel_pch_type [i915]] Found Alder Lake PCH
[    4.106076] i915 0000:00:02.0: [drm:intel_gt_probe_all [i915]] GT0: Setting up Primary GT
[    4.106248] i915 0000:00:02.0: [drm:intel_uncore_init_mmio [i915]] unclaimed mmio detected on uncore init, clearing
[    4.106408] i915 0000:00:02.0: [drm:intel_display_device_info_runtime_init [i915]] rawclk rate: 19200 kHz
[    4.106718] i915 0000:00:02.0: [drm:intel_engines_init_mmio [i915]] GT0: vcs2 fused off
[    4.106941] i915 0000:00:02.0: [drm:intel_engines_init_mmio [i915]] GT0: vdbox enable: 0001, instances: 0001
[    4.107149] i915 0000:00:02.0: [drm:intel_engines_init_mmio [i915]] GT0: vebox enable: 0001, instances: 0001
[    4.107581] i915 0000:00:02.0: [drm:i915_ggtt_probe_hw [i915]] GGTT size = 4096M
[    4.107766] i915 0000:00:02.0: [drm:i915_ggtt_probe_hw [i915]] GMADR size = 256M
[    4.107941] i915 0000:00:02.0: [drm:i915_ggtt_probe_hw [i915]] DSM size = 60M
[    4.108111] i915 0000:00:02.0: [drm] VT-d active for gfx access
[    4.113624] Console: switching to colour dummy device 80x25
[    4.113692] i915 0000:00:02.0: vgaarb: deactivate vga console
[    4.113826] i915 0000:00:02.0: [drm] Using Transparent Hugepages
[    4.113838] i915 0000:00:02.0: [drm:i915_gem_init_stolen [i915]] GEN6_STOLEN_RESERVED = 0x0000000080200087
[    4.114021] i915 0000:00:02.0: [drm:i915_gem_init_stolen [i915]] Memory reserved for graphics device: 61440K, usable: 59392K
[    4.114335] i915 0000:00:02.0: [drm:intel_memory_regions_hw_probe [i915]] Memory region(0): system: 11639 MiB [mem 0x00000000-0x2d7787fff], io: n/a
[    4.114477] i915 0000:00:02.0: [drm:intel_memory_regions_hw_probe [i915]] Memory region(5): stolen-system: 58 MiB [mem 0x7c800000-0x801fffff], io: n/a
[    4.114723] i915 0000:00:02.0: [drm:intel_opregion_setup [i915]] graphic opregion physical addr: 0x734a3018
[    4.114933] i915 0000:00:02.0: [drm:intel_opregion_setup [i915]] ACPI OpRegion version 2.1.0
[    4.115112] i915 0000:00:02.0: [drm:intel_opregion_setup [i915]] Public ACPI methods supported
[    4.115281] i915 0000:00:02.0: [drm:intel_opregion_setup [i915]] ASLE supported
[    4.115446] i915 0000:00:02.0: [drm:intel_opregion_setup [i915]] ASLE extension supported
[    4.115615] i915 0000:00:02.0: [drm:intel_opregion_setup [i915]] Found valid VBT in ACPI OpRegion (RVDA)
[    4.115781] i915 0000:00:02.0: [drm:intel_dram_detect [i915]] Num qgv points 4
[    4.115924] i915 0000:00:02.0: [drm:intel_dram_detect [i915]] DRAM channels: 2
[    4.116057] i915 0000:00:02.0: [drm:i915_driver_probe [i915]] Watermark level 0 adjustment needed: no
[    4.116196] i915 0000:00:02.0: [drm:icl_get_qgv_points.constprop.0 [i915]] QGV 0: DCLK=2401 tRP=24 tRDPRE=20 tRAS=52 tRCD=24 tRC=76
[    4.116425] i915 0000:00:02.0: [drm:icl_get_qgv_points.constprop.0 [i915]] QGV 1: DCLK=4001 tRP=36 tRDPRE=24 tRAS=84 tRCD=36 tRC=120
[    4.116648] i915 0000:00:02.0: [drm:icl_get_qgv_points.constprop.0 [i915]] QGV 2: DCLK=4401 tRP=40 tRDPRE=28 tRAS=96 tRCD=40 tRC=136
[    4.116852] i915 0000:00:02.0: [drm:icl_get_qgv_points.constprop.0 [i915]] QGV 3: DCLK=4801 tRP=44 tRDPRE=28 tRAS=104 tRCD=44 tRC=148
[    4.117055] i915 0000:00:02.0: [drm:icl_get_qgv_points.constprop.0 [i915]] PSF GV 0: CLK=32 
[    4.117246] i915 0000:00:02.0: [drm:icl_get_qgv_points.constprop.0 [i915]] PSF GV 1: CLK=38 
[    4.117449] i915 0000:00:02.0: [drm:icl_get_qgv_points.constprop.0 [i915]] PSF GV 2: CLK=48 
[    4.117654] i915 0000:00:02.0: [drm:tgl_get_bw_info.isra.0 [i915]] BW0 / QGV 0: num_planes=0 deratedbw=8478 peakbw: 19208
[    4.117855] i915 0000:00:02.0: [drm:tgl_get_bw_info.isra.0 [i915]] BW0 / QGV 1: num_planes=0 deratedbw=11380 peakbw: 32008
[    4.118049] i915 0000:00:02.0: [drm:tgl_get_bw_info.isra.0 [i915]] BW0 / QGV 2: num_planes=0 deratedbw=11556 peakbw: 35208
[    4.118232] i915 0000:00:02.0: [drm:tgl_get_bw_info.isra.0 [i915]] BW0 / QGV 3: num_planes=0 deratedbw=11991 peakbw: 38408
[    4.118411] i915 0000:00:02.0: [drm:tgl_get_bw_info.isra.0 [i915]] BW0 / PSF GV 0: num_planes=0 bw=34133
[    4.118589] i915 0000:00:02.0: [drm:tgl_get_bw_info.isra.0 [i915]] BW0 / PSF GV 1: num_planes=0 bw=40533
[    4.118766] i915 0000:00:02.0: [drm:tgl_get_bw_info.isra.0 [i915]] BW0 / PSF GV 2: num_planes=0 bw=51200
[    4.118941] i915 0000:00:02.0: [drm:tgl_get_bw_info.isra.0 [i915]] BW1 / QGV 0: num_planes=4 deratedbw=10928 peakbw: 19208
[    4.119117] i915 0000:00:02.0: [drm:tgl_get_bw_info.isra.0 [i915]] BW1 / QGV 1: num_planes=4 deratedbw=15758 peakbw: 32008
[    4.119292] i915 0000:00:02.0: [drm:tgl_get_bw_info.isra.0 [i915]] BW1 / QGV 2: num_planes=4 deratedbw=16388 peakbw: 35208
[    4.119467] i915 0000:00:02.0: [drm:tgl_get_bw_info.isra.0 [i915]] BW1 / QGV 3: num_planes=4 deratedbw=17250 peakbw: 38408
[    4.119645] i915 0000:00:02.0: [drm:tgl_get_bw_info.isra.0 [i915]] BW1 / PSF GV 0: num_planes=4 bw=34133
[    4.119822] i915 0000:00:02.0: [drm:tgl_get_bw_info.isra.0 [i915]] BW1 / PSF GV 1: num_planes=4 bw=40533
[    4.120022] i915 0000:00:02.0: [drm:tgl_get_bw_info.isra.0 [i915]] BW1 / PSF GV 2: num_planes=4 bw=51200
[    4.120211] i915 0000:00:02.0: [drm:tgl_get_bw_info.isra.0 [i915]] BW2 / QGV 0: num_planes=0 deratedbw=12772 peakbw: 19208
[    4.120384] i915 0000:00:02.0: [drm:tgl_get_bw_info.isra.0 [i915]] BW2 / QGV 1: num_planes=0 deratedbw=19510 peakbw: 32008
[    4.120566] i915 0000:00:02.0: [drm:tgl_get_bw_info.isra.0 [i915]] BW2 / QGV 2: num_planes=0 deratedbw=20720 peakbw: 35208
[    4.120738] i915 0000:00:02.0: [drm:tgl_get_bw_info.isra.0 [i915]] BW2 / QGV 3: num_planes=0 deratedbw=22096 peakbw: 38408
[    4.120910] i915 0000:00:02.0: [drm:tgl_get_bw_info.isra.0 [i915]] BW2 / PSF GV 0: num_planes=0 bw=34133
[    4.121044] rtw89_8852be 0000:02:00.0: loaded firmware rtw89/rtw8852b_fw-1.bin
[    4.121161] rtw89_8852be 0000:02:00.0: enabling device (0000 -> 0003)
[    4.121089] i915 0000:00:02.0: [drm:tgl_get_bw_info.isra.0 [i915]] BW2 / PSF GV 1: num_planes=0 bw=40533
[    4.121267] i915 0000:00:02.0: [drm:tgl_get_bw_info.isra.0 [i915]] BW2 / PSF GV 2: num_planes=0 bw=51200
[    4.121449] i915 0000:00:02.0: [drm:tgl_get_bw_info.isra.0 [i915]] BW3 / QGV 0: num_planes=0 deratedbw=13950 peakbw: 19208
[    4.121633] i915 0000:00:02.0: [drm:tgl_get_bw_info.isra.0 [i915]] BW3 / QGV 1: num_planes=0 deratedbw=22146 peakbw: 32008
[    4.121835] i915 0000:00:02.0: [drm:tgl_get_bw_info.isra.0 [i915]] BW3 / QGV 2: num_planes=0 deratedbw=23044 peakbw: 35208
[    4.122036] i915 0000:00:02.0: [drm:tgl_get_bw_info.isra.0 [i915]] BW3 / QGV 3: num_planes=0 deratedbw=23044 peakbw: 38408
[    4.122234] i915 0000:00:02.0: [drm:tgl_get_bw_info.isra.0 [i915]] BW3 / PSF GV 0: num_planes=0 bw=34133
[    4.122440] i915 0000:00:02.0: [drm:tgl_get_bw_info.isra.0 [i915]] BW3 / PSF GV 1: num_planes=0 bw=40533
[    4.122630] i915 0000:00:02.0: [drm:tgl_get_bw_info.isra.0 [i915]] BW3 / PSF GV 2: num_planes=0 bw=51200
[    4.122815] i915 0000:00:02.0: [drm:tgl_get_bw_info.isra.0 [i915]] BW4 / QGV 0: num_planes=0 deratedbw=14624 peakbw: 19208
[    4.122996] i915 0000:00:02.0: [drm:tgl_get_bw_info.isra.0 [i915]] BW4 / QGV 1: num_planes=0 deratedbw=23044 peakbw: 32008
[    4.123174] i915 0000:00:02.0: [drm:tgl_get_bw_info.isra.0 [i915]] BW4 / QGV 2: num_planes=0 deratedbw=23044 peakbw: 35208
[    4.123350] i915 0000:00:02.0: [drm:tgl_get_bw_info.isra.0 [i915]] BW4 / QGV 3: num_planes=0 deratedbw=23044 peakbw: 38408
[    4.123518] i915 0000:00:02.0: [drm:tgl_get_bw_info.isra.0 [i915]] BW4 / PSF GV 0: num_planes=0 bw=34133
[    4.123681] i915 0000:00:02.0: [drm:tgl_get_bw_info.isra.0 [i915]] BW4 / PSF GV 1: num_planes=0 bw=40533
[    4.123845] i915 0000:00:02.0: [drm:tgl_get_bw_info.isra.0 [i915]] BW4 / PSF GV 2: num_planes=0 bw=51200
[    4.124007] i915 0000:00:02.0: [drm:tgl_get_bw_info.isra.0 [i915]] BW5 / QGV 0: num_planes=0 deratedbw=14986 peakbw: 19208
[    4.124170] i915 0000:00:02.0: [drm:tgl_get_bw_info.isra.0 [i915]] BW5 / QGV 1: num_planes=0 deratedbw=23044 peakbw: 32008
[    4.124333] i915 0000:00:02.0: [drm:tgl_get_bw_info.isra.0 [i915]] BW5 / QGV 2: num_planes=0 deratedbw=23044 peakbw: 35208
[    4.124501] i915 0000:00:02.0: [drm:tgl_get_bw_info.isra.0 [i915]] BW5 / QGV 3: num_planes=0 deratedbw=23044 peakbw: 38408
[    4.124663] i915 0000:00:02.0: [drm:tgl_get_bw_info.isra.0 [i915]] BW5 / PSF GV 0: num_planes=0 bw=34133
[    4.124825] i915 0000:00:02.0: [drm:tgl_get_bw_info.isra.0 [i915]] BW5 / PSF GV 1: num_planes=0 bw=40533
[    4.124987] i915 0000:00:02.0: [drm:tgl_get_bw_info.isra.0 [i915]] BW5 / PSF GV 2: num_planes=0 bw=51200
[    4.125288] i915 0000:00:02.0: [drm:intel_bios_init [i915]] Set default to SSC at 120000 kHz
[    4.125521] i915 0000:00:02.0: [drm:intel_bios_init [i915]] VBT signature "$VBT ALDERLAKE-P    ", BDB version 249
[    4.125733] i915 0000:00:02.0: [drm:intel_bios_init [i915]] Found BDB block 1 (size 6, min size 7)
[    4.125938] i915 0000:00:02.0: [drm:intel_bios_init [i915]] Found BDB block 2 (size 395, min size 5)
[    4.126138] i915 0000:00:02.0: [drm:intel_bios_init [i915]] Found BDB block 9 (size 100, min size 100)
[    4.126335] i915 0000:00:02.0: [drm:intel_bios_init [i915]] Found BDB block 12 (size 19, min size 19)
[    4.126530] i915 0000:00:02.0: [drm:intel_bios_init [i915]] Found BDB block 27 (size 812, min size 848)
[    4.126721] i915 0000:00:02.0: [drm:intel_bios_init [i915]] Found BDB block 40 (size 34, min size 34)
[    4.126910] i915 0000:00:02.0: [drm:intel_bios_init [i915]] Generating LFP data table pointers
[    4.127098] i915 0000:00:02.0: [drm:intel_bios_init [i915]] Found BDB block 41 (size 148, min size 148)
[    4.127291] i915 0000:00:02.0: [drm:intel_bios_init [i915]] Found BDB block 42 (size 1366, min size 1366)
[    4.127476] i915 0000:00:02.0: [drm:intel_bios_init [i915]] Found BDB block 43 (size 305, min size 305)
[    4.127658] i915 0000:00:02.0: [drm:intel_bios_init [i915]] Found BDB block 44 (size 78, min size 136)
[    4.127839] i915 0000:00:02.0: [drm:intel_bios_init [i915]] Found BDB block 52 (size 822, min size 822)
[    4.128020] i915 0000:00:02.0: [drm:intel_bios_init [i915]] Found BDB block 53 (size 2001, min size 1)
[    4.128197] i915 0000:00:02.0: [drm:intel_bios_init [i915]] Found BDB block 56 (size 210, min size 210)
[    4.128426] rtw89_8852be 0000:02:00.0: Firmware version 0.29.29.8 (39dbf50f), cmd version 0, type 5
[    4.128436] rtw89_8852be 0000:02:00.0: Firmware version 0.29.29.8 (39dbf50f), cmd version 0, type 3
[    4.128374] i915 0000:00:02.0: [drm:intel_bios_init [i915]] Found BDB block 58 (size 674, min size 2)
[    4.128559] i915 0000:00:02.0: [drm:intel_bios_init [i915]] BDB_GENERAL_FEATURES int_tv_support 0 int_crt_support 0 lvds_use_ssc 0 lvds_ssc_freq 120000 display_clock_mode 1 fdi_rx_polarity_inverted 0
[    4.128735] i915 0000:00:02.0: [drm:intel_bios_init [i915]] crt_ddc_bus_pin: 2
[    4.128908] i915 0000:00:02.0: [drm:intel_bios_init [i915]] Found VBT child device with type 0x1400
[    4.129085] i915 0000:00:02.0: [drm:intel_bios_init [i915]] Found VBT child device with type 0x60d2
[    4.129256] i915 0000:00:02.0: [drm:intel_bios_init [i915]] Found VBT child device with type 0x68c6
[    4.129427] i915 0000:00:02.0: [drm:intel_bios_init [i915]] Skipping SDVO device mapping
[    4.129598] i915 0000:00:02.0: [drm:intel_bios_init [i915]] Port A VBT info: CRT:0 DVI:0 HDMI:0 DP:0 eDP:0 DSI:1 DP++:0 LSPCON:0 USB-Type-C:0 TBT:0 DSC:0
[    4.129769] i915 0000:00:02.0: [drm:intel_bios_init [i915]] Port A VBT HDMI level shift: 0
[    4.129938] i915 0000:00:02.0: [drm:intel_bios_init [i915]] Port B VBT info: CRT:0 DVI:1 HDMI:1 DP:0 eDP:0 DSI:0 DP++:0 LSPCON:0 USB-Type-C:0 TBT:0 DSC:0
[    4.130108] i915 0000:00:02.0: [drm:intel_bios_init [i915]] Port B VBT HDMI level shift: 0
[    4.130275] i915 0000:00:02.0: [drm:intel_bios_init [i915]] Port B VBT HDMI max TMDS clock: 594000 kHz
[    4.130443] i915 0000:00:02.0: [drm:intel_bios_init [i915]] Port E VBT info: CRT:0 DVI:0 HDMI:0 DP:1 eDP:0 DSI:0 DP++:0 LSPCON:0 USB-Type-C:1 TBT:1 DSC:0
[    4.130611] i915 0000:00:02.0: [drm:intel_bios_init [i915]] Port E VBT HDMI level shift: 0
[    4.130780] i915 0000:00:02.0: [drm:intel_power_domains_init [i915]] Allowed DC state mask 4000000a
[    4.130992] i915 0000:00:02.0: [drm:gen9_set_dc_state.part.0 [i915]] Setting DC state from 00 to 00
[    4.131220] i915 0000:00:02.0: [drm:check_phy_reg [i915]] Combo PHY A reg 001628a0 state mismatch: current 9003517c mask e0000000 expected a0000000
[    4.131434] i915 0000:00:02.0: [drm:icl_combo_phys_init [i915]] Initializing combo PHY A (Voltage/Process Info : 0.85V dot0 (low-voltage))
[    4.131667] i915 0000:00:02.0: [drm:intel_power_well_enable [i915]] enabling PW_1
[    4.131866] i915 0000:00:02.0: [drm:intel_cdclk_init_hw [i915]] Current CDCLK 179200 kHz, VCO 537600 kHz, ref 38400 kHz, bypass 19200 kHz, voltage level 0
[    4.132053] i915 0000:00:02.0: [drm:gen9_dbuf_slices_update [i915]] Updating dbuf slices to 0xf
[    4.132291] i915 0000:00:02.0: [drm:intel_power_well_enable [i915]] enabling always-on
[    4.132481] i915 0000:00:02.0: [drm:intel_power_well_enable [i915]] enabling DC_off
[    4.132655] i915 0000:00:02.0: [drm:gen9_set_dc_state.part.0 [i915]] Setting DC state from 00 to 00
[    4.132881] i915 0000:00:02.0: [drm:intel_power_well_enable [i915]] enabling PW_2
[    4.133055] i915 0000:00:02.0: vgaarb: VGA decodes changed: olddecodes=io+mem,decodes=io+mem:owns=io+mem
[    4.133066] i915 0000:00:02.0: [drm:intel_power_well_enable [i915]] enabling PW_A
[    4.133233] i915 0000:00:02.0: [drm:intel_power_well_enable [i915]] enabling PW_B
[    4.133400] i915 0000:00:02.0: [drm:intel_power_well_enable [i915]] enabling PW_C
[    4.133566] i915 0000:00:02.0: [drm:intel_power_well_enable [i915]] enabling PW_D
[    4.133765] i915 0000:00:02.0: [drm:intel_dmc_init [i915]] Loading i915/adlp_dmc.bin
[    4.134135] i915 0000:00:02.0: [drm:intel_bw_init [i915]] Forcing SAGV disable: mask 0x307
[    4.134574] i915 0000:00:02.0: [drm:intel_fbc_init [i915]] Sanitized enable_fbc value: 1
[    4.135237] i915 0000:00:02.0: [drm:skl_wm_init [i915]] SAGV supported: yes, original SAGV block time: 35 us
[    4.135441] i915 0000:00:02.0: [drm:intel_print_wm_latency [i915]] Gen9 Plane WM0 latency 3 (3.0 usec)
[    4.135634] i915 0000:00:02.0: [drm:intel_print_wm_latency [i915]] Gen9 Plane WM1 latency 54 (54.0 usec)
[    4.135814] i915 0000:00:02.0: [drm:intel_print_wm_latency [i915]] Gen9 Plane WM2 latency 83 (83.0 usec)
[    4.135990] i915 0000:00:02.0: [drm:intel_print_wm_latency [i915]] Gen9 Plane WM3 latency 102 (102.0 usec)
[    4.136164] i915 0000:00:02.0: [drm:intel_print_wm_latency [i915]] Gen9 Plane WM4 latency 147 (147.0 usec)
[    4.136336] i915 0000:00:02.0: [drm:intel_print_wm_latency [i915]] Gen9 Plane WM5 latency 147 (147.0 usec)
[    4.136664] i915 0000:00:02.0: [drm:dmc_load_work_fn [i915]] DMC 0:
[    4.136862] i915 0000:00:02.0: [drm:dmc_load_work_fn [i915]]  mmio[0]: 0x8f074 = 0x86fc0
[    4.137053] i915 0000:00:02.0: [drm:dmc_load_work_fn [i915]]  mmio[1]: 0x8f034 = 0xc003b400 (EVT_CTL)
[    4.137239] i915 0000:00:02.0: [drm:dmc_load_work_fn [i915]]  mmio[2]: 0x8f004 = 0x1240108 (EVT_HTP)
[    4.137421] i915 0000:00:02.0: [drm:dmc_load_work_fn [i915]]  mmio[3]: 0x8f038 = 0xc003b200 (EVT_CTL)
[    4.137601] i915 0000:00:02.0: [drm:dmc_load_work_fn [i915]]  mmio[4]: 0x8f008 = 0x512050d4 (EVT_HTP)
[    4.137780] i915 0000:00:02.0: [drm:dmc_load_work_fn [i915]]  mmio[5]: 0x8f03c = 0xc003b300 (EVT_CTL)
[    4.137957] i915 0000:00:02.0: [drm:dmc_load_work_fn [i915]]  mmio[6]: 0x8f00c = 0x584c57fc (EVT_HTP)
[    4.138142] i915 0000:00:02.0: [drm:dmc_load_work_fn [i915]] DMC 1:
[    4.138320] i915 0000:00:02.0: [drm:dmc_load_work_fn [i915]]  mmio[0]: 0x5f074 = 0x96fc0
[    4.138497] i915 0000:00:02.0: [drm:dmc_load_work_fn [i915]]  mmio[1]: 0x5f034 = 0xc003df00 (EVT_CTL) (disabling)
[    4.138676] i915 0000:00:02.0: [drm:dmc_load_work_fn [i915]]  mmio[2]: 0x5f004 = 0x214c2114 (EVT_HTP)
[    4.138851] i915 0000:00:02.0: [drm:dmc_load_work_fn [i915]]  mmio[3]: 0x5f038 = 0xc003e000 (EVT_CTL) (disabling)
[    4.138841] i915 0000:00:02.0: [drm:intel_display_driver_probe_nogem [i915]] 3 display pipes available.
[    4.139029] i915 0000:00:02.0: [drm:dmc_load_work_fn [i915]]  mmio[4]: 0x5f008 = 0x22402208 (EVT_HTP)
[    4.139203] i915 0000:00:02.0: [drm:dmc_load_work_fn [i915]]  mmio[5]: 0x5f03c = 0xc0032c00 (EVT_CTL) (disabling)
[    4.139376] i915 0000:00:02.0: [drm:dmc_load_work_fn [i915]]  mmio[6]: 0x5f00c = 0x241422fc (EVT_HTP)
[    4.139358] i915 0000:00:02.0: [drm:intel_cdclk_dump_config [i915]] Current CDCLK 179200 kHz, VCO 537600 kHz, ref 38400 kHz, bypass 19200 kHz, voltage level 0
[    4.139551] i915 0000:00:02.0: [drm:dmc_load_work_fn [i915]]  mmio[7]: 0x5f040 = 0xc0033100 (EVT_CTL) (disabling)
[    4.139596] i915 0000:00:02.0: [drm:intel_update_max_cdclk [i915]] Max CD clock rate: 652800 kHz
[    4.139724] i915 0000:00:02.0: [drm:dmc_load_work_fn [i915]]  mmio[8]: 0x5f010 = 0x26f826cc (EVT_HTP)
[    4.139817] i915 0000:00:02.0: [drm:intel_display_driver_probe_nogem [i915]] Max dotclock rate: 1305600 kHz
[    4.139924] i915 0000:00:02.0: [drm:dmc_load_work_fn [i915]] DMC 2:
[    4.140051] [drm] cmdline forces connector DSI-1 panel_orientation to 3
[    4.140054] [drm:__drm_connector_init [drm]] cmdline mode for connector DSI-1  0x0@60Hz
[    4.140102] i915 0000:00:02.0: [drm:dmc_load_work_fn [i915]]  mmio[0]: 0x5f474 = 0x9efc0
[    4.140112] i915 0000:00:02.0: [drm:intel_bios_init_panel [i915]] Panel type (VBT): 0
[    4.140276] i915 0000:00:02.0: [drm:dmc_load_work_fn [i915]]  mmio[1]: 0x5f434 = 0xc003df00 (EVT_CTL) (disabling)
[    4.140328] i915 0000:00:02.0: [drm:intel_bios_init_panel [i915]] Panel type (fallback): 0
[    4.140452] i915 0000:00:02.0: [drm:dmc_load_work_fn [i915]]  mmio[2]: 0x5f404 = 0xa968a930 (EVT_HTP)
[    4.140546] i915 0000:00:02.0: [drm:intel_bios_init_panel [i915]] Selected panel type (VBT): 0
[    4.140624] i915 0000:00:02.0: [drm:dmc_load_work_fn [i915]]  mmio[3]: 0x5f438 = 0xc003e000 (EVT_CTL) (disabling)
[    4.140751] i915 0000:00:02.0: [drm:intel_bios_init_panel [i915]] DRRS supported mode is seamless
[    4.140796] i915 0000:00:02.0: [drm:dmc_load_work_fn [i915]]  mmio[4]: 0x5f408 = 0xaa5caa24 (EVT_HTP)
[    4.140967] i915 0000:00:02.0: [drm:dmc_load_work_fn [i915]]  mmio[5]: 0x5f43c = 0xc0032c00 (EVT_CTL) (disabling)
[    4.140952] i915 0000:00:02.0: [drm:intel_bios_init_panel [i915]] Found panel mode in BIOS VBT generic dtd table: "800x1280": 61 67420 800 820 830 842 1280 1297 1301 1322 0x8 0x5
[    4.141139] i915 0000:00:02.0: [drm:dmc_load_work_fn [i915]]  mmio[6]: 0x5f40c = 0xac30ab18 (EVT_HTP)
[    4.141156] i915 0000:00:02.0: [drm:intel_bios_init_panel [i915]] Panel manufacturer name: MS_, product code: 1, serial number: 1, year of manufacture: 2002
[    4.141309] i915 0000:00:02.0: [drm:dmc_load_work_fn [i915]]  mmio[7]: 0x5f440 = 0xc0033100 (EVT_CTL) (disabling)
[    4.141353] i915 0000:00:02.0: [drm:intel_bios_init_panel [i915]] Panel name: LFP_PanelName
[    4.141478] i915 0000:00:02.0: [drm:dmc_load_work_fn [i915]]  mmio[8]: 0x5f410 = 0xaf14aee8 (EVT_HTP)
[    4.141547] i915 0000:00:02.0: [drm:intel_bios_init_panel [i915]] Seamless DRRS min refresh rate: 0 Hz
[    4.141652] i915 0000:00:02.0: [drm:dmc_load_work_fn [i915]] DMC 3:
[    4.141741] i915 0000:00:02.0: [drm:intel_bios_init_panel [i915]] VBT backlight PWM modulation frequency 200 Hz, active high, min brightness 20, level 255, controller 0
[    4.141823] i915 0000:00:02.0: [drm:dmc_load_work_fn [i915]]  mmio[0]: 0x5f874 = 0x53fc0
[    4.141936] i915 0000:00:02.0: [drm:intel_bios_init_panel [i915]] Found MIPI Config block, panel index = 0
[    4.141992] i915 0000:00:02.0: [drm:dmc_load_work_fn [i915]]  mmio[1]: 0x5f83c = 0xc0032c00 (EVT_CTL) (disabling)
[    4.142127] i915 0000:00:02.0: [drm:intel_bios_init_panel [i915]] Found MIPI sequence block v3
[    4.142162] i915 0000:00:02.0: [drm:dmc_load_work_fn [i915]]  mmio[2]: 0x5f80c = 0x25202408 (EVT_HTP)
[    4.142331] i915 0000:00:02.0: [drm:dmc_load_work_fn [i915]]  mmio[3]: 0x5f840 = 0xc0033100 (EVT_CTL) (disabling)
[    4.142318] i915 0000:00:02.0: [drm:icl_dsi_init [i915]] MIPI related VBT parsing complete
[    4.142500] i915 0000:00:02.0: [drm:dmc_load_work_fn [i915]]  mmio[4]: 0x5f810 = 0x280427d8 (EVT_HTP)
[    4.142523] i915 0000:00:02.0: [drm:intel_panel_add_fixed_mode [i915]] [CONNECTOR:189:DSI-1] using VBT LFP fixed mode: "800x1280": 61 67420 800 820 830 842 1280 1297 1301 1322 0x48 0x5
[    4.142670] i915 0000:00:02.0: [drm:dmc_load_work_fn [i915]] DMC 4:
[    4.142715] i915 0000:00:02.0: [drm:intel_panel_init [i915]] [CONNECTOR:189:DSI-1] DRRS type: none
[    4.142838] i915 0000:00:02.0: [drm:dmc_load_work_fn [i915]]  mmio[0]: 0x5fc74 = 0x5afc0
[    4.142910] i915 0000:00:02.0: [drm:cnp_setup_backlight [i915]] [CONNECTOR:189:DSI-1] Using native PCH PWM for backlight control (controller=0)
[    4.143007] i915 0000:00:02.0: [drm:dmc_load_work_fn [i915]]  mmio[1]: 0x5fc3c = 0xc0032c00 (EVT_CTL) (disabling)
[    4.143114] i915 0000:00:02.0: [drm:intel_backlight_setup [i915]] [CONNECTOR:189:DSI-1] backlight initialized, enabled, brightness 96000/96000
[    4.143176] i915 0000:00:02.0: [drm:dmc_load_work_fn [i915]]  mmio[2]: 0x5fc0c = 0x95209408 (EVT_HTP)
[    4.143299] i915 0000:00:02.0: [drm:intel_dsi_vbt_init [i915]] 
[    4.143344] i915 0000:00:02.0: [drm:dmc_load_work_fn [i915]]  mmio[3]: 0x5fc40 = 0xc0033100 (EVT_CTL) (disabling)
[    4.143477] i915 0000:00:02.0: [drm:intel_dsi_log_params [i915]] Pclk 67420
[    4.143512] i915 0000:00:02.0: [drm:dmc_load_work_fn [i915]]  mmio[4]: 0x5fc10 = 0x980497d8 (EVT_HTP)
[    4.143648] i915 0000:00:02.0: [drm:intel_dsi_log_params [i915]] Pixel overlap 0
[    4.143811] i915 0000:00:02.0: [drm:intel_dsi_log_params [i915]] Lane count 4
[    4.143969] i915 0000:00:02.0: [drm:intel_dsi_log_params [i915]] DPHY param reg 0xc8690082
[    4.144127] i915 0000:00:02.0: [drm:intel_dsi_log_params [i915]] Video mode format non-burst with sync events
[    4.144283] i915 0000:00:02.0: [drm:intel_dsi_log_params [i915]] Burst mode ratio 100
[    4.144441] i915 0000:00:02.0: [drm:intel_dsi_log_params [i915]] Reset timer 255
[    4.144595] i915 0000:00:02.0: [drm:intel_dsi_log_params [i915]] Eot enabled
[    4.144748] i915 0000:00:02.0: [drm:intel_dsi_log_params [i915]] Clockstop enabled
[    4.144900] i915 0000:00:02.0: [drm:intel_dsi_log_params [i915]] Mode video
[    4.145051] i915 0000:00:02.0: [drm:intel_dsi_log_params [i915]] Dual link: NONE
[    4.145202] i915 0000:00:02.0: [drm:intel_dsi_log_params [i915]] Pixel Format 0
[    4.145352] i915 0000:00:02.0: [drm:intel_dsi_log_params [i915]] TLPX 0
[    4.145503] i915 0000:00:02.0: [drm:intel_dsi_log_params [i915]] LP RX Timeout 0xffff
[    4.145653] i915 0000:00:02.0: [drm:intel_dsi_log_params [i915]] Turnaround Timeout 0x17
[    4.145804] i915 0000:00:02.0: [drm:intel_dsi_log_params [i915]] Init Count 0x7d0
[    4.145954] i915 0000:00:02.0: [drm:intel_dsi_log_params [i915]] HS to LP Count 0x0
[    4.146104] i915 0000:00:02.0: [drm:intel_dsi_log_params [i915]] LP Byte Clock 0
[    4.146253] i915 0000:00:02.0: [drm:intel_dsi_log_params [i915]] DBI BW Timer 0x0
[    4.146402] i915 0000:00:02.0: [drm:intel_dsi_log_params [i915]] LP to HS Clock Count 0x0
[    4.146550] i915 0000:00:02.0: [drm:intel_dsi_log_params [i915]] HS to LP Clock Count 0x0
[    4.146697] i915 0000:00:02.0: [drm:icl_dsi_init [i915]] BTA enabled
[    4.146836] i915 0000:00:02.0: [drm] Finished loading DMC firmware i915/adlp_dmc.bin (v2.20)
[    4.146905] i915 0000:00:02.0: [drm:intel_hdmi_init_connector [i915]] Adding HDMI connector on [ENCODER:192:DDI B/PHY B]
[    4.147067] i915 0000:00:02.0: [drm:intel_hdmi_init_connector [i915]] [ENCODER:192:DDI B/PHY B] Using DDC pin 0x2 (VBT)
[    4.147258] i915 0000:00:02.0: [drm:intel_dp_aux_ch [i915]] [ENCODER:202:DDI TC2/PHY TC2] Using AUX CH USBC2 (VBT)
[    4.147446] i915 0000:00:02.0: [drm:tc_phy_get_current_mode [i915]] Port E/TC#2: PHY mode: tbt-alt (ready: yes, owned: no, HPD: disconnected)
[    4.147669] i915 0000:00:02.0: [drm:intel_dp_init_connector [i915]] Adding DP connector on [ENCODER:202:DDI TC2/PHY TC2]
[    4.147897] i915 0000:00:02.0: [drm:intel_modeset_setup_hw_state [i915]] [CRTC:82:pipe A] hw state readout: enabled
[    4.148117] i915 0000:00:02.0: [drm:intel_modeset_setup_hw_state [i915]] [CRTC:134:pipe B] hw state readout: disabled
[    4.148313] i915 0000:00:02.0: [drm:intel_modeset_setup_hw_state [i915]] [CRTC:186:pipe C] hw state readout: disabled
[    4.148491] i915 0000:00:02.0: [drm:intel_modeset_setup_hw_state [i915]] [PLANE:32:plane 1A] hw state readout: enabled, pipe A
[    4.148655] i915 0000:00:02.0: [drm:intel_modeset_setup_hw_state [i915]] [PLANE:41:plane 2A] hw state readout: disabled, pipe A
[    4.148810] i915 0000:00:02.0: [drm:intel_modeset_setup_hw_state [i915]] [PLANE:50:plane 3A] hw state readout: disabled, pipe A
[    4.148962] i915 0000:00:02.0: [drm:intel_modeset_setup_hw_state [i915]] [PLANE:59:plane 4A] hw state readout: disabled, pipe A
[    4.149116] i915 0000:00:02.0: [drm:intel_modeset_setup_hw_state [i915]] [PLANE:68:plane 5A] hw state readout: disabled, pipe A
[    4.149267] i915 0000:00:02.0: [drm:intel_modeset_setup_hw_state [i915]] [PLANE:77:cursor A] hw state readout: disabled, pipe A
[    4.149417] i915 0000:00:02.0: [drm:intel_modeset_setup_hw_state [i915]] [PLANE:84:plane 1B] hw state readout: disabled, pipe B
[    4.149566] i915 0000:00:02.0: [drm:intel_modeset_setup_hw_state [i915]] [PLANE:93:plane 2B] hw state readout: disabled, pipe B
[    4.149717] i915 0000:00:02.0: [drm:intel_modeset_setup_hw_state [i915]] [PLANE:102:plane 3B] hw state readout: disabled, pipe B
[    4.149865] i915 0000:00:02.0: [drm:intel_modeset_setup_hw_state [i915]] [PLANE:111:plane 4B] hw state readout: disabled, pipe B
[    4.150012] i915 0000:00:02.0: [drm:intel_modeset_setup_hw_state [i915]] [PLANE:120:plane 5B] hw state readout: disabled, pipe B
[    4.150159] i915 0000:00:02.0: [drm:intel_modeset_setup_hw_state [i915]] [PLANE:129:cursor B] hw state readout: disabled, pipe B
[    4.150305] i915 0000:00:02.0: [drm:intel_modeset_setup_hw_state [i915]] [PLANE:136:plane 1C] hw state readout: disabled, pipe C
[    4.150451] i915 0000:00:02.0: [drm:intel_modeset_setup_hw_state [i915]] [PLANE:145:plane 2C] hw state readout: disabled, pipe C
[    4.150596] i915 0000:00:02.0: [drm:intel_modeset_setup_hw_state [i915]] [PLANE:154:plane 3C] hw state readout: disabled, pipe C
[    4.150740] i915 0000:00:02.0: [drm:intel_modeset_setup_hw_state [i915]] [PLANE:163:plane 4C] hw state readout: disabled, pipe C
[    4.150884] i915 0000:00:02.0: [drm:intel_modeset_setup_hw_state [i915]] [PLANE:172:plane 5C] hw state readout: disabled, pipe C
[    4.151029] i915 0000:00:02.0: [drm:intel_modeset_setup_hw_state [i915]] [PLANE:181:cursor C] hw state readout: disabled, pipe C
[    4.151173] i915 0000:00:02.0: [drm] [DEBUG] get_hw_state: Checking hardware. CFGCR0=0x01e07801
[    4.151180] i915 0000:00:02.0: [drm] [DEBUG] get_hw_state: TRANSCONF(port A)=0xc0000000 (Active=YES)
[    4.151191] i915 0000:00:02.0: [drm:intel_modeset_setup_hw_state [i915]] [ENCODER:188:DSI A] hw state readout: enabled, pipe A
[    4.151335] i915 0000:00:02.0: [drm:intel_modeset_setup_hw_state [i915]] [ENCODER:192:DDI B/PHY B] hw state readout: disabled, pipe A
[    4.151479] i915 0000:00:02.0: [drm:intel_tc_port_sanitize_mode [i915]] Port E/TC#2: sanitize mode (disconnected)
[    4.151633] i915 0000:00:02.0: [drm:intel_modeset_setup_hw_state [i915]] [ENCODER:202:DDI TC2/PHY TC2] hw state readout: disabled, pipe A
[    4.151778] i915 0000:00:02.0: [drm:intel_modeset_setup_hw_state [i915]] [ENCODER:204:DP-MST A] hw state readout: disabled, pipe A
[    4.151919] i915 0000:00:02.0: [drm:intel_modeset_setup_hw_state [i915]] [ENCODER:205:DP-MST B] hw state readout: disabled, pipe B
[    4.152059] i915 0000:00:02.0: [drm:intel_modeset_setup_hw_state [i915]] [ENCODER:206:DP-MST C] hw state readout: disabled, pipe C
[    4.152200] i915 0000:00:02.0: [drm:intel_dpll_readout_hw_state [i915]] DPLL 0 hw state readout: pipe_mask 0x0, on 0
[    4.152380] i915 0000:00:02.0: [drm:intel_reference_shared_dpll_crtc [i915]] [CRTC:82:pipe A] reserving DPLL 1
[    4.152574] i915 0000:00:02.0: [drm:intel_dpll_readout_hw_state [i915]] DPLL 1 hw state readout: pipe_mask 0x1, on 1
[    4.152757] i915 0000:00:02.0: [drm:intel_dpll_readout_hw_state [i915]] TBT PLL hw state readout: pipe_mask 0x0, on 0
[    4.152920] i915 0000:00:02.0: [drm:intel_dpll_readout_hw_state [i915]] TC PLL 1 hw state readout: pipe_mask 0x0, on 0
[    4.153080] i915 0000:00:02.0: [drm:intel_dpll_readout_hw_state [i915]] TC PLL 2 hw state readout: pipe_mask 0x0, on 0
[    4.153237] i915 0000:00:02.0: [drm:intel_dpll_readout_hw_state [i915]] TC PLL 3 hw state readout: pipe_mask 0x0, on 0
[    4.153393] i915 0000:00:02.0: [drm:intel_dpll_readout_hw_state [i915]] TC PLL 4 hw state readout: pipe_mask 0x0, on 0
[    4.153548] i915 0000:00:02.0: [drm] [DEBUG] get_hw_state: Checking hardware. CFGCR0=0x01e07801
[    4.153554] i915 0000:00:02.0: [drm] [DEBUG] get_hw_state: TRANSCONF(port A)=0xc0000000 (Active=YES)
[    4.153558] i915 0000:00:02.0: [drm:intel_modeset_setup_hw_state [i915]] [CONNECTOR:189:DSI-1] hw state readout: enabled
[    4.153717] i915 0000:00:02.0: [drm:intel_modeset_setup_hw_state [i915]] [CONNECTOR:193:HDMI-A-1] hw state readout: disabled
[    4.153869] i915 0000:00:02.0: [drm:intel_modeset_setup_hw_state [i915]] [CONNECTOR:203:DP-1] hw state readout: disabled
[    4.154020] i915 0000:00:02.0: [drm:drm_atomic_set_mode_for_crtc [drm]] Set [MODE:800x1280] for [CRTC:82:pipe A] state 00000000937c5bcb
[    4.154057] i915 0000:00:02.0: [drm:intel_modeset_setup_hw_state [i915]] [PLANE:32:plane 1A] min_cdclk 33710 kHz
[    4.154202] i915 0000:00:02.0: [drm:intel_modeset_setup_hw_state [i915]] [PLANE:41:plane 2A] min_cdclk 0 kHz
[    4.154344] i915 0000:00:02.0: [drm:intel_modeset_setup_hw_state [i915]] [PLANE:50:plane 3A] min_cdclk 0 kHz
[    4.154486] i915 0000:00:02.0: [drm:intel_modeset_setup_hw_state [i915]] [PLANE:59:plane 4A] min_cdclk 0 kHz
[    4.154626] i915 0000:00:02.0: [drm:intel_modeset_setup_hw_state [i915]] [PLANE:68:plane 5A] min_cdclk 0 kHz
[    4.154765] i915 0000:00:02.0: [drm:intel_modeset_setup_hw_state [i915]] [PLANE:77:cursor A] min_cdclk 0 kHz
[    4.154905] i915 0000:00:02.0: [drm:intel_bw_crtc_update [i915]] pipe A data rate 269680 num active planes 1
[    4.155099] i915 0000:00:02.0: [drm:intel_modeset_setup_hw_state [i915]] [PLANE:84:plane 1B] min_cdclk 0 kHz
[    4.155250] i915 0000:00:02.0: [drm:intel_modeset_setup_hw_state [i915]] [PLANE:93:plane 2B] min_cdclk 0 kHz
[    4.155393] i915 0000:00:02.0: [drm:intel_modeset_setup_hw_state [i915]] [PLANE:102:plane 3B] min_cdclk 0 kHz
[    4.155533] i915 0000:00:02.0: [drm:intel_modeset_setup_hw_state [i915]] [PLANE:111:plane 4B] min_cdclk 0 kHz
[    4.155671] i915 0000:00:02.0: [drm:intel_modeset_setup_hw_state [i915]] [PLANE:120:plane 5B] min_cdclk 0 kHz
[    4.155808] i915 0000:00:02.0: [drm:intel_modeset_setup_hw_state [i915]] [PLANE:129:cursor B] min_cdclk 0 kHz
[    4.155944] i915 0000:00:02.0: [drm:intel_bw_crtc_update [i915]] pipe B data rate 0 num active planes 0
[    4.156136] i915 0000:00:02.0: [drm:intel_modeset_setup_hw_state [i915]] [PLANE:136:plane 1C] min_cdclk 0 kHz
[    4.156283] i915 0000:00:02.0: [drm:intel_modeset_setup_hw_state [i915]] [PLANE:145:plane 2C] min_cdclk 0 kHz
[    4.156433] i915 0000:00:02.0: [drm:intel_modeset_setup_hw_state [i915]] [PLANE:154:plane 3C] min_cdclk 0 kHz
[    4.156574] i915 0000:00:02.0: [drm:intel_modeset_setup_hw_state [i915]] [PLANE:163:plane 4C] min_cdclk 0 kHz
[    4.156710] i915 0000:00:02.0: [drm:intel_modeset_setup_hw_state [i915]] [PLANE:172:plane 5C] min_cdclk 0 kHz
[    4.156845] i915 0000:00:02.0: [drm:intel_modeset_setup_hw_state [i915]] [PLANE:181:cursor C] min_cdclk 0 kHz
[    4.156980] i915 0000:00:02.0: [drm:intel_bw_crtc_update [i915]] pipe C data rate 0 num active planes 0
[    4.157172] i915 0000:00:02.0: [drm:intel_power_well_enable [i915]] enabling DDI_IO_A
[    4.157362] i915 0000:00:02.0: [drm:intel_ddi_sanitize_encoder_pll_mapping [i915]] [ENCODER:188:DSI A] is disabled/in DSI mode with an ungated DDI clock, gate it
[    4.157527] i915 0000:00:02.0: [drm] [DEBUG] gate_clocks START: CFGCR0=0x01e07801
[    4.157533] i915 0000:00:02.0: [drm] [DEBUG] gate_clocks END: CFGCR0=0x01e07c01
[    4.157543] i915 0000:00:02.0: [drm:intel_crtc_state_dump [i915]] [CRTC:82:pipe A] enable: yes [setup_hw_state]
[    4.157732] i915 0000:00:02.0: [drm:intel_crtc_state_dump [i915]] active: yes, output_types: DSI (0x200), output format: RGB, sink format: RGB
[    4.157913] i915 0000:00:02.0: [drm:intel_crtc_state_dump [i915]] cpu_transcoder: DSI A, pipe bpp: 24, dithering: 0
[    4.158091] i915 0000:00:02.0: [drm:intel_crtc_state_dump [i915]] MST master transcoder: <invalid>
[    4.158266] i915 0000:00:02.0: [drm:intel_crtc_state_dump [i915]] port sync: master transcoder: <invalid>, slave transcoder bitmask = 0x0
[    4.158440] i915 0000:00:02.0: [drm:intel_crtc_state_dump [i915]] joiner: no, pipes: 0x0
[    4.158612] i915 0000:00:02.0: [drm:intel_crtc_state_dump [i915]] splitter: disabled, link count 0, overlap 0
[    4.158782] i915 0000:00:02.0: [drm:intel_crtc_state_dump [i915]] framestart delay: 1, MSA timing delay: 0
[    4.158951] i915 0000:00:02.0: [drm:intel_crtc_state_dump [i915]] audio: 0, infoframes: 0, infoframes enabled: 0x0
[    4.159121] i915 0000:00:02.0: [drm:intel_crtc_state_dump [i915]] vrr: no, vmin: 0, vmax: 0, pipeline full: 0, guardband: 0 flipline: 0, vmin vblank: 1, vmax vblank: 0
[    4.159290] i915 0000:00:02.0: [drm:intel_crtc_state_dump [i915]] requested mode: "800x1280": 61 67420 800 820 830 842 600 1297 1301 1322 0x40 0x0
[    4.159459] i915 0000:00:02.0: [drm:intel_crtc_state_dump [i915]] adjusted mode: "800x1280": 61 67420 800 820 830 842 1280 1297 1301 1322 0x40 0x0
[    4.159628] i915 0000:00:02.0: [drm:intel_crtc_state_dump [i915]] crtc timings: clock=67420, hd=800 hb=800-842 hs=820-830 ht=842, vd=1280 vb=1280-1322 vs=1297-1301 vt=1322, flags=0x0
[    4.159796] i915 0000:00:02.0: [drm:intel_crtc_state_dump [i915]] pipe mode: "800x1280": 61 67420 800 820 830 842 1280 1297 1301 1322 0x40 0x0
[    4.159964] i915 0000:00:02.0: [drm:intel_crtc_state_dump [i915]] crtc timings: clock=67420, hd=800 hb=800-842 hs=820-830 ht=842, vd=1280 vb=1280-1322 vs=1297-1301 vt=1322, flags=0x0
[    4.160132] i915 0000:00:02.0: [drm:intel_crtc_state_dump [i915]] port clock: 80903, pipe src: 800x600+0+0, pixel rate 67420
[    4.160297] i915 0000:00:02.0: [drm:intel_crtc_state_dump [i915]] linetime: 100, ips linetime: 0
[    4.160475] i915 0000:00:02.0: [drm:intel_crtc_state_dump [i915]] num_scalers: 2, scaler_users: 0x80000000, scaler_id: 0, scaling_filter: 0
[    4.160638] i915 0000:00:02.0: [drm:intel_crtc_state_dump [i915]] pch pfit: 800x1280+0+0, enabled, force thru: no
[    4.160802] i915 0000:00:02.0: [drm:intel_crtc_state_dump [i915]] ips: 0, double wide: 0, drrs: 0
[    4.160966] i915 0000:00:02.0: [drm:intel_crtc_state_dump [i915]] dpll_hw_state: cfgcr0: 0x7199ba, cfgcr1: 0x120, div0: 0x0, mg_refclkin_ctl: 0x0, hg_clktop2_coreclkctl1: 0x0, mg_clktop2_hsclkctl: 0x0, mg_pll_div0: 0x0, mg_pll_div2: 0x0, mg_pll_lf: 0x0, mg_pll_frac_lock: 0x0, mg_pll_ssc: 0x0, mg_pll_bias: 0x0, mg_pll_tdc_coldst_bias: 0x0
[    4.161131] i915 0000:00:02.0: [drm:intel_crtc_state_dump [i915]] csc_mode: 0x20000000 gamma_mode: 0x20000000 gamma_enable: 0 csc_enable: 0
[    4.161294] i915 0000:00:02.0: [drm:intel_crtc_state_dump [i915]] pre csc lut: 0 entries, post csc lut: 0 entries
[    4.161456] i915 0000:00:02.0: [drm:intel_crtc_state_dump [i915]] output csc: pre offsets: 0x0000 0x0000 0x0000
[    4.161618] i915 0000:00:02.0: [drm:intel_crtc_state_dump [i915]] output csc: coefficients: 0x0000 0x0000 0x0000
[    4.161780] i915 0000:00:02.0: [drm:intel_crtc_state_dump [i915]] output csc: coefficients: 0x0000 0x0000 0x0000
[    4.161942] i915 0000:00:02.0: [drm:intel_crtc_state_dump [i915]] output csc: coefficients: 0x0000 0x0000 0x0000
[    4.162104] i915 0000:00:02.0: [drm:intel_crtc_state_dump [i915]] output csc: post offsets: 0x0000 0x0000 0x0000
[    4.162265] i915 0000:00:02.0: [drm:intel_crtc_state_dump [i915]] pipe csc: pre offsets: 0x0000 0x0000 0x0000
[    4.162426] i915 0000:00:02.0: [drm:intel_crtc_state_dump [i915]] pipe csc: coefficients: 0x0000 0x0000 0x0000
[    4.162587] i915 0000:00:02.0: [drm:intel_crtc_state_dump [i915]] pipe csc: coefficients: 0x0000 0x0000 0x0000
[    4.162747] i915 0000:00:02.0: [drm:intel_crtc_state_dump [i915]] pipe csc: coefficients: 0x0000 0x0000 0x0000
[    4.162907] i915 0000:00:02.0: [drm:intel_crtc_state_dump [i915]] pipe csc: post offsets: 0x0000 0x0000 0x0000
[    4.163068] i915 0000:00:02.0: [drm:intel_crtc_state_dump [i915]] [CRTC:134:pipe B] enable: no [setup_hw_state]
[    4.163228] i915 0000:00:02.0: [drm:intel_crtc_state_dump [i915]] [CRTC:186:pipe C] enable: no [setup_hw_state]
[    4.163410] i915 0000:00:02.0: [drm:skl_wm_get_hw_state_and_sanitize [i915]] [CRTC:82:pipe A] dbuf slices 0x3, ddb (0 - 2048), active pipes 0x1, mbus joined: no
[    4.163580] i915 0000:00:02.0: [drm:skl_wm_get_hw_state_and_sanitize [i915]] [CRTC:134:pipe B] dbuf slices 0x0, ddb (0 - 0), active pipes 0x1, mbus joined: no
[    4.163740] i915 0000:00:02.0: [drm:skl_wm_get_hw_state_and_sanitize [i915]] [CRTC:186:pipe C] dbuf slices 0x0, ddb (0 - 0), active pipes 0x1, mbus joined: no
[    4.163922] i915 0000:00:02.0: [drm:skl_get_initial_plane_config [i915]] pipe A/plane 1A with fb: size=800x600@32, offset=0, pitch 3200, size 0x1d4c00
[    4.164082] i915 0000:00:02.0: [drm:_i915_gem_object_stolen_init [i915]] creating preallocated stolen object: stolen_offset=0x0000000000000000, size=0x00000000001d5000
[    4.164358] i915 0000:00:02.0: [drm:initial_plane_vma [i915]] Initial plane fb bound to 0x0 in the ggtt (original 0x0)
[    4.168960] i915 0000:00:02.0: [drm:intel_wopcm_init [i915]] Calculated GuC WOPCM [592K, 1420K)
[    4.169228] i915 0000:00:02.0: [drm:i915_init_ggtt [i915]] Reserved GGTT:[1d5000, 1d7000] for use by error capture
[    4.169449] i915 0000:00:02.0: [drm:i915_init_ggtt [i915]] clearing unused GTT space: [1d7000, fee00000]
[    4.169640] i915 0000:00:02.0: [drm:i915_gem_init [i915]] No clock gating settings or workarounds applied.
[    4.169898] i915 0000:00:02.0: [drm:debug_dump_steering [i915]] MCR Steering: Default steering: group=0x0, instance=0x0
[    4.170120] i915 0000:00:02.0: [drm:wa_init_finish [i915]] GT0: Initialized 4 GT workarounds on global
[    4.170410] i915 0000:00:02.0: [drm:wa_init_finish [i915]] GT0: Initialized 11 engine workarounds on rcs'0
[    4.170606] i915 0000:00:02.0: [drm:wa_init_finish [i915]] GT0: Initialized 4 whitelist workarounds on rcs'0
[    4.170800] i915 0000:00:02.0: [drm:wa_init_finish [i915]] GT0: Initialized 5 context workarounds on rcs'0
[    4.171074] i915 0000:00:02.0: [drm:wa_init_finish [i915]] GT0: Initialized 1 engine workarounds on bcs'0
[    4.171261] i915 0000:00:02.0: [drm:wa_init_finish [i915]] GT0: Initialized 1 whitelist workarounds on bcs'0
[    4.171445] i915 0000:00:02.0: [drm:wa_init_finish [i915]] GT0: Initialized 1 context workarounds on bcs'0
[    4.171666] i915 0000:00:02.0: [drm:wa_init_finish [i915]] GT0: Initialized 1 engine workarounds on vcs'0
[    4.171849] i915 0000:00:02.0: [drm:wa_init_finish [i915]] GT0: Initialized 1 whitelist workarounds on vcs'0
[    4.172061] i915 0000:00:02.0: [drm:wa_init_finish [i915]] GT0: Initialized 1 engine workarounds on vecs'0
[    4.172242] i915 0000:00:02.0: [drm:wa_init_finish [i915]] GT0: Initialized 1 whitelist workarounds on vecs'0
