[    0.000000] Linux version 6.12.57 (pg@p8) (gcc (Debian 14.2.0-19) 14.2.0, GNU ld (GNU Binutils for Debian) 2.44) #11 SMP PREEMPT_DYNAMIC Mon Dec  1 20:55:56 CET 2025
[    0.000000] Command line: BOOT_IMAGE=/@/boot/vmlinuz-6.12.57 root=UUID=cf1b7843-392f-413c-ab2f-fa8bfa5d90e7 ro rootflags=subvol=@ fbcon=rotate:1 video=DSI-1:panel_orientation=right_side_up log_buf_len=10M drm.debug=0x1e
[    0.000000] x86/split lock detection: #AC: crashing the kernel on kernel split_locks and warning on user-space split_locks
[    0.000000] BIOS-provided physical RAM map:
[    0.000000] BIOS-e820: [mem 0x0000000000000000-0x000000000009dfff] usable
[    0.000000] BIOS-e820: [mem 0x000000000009e000-0x000000000009efff] reserved
[    0.000000] BIOS-e820: [mem 0x000000000009f000-0x000000000009ffff] usable
[    0.000000] BIOS-e820: [mem 0x00000000000a0000-0x00000000000fffff] reserved
[    0.000000] BIOS-e820: [mem 0x0000000000100000-0x00000000416edfff] usable
[    0.000000] BIOS-e820: [mem 0x00000000416ee000-0x00000000416eefff] reserved
[    0.000000] BIOS-e820: [mem 0x00000000416ef000-0x0000000043359fff] usable
[    0.000000] BIOS-e820: [mem 0x000000004335a000-0x000000004335afff] reserved
[    0.000000] BIOS-e820: [mem 0x000000004335b000-0x000000007025cfff] usable
[    0.000000] BIOS-e820: [mem 0x000000007025d000-0x000000007335cfff] reserved
[    0.000000] BIOS-e820: [mem 0x000000007335d000-0x000000007343efff] ACPI data
[    0.000000] BIOS-e820: [mem 0x000000007343f000-0x00000000734fefff] ACPI NVS
[    0.000000] BIOS-e820: [mem 0x00000000734ff000-0x0000000073efefff] reserved
[    0.000000] BIOS-e820: [mem 0x0000000073eff000-0x0000000073efffff] usable
[    0.000000] BIOS-e820: [mem 0x0000000073f00000-0x0000000079ffffff] reserved
[    0.000000] BIOS-e820: [mem 0x000000007aa00000-0x000000007abfffff] reserved
[    0.000000] BIOS-e820: [mem 0x000000007b000000-0x00000000803fffff] reserved
[    0.000000] BIOS-e820: [mem 0x00000000c0000000-0x00000000cfffffff] reserved
[    0.000000] BIOS-e820: [mem 0x00000000fe000000-0x00000000fe010fff] reserved
[    0.000000] BIOS-e820: [mem 0x00000000fec00000-0x00000000fec00fff] reserved
[    0.000000] BIOS-e820: [mem 0x00000000fed00000-0x00000000fed00fff] reserved
[    0.000000] BIOS-e820: [mem 0x00000000fed20000-0x00000000fed7ffff] reserved
[    0.000000] BIOS-e820: [mem 0x00000000fee00000-0x00000000fee00fff] reserved
[    0.000000] BIOS-e820: [mem 0x00000000ff000000-0x00000000ffffffff] reserved
[    0.000000] BIOS-e820: [mem 0x0000000100000000-0x000000037fbfffff] usable
[    0.000000] NX (Execute Disable) protection: active
[    0.000000] APIC: Static calls initialized
[    0.000000] efi: EFI v2.8 by American Megatrends
[    0.000000] efi: ACPI=0x734db000 ACPI 2.0=0x734db014 TPMFinalLog=0x734aa000 SMBIOS=0x73c99000 SMBIOS 3.0=0x73c98000 MEMATTR=0x6c8b8018 ESRT=0x6d078418 INITRD=0x6a551b18 TPMEventLog=0x7338a018 
[    0.000000] efi: Remove mem93: MMIO range=[0xc0000000-0xcfffffff] (256MB) from e820 map
[    0.000000] e820: remove [mem 0xc0000000-0xcfffffff] reserved
[    0.000000] efi: Not removing mem94: MMIO range=[0xfe000000-0xfe010fff] (68KB) from e820 map
[    0.000000] efi: Not removing mem95: MMIO range=[0xfec00000-0xfec00fff] (4KB) from e820 map
[    0.000000] efi: Not removing mem96: MMIO range=[0xfed00000-0xfed00fff] (4KB) from e820 map
[    0.000000] efi: Not removing mem98: MMIO range=[0xfee00000-0xfee00fff] (4KB) from e820 map
[    0.000000] efi: Remove mem99: MMIO range=[0xff000000-0xffffffff] (16MB) from e820 map
[    0.000000] e820: remove [mem 0xff000000-0xffffffff] reserved
[    0.000000] secureboot: Secure boot disabled
[    0.000000] SMBIOS 3.5.0 present.
[    0.000000] DMI: Default string Default string/Default string, BIOS 5.25 07/14/2023
[    0.000000] DMI: Memory slots populated: 4/8
[    0.000000] tsc: Detected 800.000 MHz processor
[    0.000000] tsc: Detected 806.400 MHz TSC
[    0.000220] e820: update [mem 0x00000000-0x00000fff] usable ==> reserved
[    0.000222] e820: remove [mem 0x000a0000-0x000fffff] usable
[    0.000233] last_pfn = 0x37fc00 max_arch_pfn = 0x400000000
[    0.000237] MTRR map: 5 entries (3 fixed + 2 variable; max 23), built from 10 variable MTRRs
[    0.000239] x86/PAT: Configuration [0-7]: WB  WC  UC- UC  WB  WP  UC- WT  
[    0.000351] last_pfn = 0x73f00 max_arch_pfn = 0x400000000
[    0.013036] esrt: Reserving ESRT space from 0x000000006d078418 to 0x000000006d0784f0.
[    0.013043] e820: update [mem 0x6d078000-0x6d078fff] usable ==> reserved
[    0.013063] Using GB pages for direct mapping
[    0.027662] printk: log_buf_len: 16777216 bytes
[    0.027663] printk: early log buf free: 126856(96%)
[    0.027665] RAMDISK: [mem 0x63985000-0x6679cfff]
[    0.028008] ACPI: Early table checksum verification disabled
[    0.028012] ACPI: RSDP 0x00000000734DB014 000024 (v02 ALASKA)
[    0.028017] ACPI: XSDT 0x00000000734DA728 00010C (v01 ALASKA A M I    01072009 AMI  01000013)
[    0.028022] ACPI: FACP 0x000000007343C000 000114 (v06 ALASKA A M I    01072009 AMI  01000013)
[    0.028027] ACPI: DSDT 0x00000000733C8000 073A41 (v02 ALASKA A M I    01072009 INTL 20200717)
[    0.028029] ACPI: FACS 0x00000000734FE000 000040
[    0.028031] ACPI: FIDT 0x00000000733C7000 00009C (v01 ALASKA A M I    01072009 AMI  00010013)
[    0.028033] ACPI: SSDT 0x000000007343E000 00038C (v02 PmaxDv Pmax_Dev 00000001 INTL 20200717)
[    0.028036] ACPI: SSDT 0x00000000733C1000 005D0B (v02 CpuRef CpuSsdt  00003000 INTL 20200717)
[    0.028038] ACPI: SSDT 0x00000000733BE000 002AA1 (v02 SaSsdt SaSsdt   00003000 INTL 20200717)
[    0.028040] ACPI: SSDT 0x00000000733BA000 0033D3 (v02 INTEL  IgfxSsdt 00003000 INTL 20200717)
[    0.028042] ACPI: SSDT 0x00000000733AC000 00D39F (v02 INTEL  TcssSsdt 00001000 INTL 20200717)
[    0.028044] ACPI: HPET 0x000000007343D000 000038 (v01 ALASKA A M I    01072009 AMI  01000013)
[    0.028046] ACPI: APIC 0x00000000733AB000 0001DC (v05 ALASKA A M I    01072009 AMI  01000013)
[    0.028048] ACPI: MCFG 0x00000000733AA000 00003C (v01 ALASKA A M I    01072009 AMI  01000013)
[    0.028050] ACPI: SSDT 0x00000000733A8000 001F47 (v02 ALASKA Ther_Rvp 00001000 INTL 20200717)
[    0.028052] ACPI: UEFI 0x0000000073491000 000048 (v01 ALASKA A M I    01072009 AMI  01000013)
[    0.028054] ACPI: NHLT 0x00000000733A6000 0018B6 (v00 ALASKA A M I    01072009 AMI  01000013)
[    0.028056] ACPI: LPIT 0x00000000733A5000 0000CC (v01 ALASKA A M I    01072009 AMI  01000013)
[    0.028058] ACPI: SSDT 0x00000000733A1000 002A83 (v02 ALASKA PtidDevc 00001000 INTL 20200717)
[    0.028060] ACPI: SSDT 0x000000007339E000 002357 (v02 ALASKA TbtTypeC 00000000 INTL 20200717)
[    0.028062] ACPI: DBGP 0x000000007339D000 000034 (v01 ALASKA A M I    01072009 AMI  01000013)
[    0.028064] ACPI: DBG2 0x000000007339C000 000054 (v00 ALASKA A M I    01072009 AMI  01000013)
[    0.028066] ACPI: SSDT 0x000000007339A000 0014CC (v02 ALASKA UsbCTabl 00001000 INTL 20200717)
[    0.028068] ACPI: DMAR 0x0000000073399000 000088 (v02 INTEL  EDK2     00000002      01000013)
[    0.028070] ACPI: SSDT 0x0000000073398000 0005BB (v02 INTEL  xh_adl_N 00000000 INTL 20200717)
[    0.028072] ACPI: SSDT 0x0000000073394000 003AEA (v02 SocGpe SocGpe   00003000 INTL 20200717)
[    0.028074] ACPI: SSDT 0x0000000073390000 0039DA (v02 SocCmn SocCmn   00003000 INTL 20200717)
[    0.028076] ACPI: SSDT 0x000000007338F000 000144 (v02 Intel  ADebTabl 00001000 INTL 20200717)
[    0.028078] ACPI: TPM2 0x000000007338D000 00004C (v04 ALASKA A M I    00000001 AMI  00000000)
[    0.028080] ACPI: BGRT 0x000000007338E000 000038 (v01 ALASKA A M I    01072009 AMI  00010013)
[    0.028082] ACPI: PHAT 0x000000007338C000 0005F1 (v01 ALASKA A M I    00000005 MSFT 0100000D)
[    0.028084] ACPI: WSMT 0x00000000733A4000 000028 (v01 ALASKA A M I    01072009 AMI  00010013)
[    0.028086] ACPI: FPDT 0x000000007338B000 000044 (v01 ALASKA A M I    01072009 AMI  01000013)
[    0.028088] ACPI: Reserving FACP table memory at [mem 0x7343c000-0x7343c113]
[    0.028090] ACPI: Reserving DSDT table memory at [mem 0x733c8000-0x7343ba40]
[    0.028091] ACPI: Reserving FACS table memory at [mem 0x734fe000-0x734fe03f]
[    0.028091] ACPI: Reserving FIDT table memory at [mem 0x733c7000-0x733c709b]
[    0.028092] ACPI: Reserving SSDT table memory at [mem 0x7343e000-0x7343e38b]
[    0.028092] ACPI: Reserving SSDT table memory at [mem 0x733c1000-0x733c6d0a]
[    0.028093] ACPI: Reserving SSDT table memory at [mem 0x733be000-0x733c0aa0]
[    0.028094] ACPI: Reserving SSDT table memory at [mem 0x733ba000-0x733bd3d2]
[    0.028094] ACPI: Reserving SSDT table memory at [mem 0x733ac000-0x733b939e]
[    0.028095] ACPI: Reserving HPET table memory at [mem 0x7343d000-0x7343d037]
[    0.028096] ACPI: Reserving APIC table memory at [mem 0x733ab000-0x733ab1db]
[    0.028096] ACPI: Reserving MCFG table memory at [mem 0x733aa000-0x733aa03b]
[    0.028097] ACPI: Reserving SSDT table memory at [mem 0x733a8000-0x733a9f46]
[    0.028097] ACPI: Reserving UEFI table memory at [mem 0x73491000-0x73491047]
[    0.028098] ACPI: Reserving NHLT table memory at [mem 0x733a6000-0x733a78b5]
[    0.028099] ACPI: Reserving LPIT table memory at [mem 0x733a5000-0x733a50cb]
[    0.028099] ACPI: Reserving SSDT table memory at [mem 0x733a1000-0x733a3a82]
[    0.028100] ACPI: Reserving SSDT table memory at [mem 0x7339e000-0x733a0356]
[    0.028100] ACPI: Reserving DBGP table memory at [mem 0x7339d000-0x7339d033]
[    0.028101] ACPI: Reserving DBG2 table memory at [mem 0x7339c000-0x7339c053]
[    0.028101] ACPI: Reserving SSDT table memory at [mem 0x7339a000-0x7339b4cb]
[    0.028102] ACPI: Reserving DMAR table memory at [mem 0x73399000-0x73399087]
[    0.028103] ACPI: Reserving SSDT table memory at [mem 0x73398000-0x733985ba]
[    0.028103] ACPI: Reserving SSDT table memory at [mem 0x73394000-0x73397ae9]
[    0.028104] ACPI: Reserving SSDT table memory at [mem 0x73390000-0x733939d9]
[    0.028105] ACPI: Reserving SSDT table memory at [mem 0x7338f000-0x7338f143]
[    0.028105] ACPI: Reserving TPM2 table memory at [mem 0x7338d000-0x7338d04b]
[    0.028106] ACPI: Reserving BGRT table memory at [mem 0x7338e000-0x7338e037]
[    0.028106] ACPI: Reserving PHAT table memory at [mem 0x7338c000-0x7338c5f0]
[    0.028107] ACPI: Reserving WSMT table memory at [mem 0x733a4000-0x733a4027]
[    0.028108] ACPI: Reserving FPDT table memory at [mem 0x7338b000-0x7338b043]
[    0.028312] No NUMA configuration found
[    0.028313] Faking a node at [mem 0x0000000000000000-0x000000037fbfffff]
[    0.028323] NODE_DATA(0) allocated [mem 0x37b3d4680-0x37b3fefff]
[    0.028522] Zone ranges:
[    0.028523]   DMA      [mem 0x0000000000001000-0x0000000000ffffff]
[    0.028525]   DMA32    [mem 0x0000000001000000-0x00000000ffffffff]
[    0.028526]   Normal   [mem 0x0000000100000000-0x000000037fbfffff]
[    0.028527]   Device   empty
[    0.028528] Movable zone start for each node
[    0.028530] Early memory node ranges
[    0.028531]   node   0: [mem 0x0000000000001000-0x000000000009dfff]
[    0.028532]   node   0: [mem 0x000000000009f000-0x000000000009ffff]
[    0.028532]   node   0: [mem 0x0000000000100000-0x00000000416edfff]
[    0.028533]   node   0: [mem 0x00000000416ef000-0x0000000043359fff]
[    0.028534]   node   0: [mem 0x000000004335b000-0x000000007025cfff]
[    0.028535]   node   0: [mem 0x0000000073eff000-0x0000000073efffff]
[    0.028536]   node   0: [mem 0x0000000100000000-0x000000037fbfffff]
[    0.028548] Initmem setup node 0 [mem 0x0000000000001000-0x000000037fbfffff]
[    0.028555] On node 0, zone DMA: 1 pages in unavailable ranges
[    0.028557] On node 0, zone DMA: 1 pages in unavailable ranges
[    0.028584] On node 0, zone DMA: 96 pages in unavailable ranges
[    0.030186] On node 0, zone DMA32: 1 pages in unavailable ranges
[    0.031303] On node 0, zone DMA32: 1 pages in unavailable ranges
[    0.031430] On node 0, zone DMA32: 15522 pages in unavailable ranges
[    0.031790] On node 0, zone Normal: 16640 pages in unavailable ranges
[    0.031801] On node 0, zone Normal: 1024 pages in unavailable ranges
[    0.031822] Reserving Intel graphics memory at [mem 0x7c800000-0x803fffff]
[    0.032349] ACPI: PM-Timer IO Port: 0x1808
[    0.032359] ACPI: LAPIC_NMI (acpi_id[0x01] high edge lint[0x1])
[    0.032361] ACPI: LAPIC_NMI (acpi_id[0x02] high edge lint[0x1])
[    0.032361] ACPI: LAPIC_NMI (acpi_id[0x03] high edge lint[0x1])
[    0.032362] ACPI: LAPIC_NMI (acpi_id[0x04] high edge lint[0x1])
[    0.032363] ACPI: LAPIC_NMI (acpi_id[0x05] high edge lint[0x1])
[    0.032363] ACPI: LAPIC_NMI (acpi_id[0x06] high edge lint[0x1])
[    0.032364] ACPI: LAPIC_NMI (acpi_id[0x07] high edge lint[0x1])
[    0.032364] ACPI: LAPIC_NMI (acpi_id[0x08] high edge lint[0x1])
[    0.032365] ACPI: LAPIC_NMI (acpi_id[0x09] high edge lint[0x1])
[    0.032366] ACPI: LAPIC_NMI (acpi_id[0x0a] high edge lint[0x1])
[    0.032366] ACPI: LAPIC_NMI (acpi_id[0x0b] high edge lint[0x1])
[    0.032367] ACPI: LAPIC_NMI (acpi_id[0x0c] high edge lint[0x1])
[    0.032367] ACPI: LAPIC_NMI (acpi_id[0x0d] high edge lint[0x1])
[    0.032368] ACPI: LAPIC_NMI (acpi_id[0x0e] high edge lint[0x1])
[    0.032368] ACPI: LAPIC_NMI (acpi_id[0x0f] high edge lint[0x1])
[    0.032369] ACPI: LAPIC_NMI (acpi_id[0x10] high edge lint[0x1])
[    0.032370] ACPI: LAPIC_NMI (acpi_id[0x11] high edge lint[0x1])
[    0.032370] ACPI: LAPIC_NMI (acpi_id[0x12] high edge lint[0x1])
[    0.032371] ACPI: LAPIC_NMI (acpi_id[0x13] high edge lint[0x1])
[    0.032371] ACPI: LAPIC_NMI (acpi_id[0x14] high edge lint[0x1])
[    0.032372] ACPI: LAPIC_NMI (acpi_id[0x15] high edge lint[0x1])
[    0.032373] ACPI: LAPIC_NMI (acpi_id[0x16] high edge lint[0x1])
[    0.032373] ACPI: LAPIC_NMI (acpi_id[0x17] high edge lint[0x1])
[    0.032374] ACPI: LAPIC_NMI (acpi_id[0x00] high edge lint[0x1])
[    0.032413] IOAPIC[0]: apic_id 2, version 32, address 0xfec00000, GSI 0-119
[    0.032416] ACPI: INT_SRC_OVR (bus 0 bus_irq 0 global_irq 2 dfl dfl)
[    0.032418] ACPI: INT_SRC_OVR (bus 0 bus_irq 9 global_irq 9 high level)
[    0.032421] ACPI: Using ACPI (MADT) for SMP configuration information
[    0.032422] ACPI: HPET id: 0x8086a201 base: 0xfed00000
[    0.032432] e820: update [mem 0x6a4f4000-0x6a534fff] usable ==> reserved
[    0.032446] TSC deadline timer available
[    0.032450] CPU topo: Max. logical packages:   1
[    0.032451] CPU topo: Max. logical dies:       1
[    0.032451] CPU topo: Max. dies per package:   1
[    0.032455] CPU topo: Max. threads per core:   1
[    0.032456] CPU topo: Num. cores per package:     4
[    0.032456] CPU topo: Num. threads per package:   4
[    0.032457] CPU topo: Allowing 4 present CPUs plus 0 hotplug CPUs
[    0.032480] PM: hibernation: Registered nosave memory: [mem 0x00000000-0x00000fff]
[    0.032481] PM: hibernation: Registered nosave memory: [mem 0x0009e000-0x0009efff]
[    0.032483] PM: hibernation: Registered nosave memory: [mem 0x000a0000-0x000fffff]
[    0.032484] PM: hibernation: Registered nosave memory: [mem 0x416ee000-0x416eefff]
[    0.032486] PM: hibernation: Registered nosave memory: [mem 0x4335a000-0x4335afff]
[    0.032487] PM: hibernation: Registered nosave memory: [mem 0x6a4f4000-0x6a534fff]
[    0.032489] PM: hibernation: Registered nosave memory: [mem 0x6d078000-0x6d078fff]
[    0.032490] PM: hibernation: Registered nosave memory: [mem 0x7025d000-0x73efefff]
[    0.032491] PM: hibernation: Registered nosave memory: [mem 0x73f00000-0xffffffff]
[    0.032493] [mem 0x80400000-0xfdffffff] available for PCI devices
[    0.032494] Booting paravirtualized kernel on bare hardware
[    0.032497] clocksource: refined-jiffies: mask: 0xffffffff max_cycles: 0xffffffff, max_idle_ns: 7645519600211568 ns
[    0.037595] setup_percpu: NR_CPUS:8192 nr_cpumask_bits:4 nr_cpu_ids:4 nr_node_ids:1
[    0.037879] percpu: Embedded 66 pages/cpu s233472 r8192 d28672 u524288
[    0.037888] pcpu-alloc: s233472 r8192 d28672 u524288 alloc=1*2097152
[    0.037890] pcpu-alloc: [0] 0 1 2 3 
[    0.037908] Kernel command line: BOOT_IMAGE=/@/boot/vmlinuz-6.12.57 root=UUID=cf1b7843-392f-413c-ab2f-fa8bfa5d90e7 ro rootflags=subvol=@ fbcon=rotate:1 video=DSI-1:panel_orientation=right_side_up log_buf_len=10M drm.debug=0x1e
[    0.037985] random: crng init done
[    0.039599] Dentry cache hash table entries: 2097152 (order: 12, 16777216 bytes, linear)
[    0.040422] Inode-cache hash table entries: 1048576 (order: 11, 8388608 bytes, linear)
[    0.040477] Fallback order for Node 0: 0 
[    0.040481] Built 1 zonelists, mobility grouping on.  Total pages: 3079674
[    0.040482] Policy zone: Normal
[    0.040490] mem auto-init: stack:all(zero), heap alloc:on, heap free:off
[    0.040500] software IO TLB: area num 4.
[    0.060005] SLUB: HWalign=64, Order=0-3, MinObjects=0, CPUs=4, Nodes=1
[    0.060042] ftrace: allocating 45728 entries in 179 pages
[    0.063311] ftrace: allocated 179 pages with 5 groups
[    0.063765] Dynamic Preempt: voluntary
[    0.063804] rcu: Preemptible hierarchical RCU implementation.
[    0.063805] rcu: 	RCU restricting CPUs from NR_CPUS=8192 to nr_cpu_ids=4.
[    0.063806] 	Trampoline variant of Tasks RCU enabled.
[    0.063806] 	Rude variant of Tasks RCU enabled.
[    0.063807] 	Tracing variant of Tasks RCU enabled.
[    0.063807] rcu: RCU calculated value of scheduler-enlistment delay is 25 jiffies.
[    0.063808] rcu: Adjusting geometry for rcu_fanout_leaf=16, nr_cpu_ids=4
[    0.063815] RCU Tasks: Setting shift to 2 and lim to 1 rcu_task_cb_adjust=1 rcu_task_cpu_ids=4.
[    0.063817] RCU Tasks Rude: Setting shift to 2 and lim to 1 rcu_task_cb_adjust=1 rcu_task_cpu_ids=4.
[    0.063818] RCU Tasks Trace: Setting shift to 2 and lim to 1 rcu_task_cb_adjust=1 rcu_task_cpu_ids=4.
[    0.068193] NR_IRQS: 524544, nr_irqs: 1024, preallocated irqs: 16
[    0.068509] rcu: srcu_init: Setting srcu_struct sizes based on contention.
[    0.068756] Console: colour dummy device 80x25
[    0.068760] printk: legacy console [tty0] enabled
[    0.069218] ACPI: Core revision 20240827
[    0.069801] hpet: HPET dysfunctional in PC10. Force disabled.
[    0.069896] APIC: Switch to symmetric I/O mode setup
[    0.069900] DMAR: Host address width 39
[    0.069903] DMAR: DRHD base: 0x000000fed90000 flags: 0x0
[    0.069914] DMAR: dmar0: reg_base_addr fed90000 ver 4:0 cap 1c0000c40660462 ecap 29a00f0505e
[    0.069920] DMAR: DRHD base: 0x000000fed91000 flags: 0x1
[    0.069928] DMAR: dmar1: reg_base_addr fed91000 ver 5:0 cap d2008c40660462 ecap f050da
[    0.069933] DMAR: RMRR base: 0x0000007c000000 end: 0x000000803fffff
[    0.069939] DMAR-IR: IOAPIC id 2 under DRHD base  0xfed91000 IOMMU 1
[    0.069943] DMAR-IR: HPET id 0 under DRHD base 0xfed91000
[    0.069946] DMAR-IR: Queued invalidation will be enabled to support x2apic and Intr-remapping.
[    0.071994] DMAR-IR: Enabled IRQ remapping in x2apic mode
[    0.072002] x2apic enabled
[    0.072073] APIC: Switched APIC routing to: cluster x2apic
[    0.077018] clocksource: tsc-early: mask: 0xffffffffffffffff max_cycles: 0xb9fb05486c, max_idle_ns: 440795231721 ns
[    0.077032] Calibrating delay loop (skipped), value calculated using timer frequency.. 1612.80 BogoMIPS (lpj=3225600)
[    0.077080] CPU0: Thermal monitoring enabled (TM1)
[    0.077084] x86/cpu: User Mode Instruction Prevention (UMIP) activated
[    0.077185] CET detected: Indirect Branch Tracking enabled
[    0.077189] Last level iTLB entries: 4KB 0, 2MB 0, 4MB 0
[    0.077192] Last level dTLB entries: 4KB 0, 2MB 0, 4MB 0, 1GB 0
[    0.077199] process: using mwait in idle threads
[    0.077203] Spectre V1 : Mitigation: usercopy/swapgs barriers and __user pointer sanitization
[    0.077209] Spectre V2 : Mitigation: Enhanced / Automatic IBRS
[    0.077214] Spectre V2 : mitigation: Enabling conditional Indirect Branch Prediction Barrier
[    0.077219] Speculative Store Bypass: Mitigation: Speculative Store Bypass disabled via prctl
[    0.077224] Register File Data Sampling: Mitigation: Clear Register File
[    0.077229] VMSCAPE: Mitigation: IBPB before exit to userspace
[    0.077240] x86/fpu: Supporting XSAVE feature 0x001: 'x87 floating point registers'
[    0.077244] x86/fpu: Supporting XSAVE feature 0x002: 'SSE registers'
[    0.077248] x86/fpu: Supporting XSAVE feature 0x004: 'AVX registers'
[    0.077251] x86/fpu: Supporting XSAVE feature 0x200: 'Protection Keys User registers'
[    0.077255] x86/fpu: Supporting XSAVE feature 0x800: 'Control-flow User registers'
[    0.077260] x86/fpu: xstate_offset[2]:  576, xstate_sizes[2]:  256
[    0.077264] x86/fpu: xstate_offset[9]:  832, xstate_sizes[9]:    8
[    0.077268] x86/fpu: xstate_offset[11]:  840, xstate_sizes[11]:   16
[    0.077272] x86/fpu: Enabled xstate features 0xa07, context size is 856 bytes, using 'compacted' format.
[    0.081028] Freeing SMP alternatives memory: 40K
[    0.081028] pid_max: default: 32768 minimum: 301
[    0.081028] LSM: initializing lsm=lockdown,capability,landlock,yama,apparmor,tomoyo,bpf,ipe,ima,evm
[    0.081028] landlock: Up and running.
[    0.081028] Yama: disabled by default; enable with sysctl kernel.yama.*
[    0.081028] AppArmor: AppArmor initialized
[    0.081028] TOMOYO Linux initialized
[    0.081028] LSM support for eBPF active
[    0.081028] Mount-cache hash table entries: 32768 (order: 6, 262144 bytes, linear)
[    0.081028] Mountpoint-cache hash table entries: 32768 (order: 6, 262144 bytes, linear)
[    0.081028] smpboot: CPU0: Intel(R) N100 (family: 0x6, model: 0xbe, stepping: 0x0)
[    0.081028] Performance Events: XSAVE Architectural LBR, PEBS fmt4+-baseline, PEBS-via-PT,  AnyThread deprecated, Gracemont events, 32-deep LBR, full-width counters, Intel PMU driver.
[    0.081028] ... version:                5
[    0.081028] ... bit width:              48
[    0.081028] ... generic registers:      6
[    0.081028] ... value mask:             0000ffffffffffff
[    0.081028] ... max period:             00007fffffffffff
[    0.081028] ... fixed-purpose events:   3
[    0.081028] ... event mask:             000000070000003f
[    0.081028] signal: max sigframe size: 3632
[    0.081028] Estimated ratio of average max frequency by base frequency (times 1024): 3712
[    0.081028] rcu: Hierarchical SRCU implementation.
[    0.081028] rcu: 	Max phase no-delay instances is 1000.
[    0.081028] Timer migration: 1 hierarchy levels; 8 children per group; 1 crossnode level
[    0.081028] NMI watchdog: Enabled. Permanently consumes one hw-PMU counter.
[    0.081028] smp: Bringing up secondary CPUs ...
[    0.081028] smpboot: x86: Booting SMP configuration:
[    0.081028] .... node  #0, CPUs:      #1 #2 #3
[    0.085105] smp: Brought up 1 node, 4 CPUs
[    0.085105] smpboot: Total of 4 processors activated (6451.20 BogoMIPS)
[    0.111340] node 0 deferred pages initialised in 24ms
[    0.111356] Memory: 11854184K/12318696K available (16384K kernel code, 2496K rwdata, 11800K rodata, 4152K init, 4936K bss, 453684K reserved, 0K cma-reserved)
[    0.111356] devtmpfs: initialized
[    0.111356] x86/mm: Memory block size: 128MB
[    0.113467] ACPI: PM: Registering ACPI NVS region [mem 0x7343f000-0x734fefff] (786432 bytes)
[    0.113467] clocksource: jiffies: mask: 0xffffffff max_cycles: 0xffffffff, max_idle_ns: 7645041785100000 ns
[    0.113467] futex hash table entries: 1024 (order: 4, 65536 bytes, linear)
[    0.113467] pinctrl core: initialized pinctrl subsystem
[    0.113995] NET: Registered PF_NETLINK/PF_ROUTE protocol family
[    0.114396] DMA: preallocated 2048 KiB GFP_KERNEL pool for atomic allocations
[    0.114643] DMA: preallocated 2048 KiB GFP_KERNEL|GFP_DMA pool for atomic allocations
[    0.114898] DMA: preallocated 2048 KiB GFP_KERNEL|GFP_DMA32 pool for atomic allocations
[    0.114921] audit: initializing netlink subsys (disabled)
[    0.114943] audit: type=2000 audit(1764620855.000:1): state=initialized audit_enabled=0 res=1
[    0.114943] thermal_sys: Registered thermal governor 'fair_share'
[    0.114943] thermal_sys: Registered thermal governor 'bang_bang'
[    0.114943] thermal_sys: Registered thermal governor 'step_wise'
[    0.114943] thermal_sys: Registered thermal governor 'user_space'
[    0.114943] thermal_sys: Registered thermal governor 'power_allocator'
[    0.114943] cpuidle: using governor ladder
[    0.114943] cpuidle: using governor menu
[    0.114943] acpiphp: ACPI Hot Plug PCI Controller Driver version: 0.5
[    0.114943] PCI: ECAM [mem 0xc0000000-0xcfffffff] (base 0xc0000000) for domain 0000 [bus 00-ff]
[    0.114943] PCI: Using configuration type 1 for base access
[    0.114943] kprobes: kprobe jump-optimization is enabled. All kprobes are optimized if possible.
[    0.117107] HugeTLB: registered 1.00 GiB page size, pre-allocated 0 pages
[    0.117107] HugeTLB: 16380 KiB vmemmap can be freed for a 1.00 GiB page
[    0.117107] HugeTLB: registered 2.00 MiB page size, pre-allocated 0 pages
[    0.117107] HugeTLB: 28 KiB vmemmap can be freed for a 2.00 MiB page
[    0.117164] ACPI: Added _OSI(Module Device)
[    0.117164] ACPI: Added _OSI(Processor Device)
[    0.117164] ACPI: Added _OSI(Processor Aggregator Device)
[    0.261796] ACPI: 14 ACPI AML tables successfully acquired and loaded
[    0.283629] ACPI: Dynamic OEM Table Load:
[    0.283647] ACPI: SSDT 0xFFFF9ADE010BB000 000394 (v02 PmRef  Cpu0Cst  00003001 INTL 20200717)
[    0.284977] ACPI: Dynamic OEM Table Load:
[    0.284988] ACPI: SSDT 0xFFFF9ADE01173E00 0001A3 (v02 PmRef  Cpu0Ist  00003000 INTL 20200717)
[    0.286249] ACPI: Dynamic OEM Table Load:
[    0.286258] ACPI: SSDT 0xFFFF9ADE01173200 0001AB (v02 PmRef  Cpu0Psd  00003000 INTL 20200717)
[    0.287522] ACPI: Dynamic OEM Table Load:
[    0.287532] ACPI: SSDT 0xFFFF9ADE010B4800 0004BA (v02 PmRef  Cpu0Hwp  00003000 INTL 20200717)
[    0.289302] ACPI: Dynamic OEM Table Load:
[    0.289318] ACPI: SSDT 0xFFFF9ADE00D68000 001BAF (v02 PmRef  ApIst    00003000 INTL 20200717)
[    0.291389] ACPI: Dynamic OEM Table Load:
[    0.291401] ACPI: SSDT 0xFFFF9ADE00D6C000 001038 (v02 PmRef  ApHwp    00003000 INTL 20200717)
[    0.293248] ACPI: Dynamic OEM Table Load:
[    0.293260] ACPI: SSDT 0xFFFF9ADE00D6E000 001349 (v02 PmRef  ApPsd    00003000 INTL 20200717)
[    0.295225] ACPI: Dynamic OEM Table Load:
[    0.295237] ACPI: SSDT 0xFFFF9ADE01095000 000FBB (v02 PmRef  ApCst    00003000 INTL 20200717)
[    0.298272] ACPI: EC: EC started
[    0.298276] ACPI: EC: interrupt blocked
[    0.307096] ACPI: EC: EC_CMD/EC_SC=0x66, EC_DATA=0x62
[    0.307102] ACPI: \_SB_.PC00.LPCB.H_EC: Boot DSDT EC used to handle transactions
[    0.307106] ACPI: Interpreter enabled
[    0.307199] ACPI: PM: (supports S0 S3 S4 S5)
[    0.307203] ACPI: Using IOAPIC for interrupt routing
[    0.307286] PCI: Using host bridge windows from ACPI; if necessary, use "pci=nocrs" and report a bug
[    0.307290] PCI: Ignoring E820 reservations for host bridge windows
[    0.308848] ACPI: Enabled 7 GPEs in block 00 to 7F
[    0.341097] ACPI: \_SB_.PC00.CNVW.WRST: New power resource
[    0.353845] ACPI: \_SB_.PC00.TBT0: New power resource
[    0.354377] ACPI: \_SB_.PC00.TBT1: New power resource
[    0.354900] ACPI: \_SB_.PC00.D3C_: New power resource
[    0.425943] ACPI: \_TZ_.FN00: New power resource
[    0.426027] ACPI: \_TZ_.FN01: New power resource
[    0.426113] ACPI: \_TZ_.FN02: New power resource
[    0.426190] ACPI: \_TZ_.FN03: New power resource
[    0.426270] ACPI: \_TZ_.FN04: New power resource
[    0.426929] ACPI: \PIN_: New power resource
[    0.427627] ACPI: PCI Root Bridge [PC00] (domain 0000 [bus 00-fe])
[    0.427639] acpi PNP0A08:00: _OSC: OS supports [ExtendedConfig ASPM ClockPM Segments MSI HPX-Type3]
[    0.429113] acpi PNP0A08:00: _OSC: platform does not support [AER]
[    0.431849] acpi PNP0A08:00: _OSC: OS now controls [PCIeHotplug SHPCHotplug PME PCIeCapability LTR]
[    0.434053] PCI host bridge to bus 0000:00
[    0.434061] pci_bus 0000:00: root bus resource [io  0x0000-0x0cf7 window]
[    0.434066] pci_bus 0000:00: root bus resource [io  0x0d00-0xffff window]
[    0.434070] pci_bus 0000:00: root bus resource [mem 0x000a0000-0x000bffff window]
[    0.434074] pci_bus 0000:00: root bus resource [mem 0x000e0000-0x000fffff window]
[    0.434078] pci_bus 0000:00: root bus resource [mem 0x80400000-0xbfffffff window]
[    0.434082] pci_bus 0000:00: root bus resource [mem 0x4000000000-0x7fffffffff window]
[    0.434086] pci_bus 0000:00: root bus resource [bus 00-fe]
[    0.434131] pci 0000:00:00.0: [8086:461c] type 00 class 0x060000 conventional PCI endpoint
[    0.434314] pci 0000:00:02.0: [8086:46d1] type 00 class 0x030000 PCIe Root Complex Integrated Endpoint
[    0.434329] pci 0000:00:02.0: BAR 0 [mem 0x6000000000-0x6000ffffff 64bit]
[    0.434339] pci 0000:00:02.0: BAR 2 [mem 0x4000000000-0x400fffffff 64bit pref]
[    0.434346] pci 0000:00:02.0: BAR 4 [io  0x5000-0x503f]
[    0.434370] pci 0000:00:02.0: DMAR: Skip IOMMU disabling for graphics
[    0.434376] pci 0000:00:02.0: Video device with shadowed ROM at [mem 0x000c0000-0x000dffff]
[    0.434412] pci 0000:00:02.0: VF BAR 0 [mem 0x00000000-0x00ffffff 64bit]
[    0.434416] pci 0000:00:02.0: VF BAR 0 [mem 0x00000000-0x06ffffff 64bit]: contains BAR 0 for 7 VFs
[    0.434425] pci 0000:00:02.0: VF BAR 2 [mem 0x00000000-0x1fffffff 64bit pref]
[    0.434428] pci 0000:00:02.0: VF BAR 2 [mem 0x00000000-0xdfffffff 64bit pref]: contains BAR 2 for 7 VFs
[    0.434629] pci 0000:00:0a.0: [8086:467d] type 00 class 0x118000 PCIe Root Complex Integrated Endpoint
[    0.434642] pci 0000:00:0a.0: BAR 0 [mem 0x6001120000-0x6001127fff 64bit]
[    0.434667] pci 0000:00:0a.0: enabling Extended Tags
[    0.434785] pci 0000:00:0d.0: [8086:464e] type 00 class 0x0c0330 conventional PCI endpoint
[    0.434803] pci 0000:00:0d.0: BAR 0 [mem 0x6001110000-0x600111ffff 64bit]
[    0.434860] pci 0000:00:0d.0: PME# supported from D3hot D3cold
[    0.437947] pci 0000:00:14.0: [8086:54ed] type 00 class 0x0c0330 conventional PCI endpoint
[    0.437985] pci 0000:00:14.0: BAR 0 [mem 0x6001100000-0x600110ffff 64bit]
[    0.438092] pci 0000:00:14.0: PME# supported from D3hot D3cold
[    0.440981] pci 0000:00:14.2: [8086:54ef] type 00 class 0x050000 conventional PCI endpoint
[    0.441008] pci 0000:00:14.2: BAR 0 [mem 0x600112c000-0x600112ffff 64bit]
[    0.441025] pci 0000:00:14.2: BAR 2 [mem 0x6001134000-0x6001134fff 64bit]
[    0.441269] pci 0000:00:15.0: [8086:54e8] type 00 class 0x0c8000 conventional PCI endpoint
[    0.441346] pci 0000:00:15.0: BAR 0 [mem 0x00000000-0x00000fff 64bit]
[    0.441939] pci 0000:00:15.3: [8086:54eb] type 00 class 0x0c8000 conventional PCI endpoint
[    0.442019] pci 0000:00:15.3: BAR 0 [mem 0x00000000-0x00000fff 64bit]
[    0.442533] pci 0000:00:16.0: [8086:54e0] type 00 class 0x078000 conventional PCI endpoint
[    0.442563] pci 0000:00:16.0: BAR 0 [mem 0x6001131000-0x6001131fff 64bit]
[    0.442664] pci 0000:00:16.0: PME# supported from D3hot
[    0.443403] pci 0000:00:1c.0: [8086:54ba] type 01 class 0x060400 PCIe Root Port
[    0.443439] pci 0000:00:1c.0: PCI bridge to [bus 01]
[    0.443446] pci 0000:00:1c.0:   bridge window [io  0x4000-0x4fff]
[    0.443452] pci 0000:00:1c.0:   bridge window [mem 0x80600000-0x806fffff]
[    0.443553] pci 0000:00:1c.0: PME# supported from D0 D3hot D3cold
[    0.443596] pci 0000:00:1c.0: PTM enabled (root), 4ns granularity
[    0.444280] pci 0000:00:1c.6: [8086:54be] type 01 class 0x060400 PCIe Root Port
[    0.444317] pci 0000:00:1c.6: PCI bridge to [bus 02]
[    0.444323] pci 0000:00:1c.6:   bridge window [io  0x3000-0x3fff]
[    0.444329] pci 0000:00:1c.6:   bridge window [mem 0x80500000-0x805fffff]
[    0.444428] pci 0000:00:1c.6: PME# supported from D0 D3hot D3cold
[    0.444470] pci 0000:00:1c.6: PTM enabled (root), 4ns granularity
[    0.445170] pci 0000:00:1d.0: [8086:54b0] type 01 class 0x060400 PCIe Root Port
[    0.445221] pci 0000:00:1d.0: PCI bridge to [bus 03]
[    0.445231] pci 0000:00:1d.0:   bridge window [mem 0x80400000-0x804fffff]
[    0.445340] pci 0000:00:1d.0: PME# supported from D0 D3hot D3cold
[    0.445401] pci 0000:00:1d.0: PTM enabled (root), 4ns granularity
[    0.446082] pci 0000:00:1f.0: [8086:5481] type 00 class 0x060100 conventional PCI endpoint
[    0.446512] pci 0000:00:1f.3: [8086:54c8] type 00 class 0x040300 conventional PCI endpoint
[    0.446559] pci 0000:00:1f.3: BAR 0 [mem 0x6001128000-0x600112bfff 64bit]
[    0.446615] pci 0000:00:1f.3: BAR 4 [mem 0x6001000000-0x60010fffff 64bit]
[    0.446726] pci 0000:00:1f.3: PME# supported from D3hot D3cold
[    0.447426] pci 0000:00:1f.4: [8086:54a3] type 00 class 0x0c0500 conventional PCI endpoint
[    0.447457] pci 0000:00:1f.4: BAR 0 [mem 0x6001130000-0x60011300ff 64bit]
[    0.447483] pci 0000:00:1f.4: BAR 4 [io  0xefa0-0xefbf]
[    0.447783] pci 0000:00:1f.5: [8086:54a4] type 00 class 0x0c8000 conventional PCI endpoint
[    0.447808] pci 0000:00:1f.5: BAR 0 [mem 0xfe010000-0xfe010fff]
[    0.448017] pci 0000:01:00.0: [10ec:8168] type 00 class 0x020000 PCIe Endpoint
[    0.448041] pci 0000:01:00.0: BAR 0 [io  0x4000-0x40ff]
[    0.448069] pci 0000:01:00.0: BAR 2 [mem 0x80604000-0x80604fff 64bit]
[    0.448089] pci 0000:01:00.0: BAR 4 [mem 0x80600000-0x80603fff 64bit]
[    0.448228] pci 0000:01:00.0: supports D1 D2
[    0.448231] pci 0000:01:00.0: PME# supported from D0 D1 D2 D3hot D3cold
[    0.448514] pci 0000:00:1c.0: PCI bridge to [bus 01]
[    0.448636] pci 0000:02:00.0: [10ec:b852] type 00 class 0x028000 PCIe Endpoint
[    0.448679] pci 0000:02:00.0: BAR 0 [io  0x3000-0x30ff]
[    0.448730] pci 0000:02:00.0: BAR 2 [mem 0x80500000-0x805fffff 64bit]
[    0.448995] pci 0000:02:00.0: PME# supported from D0 D3hot D3cold
[    0.449397] pci 0000:00:1c.6: PCI bridge to [bus 02]
[    0.449765] pci 0000:03:00.0: [1d79:2263] type 00 class 0x010802 PCIe Endpoint
[    0.449844] pci 0000:03:00.0: BAR 0 [mem 0x80400000-0x80403fff 64bit]
[    0.450589] pci 0000:00:1d.0: PCI bridge to [bus 03]
[    0.458251] ACPI: PCI: Interrupt link LNKA configured for IRQ 0
[    0.458419] ACPI: PCI: Interrupt link LNKB configured for IRQ 1
[    0.458581] ACPI: PCI: Interrupt link LNKC configured for IRQ 0
[    0.458742] ACPI: PCI: Interrupt link LNKD configured for IRQ 0
[    0.458902] ACPI: PCI: Interrupt link LNKE configured for IRQ 0
[    0.459063] ACPI: PCI: Interrupt link LNKF configured for IRQ 0
[    0.459223] ACPI: PCI: Interrupt link LNKG configured for IRQ 0
[    0.459383] ACPI: PCI: Interrupt link LNKH configured for IRQ 0
[    0.483421] ACPI: EC: interrupt unblocked
[    0.483426] ACPI: EC: event unblocked
[    0.483458] ACPI: EC: EC_CMD/EC_SC=0x66, EC_DATA=0x62
[    0.483461] ACPI: EC: GPE=0x6e
[    0.483464] ACPI: \_SB_.PC00.LPCB.H_EC: Boot DSDT EC initialization complete
[    0.483468] ACPI: \_SB_.PC00.LPCB.H_EC: EC: Used to handle transactions and events
[    0.483610] iommu: Default domain type: Translated
[    0.483610] iommu: DMA domain TLB invalidation policy: lazy mode
[    0.483610] pps_core: LinuxPPS API ver. 1 registered
[    0.483610] pps_core: Software ver. 5.3.6 - Copyright 2005-2007 Rodolfo Giometti <giometti@linux.it>
[    0.483610] PTP clock support registered
[    0.483610] EDAC MC: Ver: 3.0.0
[    0.483610] efivars: Registered efivars operations
[    0.483610] NetLabel: Initializing
[    0.483610] NetLabel:  domain hash size = 128
[    0.483610] NetLabel:  protocols = UNLABELED CIPSOv4 CALIPSO
[    0.483610] NetLabel:  unlabeled traffic allowed by default
[    0.483610] PCI: Using ACPI for IRQ routing
[    0.508410] PCI: pci_cache_line_size set to 64 bytes
[    0.508558] pci 0000:00:1f.5: BAR 0 [mem 0xfe010000-0xfe010fff]: can't claim; no compatible bridge window
[    0.508702] e820: reserve RAM buffer [mem 0x0009e000-0x0009ffff]
[    0.508705] e820: reserve RAM buffer [mem 0x416ee000-0x43ffffff]
[    0.508707] e820: reserve RAM buffer [mem 0x4335a000-0x43ffffff]
[    0.508709] e820: reserve RAM buffer [mem 0x6a4f4000-0x6bffffff]
[    0.508710] e820: reserve RAM buffer [mem 0x6d078000-0x6fffffff]
[    0.508711] e820: reserve RAM buffer [mem 0x7025d000-0x73ffffff]
[    0.508713] e820: reserve RAM buffer [mem 0x73f00000-0x73ffffff]
[    0.508714] e820: reserve RAM buffer [mem 0x37fc00000-0x37fffffff]
[    0.508764] pci 0000:00:02.0: vgaarb: setting as boot VGA device
[    0.508764] pci 0000:00:02.0: vgaarb: bridge control possible
[    0.508764] pci 0000:00:02.0: vgaarb: VGA device added: decodes=io+mem,owns=io+mem,locks=none
[    0.508764] vgaarb: loaded
[    0.509029] clocksource: Switched to clocksource tsc-early
[    0.509266] VFS: Disk quotas dquot_6.6.0
[    0.509280] VFS: Dquot-cache hash table entries: 512 (order 0, 4096 bytes)
[    0.509578] AppArmor: AppArmor Filesystem Enabled
[    0.509615] pnp: PnP ACPI init
[    0.510440] system 00:01: [io  0x0680-0x069f] has been reserved
[    0.510448] system 00:01: [io  0x164e-0x164f] has been reserved
[    0.511191] pnp 00:02: disabling [mem 0xc0000000-0xcfffffff] because it overlaps 0000:00:02.0 BAR 9 [mem 0x00000000-0xdfffffff 64bit pref]
[    0.511229] system 00:02: [mem 0xfedc0000-0xfedc7fff] has been reserved
[    0.511235] system 00:02: [mem 0xfeda0000-0xfeda0fff] has been reserved
[    0.511239] system 00:02: [mem 0xfeda1000-0xfeda1fff] has been reserved
[    0.511243] system 00:02: [mem 0xfed20000-0xfed7ffff] could not be reserved
[    0.511247] system 00:02: [mem 0xfed90000-0xfed93fff] could not be reserved
[    0.511251] system 00:02: [mem 0xfed45000-0xfed8ffff] could not be reserved
[    0.511254] system 00:02: [mem 0xfee00000-0xfeefffff] could not be reserved
[    0.516508] system 00:03: [io  0x2000-0x20fe] has been reserved
[    0.517820] pnp: PnP ACPI: found 5 devices
[    0.523977] clocksource: acpi_pm: mask: 0xffffff max_cycles: 0xffffff, max_idle_ns: 2085701024 ns
[    0.524054] NET: Registered PF_INET protocol family
[    0.524417] IP idents hash table entries: 262144 (order: 9, 2097152 bytes, linear)
[    0.544669] tcp_listen_portaddr_hash hash table entries: 8192 (order: 5, 131072 bytes, linear)
[    0.544721] Table-perturb hash table entries: 65536 (order: 6, 262144 bytes, linear)
[    0.544826] TCP established hash table entries: 131072 (order: 8, 1048576 bytes, linear)
[    0.545201] TCP bind hash table entries: 65536 (order: 9, 2097152 bytes, linear)
[    0.545358] TCP: Hash tables configured (established 131072 bind 65536)
[    0.545492] MPTCP token hash table entries: 16384 (order: 6, 393216 bytes, linear)
[    0.545579] UDP hash table entries: 8192 (order: 6, 262144 bytes, linear)
[    0.545637] UDP-Lite hash table entries: 8192 (order: 6, 262144 bytes, linear)
[    0.545715] NET: Registered PF_UNIX/PF_LOCAL protocol family
[    0.545726] NET: Registered PF_XDP protocol family
[    0.545738] pci_bus 0000:00: max bus depth: 1 pci_try_num: 2
[    0.545756] pci 0000:00:02.0: VF BAR 2 [mem 0x4020000000-0x40ffffffff 64bit pref]: assigned
[    0.545766] pci 0000:00:02.0: VF BAR 0 [mem 0x4010000000-0x4016ffffff 64bit]: assigned
[    0.545772] pci 0000:00:15.0: BAR 0 [mem 0x4017000000-0x4017000fff 64bit]: assigned
[    0.545832] pci 0000:00:15.3: BAR 0 [mem 0x4017001000-0x4017001fff 64bit]: assigned
[    0.545895] pci 0000:00:1f.5: BAR 0 [mem 0x80700000-0x80700fff]: assigned
[    0.545910] pci 0000:00:1c.0: PCI bridge to [bus 01]
[    0.545915] pci 0000:00:1c.0:   bridge window [io  0x4000-0x4fff]
[    0.545922] pci 0000:00:1c.0:   bridge window [mem 0x80600000-0x806fffff]
[    0.545933] pci 0000:00:1c.6: PCI bridge to [bus 02]
[    0.545937] pci 0000:00:1c.6:   bridge window [io  0x3000-0x3fff]
[    0.545943] pci 0000:00:1c.6:   bridge window [mem 0x80500000-0x805fffff]
[    0.545953] pci 0000:00:1d.0: PCI bridge to [bus 03]
[    0.545960] pci 0000:00:1d.0:   bridge window [mem 0x80400000-0x804fffff]
[    0.545971] pci_bus 0000:00: resource 4 [io  0x0000-0x0cf7 window]
[    0.545975] pci_bus 0000:00: resource 5 [io  0x0d00-0xffff window]
[    0.545978] pci_bus 0000:00: resource 6 [mem 0x000a0000-0x000bffff window]
[    0.545982] pci_bus 0000:00: resource 7 [mem 0x000e0000-0x000fffff window]
[    0.545985] pci_bus 0000:00: resource 8 [mem 0x80400000-0xbfffffff window]
[    0.545988] pci_bus 0000:00: resource 9 [mem 0x4000000000-0x7fffffffff window]
[    0.545993] pci_bus 0000:01: resource 0 [io  0x4000-0x4fff]
[    0.545996] pci_bus 0000:01: resource 1 [mem 0x80600000-0x806fffff]
[    0.545999] pci_bus 0000:02: resource 0 [io  0x3000-0x3fff]
[    0.546002] pci_bus 0000:02: resource 1 [mem 0x80500000-0x805fffff]
[    0.546006] pci_bus 0000:03: resource 1 [mem 0x80400000-0x804fffff]
[    0.546832] PCI: CLS 64 bytes, default 64
[    0.546898] DMAR: No ATSR found
[    0.546900] DMAR: No SATC found
[    0.546903] DMAR: IOMMU feature fl1gp_support inconsistent
[    0.546905] DMAR: IOMMU feature pgsel_inv inconsistent
[    0.546908] DMAR: IOMMU feature nwfs inconsistent
[    0.546910] DMAR: IOMMU feature dit inconsistent
[    0.546913] DMAR: IOMMU feature sc_support inconsistent
[    0.546915] DMAR: IOMMU feature dev_iotlb_support inconsistent
[    0.546918] DMAR: dmar0: Using Queued invalidation
[    0.546926] DMAR: dmar1: Using Queued invalidation
[    0.546961] Trying to unpack rootfs image as initramfs...
[    0.547283] pci 0000:00:02.0: Adding to iommu group 0
[    0.547346] pci 0000:00:00.0: Adding to iommu group 1
[    0.547364] pci 0000:00:0a.0: Adding to iommu group 2
[    0.547390] pci 0000:00:0d.0: Adding to iommu group 3
[    0.547417] pci 0000:00:14.0: Adding to iommu group 4
[    0.547433] pci 0000:00:14.2: Adding to iommu group 4
[    0.547459] pci 0000:00:15.0: Adding to iommu group 5
[    0.547478] pci 0000:00:15.3: Adding to iommu group 5
[    0.547500] pci 0000:00:16.0: Adding to iommu group 6
[    0.547522] pci 0000:00:1c.0: Adding to iommu group 7
[    0.547543] pci 0000:00:1c.6: Adding to iommu group 8
[    0.547568] pci 0000:00:1d.0: Adding to iommu group 9
[    0.547606] pci 0000:00:1f.0: Adding to iommu group 10
[    0.547625] pci 0000:00:1f.3: Adding to iommu group 10
[    0.547646] pci 0000:00:1f.4: Adding to iommu group 10
[    0.547665] pci 0000:00:1f.5: Adding to iommu group 10
[    0.547692] pci 0000:01:00.0: Adding to iommu group 11
[    0.547712] pci 0000:02:00.0: Adding to iommu group 12
[    0.547728] pci 0000:03:00.0: Adding to iommu group 13
[    0.548980] DMAR: Intel(R) Virtualization Technology for Directed I/O
[    0.548990] PCI-DMA: Using software bounce buffering for IO (SWIOTLB)
[    0.548993] software IO TLB: mapped [mem 0x000000005ddd8000-0x0000000061dd8000] (64MB)
[    0.549064] clocksource: tsc: mask: 0xffffffffffffffff max_cycles: 0xb9fb05486c, max_idle_ns: 440795231721 ns
[    0.549091] clocksource: Switched to clocksource tsc
[    0.549143] platform rtc_cmos: registered platform RTC device (no PNP device found)
[    0.552837] Initialise system trusted keyrings
[    0.552856] Key type blacklist registered
[    0.552928] workingset: timestamp_bits=36 max_order=22 bucket_order=0
[    0.552941] zbud: loaded
[    0.553052] fuse: init (API version 7.41)
[    0.553238] integrity: Platform Keyring initialized
[    0.553245] integrity: Machine keyring initialized
[    0.573994] Key type asymmetric registered
[    0.574003] Asymmetric key parser 'x509' registered
[    0.647038] Freeing initrd memory: 47200K
[    0.653280] Block layer SCSI generic (bsg) driver version 0.4 loaded (major 246)
[    0.653330] io scheduler mq-deadline registered
[    0.655201] ledtrig-cpu: registered to indicate activity on CPUs
[    0.655601] pcieport 0000:00:1c.0: PME: Signaling with IRQ 122
[    0.655920] pcieport 0000:00:1c.6: PME: Signaling with IRQ 123
[    0.656266] pcieport 0000:00:1d.0: PME: Signaling with IRQ 124
[    0.656413] shpchp: Standard Hot Plug PCI Controller Driver version: 0.4
[    0.658295] thermal LNXTHERM:00: registered as thermal_zone0
[    0.658301] ACPI: thermal: Thermal Zone [TZ00] (28 C)
[    0.658459] Serial: 8250/16550 driver, 4 ports, IRQ sharing enabled
[    0.659227] hpet_acpi_add: no address or irqs in _CRS
[    0.659259] Linux agpgart interface v0.103
[    0.665161] i8042: PNP: PS/2 Controller [PNP0303:PS2K] at 0x60,0x64 irq 1
[    0.665167] i8042: PNP: PS/2 appears to have AUX port disabled, if this is incorrect please boot with i8042.nopnp
[    0.665883] serio: i8042 KBD port at 0x60,0x64 irq 1
[    0.665964] mousedev: PS/2 mouse device common for all mice
[    0.666030] rtc_cmos rtc_cmos: RTC can wake from S4
[    0.666921] rtc_cmos rtc_cmos: registered as rtc0
[    0.667130] rtc_cmos rtc_cmos: setting system clock to 2025-12-01T20:27:35 UTC (1764620855)
[    0.667165] rtc_cmos rtc_cmos: alarms up to one month, y3k, 114 bytes nvram
[    0.667342] intel_pstate: Intel P-state driver initializing
[    0.667575] input: AT Translated Set 2 keyboard as /devices/platform/i8042/serio0/input/input0
[    0.667783] intel_pstate: HWP enabled
[    0.668296] efifb: probing for efifb
[    0.668312] efifb: framebuffer at 0x4000000000, using 1876k, total 1875k
[    0.668317] efifb: mode is 800x600x32, linelength=3200, pages=1
[    0.668321] efifb: scrolling: redraw
[    0.668323] efifb: Truecolor: size=8:8:8:8, shift=24:16:8:0
[    0.674254] Console: switching to colour frame buffer device 75x50
[    0.681071] fb0: EFI VGA frame buffer device
[    0.681299] NET: Registered PF_INET6 protocol family
[    0.687042] Segment Routing with IPv6
[    0.687123] In-situ OAM (IOAM) with IPv6
[    0.687211] mip6: Mobile IPv6
[    0.687259] NET: Registered PF_PACKET protocol family
[    0.687402] mpls_gso: MPLS GSO support
[    0.687889] ENERGY_PERF_BIAS: Set to 'normal', was 'performance'
[    0.688081] microcode: Current revision: 0x0000001d
[    0.688161] microcode: Updated early from: 0x0000000f
[    0.688533] resctrl: L2 allocation detected
[    0.688615] IPI shorthand broadcast: enabled
[    0.690543] sched_clock: Marking stable (680181179, 8345179)->(720812544, -32286186)
[    0.691075] registered taskstats version 1
[    0.691268] Loading compiled-in X.509 certificates
[    0.716303] Loaded X.509 cert 'Build time autogenerated kernel key: d2dd4bf04bc5201ffcfa02ea549298b155fb4038'
[    0.718814] Demotion targets for Node 0: null
[    0.719080] Key type .fscrypt registered
[    0.719146] Key type fscrypt-provisioning registered
[    0.740160] Key type encrypted registered
[    0.740237] AppArmor: AppArmor sha256 policy hashing enabled
[    0.740749] ima: Allocated hash algorithm: sha256
[    0.795041] ima: No architecture policies found
[    0.798973] evm: Initialising EVM extended attributes:
[    0.802564] evm: security.selinux
[    0.806428] evm: security.SMACK64 (disabled)
[    0.810708] evm: security.SMACK64EXEC (disabled)
[    0.814852] evm: security.SMACK64TRANSMUTE (disabled)
[    0.818954] evm: security.SMACK64MMAP (disabled)
[    0.822967] evm: security.apparmor
[    0.826939] evm: security.ima
[    0.830795] evm: security.capability
[    0.834640] evm: HMAC attrs: 0x1
[    0.852654] RAS: Correctable Errors collector initialized.
[    0.862538] clk: Disabling unused clocks
[    0.865574] PM: genpd: Disabling unused power domains
[    0.870412] Freeing unused decrypted memory: 2028K
[    0.874458] Freeing unused kernel image (initmem) memory: 4152K
[    0.877582] Write protecting the kernel read-only data: 28672k
[    0.880915] Freeing unused kernel image (rodata/data gap) memory: 488K
[    0.927609] x86/mm: Checked W+X mappings: passed, no W+X pages found.
[    0.931451] Run /init as init process
[    0.934821]   with arguments:
[    0.934823]     /init
[    0.934824]   with environment:
[    0.934824]     HOME=/
[    0.934825]     TERM=linux
[    0.959857] udevd[179]: starting version 3.2.14
[    0.963906] udevd[180]: starting eudev-3.2.14
[    0.999313] ACPI: battery: Slot [BAT0] (battery present)
[    1.018489] i801_smbus 0000:00:1f.4: enabling device (0000 -> 0003)
[    1.022257] i801_smbus 0000:00:1f.4: SPD Write Disable is set
[    1.025420] intel-lpss 0000:00:15.0: enabling device (0004 -> 0006)
[    1.028566] i801_smbus 0000:00:1f.4: SMBus using PCI interrupt
[    1.032373] idma64 idma64.0: Found Intel integrated DMA 64-bit
[    1.055985] ACPI: bus type USB registered
[    1.059175] usbcore: registered new interface driver usbfs
[    1.062337] usbcore: registered new interface driver hub
[    1.065494] usbcore: registered new device driver usb
[    1.072413] intel-lpss 0000:00:15.3: enabling device (0004 -> 0006)
[    1.075990] idma64 idma64.1: Found Intel integrated DMA 64-bit
[    1.250642] i801_smbus 0000:00:1f.4: SMBus is busy, can't use it!
[    1.254413] i801_smbus 0000:00:1f.4: SMBus is busy, can't use it!
[    1.257453] i801_smbus 0000:00:1f.4: SMBus is busy, can't use it!
[    1.260484] i801_smbus 0000:00:1f.4: SMBus is busy, can't use it!
[    1.264034] i801_smbus 0000:00:1f.4: SMBus is busy, can't use it!
[    1.267480] i801_smbus 0000:00:1f.4: SMBus is busy, can't use it!
[    1.270858] i801_smbus 0000:00:1f.4: SMBus is busy, can't use it!
[    1.284101] iTCO_vendor_support: vendor-support=0
[    1.291970] iTCO_wdt iTCO_wdt: Found a Intel PCH TCO device (Version=6, TCOBASE=0x0400)
[    1.297617] iTCO_wdt iTCO_wdt: initialized. heartbeat=30 sec (nowayout=0)
[    1.305408] r8169 0000:01:00.0: enabling device (0000 -> 0003)
[    1.317844] xhci_hcd 0000:00:0d.0: xHCI Host Controller
[    1.320713] xhci_hcd 0000:00:0d.0: new USB bus registered, assigned bus number 1
[    1.325753] r8169 0000:01:00.0 eth0: RTL8168h/8111h, 00:e0:4c:59:d2:6c, XID 541, IRQ 125
[    1.327788] xhci_hcd 0000:00:0d.0: hcc params 0x20007fc1 hci version 0x120 quirks 0x0000000200009810
[    1.332227] r8169 0000:01:00.0 eth0: jumbo features [frames: 9194 bytes, tx checksumming: ko]
[    1.340075] xhci_hcd 0000:00:0d.0: xHCI Host Controller
[    1.349203] xhci_hcd 0000:00:0d.0: new USB bus registered, assigned bus number 2
[    1.355934] xhci_hcd 0000:00:0d.0: Host supports USB 3.2 Enhanced SuperSpeed
[    1.356411] nvme 0000:03:00.0: platform quirk: setting simple suspend
[    1.362984] usb usb1: New USB device found, idVendor=1d6b, idProduct=0002, bcdDevice= 6.12
[    1.366536] nvme nvme0: pci function 0000:03:00.0
[    1.374638] usb usb1: New USB device strings: Mfr=3, Product=2, SerialNumber=1
[    1.374640] usb usb1: Product: xHCI Host Controller
[    1.385100] nvme nvme0: missing or invalid SUBNQN field.
[    1.386421] usb usb1: Manufacturer: Linux 6.12.57 xhci-hcd
[    1.398748] usb usb1: SerialNumber: 0000:00:0d.0
[    1.403021] hub 1-0:1.0: USB hub found
[    1.406777] hub 1-0:1.0: 1 port detected
[    1.410885] usb usb2: New USB device found, idVendor=1d6b, idProduct=0003, bcdDevice= 6.12
[    1.411844] nvme nvme0: allocated 64 MiB host memory buffer.
[    1.417641] usb usb2: New USB device strings: Mfr=3, Product=2, SerialNumber=1
[    1.429673] usb usb2: Product: xHCI Host Controller
[    1.434028] usb usb2: Manufacturer: Linux 6.12.57 xhci-hcd
[    1.438513] usb usb2: SerialNumber: 0000:00:0d.0
[    1.442628] hub 2-0:1.0: USB hub found
[    1.446159] hub 2-0:1.0: 2 ports detected
[    1.451500] xhci_hcd 0000:00:14.0: xHCI Host Controller
[    1.453499] nvme nvme0: 4/0/0 default/read/poll queues
[    1.454955] xhci_hcd 0000:00:14.0: new USB bus registered, assigned bus number 3
[    1.467156] xhci_hcd 0000:00:14.0: hcc params 0x20007fc1 hci version 0x120 quirks 0x0000100200009810
[    1.469674]  nvme0n1: p1 p2 p5 p6 p7
[    1.475471] xhci_hcd 0000:00:14.0: xHCI Host Controller
[    1.483835] xhci_hcd 0000:00:14.0: new USB bus registered, assigned bus number 4
[    1.492074] xhci_hcd 0000:00:14.0: Host supports USB 3.1 Enhanced SuperSpeed
[    1.500040] usb usb3: New USB device found, idVendor=1d6b, idProduct=0002, bcdDevice= 6.12
[    1.508801] usb usb3: New USB device strings: Mfr=3, Product=2, SerialNumber=1
[    1.517052] usb usb3: Product: xHCI Host Controller
[    1.521111] usb usb3: Manufacturer: Linux 6.12.57 xhci-hcd
[    1.525056] usb usb3: SerialNumber: 0000:00:14.0
[    1.529125] hub 3-0:1.0: USB hub found
[    1.532809] hub 3-0:1.0: 12 ports detected
[    1.538388] usb usb4: New USB device found, idVendor=1d6b, idProduct=0003, bcdDevice= 6.12
[    1.545597] usb usb4: New USB device strings: Mfr=3, Product=2, SerialNumber=1
[    1.553654] usb usb4: Product: xHCI Host Controller
[    1.557474] usb usb4: Manufacturer: Linux 6.12.57 xhci-hcd
[    1.561249] usb usb4: SerialNumber: 0000:00:14.0
[    1.565967] hub 4-0:1.0: USB hub found
[    1.569827] hub 4-0:1.0: 4 ports detected
[    1.672351] raid6: avx2x4   gen() 18708 MB/s
[    1.744365] raid6: avx2x2   gen() 21684 MB/s
[    1.788372] usb 3-3: new high-speed USB device number 2 using xhci_hcd
[    1.812348] raid6: avx2x1   gen() 18878 MB/s
[    1.815937] raid6: using algorithm avx2x2 gen() 21684 MB/s
[    1.884348] raid6: .... xor() 13354 MB/s, rmw enabled
[    1.888917] raid6: using avx2x2 recovery algorithm
[    1.895450] xor: automatically using best checksumming function   avx       
[    1.930366] usb 3-3: New USB device found, idVendor=32e6, idProduct=9005, bcdDevice= 0.01
[    1.939475] usb 3-3: New USB device strings: Mfr=1, Product=2, SerialNumber=0
[    1.948894] usb 3-3: Product: icspring camera
[    1.953642] usb 3-3: Manufacturer: icSpring
[    2.080406] usb 3-4: new full-speed USB device number 3 using xhci_hcd
[    2.114248] Btrfs loaded, zoned=yes, fsverity=yes
[    2.221685] PM: Image not found (code -22)
[    2.226880] usb 3-4: New USB device found, idVendor=222a, idProduct=0001, bcdDevice= 0.02
[    2.234053] usb 3-4: New USB device strings: Mfr=1, Product=2, SerialNumber=0
[    2.242134] usb 3-4: Product: ILITEK-2900
[    2.246569] usb 3-4: Manufacturer: ILITEK
[    2.270365] hid: raw HID events driver (C) Jiri Kosina
[    2.284597] BTRFS: device label root1 devid 1 transid 131629 /dev/nvme0n1p5 (259:3) scanned by mount (247)
[    2.284847] usbcore: registered new interface driver usbhid
[    2.292194] BTRFS info (device nvme0n1p5): first mount of filesystem cf1b7843-392f-413c-ab2f-fa8bfa5d90e7
[    2.295360] usbhid: USB HID core driver
[    2.309190] BTRFS info (device nvme0n1p5): using crc32c (crc32c-intel) checksum algorithm
[    2.317491] input: ILITEK ILITEK-2900 Touchscreen as /devices/pci0000:00/0000:00:14.0/usb3/3-4/3-4:1.0/0003:222A:0001.0001/input/input1
[    2.325297] input: ILITEK ILITEK-2900 Stylus as /devices/pci0000:00/0000:00:14.0/usb3/3-4/3-4:1.0/0003:222A:0001.0001/input/input2
[    2.325640] BTRFS info (device nvme0n1p5): enabling ssd optimizations
[    2.336835] hid-generic 0003:222A:0001.0001: input,hiddev0,hidraw0: USB HID v1.10 Device [ILITEK ILITEK-2900] on usb-0000:00:14.0-4/input0
[    2.339114] BTRFS info (device nvme0n1p5): turning on async discard
[    2.351801] BTRFS info (device nvme0n1p5): enabling free space tree
[    2.376519] usb 3-8: new full-speed USB device number 4 using xhci_hcd
[    2.399051] input: ILITEK ILITEK-2900 as /devices/pci0000:00/0000:00:14.0/usb3/3-4/3-4:1.0/0003:222A:0001.0001/input/input4
[    2.407936] input: ILITEK ILITEK-2900 Stylus as /devices/pci0000:00/0000:00:14.0/usb3/3-4/3-4:1.0/0003:222A:0001.0001/input/input5
[    2.418497] hid-multitouch 0003:222A:0001.0001: input,hiddev0,hidraw0: USB HID v1.10 Device [ILITEK ILITEK-2900] on usb-0000:00:14.0-4/input0
[    2.467357] Not activating Mandatory Access Control as /sbin/tomoyo-init does not exist.
[    2.521476] usb 3-8: New USB device found, idVendor=0bda, idProduct=b85b, bcdDevice= 0.00
[    2.531221] usb 3-8: New USB device strings: Mfr=1, Product=2, SerialNumber=3
[    2.531223] usb 3-8: Product: Bluetooth Radio
[    2.531224] usb 3-8: Manufacturer: Realtek
[    2.531225] usb 3-8: SerialNumber: 00e04c000001
[    2.771125] udevd[464]: starting version 3.2.14
[    2.826162] udevd[464]: GOTO 'alsa_restore_std' has no matching label in: '/usr/lib/udev/rules.d/90-alsa-restore.rules'
[    2.835171] udevd[464]: GOTO 'alsa_restore_std' has no matching label in: '/usr/lib/udev/rules.d/90-alsa-restore.rules'
[    2.849948] udevd[465]: starting eudev-3.2.14
[    2.910692] ACPI: AC: AC Adapter [ADP1] (on-line)
[    2.910704] resource: resource sanity check: requesting [mem 0x00000000fedc0000-0x00000000fedcffff], which spans more than pnp 00:02 [mem 0xfedc0000-0xfedc7fff]
[    2.933010] caller igen6_probe+0x15e/0x7c0 [igen6_edac] mapping multiple BARs
[    2.942348] EDAC MC0: Giving out device to module igen6_edac controller Intel_client_SoC MC#0: DEV 0000:00:00.0 (INTERRUPT)
[    2.951113] EDAC igen6 MC0: HANDLING IBECC MEMORY ERROR
[    2.951116] EDAC igen6 MC0: ADDR 0x7fffffffe0 
[    2.951171] EDAC igen6: v2.5.1
[    2.963607] input: Intel HID events as /devices/platform/INTC1070:00/input/input7
[    2.972148] intel-hid INTC1070:00: platform supports 5 button array
[    2.972762] intel_pmc_core INT33A1:00:  initialized
[    2.977092] input: Intel HID 5 button array as /devices/platform/INTC1070:00/input/input8
[    3.003543] input: Lid Switch as /devices/LNXSYSTM:00/LNXSYBUS:00/PNP0A08:00/device:06/PNP0C09:00/PNP0C0D:00/input/input9
[    3.013308] ACPI: button: Lid Switch [LID0]
[    3.018171] input: Power Button as /devices/LNXSYSTM:00/LNXSYBUS:00/PNP0C0C:00/input/input10
[    3.028257] ACPI: button: Power Button [PWRB]
[    3.033405] input: Sleep Button as /devices/LNXSYSTM:00/LNXSYBUS:00/PNP0C0E:00/input/input11
[    3.043031] ACPI: button: Sleep Button [SLPB]
[    3.048923] ACPI: bus type drm_connector registered
[    3.078793] pstore: Using crash dump compression: deflate
[    3.094959] input: PC Speaker as /devices/platform/pcspkr/input/input12
[    3.101510] pstore: Registered efi_pstore as persistent store backend
[    3.124740] bmc150_accel_i2c i2c-BOSC0200:00: supply vdd not found, using dummy regulator
[    3.134989] mei_me 0000:00:16.0: enabling device (0000 -> 0002)
[    3.144455] bmc150_accel_i2c i2c-BOSC0200:00: supply vddio not found, using dummy regulator
[    3.162435] mc: Linux media interface: v0.10
[    3.303923] Bluetooth: Core ver 2.22
[    3.308207] NET: Registered PF_BLUETOOTH protocol family
[    3.308209] Bluetooth: HCI device and connection manager initialized
[    3.308214] Bluetooth: HCI socket layer initialized
[    3.308217] Bluetooth: L2CAP socket layer initialized
[    3.308222] Bluetooth: SCO socket layer initialized
[    3.360902] cfg80211: Loading compiled-in X.509 certificates for regulatory database
[    3.369430] Loaded X.509 cert 'benh@debian.org: 577e021cb980e0e820821ba7b54b4961b8b4fadf'
[    3.378872] Loaded X.509 cert 'romain.perier@gmail.com: 3abbc6ec146e09d1b6016ab9d6cf71dd233f0328'
[    3.379175] Loaded X.509 cert 'sforshee: 00b28ddf47aef9cea7'
[    3.379428] Loaded X.509 cert 'wens: 61c038651aabdcf94bd0ac7ff06c7248db18c600'
[    3.408005] videodev: Linux video capture interface: v2.00
[    3.417024] RAPL PMU: API unit is 2^-32 Joules, 4 fixed counters, 655360 ms ovfl timer
[    3.417030] RAPL PMU: hw unit of domain pp0-core 2^-14 Joules
[    3.417031] RAPL PMU: hw unit of domain package 2^-14 Joules
[    3.417032] RAPL PMU: hw unit of domain pp1-gpu 2^-14 Joules
[    3.417033] RAPL PMU: hw unit of domain psys 2^-14 Joules
[    3.436480] cryptd: max_cpu_qlen set to 1000
[    3.464976] snd_hda_intel 0000:00:1f.3: enabling device (0000 -> 0002)
[    3.482309] usbcore: registered new interface driver btusb
[    3.489317] Bluetooth: hci0: RTL: examining hci_ver=0b hci_rev=000b lmp_ver=0b lmp_subver=8852
[    3.498272] Bluetooth: hci0: RTL: rom_version status=0 version=1
[    3.502658] Bluetooth: hci0: RTL: loading rtl_bt/rtl8852bu_fw.bin
[    3.510646] Bluetooth: hci0: RTL: loading rtl_bt/rtl8852bu_config.bin
[    3.514874] AES CTR mode by8 optimization enabled
[    3.533260] Bluetooth: hci0: RTL: cfg_sz 6, total sz 54947
[    3.539598] usb 3-3: Found UVC 1.00 device icspring camera (32e6:9005)
[    3.615033] usbcore: registered new interface driver uvcvideo
[    3.857350] Bluetooth: hci0: RTL: fw version 0x0474842d
[    4.008471] i915 0000:00:02.0: [drm] Found ALDERLAKE_P/ADL-N (device ID 46d1) display version 13.00 stepping D0
[    4.016496] i915 0000:00:02.0: [drm:intel_gt_common_init_early [i915]] WOPCM: 2048K
[    4.016698] i915 0000:00:02.0: [drm:intel_uc_init_early [i915]] GT0: enable_guc=3 (guc:yes submission:yes huc:yes slpc:yes)
[    4.016899] i915 0000:00:02.0: [drm:intel_pch_type [i915]] Found Alder Lake PCH
[    4.017068] i915 0000:00:02.0: [drm:intel_gt_probe_all [i915]] GT0: Setting up Primary GT
[    4.017226] i915 0000:00:02.0: [drm:intel_uncore_init_mmio [i915]] unclaimed mmio detected on uncore init, clearing
[    4.017383] i915 0000:00:02.0: [drm:intel_display_device_info_runtime_init [i915]] rawclk rate: 19200 kHz
[    4.017743] i915 0000:00:02.0: [drm:intel_engines_init_mmio [i915]] GT0: vcs2 fused off
[    4.017904] i915 0000:00:02.0: [drm:intel_engines_init_mmio [i915]] GT0: vdbox enable: 0001, instances: 0001
[    4.018089] i915 0000:00:02.0: [drm:intel_engines_init_mmio [i915]] GT0: vebox enable: 0001, instances: 0001
[    4.018467] i915 0000:00:02.0: [drm:i915_ggtt_probe_hw [i915]] GGTT size = 4096M
[    4.018656] i915 0000:00:02.0: [drm:i915_ggtt_probe_hw [i915]] GMADR size = 256M
[    4.018837] i915 0000:00:02.0: [drm:i915_ggtt_probe_hw [i915]] DSM size = 60M
[    4.019015] i915 0000:00:02.0: [drm] VT-d active for gfx access
[    4.023528] Console: switching to colour dummy device 80x25
[    4.023906] i915 0000:00:02.0: vgaarb: deactivate vga console
[    4.024005] i915 0000:00:02.0: [drm] Using Transparent Hugepages
[    4.024016] i915 0000:00:02.0: [drm:i915_gem_init_stolen [i915]] GEN6_STOLEN_RESERVED = 0x0000000080200087
[    4.024208] i915 0000:00:02.0: [drm:i915_gem_init_stolen [i915]] Memory reserved for graphics device: 61440K, usable: 59392K
[    4.024512] i915 0000:00:02.0: [drm:intel_memory_regions_hw_probe [i915]] Memory region(0): system: 11639 MiB [mem 0x00000000-0x2d7787fff], io: n/a
[    4.024651] i915 0000:00:02.0: [drm:intel_memory_regions_hw_probe [i915]] Memory region(5): stolen-system: 58 MiB [mem 0x7c800000-0x801fffff], io: n/a
[    4.024830] i915 0000:00:02.0: [drm:intel_opregion_setup [i915]] graphic opregion physical addr: 0x734a3018
[    4.025022] i915 0000:00:02.0: [drm:intel_opregion_setup [i915]] ACPI OpRegion version 2.1.0
[    4.025188] i915 0000:00:02.0: [drm:intel_opregion_setup [i915]] Public ACPI methods supported
[    4.025347] i915 0000:00:02.0: [drm:intel_opregion_setup [i915]] ASLE supported
[    4.025501] i915 0000:00:02.0: [drm:intel_opregion_setup [i915]] ASLE extension supported
[    4.025658] i915 0000:00:02.0: [drm:intel_opregion_setup [i915]] Found valid VBT in ACPI OpRegion (RVDA)
[    4.025812] i915 0000:00:02.0: [drm:intel_dram_detect [i915]] Num qgv points 4
[    4.025952] i915 0000:00:02.0: [drm:intel_dram_detect [i915]] DRAM channels: 2
[    4.026084] i915 0000:00:02.0: [drm:i915_driver_probe [i915]] Watermark level 0 adjustment needed: no
[    4.026218] i915 0000:00:02.0: [drm:icl_get_qgv_points.constprop.0 [i915]] QGV 0: DCLK=2401 tRP=24 tRDPRE=20 tRAS=52 tRCD=24 tRC=76
[    4.026422] i915 0000:00:02.0: [drm:icl_get_qgv_points.constprop.0 [i915]] QGV 1: DCLK=4001 tRP=36 tRDPRE=24 tRAS=84 tRCD=36 tRC=120
[    4.026615] i915 0000:00:02.0: [drm:icl_get_qgv_points.constprop.0 [i915]] QGV 2: DCLK=4401 tRP=40 tRDPRE=28 tRAS=96 tRCD=40 tRC=136
[    4.026801] i915 0000:00:02.0: [drm:icl_get_qgv_points.constprop.0 [i915]] QGV 3: DCLK=4801 tRP=44 tRDPRE=28 tRAS=104 tRCD=44 tRC=148
[    4.026986] i915 0000:00:02.0: [drm:icl_get_qgv_points.constprop.0 [i915]] PSF GV 0: CLK=32 
[    4.027161] i915 0000:00:02.0: [drm:icl_get_qgv_points.constprop.0 [i915]] PSF GV 1: CLK=38 
[    4.027334] i915 0000:00:02.0: [drm:icl_get_qgv_points.constprop.0 [i915]] PSF GV 2: CLK=48 
[    4.027506] i915 0000:00:02.0: [drm:tgl_get_bw_info.isra.0 [i915]] BW0 / QGV 0: num_planes=0 deratedbw=8478 peakbw: 19208
[    4.027677] i915 0000:00:02.0: [drm:tgl_get_bw_info.isra.0 [i915]] BW0 / QGV 1: num_planes=0 deratedbw=11380 peakbw: 32008
[    4.027848] i915 0000:00:02.0: [drm:tgl_get_bw_info.isra.0 [i915]] BW0 / QGV 2: num_planes=0 deratedbw=11556 peakbw: 35208
[    4.028017] i915 0000:00:02.0: [drm:tgl_get_bw_info.isra.0 [i915]] BW0 / QGV 3: num_planes=0 deratedbw=11991 peakbw: 38408
[    4.028185] i915 0000:00:02.0: [drm:tgl_get_bw_info.isra.0 [i915]] BW0 / PSF GV 0: num_planes=0 bw=34133
[    4.028359] i915 0000:00:02.0: [drm:tgl_get_bw_info.isra.0 [i915]] BW0 / PSF GV 1: num_planes=0 bw=40533
[    4.028529] i915 0000:00:02.0: [drm:tgl_get_bw_info.isra.0 [i915]] BW0 / PSF GV 2: num_planes=0 bw=51200
[    4.028695] i915 0000:00:02.0: [drm:tgl_get_bw_info.isra.0 [i915]] BW1 / QGV 0: num_planes=4 deratedbw=10928 peakbw: 19208
[    4.028860] i915 0000:00:02.0: [drm:tgl_get_bw_info.isra.0 [i915]] BW1 / QGV 1: num_planes=4 deratedbw=15758 peakbw: 32008
[    4.029023] i915 0000:00:02.0: [drm:tgl_get_bw_info.isra.0 [i915]] BW1 / QGV 2: num_planes=4 deratedbw=16388 peakbw: 35208
[    4.029186] i915 0000:00:02.0: [drm:tgl_get_bw_info.isra.0 [i915]] BW1 / QGV 3: num_planes=4 deratedbw=17250 peakbw: 38408
[    4.029349] i915 0000:00:02.0: [drm:tgl_get_bw_info.isra.0 [i915]] BW1 / PSF GV 0: num_planes=4 bw=34133
[    4.029510] i915 0000:00:02.0: [drm:tgl_get_bw_info.isra.0 [i915]] BW1 / PSF GV 1: num_planes=4 bw=40533
[    4.029672] i915 0000:00:02.0: [drm:tgl_get_bw_info.isra.0 [i915]] BW1 / PSF GV 2: num_planes=4 bw=51200
[    4.029833] i915 0000:00:02.0: [drm:tgl_get_bw_info.isra.0 [i915]] BW2 / QGV 0: num_planes=0 deratedbw=12772 peakbw: 19208
[    4.029993] i915 0000:00:02.0: [drm:tgl_get_bw_info.isra.0 [i915]] BW2 / QGV 1: num_planes=0 deratedbw=19510 peakbw: 32008
[    4.030154] i915 0000:00:02.0: [drm:tgl_get_bw_info.isra.0 [i915]] BW2 / QGV 2: num_planes=0 deratedbw=20720 peakbw: 35208
[    4.030314] i915 0000:00:02.0: [drm:tgl_get_bw_info.isra.0 [i915]] BW2 / QGV 3: num_planes=0 deratedbw=22096 peakbw: 38408
[    4.030474] i915 0000:00:02.0: [drm:tgl_get_bw_info.isra.0 [i915]] BW2 / PSF GV 0: num_planes=0 bw=34133
[    4.030633] i915 0000:00:02.0: [drm:tgl_get_bw_info.isra.0 [i915]] BW2 / PSF GV 1: num_planes=0 bw=40533
[    4.030791] i915 0000:00:02.0: [drm:tgl_get_bw_info.isra.0 [i915]] BW2 / PSF GV 2: num_planes=0 bw=51200
[    4.030950] i915 0000:00:02.0: [drm:tgl_get_bw_info.isra.0 [i915]] BW3 / QGV 0: num_planes=0 deratedbw=13950 peakbw: 19208
[    4.031109] i915 0000:00:02.0: [drm:tgl_get_bw_info.isra.0 [i915]] BW3 / QGV 1: num_planes=0 deratedbw=22146 peakbw: 32008
[    4.031267] i915 0000:00:02.0: [drm:tgl_get_bw_info.isra.0 [i915]] BW3 / QGV 2: num_planes=0 deratedbw=23044 peakbw: 35208
[    4.031424] i915 0000:00:02.0: [drm:tgl_get_bw_info.isra.0 [i915]] BW3 / QGV 3: num_planes=0 deratedbw=23044 peakbw: 38408
[    4.031581] i915 0000:00:02.0: [drm:tgl_get_bw_info.isra.0 [i915]] BW3 / PSF GV 0: num_planes=0 bw=34133
[    4.031738] i915 0000:00:02.0: [drm:tgl_get_bw_info.isra.0 [i915]] BW3 / PSF GV 1: num_planes=0 bw=40533
[    4.031895] i915 0000:00:02.0: [drm:tgl_get_bw_info.isra.0 [i915]] BW3 / PSF GV 2: num_planes=0 bw=51200
[    4.032052] i915 0000:00:02.0: [drm:tgl_get_bw_info.isra.0 [i915]] BW4 / QGV 0: num_planes=0 deratedbw=14624 peakbw: 19208
[    4.032209] i915 0000:00:02.0: [drm:tgl_get_bw_info.isra.0 [i915]] BW4 / QGV 1: num_planes=0 deratedbw=23044 peakbw: 32008
[    4.032371] i915 0000:00:02.0: [drm:tgl_get_bw_info.isra.0 [i915]] BW4 / QGV 2: num_planes=0 deratedbw=23044 peakbw: 35208
[    4.032533] i915 0000:00:02.0: [drm:tgl_get_bw_info.isra.0 [i915]] BW4 / QGV 3: num_planes=0 deratedbw=23044 peakbw: 38408
[    4.032689] i915 0000:00:02.0: [drm:tgl_get_bw_info.isra.0 [i915]] BW4 / PSF GV 0: num_planes=0 bw=34133
[    4.032845] i915 0000:00:02.0: [drm:tgl_get_bw_info.isra.0 [i915]] BW4 / PSF GV 1: num_planes=0 bw=40533
[    4.033000] i915 0000:00:02.0: [drm:tgl_get_bw_info.isra.0 [i915]] BW4 / PSF GV 2: num_planes=0 bw=51200
[    4.033155] i915 0000:00:02.0: [drm:tgl_get_bw_info.isra.0 [i915]] BW5 / QGV 0: num_planes=0 deratedbw=14986 peakbw: 19208
[    4.033311] i915 0000:00:02.0: [drm:tgl_get_bw_info.isra.0 [i915]] BW5 / QGV 1: num_planes=0 deratedbw=23044 peakbw: 32008
[    4.033467] i915 0000:00:02.0: [drm:tgl_get_bw_info.isra.0 [i915]] BW5 / QGV 2: num_planes=0 deratedbw=23044 peakbw: 35208
[    4.033622] i915 0000:00:02.0: [drm:tgl_get_bw_info.isra.0 [i915]] BW5 / QGV 3: num_planes=0 deratedbw=23044 peakbw: 38408
[    4.033777] i915 0000:00:02.0: [drm:tgl_get_bw_info.isra.0 [i915]] BW5 / PSF GV 0: num_planes=0 bw=34133
[    4.033932] i915 0000:00:02.0: [drm:tgl_get_bw_info.isra.0 [i915]] BW5 / PSF GV 1: num_planes=0 bw=40533
[    4.034086] i915 0000:00:02.0: [drm:tgl_get_bw_info.isra.0 [i915]] BW5 / PSF GV 2: num_planes=0 bw=51200
[    4.034664] i915 0000:00:02.0: [drm:intel_bios_init [i915]] Set default to SSC at 120000 kHz
[    4.034886] i915 0000:00:02.0: [drm:intel_bios_init [i915]] VBT signature "$VBT ALDERLAKE-P    ", BDB version 249
[    4.035070] i915 0000:00:02.0: [drm:intel_bios_init [i915]] Found BDB block 1 (size 6, min size 7)
[    4.035239] i915 0000:00:02.0: [drm:intel_bios_init [i915]] Found BDB block 2 (size 395, min size 5)
[    4.035401] i915 0000:00:02.0: [drm:intel_bios_init [i915]] Found BDB block 9 (size 100, min size 100)
[    4.035560] i915 0000:00:02.0: [drm:intel_bios_init [i915]] Found BDB block 12 (size 19, min size 19)
[    4.035718] i915 0000:00:02.0: [drm:intel_bios_init [i915]] Found BDB block 27 (size 812, min size 848)
[    4.035874] i915 0000:00:02.0: [drm:intel_bios_init [i915]] Found BDB block 40 (size 34, min size 34)
[    4.036029] i915 0000:00:02.0: [drm:intel_bios_init [i915]] Generating LFP data table pointers
[    4.036183] i915 0000:00:02.0: [drm:intel_bios_init [i915]] Found BDB block 41 (size 148, min size 148)
[    4.036338] i915 0000:00:02.0: [drm:intel_bios_init [i915]] Found BDB block 42 (size 1366, min size 1366)
[    4.036489] i915 0000:00:02.0: [drm:intel_bios_init [i915]] Found BDB block 43 (size 305, min size 305)
[    4.036629] i915 0000:00:02.0: [drm:intel_bios_init [i915]] Found BDB block 44 (size 78, min size 136)
[    4.036768] i915 0000:00:02.0: [drm:intel_bios_init [i915]] Found BDB block 52 (size 822, min size 822)
[    4.036908] i915 0000:00:02.0: [drm:intel_bios_init [i915]] Found BDB block 53 (size 2001, min size 1)
[    4.037047] i915 0000:00:02.0: [drm:intel_bios_init [i915]] Found BDB block 56 (size 210, min size 210)
[    4.037186] i915 0000:00:02.0: [drm:intel_bios_init [i915]] Found BDB block 58 (size 674, min size 2)
[    4.037324] i915 0000:00:02.0: [drm:intel_bios_init [i915]] BDB_GENERAL_FEATURES int_tv_support 0 int_crt_support 0 lvds_use_ssc 0 lvds_ssc_freq 120000 display_clock_mode 1 fdi_rx_polarity_inverted 0
[    4.037462] i915 0000:00:02.0: [drm:intel_bios_init [i915]] crt_ddc_bus_pin: 2
[    4.037600] i915 0000:00:02.0: [drm:intel_bios_init [i915]] Found VBT child device with type 0x1400
[    4.037738] i915 0000:00:02.0: [drm:intel_bios_init [i915]] Found VBT child device with type 0x60d2
[    4.037875] i915 0000:00:02.0: [drm:intel_bios_init [i915]] Found VBT child device with type 0x68c6
[    4.038013] i915 0000:00:02.0: [drm:intel_bios_init [i915]] Skipping SDVO device mapping
[    4.038151] i915 0000:00:02.0: [drm:intel_bios_init [i915]] Port A VBT info: CRT:0 DVI:0 HDMI:0 DP:0 eDP:0 DSI:1 DP++:0 LSPCON:0 USB-Type-C:0 TBT:0 DSC:0
[    4.038289] i915 0000:00:02.0: [drm:intel_bios_init [i915]] Port A VBT HDMI level shift: 0
[    4.038427] i915 0000:00:02.0: [drm:intel_bios_init [i915]] Port B VBT info: CRT:0 DVI:1 HDMI:1 DP:0 eDP:0 DSI:0 DP++:0 LSPCON:0 USB-Type-C:0 TBT:0 DSC:0
[    4.038565] i915 0000:00:02.0: [drm:intel_bios_init [i915]] Port B VBT HDMI level shift: 0
[    4.038702] i915 0000:00:02.0: [drm:intel_bios_init [i915]] Port B VBT HDMI max TMDS clock: 594000 kHz
[    4.038839] i915 0000:00:02.0: [drm:intel_bios_init [i915]] Port E VBT info: CRT:0 DVI:0 HDMI:0 DP:1 eDP:0 DSI:0 DP++:0 LSPCON:0 USB-Type-C:1 TBT:1 DSC:0
[    4.038978] i915 0000:00:02.0: [drm:intel_bios_init [i915]] Port E VBT HDMI level shift: 0
[    4.039117] i915 0000:00:02.0: [drm:intel_power_domains_init [i915]] Allowed DC state mask 4000000a
[    4.039304] i915 0000:00:02.0: [drm:gen9_set_dc_state.part.0 [i915]] Setting DC state from 00 to 00
[    4.039506] i915 0000:00:02.0: [drm:check_phy_reg [i915]] Combo PHY A reg 001628a0 state mismatch: current 9003517c mask e0000000 expected a0000000
[    4.039691] i915 0000:00:02.0: [drm:icl_combo_phys_init [i915]] Initializing combo PHY A (Voltage/Process Info : 0.85V dot0 (low-voltage))
[    4.039896] i915 0000:00:02.0: [drm:intel_power_well_enable [i915]] enabling PW_1
[    4.040072] i915 0000:00:02.0: [drm:intel_cdclk_init_hw [i915]] Current CDCLK 179200 kHz, VCO 537600 kHz, ref 38400 kHz, bypass 19200 kHz, voltage level 0
[    4.040236] i915 0000:00:02.0: [drm:gen9_dbuf_slices_update [i915]] Updating dbuf slices to 0xf
[    4.040460] i915 0000:00:02.0: [drm:intel_power_well_enable [i915]] enabling always-on
[    4.040623] i915 0000:00:02.0: [drm:intel_power_well_enable [i915]] enabling DC_off
[    4.040786] i915 0000:00:02.0: [drm:gen9_set_dc_state.part.0 [i915]] Setting DC state from 00 to 00
[    4.040993] i915 0000:00:02.0: [drm:intel_power_well_enable [i915]] enabling PW_2
[    4.041153] i915 0000:00:02.0: vgaarb: VGA decodes changed: olddecodes=io+mem,decodes=io+mem:owns=io+mem
[    4.041161] i915 0000:00:02.0: [drm:intel_power_well_enable [i915]] enabling PW_A
[    4.041319] i915 0000:00:02.0: [drm:intel_power_well_enable [i915]] enabling PW_B
[    4.041474] i915 0000:00:02.0: [drm:intel_power_well_enable [i915]] enabling PW_C
[    4.041628] i915 0000:00:02.0: [drm:intel_power_well_enable [i915]] enabling PW_D
[    4.041832] i915 0000:00:02.0: [drm:intel_dmc_init [i915]] Loading i915/adlp_dmc.bin
[    4.042112] i915 0000:00:02.0: [drm:intel_bw_init [i915]] Forcing SAGV disable: mask 0x307
[    4.042392] i915 0000:00:02.0: [drm:intel_fbc_init [i915]] Sanitized enable_fbc value: 1
[    4.042873] i915 0000:00:02.0: [drm:skl_wm_init [i915]] SAGV supported: yes, original SAGV block time: 35 us
[    4.043064] i915 0000:00:02.0: [drm:intel_print_wm_latency [i915]] Gen9 Plane WM0 latency 3 (3.0 usec)
[    4.043239] i915 0000:00:02.0: [drm:intel_print_wm_latency [i915]] Gen9 Plane WM1 latency 54 (54.0 usec)
[    4.043406] i915 0000:00:02.0: [drm:intel_print_wm_latency [i915]] Gen9 Plane WM2 latency 83 (83.0 usec)
[    4.043569] i915 0000:00:02.0: [drm:intel_print_wm_latency [i915]] Gen9 Plane WM3 latency 102 (102.0 usec)
[    4.043730] i915 0000:00:02.0: [drm:intel_print_wm_latency [i915]] Gen9 Plane WM4 latency 147 (147.0 usec)
[    4.043889] i915 0000:00:02.0: [drm:intel_print_wm_latency [i915]] Gen9 Plane WM5 latency 147 (147.0 usec)
[    4.044270] i915 0000:00:02.0: [drm:intel_display_driver_probe_nogem [i915]] 3 display pipes available.
[    4.044791] i915 0000:00:02.0: [drm:intel_cdclk_dump_config [i915]] Current CDCLK 179200 kHz, VCO 537600 kHz, ref 38400 kHz, bypass 19200 kHz, voltage level 0
[    4.044996] i915 0000:00:02.0: [drm:intel_update_max_cdclk [i915]] Max CD clock rate: 652800 kHz
[    4.045182] i915 0000:00:02.0: [drm:intel_display_driver_probe_nogem [i915]] Max dotclock rate: 1305600 kHz
[    4.045466] [drm] cmdline forces connector DSI-1 panel_orientation to 3
[    4.045474] [drm:__drm_connector_init [drm]] cmdline mode for connector DSI-1  0x0@60Hz
[    4.045527] i915 0000:00:02.0: [drm:intel_bios_init_panel [i915]] Panel type (VBT): 0
[    4.045720] i915 0000:00:02.0: [drm:intel_bios_init_panel [i915]] Panel type (fallback): 0
[    4.045913] i915 0000:00:02.0: [drm:intel_bios_init_panel [i915]] Selected panel type (VBT): 0
[    4.046089] i915 0000:00:02.0: [drm:intel_bios_init_panel [i915]] DRRS supported mode is seamless
[    4.046284] i915 0000:00:02.0: [drm:intel_bios_init_panel [i915]] Found panel mode in BIOS VBT generic dtd table: "800x1280": 61 67420 800 820 830 842 1280 1297 1301 1322 0x8 0x5
[    4.046476] i915 0000:00:02.0: [drm:intel_bios_init_panel [i915]] Panel manufacturer name: MS_, product code: 1, serial number: 1, year of manufacture: 2002
[    4.046647] i915 0000:00:02.0: [drm:intel_bios_init_panel [i915]] Panel name: LFP_PanelName
[    4.046839] i915 0000:00:02.0: [drm:intel_bios_init_panel [i915]] Seamless DRRS min refresh rate: 0 Hz
[    4.047024] i915 0000:00:02.0: [drm:intel_bios_init_panel [i915]] VBT backlight PWM modulation frequency 200 Hz, active high, min brightness 20, level 255, controller 0
[    4.047226] i915 0000:00:02.0: [drm:intel_bios_init_panel [i915]] Found MIPI Config block, panel index = 0
[    4.047536] i915 0000:00:02.0: [drm:dmc_load_work_fn [i915]] DMC 0:
[    4.047747] i915 0000:00:02.0: [drm:dmc_load_work_fn [i915]]  mmio[0]: 0x8f074 = 0x86fc0
[    4.047940] i915 0000:00:02.0: [drm:dmc_load_work_fn [i915]]  mmio[1]: 0x8f034 = 0xc003b400 (EVT_CTL)
[    4.048127] i915 0000:00:02.0: [drm:dmc_load_work_fn [i915]]  mmio[2]: 0x8f004 = 0x1240108 (EVT_HTP)
[    4.048311] i915 0000:00:02.0: [drm:dmc_load_work_fn [i915]]  mmio[3]: 0x8f038 = 0xc003b200 (EVT_CTL)
[    4.048374] i915 0000:00:02.0: [drm:intel_bios_init_panel [i915]] Found MIPI sequence block v3
[    4.048504] i915 0000:00:02.0: [drm:dmc_load_work_fn [i915]]  mmio[4]: 0x8f008 = 0x512050d4 (EVT_HTP)
[    4.048617] i915 0000:00:02.0: [drm:icl_dsi_init [i915]] MIPI related VBT parsing complete
[    4.048691] i915 0000:00:02.0: [drm:dmc_load_work_fn [i915]]  mmio[5]: 0x8f03c = 0xc003b300 (EVT_CTL)
[    4.048821] i915 0000:00:02.0: [drm:intel_panel_add_fixed_mode [i915]] [CONNECTOR:189:DSI-1] using VBT LFP fixed mode: "800x1280": 61 67420 800 820 830 842 1280 1297 1301 1322 0x48 0x5
[    4.048873] i915 0000:00:02.0: [drm:dmc_load_work_fn [i915]]  mmio[6]: 0x8f00c = 0x584c57fc (EVT_HTP)
[    4.049008] i915 0000:00:02.0: [drm:intel_panel_init [i915]] [CONNECTOR:189:DSI-1] DRRS type: none
[    4.049063] i915 0000:00:02.0: [drm:dmc_load_work_fn [i915]] DMC 1:
[    4.049202] i915 0000:00:02.0: [drm:cnp_setup_backlight [i915]] [CONNECTOR:189:DSI-1] Using native PCH PWM for backlight control (controller=0)
[    4.049244] i915 0000:00:02.0: [drm:dmc_load_work_fn [i915]]  mmio[0]: 0x5f074 = 0x96fc0
[    4.049397] i915 0000:00:02.0: [drm:intel_backlight_setup [i915]] [CONNECTOR:189:DSI-1] backlight initialized, enabled, brightness 96000/96000
[    4.049424] i915 0000:00:02.0: [drm:dmc_load_work_fn [i915]]  mmio[1]: 0x5f034 = 0xc003df00 (EVT_CTL) (disabling)
[    4.049571] i915 0000:00:02.0: [drm:intel_dsi_vbt_init [i915]] 
[    4.049605] i915 0000:00:02.0: [drm:dmc_load_work_fn [i915]]  mmio[2]: 0x5f004 = 0x214c2114 (EVT_HTP)
[    4.049742] i915 0000:00:02.0: [drm:intel_dsi_log_params [i915]] Pclk 67420
[    4.049784] i915 0000:00:02.0: [drm:dmc_load_work_fn [i915]]  mmio[3]: 0x5f038 = 0xc003e000 (EVT_CTL) (disabling)
[    4.049903] i915 0000:00:02.0: [drm:intel_dsi_log_params [i915]] Pixel overlap 0
[    4.049963] i915 0000:00:02.0: [drm:dmc_load_work_fn [i915]]  mmio[4]: 0x5f008 = 0x22402208 (EVT_HTP)
[    4.050060] i915 0000:00:02.0: [drm:intel_dsi_log_params [i915]] Lane count 4
[    4.050142] i915 0000:00:02.0: [drm:dmc_load_work_fn [i915]]  mmio[5]: 0x5f03c = 0xc0032c00 (EVT_CTL) (disabling)
[    4.050215] i915 0000:00:02.0: [drm:intel_dsi_log_params [i915]] DPHY param reg 0xc8690082
[    4.050320] i915 0000:00:02.0: [drm:dmc_load_work_fn [i915]]  mmio[6]: 0x5f00c = 0x241422fc (EVT_HTP)
[    4.050368] i915 0000:00:02.0: [drm:intel_dsi_log_params [i915]] Video mode format non-burst with sync events
[    4.050497] i915 0000:00:02.0: [drm:dmc_load_work_fn [i915]]  mmio[7]: 0x5f040 = 0xc0033100 (EVT_CTL) (disabling)
[    4.050519] i915 0000:00:02.0: [drm:intel_dsi_log_params [i915]] Burst mode ratio 100
[    4.050669] i915 0000:00:02.0: [drm:intel_dsi_log_params [i915]] Reset timer 255
[    4.050675] i915 0000:00:02.0: [drm:dmc_load_work_fn [i915]]  mmio[8]: 0x5f010 = 0x26f826cc (EVT_HTP)
[    4.050819] i915 0000:00:02.0: [drm:intel_dsi_log_params [i915]] Eot enabled
[    4.050855] i915 0000:00:02.0: [drm:dmc_load_work_fn [i915]] DMC 2:
[    4.050968] i915 0000:00:02.0: [drm:intel_dsi_log_params [i915]] Clockstop enabled
[    4.051032] i915 0000:00:02.0: [drm:dmc_load_work_fn [i915]]  mmio[0]: 0x5f474 = 0x9efc0
[    4.051116] i915 0000:00:02.0: [drm:intel_dsi_log_params [i915]] Mode video
[    4.051208] i915 0000:00:02.0: [drm:dmc_load_work_fn [i915]]  mmio[1]: 0x5f434 = 0xc003df00 (EVT_CTL) (disabling)
[    4.051265] i915 0000:00:02.0: [drm:intel_dsi_log_params [i915]] Dual link: NONE
[    4.051384] i915 0000:00:02.0: [drm:dmc_load_work_fn [i915]]  mmio[2]: 0x5f404 = 0xa968a930 (EVT_HTP)
[    4.051413] i915 0000:00:02.0: [drm:intel_dsi_log_params [i915]] Pixel Format 0
[    4.051560] i915 0000:00:02.0: [drm:intel_dsi_log_params [i915]] TLPX 0
[    4.051559] i915 0000:00:02.0: [drm:dmc_load_work_fn [i915]]  mmio[3]: 0x5f438 = 0xc003e000 (EVT_CTL) (disabling)
[    4.051708] i915 0000:00:02.0: [drm:intel_dsi_log_params [i915]] LP RX Timeout 0xffff
[    4.051733] i915 0000:00:02.0: [drm:dmc_load_work_fn [i915]]  mmio[4]: 0x5f408 = 0xaa5caa24 (EVT_HTP)
[    4.051855] i915 0000:00:02.0: [drm:intel_dsi_log_params [i915]] Turnaround Timeout 0x17
[    4.051907] i915 0000:00:02.0: [drm:dmc_load_work_fn [i915]]  mmio[5]: 0x5f43c = 0xc0032c00 (EVT_CTL) (disabling)
[    4.052001] i915 0000:00:02.0: [drm:intel_dsi_log_params [i915]] Init Count 0x7d0
[    4.052082] i915 0000:00:02.0: [drm:dmc_load_work_fn [i915]]  mmio[6]: 0x5f40c = 0xac30ab18 (EVT_HTP)
[    4.052148] i915 0000:00:02.0: [drm:intel_dsi_log_params [i915]] HS to LP Count 0x0
[    4.052256] i915 0000:00:02.0: [drm:dmc_load_work_fn [i915]]  mmio[7]: 0x5f440 = 0xc0033100 (EVT_CTL) (disabling)
[    4.052294] i915 0000:00:02.0: [drm:intel_dsi_log_params [i915]] LP Byte Clock 0
[    4.052446] i915 0000:00:02.0: [drm:intel_dsi_log_params [i915]] DBI BW Timer 0x0
[    4.052441] i915 0000:00:02.0: [drm:dmc_load_work_fn [i915]]  mmio[8]: 0x5f410 = 0xaf14aee8 (EVT_HTP)
[    4.052592] i915 0000:00:02.0: [drm:intel_dsi_log_params [i915]] LP to HS Clock Count 0x0
[    4.052622] i915 0000:00:02.0: [drm:dmc_load_work_fn [i915]] DMC 3:
[    4.052739] i915 0000:00:02.0: [drm:intel_dsi_log_params [i915]] HS to LP Clock Count 0x0
[    4.052795] i915 0000:00:02.0: [drm:dmc_load_work_fn [i915]]  mmio[0]: 0x5f874 = 0x53fc0
[    4.052883] i915 0000:00:02.0: [drm:icl_dsi_init [i915]] BTA enabled
[    4.052969] i915 0000:00:02.0: [drm:dmc_load_work_fn [i915]]  mmio[1]: 0x5f83c = 0xc0032c00 (EVT_CTL) (disabling)
[    4.053075] i915 0000:00:02.0: [drm:intel_hdmi_init_connector [i915]] Adding HDMI connector on [ENCODER:192:DDI B/PHY B]
[    4.053147] i915 0000:00:02.0: [drm:dmc_load_work_fn [i915]]  mmio[2]: 0x5f80c = 0x25202408 (EVT_HTP)
[    4.053233] i915 0000:00:02.0: [drm:intel_hdmi_init_connector [i915]] [ENCODER:192:DDI B/PHY B] Using DDC pin 0x2 (VBT)
[    4.053321] i915 0000:00:02.0: [drm:dmc_load_work_fn [i915]]  mmio[3]: 0x5f840 = 0xc0033100 (EVT_CTL) (disabling)
[    4.053409] i915 0000:00:02.0: [drm:intel_dp_aux_ch [i915]] [ENCODER:202:DDI TC2/PHY TC2] Using AUX CH USBC2 (VBT)
[    4.053495] i915 0000:00:02.0: [drm:dmc_load_work_fn [i915]]  mmio[4]: 0x5f810 = 0x280427d8 (EVT_HTP)
[    4.053592] i915 0000:00:02.0: [drm:tc_phy_get_current_mode [i915]] Port E/TC#2: PHY mode: tbt-alt (ready: yes, owned: no, HPD: disconnected)
[    4.053667] i915 0000:00:02.0: [drm:dmc_load_work_fn [i915]] DMC 4:
[    4.053801] i915 0000:00:02.0: [drm:intel_dp_init_connector [i915]] Adding DP connector on [ENCODER:202:DDI TC2/PHY TC2]
[    4.053836] i915 0000:00:02.0: [drm:dmc_load_work_fn [i915]]  mmio[0]: 0x5fc74 = 0x5afc0
[    4.054008] i915 0000:00:02.0: [drm:dmc_load_work_fn [i915]]  mmio[1]: 0x5fc3c = 0xc0032c00 (EVT_CTL) (disabling)
[    4.054023] i915 0000:00:02.0: [drm:intel_modeset_setup_hw_state [i915]] [CRTC:82:pipe A] hw state readout: enabled
[    4.054180] i915 0000:00:02.0: [drm:dmc_load_work_fn [i915]]  mmio[2]: 0x5fc0c = 0x95209408 (EVT_HTP)
[    4.054226] i915 0000:00:02.0: [drm:intel_modeset_setup_hw_state [i915]] [CRTC:134:pipe B] hw state readout: disabled
[    4.054349] i915 0000:00:02.0: [drm:dmc_load_work_fn [i915]]  mmio[3]: 0x5fc40 = 0xc0033100 (EVT_CTL) (disabling)
[    4.054419] i915 0000:00:02.0: [drm:intel_modeset_setup_hw_state [i915]] [CRTC:186:pipe C] hw state readout: disabled
[    4.054519] i915 0000:00:02.0: [drm:dmc_load_work_fn [i915]]  mmio[4]: 0x5fc10 = 0x980497d8 (EVT_HTP)
[    4.054598] i915 0000:00:02.0: [drm:intel_modeset_setup_hw_state [i915]] [PLANE:32:plane 1A] hw state readout: enabled, pipe A
[    4.054773] i915 0000:00:02.0: [drm:intel_modeset_setup_hw_state [i915]] [PLANE:41:plane 2A] hw state readout: disabled, pipe A
[    4.054942] i915 0000:00:02.0: [drm:intel_modeset_setup_hw_state [i915]] [PLANE:50:plane 3A] hw state readout: disabled, pipe A
[    4.055109] i915 0000:00:02.0: [drm:intel_modeset_setup_hw_state [i915]] [PLANE:59:plane 4A] hw state readout: disabled, pipe A
[    4.055275] i915 0000:00:02.0: [drm:intel_modeset_setup_hw_state [i915]] [PLANE:68:plane 5A] hw state readout: disabled, pipe A
[    4.055439] i915 0000:00:02.0: [drm:intel_modeset_setup_hw_state [i915]] [PLANE:77:cursor A] hw state readout: disabled, pipe A
[    4.055603] i915 0000:00:02.0: [drm:intel_modeset_setup_hw_state [i915]] [PLANE:84:plane 1B] hw state readout: disabled, pipe B
[    4.055766] i915 0000:00:02.0: [drm:intel_modeset_setup_hw_state [i915]] [PLANE:93:plane 2B] hw state readout: disabled, pipe B
[    4.055928] i915 0000:00:02.0: [drm:intel_modeset_setup_hw_state [i915]] [PLANE:102:plane 3B] hw state readout: disabled, pipe B
[    4.056090] i915 0000:00:02.0: [drm:intel_modeset_setup_hw_state [i915]] [PLANE:111:plane 4B] hw state readout: disabled, pipe B
[    4.056250] i915 0000:00:02.0: [drm:intel_modeset_setup_hw_state [i915]] [PLANE:120:plane 5B] hw state readout: disabled, pipe B
[    4.056428] i915 0000:00:02.0: [drm:intel_modeset_setup_hw_state [i915]] [PLANE:129:cursor B] hw state readout: disabled, pipe B
[    4.056602] i915 0000:00:02.0: [drm:intel_modeset_setup_hw_state [i915]] [PLANE:136:plane 1C] hw state readout: disabled, pipe C
[    4.056764] i915 0000:00:02.0: [drm:intel_modeset_setup_hw_state [i915]] [PLANE:145:plane 2C] hw state readout: disabled, pipe C
[    4.056926] i915 0000:00:02.0: [drm:intel_modeset_setup_hw_state [i915]] [PLANE:154:plane 3C] hw state readout: disabled, pipe C
[    4.057035] i915 0000:00:02.0: [drm] Finished loading DMC firmware i915/adlp_dmc.bin (v2.20)
[    4.057091] i915 0000:00:02.0: [drm:intel_modeset_setup_hw_state [i915]] [PLANE:163:plane 4C] hw state readout: disabled, pipe C
[    4.057244] i915 0000:00:02.0: [drm:intel_modeset_setup_hw_state [i915]] [PLANE:172:plane 5C] hw state readout: disabled, pipe C
[    4.057398] i915 0000:00:02.0: [drm:intel_modeset_setup_hw_state [i915]] [PLANE:181:cursor C] hw state readout: disabled, pipe C
[    4.057556] i915 0000:00:02.0: [drm] [DEBUG] get_hw_state: Checking hardware. CFGCR0=0x01e07801
[    4.057563] i915 0000:00:02.0: [drm] [DEBUG] get_hw_state: TRANSCONF(port A)=0xc0000000 (Active=YES)
[    4.057579] i915 0000:00:02.0: [drm:intel_modeset_setup_hw_state [i915]] [ENCODER:188:DSI A] hw state readout: enabled, pipe A
[    4.057738] i915 0000:00:02.0: [drm:intel_modeset_setup_hw_state [i915]] [ENCODER:192:DDI B/PHY B] hw state readout: disabled, pipe A
[    4.057899] i915 0000:00:02.0: [drm:intel_tc_port_sanitize_mode [i915]] Port E/TC#2: sanitize mode (disconnected)
[    4.058078] i915 0000:00:02.0: [drm:intel_modeset_setup_hw_state [i915]] [ENCODER:202:DDI TC2/PHY TC2] hw state readout: disabled, pipe A
[    4.058238] i915 0000:00:02.0: [drm:intel_modeset_setup_hw_state [i915]] [ENCODER:204:DP-MST A] hw state readout: disabled, pipe A
[    4.058393] i915 0000:00:02.0: [drm:intel_modeset_setup_hw_state [i915]] [ENCODER:205:DP-MST B] hw state readout: disabled, pipe B
[    4.058545] i915 0000:00:02.0: [drm:intel_modeset_setup_hw_state [i915]] [ENCODER:206:DP-MST C] hw state readout: disabled, pipe C
[    4.058698] i915 0000:00:02.0: [drm:intel_dpll_readout_hw_state [i915]] DPLL 0 hw state readout: pipe_mask 0x0, on 0
[    4.058896] i915 0000:00:02.0: [drm:intel_reference_shared_dpll_crtc [i915]] [CRTC:82:pipe A] reserving DPLL 1
[    4.059086] i915 0000:00:02.0: [drm:intel_dpll_readout_hw_state [i915]] DPLL 1 hw state readout: pipe_mask 0x1, on 1
[    4.059270] i915 0000:00:02.0: [drm:intel_dpll_readout_hw_state [i915]] TBT PLL hw state readout: pipe_mask 0x0, on 0
[    4.059450] i915 0000:00:02.0: [drm:intel_dpll_readout_hw_state [i915]] TC PLL 1 hw state readout: pipe_mask 0x0, on 0
[    4.059626] i915 0000:00:02.0: [drm:intel_dpll_readout_hw_state [i915]] TC PLL 2 hw state readout: pipe_mask 0x0, on 0
[    4.059798] i915 0000:00:02.0: [drm:intel_dpll_readout_hw_state [i915]] TC PLL 3 hw state readout: pipe_mask 0x0, on 0
[    4.059971] i915 0000:00:02.0: [drm:intel_dpll_readout_hw_state [i915]] TC PLL 4 hw state readout: pipe_mask 0x0, on 0
[    4.060143] i915 0000:00:02.0: [drm] [DEBUG] get_hw_state: Checking hardware. CFGCR0=0x01e07801
[    4.060149] i915 0000:00:02.0: [drm] [DEBUG] get_hw_state: TRANSCONF(port A)=0xc0000000 (Active=YES)
[    4.060155] i915 0000:00:02.0: [drm:intel_modeset_setup_hw_state [i915]] [CONNECTOR:189:DSI-1] hw state readout: enabled
[    4.060328] i915 0000:00:02.0: [drm:intel_modeset_setup_hw_state [i915]] [CONNECTOR:193:HDMI-A-1] hw state readout: disabled
[    4.060506] i915 0000:00:02.0: [drm:intel_modeset_setup_hw_state [i915]] [CONNECTOR:203:DP-1] hw state readout: disabled
[    4.060670] i915 0000:00:02.0: [drm:drm_atomic_set_mode_for_crtc [drm]] Set [MODE:800x1280] for [CRTC:82:pipe A] state 000000002980dbe2
[    4.060713] i915 0000:00:02.0: [drm:intel_modeset_setup_hw_state [i915]] [PLANE:32:plane 1A] min_cdclk 33710 kHz
[    4.060878] i915 0000:00:02.0: [drm:intel_modeset_setup_hw_state [i915]] [PLANE:41:plane 2A] min_cdclk 0 kHz
[    4.061032] i915 0000:00:02.0: [drm:intel_modeset_setup_hw_state [i915]] [PLANE:50:plane 3A] min_cdclk 0 kHz
[    4.061185] i915 0000:00:02.0: [drm:intel_modeset_setup_hw_state [i915]] [PLANE:59:plane 4A] min_cdclk 0 kHz
[    4.061336] i915 0000:00:02.0: [drm:intel_modeset_setup_hw_state [i915]] [PLANE:68:plane 5A] min_cdclk 0 kHz
[    4.061487] i915 0000:00:02.0: [drm:intel_modeset_setup_hw_state [i915]] [PLANE:77:cursor A] min_cdclk 0 kHz
[    4.061639] i915 0000:00:02.0: [drm:intel_bw_crtc_update [i915]] pipe A data rate 269680 num active planes 1
[    4.061855] i915 0000:00:02.0: [drm:intel_modeset_setup_hw_state [i915]] [PLANE:84:plane 1B] min_cdclk 0 kHz
[    4.062019] i915 0000:00:02.0: [drm:intel_modeset_setup_hw_state [i915]] [PLANE:93:plane 2B] min_cdclk 0 kHz
[    4.062175] i915 0000:00:02.0: [drm:intel_modeset_setup_hw_state [i915]] [PLANE:102:plane 3B] min_cdclk 0 kHz
[    4.062325] i915 0000:00:02.0: [drm:intel_modeset_setup_hw_state [i915]] [PLANE:111:plane 4B] min_cdclk 0 kHz
[    4.062475] i915 0000:00:02.0: [drm:intel_modeset_setup_hw_state [i915]] [PLANE:120:plane 5B] min_cdclk 0 kHz
[    4.062623] i915 0000:00:02.0: [drm:intel_modeset_setup_hw_state [i915]] [PLANE:129:cursor B] min_cdclk 0 kHz
[    4.062771] i915 0000:00:02.0: [drm:intel_bw_crtc_update [i915]] pipe B data rate 0 num active planes 0
[    4.062983] i915 0000:00:02.0: [drm:intel_modeset_setup_hw_state [i915]] [PLANE:136:plane 1C] min_cdclk 0 kHz
[    4.063143] i915 0000:00:02.0: [drm:intel_modeset_setup_hw_state [i915]] [PLANE:145:plane 2C] min_cdclk 0 kHz
[    4.063294] i915 0000:00:02.0: [drm:intel_modeset_setup_hw_state [i915]] [PLANE:154:plane 3C] min_cdclk 0 kHz
[    4.063443] i915 0000:00:02.0: [drm:intel_modeset_setup_hw_state [i915]] [PLANE:163:plane 4C] min_cdclk 0 kHz
[    4.063590] i915 0000:00:02.0: [drm:intel_modeset_setup_hw_state [i915]] [PLANE:172:plane 5C] min_cdclk 0 kHz
[    4.063736] i915 0000:00:02.0: [drm:intel_modeset_setup_hw_state [i915]] [PLANE:181:cursor C] min_cdclk 0 kHz
[    4.063882] i915 0000:00:02.0: [drm:intel_bw_crtc_update [i915]] pipe C data rate 0 num active planes 0
[    4.064093] i915 0000:00:02.0: [drm:intel_power_well_enable [i915]] enabling DDI_IO_A
[    4.064306] i915 0000:00:02.0: [drm:intel_ddi_sanitize_encoder_pll_mapping [i915]] [ENCODER:188:DSI A] is disabled/in DSI mode with an ungated DDI clock, gate it
[    4.064495] i915 0000:00:02.0: [drm] [DEBUG] gate_clocks START: CFGCR0=0x01e07801
[    4.064504] i915 0000:00:02.0: [drm] [DEBUG] gate_clocks END: CFGCR0=0x01e07c01
[    4.064516] i915 0000:00:02.0: [drm:intel_crtc_state_dump [i915]] [CRTC:82:pipe A] enable: yes [setup_hw_state]
[    4.064727] i915 0000:00:02.0: [drm:intel_crtc_state_dump [i915]] active: yes, output_types: DSI (0x200), output format: RGB, sink format: RGB
[    4.064928] i915 0000:00:02.0: [drm:intel_crtc_state_dump [i915]] cpu_transcoder: DSI A, pipe bpp: 24, dithering: 0
[    4.065123] i915 0000:00:02.0: [drm:intel_crtc_state_dump [i915]] MST master transcoder: <invalid>
[    4.065314] i915 0000:00:02.0: [drm:intel_crtc_state_dump [i915]] port sync: master transcoder: <invalid>, slave transcoder bitmask = 0x0
[    4.065504] i915 0000:00:02.0: [drm:intel_crtc_state_dump [i915]] joiner: no, pipes: 0x0
[    4.065693] i915 0000:00:02.0: [drm:intel_crtc_state_dump [i915]] splitter: disabled, link count 0, overlap 0
[    4.065873] i915 0000:00:02.0: [drm:intel_crtc_state_dump [i915]] framestart delay: 1, MSA timing delay: 0
[    4.066049] i915 0000:00:02.0: [drm:intel_crtc_state_dump [i915]] audio: 0, infoframes: 0, infoframes enabled: 0x0
[    4.066226] i915 0000:00:02.0: [drm:intel_crtc_state_dump [i915]] vrr: no, vmin: 0, vmax: 0, pipeline full: 0, guardband: 0 flipline: 0, vmin vblank: 1, vmax vblank: 0
[    4.066402] i915 0000:00:02.0: [drm:intel_crtc_state_dump [i915]] requested mode: "800x1280": 61 67420 800 820 830 842 600 1297 1301 1322 0x40 0x0
[    4.066579] i915 0000:00:02.0: [drm:intel_crtc_state_dump [i915]] adjusted mode: "800x1280": 61 67420 800 820 830 842 1280 1297 1301 1322 0x40 0x0
[    4.066759] i915 0000:00:02.0: [drm:intel_crtc_state_dump [i915]] crtc timings: clock=67420, hd=800 hb=800-842 hs=820-830 ht=842, vd=1280 vb=1280-1322 vs=1297-1301 vt=1322, flags=0x0
[    4.066944] i915 0000:00:02.0: [drm:intel_crtc_state_dump [i915]] pipe mode: "800x1280": 61 67420 800 820 830 842 1280 1297 1301 1322 0x40 0x0
[    4.067128] i915 0000:00:02.0: [drm:intel_crtc_state_dump [i915]] crtc timings: clock=67420, hd=800 hb=800-842 hs=820-830 ht=842, vd=1280 vb=1280-1322 vs=1297-1301 vt=1322, flags=0x0
[    4.067311] i915 0000:00:02.0: [drm:intel_crtc_state_dump [i915]] port clock: 80903, pipe src: 800x600+0+0, pixel rate 67420
[    4.067491] i915 0000:00:02.0: [drm:intel_crtc_state_dump [i915]] linetime: 100, ips linetime: 0
[    4.067669] i915 0000:00:02.0: [drm:intel_crtc_state_dump [i915]] num_scalers: 2, scaler_users: 0x80000000, scaler_id: 0, scaling_filter: 0
[    4.067848] i915 0000:00:02.0: [drm:intel_crtc_state_dump [i915]] pch pfit: 800x1280+0+0, enabled, force thru: no
[    4.068027] i915 0000:00:02.0: [drm:intel_crtc_state_dump [i915]] ips: 0, double wide: 0, drrs: 0
[    4.068204] i915 0000:00:02.0: [drm:intel_crtc_state_dump [i915]] dpll_hw_state: cfgcr0: 0x7199ba, cfgcr1: 0x120, div0: 0x0, mg_refclkin_ctl: 0x0, hg_clktop2_coreclkctl1: 0x0, mg_clktop2_hsclkctl: 0x0, mg_pll_div0: 0x0, mg_pll_div2: 0x0, mg_pll_lf: 0x0, mg_pll_frac_lock: 0x0, mg_pll_ssc: 0x0, mg_pll_bias: 0x0, mg_pll_tdc_coldst_bias: 0x0
[    4.068389] i915 0000:00:02.0: [drm:intel_crtc_state_dump [i915]] csc_mode: 0x20000000 gamma_mode: 0x20000000 gamma_enable: 0 csc_enable: 0
[    4.068567] i915 0000:00:02.0: [drm:intel_crtc_state_dump [i915]] pre csc lut: 0 entries, post csc lut: 0 entries
[    4.068743] i915 0000:00:02.0: [drm:intel_crtc_state_dump [i915]] output csc: pre offsets: 0x0000 0x0000 0x0000
[    4.068919] i915 0000:00:02.0: [drm:intel_crtc_state_dump [i915]] output csc: coefficients: 0x0000 0x0000 0x0000
[    4.069094] i915 0000:00:02.0: [drm:intel_crtc_state_dump [i915]] output csc: coefficients: 0x0000 0x0000 0x0000
[    4.069270] i915 0000:00:02.0: [drm:intel_crtc_state_dump [i915]] output csc: coefficients: 0x0000 0x0000 0x0000
[    4.069444] i915 0000:00:02.0: [drm:intel_crtc_state_dump [i915]] output csc: post offsets: 0x0000 0x0000 0x0000
[    4.069619] i915 0000:00:02.0: [drm:intel_crtc_state_dump [i915]] pipe csc: pre offsets: 0x0000 0x0000 0x0000
[    4.069793] i915 0000:00:02.0: [drm:intel_crtc_state_dump [i915]] pipe csc: coefficients: 0x0000 0x0000 0x0000
[    4.069967] i915 0000:00:02.0: [drm:intel_crtc_state_dump [i915]] pipe csc: coefficients: 0x0000 0x0000 0x0000
[    4.070142] i915 0000:00:02.0: [drm:intel_crtc_state_dump [i915]] pipe csc: coefficients: 0x0000 0x0000 0x0000
[    4.070316] i915 0000:00:02.0: [drm:intel_crtc_state_dump [i915]] pipe csc: post offsets: 0x0000 0x0000 0x0000
[    4.070489] i915 0000:00:02.0: [drm:intel_crtc_state_dump [i915]] [CRTC:134:pipe B] enable: no [setup_hw_state]
[    4.070663] i915 0000:00:02.0: [drm:intel_crtc_state_dump [i915]] [CRTC:186:pipe C] enable: no [setup_hw_state]
[    4.070868] i915 0000:00:02.0: [drm:skl_wm_get_hw_state_and_sanitize [i915]] [CRTC:82:pipe A] dbuf slices 0x3, ddb (0 - 2048), active pipes 0x1, mbus joined: no
[    4.071055] i915 0000:00:02.0: [drm:skl_wm_get_hw_state_and_sanitize [i915]] [CRTC:134:pipe B] dbuf slices 0x0, ddb (0 - 0), active pipes 0x1, mbus joined: no
[    4.071230] i915 0000:00:02.0: [drm:skl_wm_get_hw_state_and_sanitize [i915]] [CRTC:186:pipe C] dbuf slices 0x0, ddb (0 - 0), active pipes 0x1, mbus joined: no
[    4.071436] i915 0000:00:02.0: [drm:skl_get_initial_plane_config [i915]] pipe A/plane 1A with fb: size=800x600@32, offset=0, pitch 3200, size 0x1d4c00
[    4.071617] i915 0000:00:02.0: [drm:_i915_gem_object_stolen_init [i915]] creating preallocated stolen object: stolen_offset=0x0000000000000000, size=0x00000000001d5000
[    4.071915] i915 0000:00:02.0: [drm:initial_plane_vma [i915]] Initial plane fb bound to 0x0 in the ggtt (original 0x0)
[    4.076951] i915 0000:00:02.0: [drm:intel_wopcm_init [i915]] Calculated GuC WOPCM [592K, 1420K)
[    4.077243] i915 0000:00:02.0: [drm:i915_init_ggtt [i915]] Reserved GGTT:[1d5000, 1d7000] for use by error capture
[    4.077477] i915 0000:00:02.0: [drm:i915_init_ggtt [i915]] clearing unused GTT space: [1d7000, fee00000]
[    4.077696] i915 0000:00:02.0: [drm:i915_gem_init [i915]] No clock gating settings or workarounds applied.
[    4.077987] i915 0000:00:02.0: [drm:debug_dump_steering [i915]] MCR Steering: Default steering: group=0x0, instance=0x0
[    4.078241] i915 0000:00:02.0: [drm:wa_init_finish [i915]] GT0: Initialized 4 GT workarounds on global
[    4.078602] i915 0000:00:02.0: [drm:wa_init_finish [i915]] GT0: Initialized 11 engine workarounds on rcs'0
[    4.078838] i915 0000:00:02.0: [drm:wa_init_finish [i915]] GT0: Initialized 4 whitelist workarounds on rcs'0
[    4.079065] i915 0000:00:02.0: [drm:wa_init_finish [i915]] GT0: Initialized 5 context workarounds on rcs'0
[    4.079392] i915 0000:00:02.0: [drm:wa_init_finish [i915]] GT0: Initialized 1 engine workarounds on bcs'0
[    4.079613] i915 0000:00:02.0: [drm:wa_init_finish [i915]] GT0: Initialized 1 whitelist workarounds on bcs'0
[    4.079832] i915 0000:00:02.0: [drm:wa_init_finish [i915]] GT0: Initialized 1 context workarounds on bcs'0
[    4.080092] i915 0000:00:02.0: [drm:wa_init_finish [i915]] GT0: Initialized 1 engine workarounds on vcs'0
[    4.080308] i915 0000:00:02.0: [drm:wa_init_finish [i915]] GT0: Initialized 1 whitelist workarounds on vcs'0
[    4.080664] i915 0000:00:02.0: [drm:wa_init_finish [i915]] GT0: Initialized 1 engine workarounds on vecs'0
[    4.080880] i915 0000:00:02.0: [drm:wa_init_finish [i915]] GT0: Initialized 1 whitelist workarounds on vecs'0
[    4.081852] i915 0000:00:02.0: [drm:intel_guc_log_create [i915]] GT0: GUC: guc_log_level=1 (enabled, verbose:no, verbosity:0)
[    4.082152] i915 0000:00:02.0: [drm:intel_guc_capture_init [i915]] GT0: GUC: capture found 4 ext-regs.
[    4.082490] i915 0000:00:02.0: [drm:intel_guc_ads_create [i915]] GT0: GUC: Used 4 KB for temporary ADS regset
[    4.088494] i915 0000:00:02.0: [drm:intel_guc_init [i915]] GT0: GUC: param[ 0] = 0x1d73d7
