[    0.000000] Linux version 6.12.57 (pg@p8) (gcc (Debian 14.2.0-19) 14.2.0, GNU ld (GNU Binutils for Debian) 2.44) #9 SMP PREEMPT_DYNAMIC Mon Dec  1 17:03:02 CET 2025
[    0.000000] Command line: BOOT_IMAGE=/@/boot/vmlinuz-6.12.57 root=UUID=cf1b7843-392f-413c-ab2f-fa8bfa5d90e7 ro rootflags=subvol=@ fbcon=rotate:1 video=DSI-1:panel_orientation=right_side_up log_buf_len=10M drm.debug=0x1e i915.dsi_extended_wake=1
[    0.000000] x86/split lock detection: #AC: crashing the kernel on kernel split_locks and warning on user-space split_locks
[    0.000000] BIOS-provided physical RAM map:
[    0.000000] BIOS-e820: [mem 0x0000000000000000-0x000000000009dfff] usable
[    0.000000] BIOS-e820: [mem 0x000000000009e000-0x000000000009efff] reserved
[    0.000000] BIOS-e820: [mem 0x000000000009f000-0x000000000009ffff] usable
[    0.000000] BIOS-e820: [mem 0x00000000000a0000-0x00000000000fffff] reserved
[    0.000000] BIOS-e820: [mem 0x0000000000100000-0x00000000416edfff] usable
[    0.000000] BIOS-e820: [mem 0x00000000416ee000-0x00000000416eefff] reserved
[    0.000000] BIOS-e820: [mem 0x00000000416ef000-0x0000000043359fff] usable
[    0.000000] BIOS-e820: [mem 0x000000004335a000-0x000000004335afff] reserved
[    0.000000] BIOS-e820: [mem 0x000000004335b000-0x000000007025cfff] usable
[    0.000000] BIOS-e820: [mem 0x000000007025d000-0x000000007335cfff] reserved
[    0.000000] BIOS-e820: [mem 0x000000007335d000-0x000000007343efff] ACPI data
[    0.000000] BIOS-e820: [mem 0x000000007343f000-0x00000000734fefff] ACPI NVS
[    0.000000] BIOS-e820: [mem 0x00000000734ff000-0x0000000073efefff] reserved
[    0.000000] BIOS-e820: [mem 0x0000000073eff000-0x0000000073efffff] usable
[    0.000000] BIOS-e820: [mem 0x0000000073f00000-0x0000000079ffffff] reserved
[    0.000000] BIOS-e820: [mem 0x000000007aa00000-0x000000007abfffff] reserved
[    0.000000] BIOS-e820: [mem 0x000000007b000000-0x00000000803fffff] reserved
[    0.000000] BIOS-e820: [mem 0x00000000c0000000-0x00000000cfffffff] reserved
[    0.000000] BIOS-e820: [mem 0x00000000fe000000-0x00000000fe010fff] reserved
[    0.000000] BIOS-e820: [mem 0x00000000fec00000-0x00000000fec00fff] reserved
[    0.000000] BIOS-e820: [mem 0x00000000fed00000-0x00000000fed00fff] reserved
[    0.000000] BIOS-e820: [mem 0x00000000fed20000-0x00000000fed7ffff] reserved
[    0.000000] BIOS-e820: [mem 0x00000000fee00000-0x00000000fee00fff] reserved
[    0.000000] BIOS-e820: [mem 0x00000000ff000000-0x00000000ffffffff] reserved
[    0.000000] BIOS-e820: [mem 0x0000000100000000-0x000000037fbfffff] usable
[    0.000000] NX (Execute Disable) protection: active
[    0.000000] APIC: Static calls initialized
[    0.000000] efi: EFI v2.8 by American Megatrends
[    0.000000] efi: ACPI=0x734db000 ACPI 2.0=0x734db014 TPMFinalLog=0x734aa000 SMBIOS=0x73c99000 SMBIOS 3.0=0x73c98000 MEMATTR=0x6c7b3018 ESRT=0x6cc00818 INITRD=0x6c6d0b18 TPMEventLog=0x7338a018 
[    0.000000] efi: Remove mem79: MMIO range=[0xc0000000-0xcfffffff] (256MB) from e820 map
[    0.000000] e820: remove [mem 0xc0000000-0xcfffffff] reserved
[    0.000000] efi: Not removing mem80: MMIO range=[0xfe000000-0xfe010fff] (68KB) from e820 map
[    0.000000] efi: Not removing mem81: MMIO range=[0xfec00000-0xfec00fff] (4KB) from e820 map
[    0.000000] efi: Not removing mem82: MMIO range=[0xfed00000-0xfed00fff] (4KB) from e820 map
[    0.000000] efi: Not removing mem84: MMIO range=[0xfee00000-0xfee00fff] (4KB) from e820 map
[    0.000000] efi: Remove mem85: MMIO range=[0xff000000-0xffffffff] (16MB) from e820 map
[    0.000000] e820: remove [mem 0xff000000-0xffffffff] reserved
[    0.000000] secureboot: Secure boot disabled
[    0.000000] SMBIOS 3.5.0 present.
[    0.000000] DMI: Default string Default string/Default string, BIOS 5.25 07/14/2023
[    0.000000] DMI: Memory slots populated: 4/8
[    0.000000] tsc: Detected 800.000 MHz processor
[    0.000000] tsc: Detected 806.400 MHz TSC
[    0.000219] e820: update [mem 0x00000000-0x00000fff] usable ==> reserved
[    0.000221] e820: remove [mem 0x000a0000-0x000fffff] usable
[    0.000232] last_pfn = 0x37fc00 max_arch_pfn = 0x400000000
[    0.000236] MTRR map: 5 entries (3 fixed + 2 variable; max 23), built from 10 variable MTRRs
[    0.000238] x86/PAT: Configuration [0-7]: WB  WC  UC- UC  WB  WP  UC- WT  
[    0.000349] last_pfn = 0x73f00 max_arch_pfn = 0x400000000
[    0.013028] esrt: Reserving ESRT space from 0x000000006cc00818 to 0x000000006cc008f0.
[    0.013035] e820: update [mem 0x6cc00000-0x6cc00fff] usable ==> reserved
[    0.013052] Using GB pages for direct mapping
[    0.027749] printk: log_buf_len: 16777216 bytes
[    0.027751] printk: early log buf free: 126840(96%)
[    0.027752] RAMDISK: [mem 0x63c53000-0x66a6afff]
[    0.028094] ACPI: Early table checksum verification disabled
[    0.028099] ACPI: RSDP 0x00000000734DB014 000024 (v02 ALASKA)
[    0.028104] ACPI: XSDT 0x00000000734DA728 00010C (v01 ALASKA A M I    01072009 AMI  01000013)
[    0.028109] ACPI: FACP 0x000000007343C000 000114 (v06 ALASKA A M I    01072009 AMI  01000013)
[    0.028113] ACPI: DSDT 0x00000000733C8000 073A41 (v02 ALASKA A M I    01072009 INTL 20200717)
[    0.028116] ACPI: FACS 0x00000000734FE000 000040
[    0.028118] ACPI: FIDT 0x00000000733C7000 00009C (v01 ALASKA A M I    01072009 AMI  00010013)
[    0.028120] ACPI: SSDT 0x000000007343E000 00038C (v02 PmaxDv Pmax_Dev 00000001 INTL 20200717)
[    0.028123] ACPI: SSDT 0x00000000733C1000 005D0B (v02 CpuRef CpuSsdt  00003000 INTL 20200717)
[    0.028125] ACPI: SSDT 0x00000000733BE000 002AA1 (v02 SaSsdt SaSsdt   00003000 INTL 20200717)
[    0.028127] ACPI: SSDT 0x00000000733BA000 0033D3 (v02 INTEL  IgfxSsdt 00003000 INTL 20200717)
[    0.028129] ACPI: SSDT 0x00000000733AC000 00D39F (v02 INTEL  TcssSsdt 00001000 INTL 20200717)
[    0.028131] ACPI: HPET 0x000000007343D000 000038 (v01 ALASKA A M I    01072009 AMI  01000013)
[    0.028133] ACPI: APIC 0x00000000733AB000 0001DC (v05 ALASKA A M I    01072009 AMI  01000013)
[    0.028135] ACPI: MCFG 0x00000000733AA000 00003C (v01 ALASKA A M I    01072009 AMI  01000013)
[    0.028137] ACPI: SSDT 0x00000000733A8000 001F47 (v02 ALASKA Ther_Rvp 00001000 INTL 20200717)
[    0.028139] ACPI: UEFI 0x0000000073491000 000048 (v01 ALASKA A M I    01072009 AMI  01000013)
[    0.028141] ACPI: NHLT 0x00000000733A6000 0018B6 (v00 ALASKA A M I    01072009 AMI  01000013)
[    0.028143] ACPI: LPIT 0x00000000733A5000 0000CC (v01 ALASKA A M I    01072009 AMI  01000013)
[    0.028145] ACPI: SSDT 0x00000000733A1000 002A83 (v02 ALASKA PtidDevc 00001000 INTL 20200717)
[    0.028147] ACPI: SSDT 0x000000007339E000 002357 (v02 ALASKA TbtTypeC 00000000 INTL 20200717)
[    0.028149] ACPI: DBGP 0x000000007339D000 000034 (v01 ALASKA A M I    01072009 AMI  01000013)
[    0.028151] ACPI: DBG2 0x000000007339C000 000054 (v00 ALASKA A M I    01072009 AMI  01000013)
[    0.028153] ACPI: SSDT 0x000000007339A000 0014CC (v02 ALASKA UsbCTabl 00001000 INTL 20200717)
[    0.028155] ACPI: DMAR 0x0000000073399000 000088 (v02 INTEL  EDK2     00000002      01000013)
[    0.028157] ACPI: SSDT 0x0000000073398000 0005BB (v02 INTEL  xh_adl_N 00000000 INTL 20200717)
[    0.028159] ACPI: SSDT 0x0000000073394000 003AEA (v02 SocGpe SocGpe   00003000 INTL 20200717)
[    0.028161] ACPI: SSDT 0x0000000073390000 0039DA (v02 SocCmn SocCmn   00003000 INTL 20200717)
[    0.028163] ACPI: SSDT 0x000000007338F000 000144 (v02 Intel  ADebTabl 00001000 INTL 20200717)
[    0.028165] ACPI: BGRT 0x000000007338E000 000038 (v01 ALASKA A M I    01072009 AMI  00010013)
[    0.028167] ACPI: TPM2 0x000000007338D000 00004C (v04 ALASKA A M I    00000001 AMI  00000000)
[    0.028169] ACPI: PHAT 0x000000007338C000 0005F1 (v01 ALASKA A M I    00000005 MSFT 0100000D)
[    0.028171] ACPI: WSMT 0x00000000733A4000 000028 (v01 ALASKA A M I    01072009 AMI  00010013)
[    0.028173] ACPI: FPDT 0x000000007338B000 000044 (v01 ALASKA A M I    01072009 AMI  01000013)
[    0.028175] ACPI: Reserving FACP table memory at [mem 0x7343c000-0x7343c113]
[    0.028177] ACPI: Reserving DSDT table memory at [mem 0x733c8000-0x7343ba40]
[    0.028178] ACPI: Reserving FACS table memory at [mem 0x734fe000-0x734fe03f]
[    0.028178] ACPI: Reserving FIDT table memory at [mem 0x733c7000-0x733c709b]
[    0.028179] ACPI: Reserving SSDT table memory at [mem 0x7343e000-0x7343e38b]
[    0.028179] ACPI: Reserving SSDT table memory at [mem 0x733c1000-0x733c6d0a]
[    0.028180] ACPI: Reserving SSDT table memory at [mem 0x733be000-0x733c0aa0]
[    0.028181] ACPI: Reserving SSDT table memory at [mem 0x733ba000-0x733bd3d2]
[    0.028181] ACPI: Reserving SSDT table memory at [mem 0x733ac000-0x733b939e]
[    0.028182] ACPI: Reserving HPET table memory at [mem 0x7343d000-0x7343d037]
[    0.028182] ACPI: Reserving APIC table memory at [mem 0x733ab000-0x733ab1db]
[    0.028183] ACPI: Reserving MCFG table memory at [mem 0x733aa000-0x733aa03b]
[    0.028183] ACPI: Reserving SSDT table memory at [mem 0x733a8000-0x733a9f46]
[    0.028184] ACPI: Reserving UEFI table memory at [mem 0x73491000-0x73491047]
[    0.028185] ACPI: Reserving NHLT table memory at [mem 0x733a6000-0x733a78b5]
[    0.028185] ACPI: Reserving LPIT table memory at [mem 0x733a5000-0x733a50cb]
[    0.028186] ACPI: Reserving SSDT table memory at [mem 0x733a1000-0x733a3a82]
[    0.028186] ACPI: Reserving SSDT table memory at [mem 0x7339e000-0x733a0356]
[    0.028187] ACPI: Reserving DBGP table memory at [mem 0x7339d000-0x7339d033]
[    0.028188] ACPI: Reserving DBG2 table memory at [mem 0x7339c000-0x7339c053]
[    0.028188] ACPI: Reserving SSDT table memory at [mem 0x7339a000-0x7339b4cb]
[    0.028189] ACPI: Reserving DMAR table memory at [mem 0x73399000-0x73399087]
[    0.028189] ACPI: Reserving SSDT table memory at [mem 0x73398000-0x733985ba]
[    0.028190] ACPI: Reserving SSDT table memory at [mem 0x73394000-0x73397ae9]
[    0.028191] ACPI: Reserving SSDT table memory at [mem 0x73390000-0x733939d9]
[    0.028191] ACPI: Reserving SSDT table memory at [mem 0x7338f000-0x7338f143]
[    0.028192] ACPI: Reserving BGRT table memory at [mem 0x7338e000-0x7338e037]
[    0.028192] ACPI: Reserving TPM2 table memory at [mem 0x7338d000-0x7338d04b]
[    0.028193] ACPI: Reserving PHAT table memory at [mem 0x7338c000-0x7338c5f0]
[    0.028193] ACPI: Reserving WSMT table memory at [mem 0x733a4000-0x733a4027]
[    0.028194] ACPI: Reserving FPDT table memory at [mem 0x7338b000-0x7338b043]
[    0.028397] No NUMA configuration found
[    0.028398] Faking a node at [mem 0x0000000000000000-0x000000037fbfffff]
[    0.028407] NODE_DATA(0) allocated [mem 0x37b3d5680-0x37b3fffff]
[    0.028615] Zone ranges:
[    0.028616]   DMA      [mem 0x0000000000001000-0x0000000000ffffff]
[    0.028618]   DMA32    [mem 0x0000000001000000-0x00000000ffffffff]
[    0.028619]   Normal   [mem 0x0000000100000000-0x000000037fbfffff]
[    0.028620]   Device   empty
[    0.028621] Movable zone start for each node
[    0.028623] Early memory node ranges
[    0.028624]   node   0: [mem 0x0000000000001000-0x000000000009dfff]
[    0.028625]   node   0: [mem 0x000000000009f000-0x000000000009ffff]
[    0.028626]   node   0: [mem 0x0000000000100000-0x00000000416edfff]
[    0.028626]   node   0: [mem 0x00000000416ef000-0x0000000043359fff]
[    0.028627]   node   0: [mem 0x000000004335b000-0x000000007025cfff]
[    0.028628]   node   0: [mem 0x0000000073eff000-0x0000000073efffff]
[    0.028629]   node   0: [mem 0x0000000100000000-0x000000037fbfffff]
[    0.028631] Initmem setup node 0 [mem 0x0000000000001000-0x000000037fbfffff]
[    0.028637] On node 0, zone DMA: 1 pages in unavailable ranges
[    0.028638] On node 0, zone DMA: 1 pages in unavailable ranges
[    0.028664] On node 0, zone DMA: 96 pages in unavailable ranges
[    0.030270] On node 0, zone DMA32: 1 pages in unavailable ranges
[    0.031388] On node 0, zone DMA32: 1 pages in unavailable ranges
[    0.031517] On node 0, zone DMA32: 15522 pages in unavailable ranges
[    0.031880] On node 0, zone Normal: 16640 pages in unavailable ranges
[    0.031892] On node 0, zone Normal: 1024 pages in unavailable ranges
[    0.031913] Reserving Intel graphics memory at [mem 0x7c800000-0x803fffff]
[    0.032441] ACPI: PM-Timer IO Port: 0x1808
[    0.032451] ACPI: LAPIC_NMI (acpi_id[0x01] high edge lint[0x1])
[    0.032453] ACPI: LAPIC_NMI (acpi_id[0x02] high edge lint[0x1])
[    0.032454] ACPI: LAPIC_NMI (acpi_id[0x03] high edge lint[0x1])
[    0.032454] ACPI: LAPIC_NMI (acpi_id[0x04] high edge lint[0x1])
[    0.032455] ACPI: LAPIC_NMI (acpi_id[0x05] high edge lint[0x1])
[    0.032456] ACPI: LAPIC_NMI (acpi_id[0x06] high edge lint[0x1])
[    0.032456] ACPI: LAPIC_NMI (acpi_id[0x07] high edge lint[0x1])
[    0.032457] ACPI: LAPIC_NMI (acpi_id[0x08] high edge lint[0x1])
[    0.032457] ACPI: LAPIC_NMI (acpi_id[0x09] high edge lint[0x1])
[    0.032458] ACPI: LAPIC_NMI (acpi_id[0x0a] high edge lint[0x1])
[    0.032458] ACPI: LAPIC_NMI (acpi_id[0x0b] high edge lint[0x1])
[    0.032459] ACPI: LAPIC_NMI (acpi_id[0x0c] high edge lint[0x1])
[    0.032459] ACPI: LAPIC_NMI (acpi_id[0x0d] high edge lint[0x1])
[    0.032460] ACPI: LAPIC_NMI (acpi_id[0x0e] high edge lint[0x1])
[    0.032461] ACPI: LAPIC_NMI (acpi_id[0x0f] high edge lint[0x1])
[    0.032461] ACPI: LAPIC_NMI (acpi_id[0x10] high edge lint[0x1])
[    0.032462] ACPI: LAPIC_NMI (acpi_id[0x11] high edge lint[0x1])
[    0.032462] ACPI: LAPIC_NMI (acpi_id[0x12] high edge lint[0x1])
[    0.032463] ACPI: LAPIC_NMI (acpi_id[0x13] high edge lint[0x1])
[    0.032464] ACPI: LAPIC_NMI (acpi_id[0x14] high edge lint[0x1])
[    0.032464] ACPI: LAPIC_NMI (acpi_id[0x15] high edge lint[0x1])
[    0.032465] ACPI: LAPIC_NMI (acpi_id[0x16] high edge lint[0x1])
[    0.032465] ACPI: LAPIC_NMI (acpi_id[0x17] high edge lint[0x1])
[    0.032466] ACPI: LAPIC_NMI (acpi_id[0x00] high edge lint[0x1])
[    0.032505] IOAPIC[0]: apic_id 2, version 32, address 0xfec00000, GSI 0-119
[    0.032507] ACPI: INT_SRC_OVR (bus 0 bus_irq 0 global_irq 2 dfl dfl)
[    0.032509] ACPI: INT_SRC_OVR (bus 0 bus_irq 9 global_irq 9 high level)
[    0.032513] ACPI: Using ACPI (MADT) for SMP configuration information
[    0.032514] ACPI: HPET id: 0x8086a201 base: 0xfed00000
[    0.032523] e820: update [mem 0x6c772000-0x6c7b2fff] usable ==> reserved
[    0.032537] TSC deadline timer available
[    0.032541] CPU topo: Max. logical packages:   1
[    0.032542] CPU topo: Max. logical dies:       1
[    0.032542] CPU topo: Max. dies per package:   1
[    0.032546] CPU topo: Max. threads per core:   1
[    0.032547] CPU topo: Num. cores per package:     4
[    0.032548] CPU topo: Num. threads per package:   4
[    0.032548] CPU topo: Allowing 4 present CPUs plus 0 hotplug CPUs
[    0.032569] PM: hibernation: Registered nosave memory: [mem 0x00000000-0x00000fff]
[    0.032571] PM: hibernation: Registered nosave memory: [mem 0x0009e000-0x0009efff]
[    0.032573] PM: hibernation: Registered nosave memory: [mem 0x000a0000-0x000fffff]
[    0.032574] PM: hibernation: Registered nosave memory: [mem 0x416ee000-0x416eefff]
[    0.032576] PM: hibernation: Registered nosave memory: [mem 0x4335a000-0x4335afff]
[    0.032577] PM: hibernation: Registered nosave memory: [mem 0x6c772000-0x6c7b2fff]
[    0.032578] PM: hibernation: Registered nosave memory: [mem 0x6cc00000-0x6cc00fff]
[    0.032580] PM: hibernation: Registered nosave memory: [mem 0x7025d000-0x73efefff]
[    0.032581] PM: hibernation: Registered nosave memory: [mem 0x73f00000-0xffffffff]
[    0.032582] [mem 0x80400000-0xfdffffff] available for PCI devices
[    0.032584] Booting paravirtualized kernel on bare hardware
[    0.032586] clocksource: refined-jiffies: mask: 0xffffffff max_cycles: 0xffffffff, max_idle_ns: 7645519600211568 ns
[    0.037676] setup_percpu: NR_CPUS:8192 nr_cpumask_bits:4 nr_cpu_ids:4 nr_node_ids:1
[    0.037960] percpu: Embedded 66 pages/cpu s233472 r8192 d28672 u524288
[    0.037968] pcpu-alloc: s233472 r8192 d28672 u524288 alloc=1*2097152
[    0.037970] pcpu-alloc: [0] 0 1 2 3 
[    0.037989] Kernel command line: BOOT_IMAGE=/@/boot/vmlinuz-6.12.57 root=UUID=cf1b7843-392f-413c-ab2f-fa8bfa5d90e7 ro rootflags=subvol=@ fbcon=rotate:1 video=DSI-1:panel_orientation=right_side_up log_buf_len=10M drm.debug=0x1e i915.dsi_extended_wake=1
[    0.038077] random: crng init done
[    0.039690] Dentry cache hash table entries: 2097152 (order: 12, 16777216 bytes, linear)
[    0.040512] Inode-cache hash table entries: 1048576 (order: 11, 8388608 bytes, linear)
[    0.040567] Fallback order for Node 0: 0 
[    0.040571] Built 1 zonelists, mobility grouping on.  Total pages: 3079674
[    0.040572] Policy zone: Normal
[    0.040581] mem auto-init: stack:all(zero), heap alloc:on, heap free:off
[    0.040591] software IO TLB: area num 4.
[    0.060208] SLUB: HWalign=64, Order=0-3, MinObjects=0, CPUs=4, Nodes=1
[    0.060245] ftrace: allocating 45728 entries in 179 pages
[    0.063509] ftrace: allocated 179 pages with 5 groups
[    0.063964] Dynamic Preempt: voluntary
[    0.064003] rcu: Preemptible hierarchical RCU implementation.
[    0.064004] rcu: 	RCU restricting CPUs from NR_CPUS=8192 to nr_cpu_ids=4.
[    0.064005] 	Trampoline variant of Tasks RCU enabled.
[    0.064005] 	Rude variant of Tasks RCU enabled.
[    0.064006] 	Tracing variant of Tasks RCU enabled.
[    0.064006] rcu: RCU calculated value of scheduler-enlistment delay is 25 jiffies.
[    0.064007] rcu: Adjusting geometry for rcu_fanout_leaf=16, nr_cpu_ids=4
[    0.064014] RCU Tasks: Setting shift to 2 and lim to 1 rcu_task_cb_adjust=1 rcu_task_cpu_ids=4.
[    0.064016] RCU Tasks Rude: Setting shift to 2 and lim to 1 rcu_task_cb_adjust=1 rcu_task_cpu_ids=4.
[    0.064017] RCU Tasks Trace: Setting shift to 2 and lim to 1 rcu_task_cb_adjust=1 rcu_task_cpu_ids=4.
[    0.068385] NR_IRQS: 524544, nr_irqs: 1024, preallocated irqs: 16
[    0.068705] rcu: srcu_init: Setting srcu_struct sizes based on contention.
[    0.068948] Console: colour dummy device 80x25
[    0.068952] printk: legacy console [tty0] enabled
[    0.069438] ACPI: Core revision 20240827
[    0.070032] hpet: HPET dysfunctional in PC10. Force disabled.
[    0.070127] APIC: Switch to symmetric I/O mode setup
[    0.070131] DMAR: Host address width 39
[    0.070134] DMAR: DRHD base: 0x000000fed90000 flags: 0x0
[    0.070145] DMAR: dmar0: reg_base_addr fed90000 ver 4:0 cap 1c0000c40660462 ecap 29a00f0505e
[    0.070151] DMAR: DRHD base: 0x000000fed91000 flags: 0x1
[    0.070158] DMAR: dmar1: reg_base_addr fed91000 ver 5:0 cap d2008c40660462 ecap f050da
[    0.070163] DMAR: RMRR base: 0x0000007c000000 end: 0x000000803fffff
[    0.070169] DMAR-IR: IOAPIC id 2 under DRHD base  0xfed91000 IOMMU 1
[    0.070172] DMAR-IR: HPET id 0 under DRHD base 0xfed91000
[    0.070176] DMAR-IR: Queued invalidation will be enabled to support x2apic and Intr-remapping.
[    0.072318] DMAR-IR: Enabled IRQ remapping in x2apic mode
[    0.072326] x2apic enabled
[    0.072397] APIC: Switched APIC routing to: cluster x2apic
[    0.077345] clocksource: tsc-early: mask: 0xffffffffffffffff max_cycles: 0xb9fb05486c, max_idle_ns: 440795231721 ns
[    0.077359] Calibrating delay loop (skipped), value calculated using timer frequency.. 1612.80 BogoMIPS (lpj=3225600)
[    0.077406] CPU0: Thermal monitoring enabled (TM1)
[    0.077411] x86/cpu: User Mode Instruction Prevention (UMIP) activated
[    0.077512] CET detected: Indirect Branch Tracking enabled
[    0.077517] Last level iTLB entries: 4KB 0, 2MB 0, 4MB 0
[    0.077520] Last level dTLB entries: 4KB 0, 2MB 0, 4MB 0, 1GB 0
[    0.077526] process: using mwait in idle threads
[    0.077530] Spectre V1 : Mitigation: usercopy/swapgs barriers and __user pointer sanitization
[    0.077536] Spectre V2 : Mitigation: Enhanced / Automatic IBRS
[    0.077541] Spectre V2 : mitigation: Enabling conditional Indirect Branch Prediction Barrier
[    0.077547] Speculative Store Bypass: Mitigation: Speculative Store Bypass disabled via prctl
[    0.077551] Register File Data Sampling: Mitigation: Clear Register File
[    0.077556] VMSCAPE: Mitigation: IBPB before exit to userspace
[    0.077568] x86/fpu: Supporting XSAVE feature 0x001: 'x87 floating point registers'
[    0.077572] x86/fpu: Supporting XSAVE feature 0x002: 'SSE registers'
[    0.077576] x86/fpu: Supporting XSAVE feature 0x004: 'AVX registers'
[    0.077579] x86/fpu: Supporting XSAVE feature 0x200: 'Protection Keys User registers'
[    0.077583] x86/fpu: Supporting XSAVE feature 0x800: 'Control-flow User registers'
[    0.077588] x86/fpu: xstate_offset[2]:  576, xstate_sizes[2]:  256
[    0.077592] x86/fpu: xstate_offset[9]:  832, xstate_sizes[9]:    8
[    0.077596] x86/fpu: xstate_offset[11]:  840, xstate_sizes[11]:   16
[    0.077600] x86/fpu: Enabled xstate features 0xa07, context size is 856 bytes, using 'compacted' format.
[    0.081355] Freeing SMP alternatives memory: 40K
[    0.081355] pid_max: default: 32768 minimum: 301
[    0.081355] LSM: initializing lsm=lockdown,capability,landlock,yama,apparmor,tomoyo,bpf,ipe,ima,evm
[    0.081355] landlock: Up and running.
[    0.081355] Yama: disabled by default; enable with sysctl kernel.yama.*
[    0.081355] AppArmor: AppArmor initialized
[    0.081355] TOMOYO Linux initialized
[    0.081355] LSM support for eBPF active
[    0.081355] Mount-cache hash table entries: 32768 (order: 6, 262144 bytes, linear)
[    0.081355] Mountpoint-cache hash table entries: 32768 (order: 6, 262144 bytes, linear)
[    0.081355] smpboot: CPU0: Intel(R) N100 (family: 0x6, model: 0xbe, stepping: 0x0)
[    0.081355] Performance Events: XSAVE Architectural LBR, PEBS fmt4+-baseline, PEBS-via-PT,  AnyThread deprecated, Gracemont events, 32-deep LBR, full-width counters, Intel PMU driver.
[    0.081355] ... version:                5
[    0.081355] ... bit width:              48
[    0.081355] ... generic registers:      6
[    0.081355] ... value mask:             0000ffffffffffff
[    0.081355] ... max period:             00007fffffffffff
[    0.081355] ... fixed-purpose events:   3
[    0.081355] ... event mask:             000000070000003f
[    0.081355] signal: max sigframe size: 3632
[    0.081355] Estimated ratio of average max frequency by base frequency (times 1024): 3712
[    0.081355] rcu: Hierarchical SRCU implementation.
[    0.081355] rcu: 	Max phase no-delay instances is 1000.
[    0.081355] Timer migration: 1 hierarchy levels; 8 children per group; 1 crossnode level
[    0.081355] NMI watchdog: Enabled. Permanently consumes one hw-PMU counter.
[    0.081355] smp: Bringing up secondary CPUs ...
[    0.081355] smpboot: x86: Booting SMP configuration:
[    0.081355] .... node  #0, CPUs:      #1 #2 #3
[    0.085432] smp: Brought up 1 node, 4 CPUs
[    0.085432] smpboot: Total of 4 processors activated (6451.20 BogoMIPS)
[    0.111492] node 0 deferred pages initialised in 24ms
[    0.111492] Memory: 11854100K/12318696K available (16384K kernel code, 2496K rwdata, 11800K rodata, 4152K init, 4936K bss, 453676K reserved, 0K cma-reserved)
[    0.111497] devtmpfs: initialized
[    0.111497] x86/mm: Memory block size: 128MB
[    0.113909] ACPI: PM: Registering ACPI NVS region [mem 0x7343f000-0x734fefff] (786432 bytes)
[    0.113909] clocksource: jiffies: mask: 0xffffffff max_cycles: 0xffffffff, max_idle_ns: 7645041785100000 ns
[    0.113909] futex hash table entries: 1024 (order: 4, 65536 bytes, linear)
[    0.113909] pinctrl core: initialized pinctrl subsystem
[    0.114389] NET: Registered PF_NETLINK/PF_ROUTE protocol family
[    0.114803] DMA: preallocated 2048 KiB GFP_KERNEL pool for atomic allocations
[    0.115043] DMA: preallocated 2048 KiB GFP_KERNEL|GFP_DMA pool for atomic allocations
[    0.115297] DMA: preallocated 2048 KiB GFP_KERNEL|GFP_DMA32 pool for atomic allocations
[    0.115321] audit: initializing netlink subsys (disabled)
[    0.115341] audit: type=2000 audit(1764615398.000:1): state=initialized audit_enabled=0 res=1
[    0.115341] thermal_sys: Registered thermal governor 'fair_share'
[    0.115341] thermal_sys: Registered thermal governor 'bang_bang'
[    0.115341] thermal_sys: Registered thermal governor 'step_wise'
[    0.115341] thermal_sys: Registered thermal governor 'user_space'
[    0.115341] thermal_sys: Registered thermal governor 'power_allocator'
[    0.115341] cpuidle: using governor ladder
[    0.115341] cpuidle: using governor menu
[    0.115341] acpiphp: ACPI Hot Plug PCI Controller Driver version: 0.5
[    0.115341] PCI: ECAM [mem 0xc0000000-0xcfffffff] (base 0xc0000000) for domain 0000 [bus 00-ff]
[    0.115341] PCI: Using configuration type 1 for base access
[    0.115341] kprobes: kprobe jump-optimization is enabled. All kprobes are optimized if possible.
[    0.117434] HugeTLB: registered 1.00 GiB page size, pre-allocated 0 pages
[    0.117434] HugeTLB: 16380 KiB vmemmap can be freed for a 1.00 GiB page
[    0.117434] HugeTLB: registered 2.00 MiB page size, pre-allocated 0 pages
[    0.117434] HugeTLB: 28 KiB vmemmap can be freed for a 2.00 MiB page
[    0.117493] ACPI: Added _OSI(Module Device)
[    0.117498] ACPI: Added _OSI(Processor Device)
[    0.117501] ACPI: Added _OSI(Processor Aggregator Device)
[    0.262084] ACPI: 14 ACPI AML tables successfully acquired and loaded
[    0.283748] ACPI: Dynamic OEM Table Load:
[    0.283766] ACPI: SSDT 0xFFFF904D86519800 000394 (v02 PmRef  Cpu0Cst  00003001 INTL 20200717)
[    0.285091] ACPI: Dynamic OEM Table Load:
[    0.285100] ACPI: SSDT 0xFFFF904E6F344400 0001A3 (v02 PmRef  Cpu0Ist  00003000 INTL 20200717)
[    0.286356] ACPI: Dynamic OEM Table Load:
[    0.286365] ACPI: SSDT 0xFFFF904E6F344200 0001AB (v02 PmRef  Cpu0Psd  00003000 INTL 20200717)
[    0.287622] ACPI: Dynamic OEM Table Load:
[    0.287630] ACPI: SSDT 0xFFFF904D8650B800 0004BA (v02 PmRef  Cpu0Hwp  00003000 INTL 20200717)
[    0.289378] ACPI: Dynamic OEM Table Load:
[    0.289393] ACPI: SSDT 0xFFFF904C00DB2000 001BAF (v02 PmRef  ApIst    00003000 INTL 20200717)
[    0.291468] ACPI: Dynamic OEM Table Load:
[    0.291479] ACPI: SSDT 0xFFFF904C00DB6000 001038 (v02 PmRef  ApHwp    00003000 INTL 20200717)
[    0.293327] ACPI: Dynamic OEM Table Load:
[    0.293338] ACPI: SSDT 0xFFFF904C00DB4000 001349 (v02 PmRef  ApPsd    00003000 INTL 20200717)
[    0.295300] ACPI: Dynamic OEM Table Load:
[    0.295311] ACPI: SSDT 0xFFFF904C00FE8000 000FBB (v02 PmRef  ApCst    00003000 INTL 20200717)
[    0.298347] ACPI: EC: EC started
[    0.298350] ACPI: EC: interrupt blocked
[    0.307109] ACPI: EC: EC_CMD/EC_SC=0x66, EC_DATA=0x62
[    0.307115] ACPI: \_SB_.PC00.LPCB.H_EC: Boot DSDT EC used to handle transactions
[    0.307119] ACPI: Interpreter enabled
[    0.307209] ACPI: PM: (supports S0 S3 S4 S5)
[    0.307212] ACPI: Using IOAPIC for interrupt routing
[    0.307295] PCI: Using host bridge windows from ACPI; if necessary, use "pci=nocrs" and report a bug
[    0.307300] PCI: Ignoring E820 reservations for host bridge windows
[    0.308863] ACPI: Enabled 7 GPEs in block 00 to 7F
[    0.340947] ACPI: \_SB_.PC00.CNVW.WRST: New power resource
[    0.353667] ACPI: \_SB_.PC00.TBT0: New power resource
[    0.354192] ACPI: \_SB_.PC00.TBT1: New power resource
[    0.354708] ACPI: \_SB_.PC00.D3C_: New power resource
[    0.424862] ACPI: \_TZ_.FN00: New power resource
[    0.424944] ACPI: \_TZ_.FN01: New power resource
[    0.425027] ACPI: \_TZ_.FN02: New power resource
[    0.425102] ACPI: \_TZ_.FN03: New power resource
[    0.425176] ACPI: \_TZ_.FN04: New power resource
[    0.425834] ACPI: \PIN_: New power resource
[    0.426534] ACPI: PCI Root Bridge [PC00] (domain 0000 [bus 00-fe])
[    0.426546] acpi PNP0A08:00: _OSC: OS supports [ExtendedConfig ASPM ClockPM Segments MSI HPX-Type3]
[    0.427959] acpi PNP0A08:00: _OSC: platform does not support [AER]
[    0.430718] acpi PNP0A08:00: _OSC: OS now controls [PCIeHotplug SHPCHotplug PME PCIeCapability LTR]
[    0.432915] PCI host bridge to bus 0000:00
[    0.432922] pci_bus 0000:00: root bus resource [io  0x0000-0x0cf7 window]
[    0.432928] pci_bus 0000:00: root bus resource [io  0x0d00-0xffff window]
[    0.432931] pci_bus 0000:00: root bus resource [mem 0x000a0000-0x000bffff window]
[    0.432936] pci_bus 0000:00: root bus resource [mem 0x000e0000-0x000fffff window]
[    0.432940] pci_bus 0000:00: root bus resource [mem 0x80400000-0xbfffffff window]
[    0.432944] pci_bus 0000:00: root bus resource [mem 0x4000000000-0x7fffffffff window]
[    0.432948] pci_bus 0000:00: root bus resource [bus 00-fe]
[    0.432992] pci 0000:00:00.0: [8086:461c] type 00 class 0x060000 conventional PCI endpoint
[    0.433183] pci 0000:00:02.0: [8086:46d1] type 00 class 0x030000 PCIe Root Complex Integrated Endpoint
[    0.433198] pci 0000:00:02.0: BAR 0 [mem 0x6000000000-0x6000ffffff 64bit]
[    0.433208] pci 0000:00:02.0: BAR 2 [mem 0x4000000000-0x400fffffff 64bit pref]
[    0.433215] pci 0000:00:02.0: BAR 4 [io  0x5000-0x503f]
[    0.433239] pci 0000:00:02.0: DMAR: Skip IOMMU disabling for graphics
[    0.433244] pci 0000:00:02.0: Video device with shadowed ROM at [mem 0x000c0000-0x000dffff]
[    0.433280] pci 0000:00:02.0: VF BAR 0 [mem 0x00000000-0x00ffffff 64bit]
[    0.433284] pci 0000:00:02.0: VF BAR 0 [mem 0x00000000-0x06ffffff 64bit]: contains BAR 0 for 7 VFs
[    0.433293] pci 0000:00:02.0: VF BAR 2 [mem 0x00000000-0x1fffffff 64bit pref]
[    0.433296] pci 0000:00:02.0: VF BAR 2 [mem 0x00000000-0xdfffffff 64bit pref]: contains BAR 2 for 7 VFs
[    0.433619] pci 0000:00:0a.0: [8086:467d] type 00 class 0x118000 PCIe Root Complex Integrated Endpoint
[    0.433632] pci 0000:00:0a.0: BAR 0 [mem 0x6001120000-0x6001127fff 64bit]
[    0.433657] pci 0000:00:0a.0: enabling Extended Tags
[    0.433775] pci 0000:00:0d.0: [8086:464e] type 00 class 0x0c0330 conventional PCI endpoint
[    0.433793] pci 0000:00:0d.0: BAR 0 [mem 0x6001110000-0x600111ffff 64bit]
[    0.433850] pci 0000:00:0d.0: PME# supported from D3hot D3cold
[    0.436863] pci 0000:00:14.0: [8086:54ed] type 00 class 0x0c0330 conventional PCI endpoint
[    0.436901] pci 0000:00:14.0: BAR 0 [mem 0x6001100000-0x600110ffff 64bit]
[    0.437006] pci 0000:00:14.0: PME# supported from D3hot D3cold
[    0.439875] pci 0000:00:14.2: [8086:54ef] type 00 class 0x050000 conventional PCI endpoint
[    0.439912] pci 0000:00:14.2: BAR 0 [mem 0x600112c000-0x600112ffff 64bit]
[    0.439929] pci 0000:00:14.2: BAR 2 [mem 0x6001134000-0x6001134fff 64bit]
[    0.440170] pci 0000:00:15.0: [8086:54e8] type 00 class 0x0c8000 conventional PCI endpoint
[    0.440241] pci 0000:00:15.0: BAR 0 [mem 0x00000000-0x00000fff 64bit]
[    0.440828] pci 0000:00:15.3: [8086:54eb] type 00 class 0x0c8000 conventional PCI endpoint
[    0.440904] pci 0000:00:15.3: BAR 0 [mem 0x00000000-0x00000fff 64bit]
[    0.441405] pci 0000:00:16.0: [8086:54e0] type 00 class 0x078000 conventional PCI endpoint
[    0.441435] pci 0000:00:16.0: BAR 0 [mem 0x6001131000-0x6001131fff 64bit]
[    0.441535] pci 0000:00:16.0: PME# supported from D3hot
[    0.442269] pci 0000:00:1c.0: [8086:54ba] type 01 class 0x060400 PCIe Root Port
[    0.442305] pci 0000:00:1c.0: PCI bridge to [bus 01]
[    0.442312] pci 0000:00:1c.0:   bridge window [io  0x4000-0x4fff]
[    0.442318] pci 0000:00:1c.0:   bridge window [mem 0x80600000-0x806fffff]
[    0.442418] pci 0000:00:1c.0: PME# supported from D0 D3hot D3cold
[    0.442461] pci 0000:00:1c.0: PTM enabled (root), 4ns granularity
[    0.443141] pci 0000:00:1c.6: [8086:54be] type 01 class 0x060400 PCIe Root Port
[    0.443177] pci 0000:00:1c.6: PCI bridge to [bus 02]
[    0.443184] pci 0000:00:1c.6:   bridge window [io  0x3000-0x3fff]
[    0.443190] pci 0000:00:1c.6:   bridge window [mem 0x80500000-0x805fffff]
[    0.443288] pci 0000:00:1c.6: PME# supported from D0 D3hot D3cold
[    0.443331] pci 0000:00:1c.6: PTM enabled (root), 4ns granularity
[    0.444007] pci 0000:00:1d.0: [8086:54b0] type 01 class 0x060400 PCIe Root Port
[    0.444059] pci 0000:00:1d.0: PCI bridge to [bus 03]
[    0.444068] pci 0000:00:1d.0:   bridge window [mem 0x80400000-0x804fffff]
[    0.444176] pci 0000:00:1d.0: PME# supported from D0 D3hot D3cold
[    0.444223] pci 0000:00:1d.0: PTM enabled (root), 4ns granularity
[    0.444904] pci 0000:00:1f.0: [8086:5481] type 00 class 0x060100 conventional PCI endpoint
[    0.445331] pci 0000:00:1f.3: [8086:54c8] type 00 class 0x040300 conventional PCI endpoint
[    0.445372] pci 0000:00:1f.3: BAR 0 [mem 0x6001128000-0x600112bfff 64bit]
[    0.445429] pci 0000:00:1f.3: BAR 4 [mem 0x6001000000-0x60010fffff 64bit]
[    0.445539] pci 0000:00:1f.3: PME# supported from D3hot D3cold
[    0.446237] pci 0000:00:1f.4: [8086:54a3] type 00 class 0x0c0500 conventional PCI endpoint
[    0.446265] pci 0000:00:1f.4: BAR 0 [mem 0x6001130000-0x60011300ff 64bit]
[    0.446292] pci 0000:00:1f.4: BAR 4 [io  0xefa0-0xefbf]
[    0.446589] pci 0000:00:1f.5: [8086:54a4] type 00 class 0x0c8000 conventional PCI endpoint
[    0.446614] pci 0000:00:1f.5: BAR 0 [mem 0xfe010000-0xfe010fff]
[    0.446820] pci 0000:01:00.0: [10ec:8168] type 00 class 0x020000 PCIe Endpoint
[    0.446844] pci 0000:01:00.0: BAR 0 [io  0x4000-0x40ff]
[    0.446872] pci 0000:01:00.0: BAR 2 [mem 0x80604000-0x80604fff 64bit]
[    0.446891] pci 0000:01:00.0: BAR 4 [mem 0x80600000-0x80603fff 64bit]
[    0.447029] pci 0000:01:00.0: supports D1 D2
[    0.447032] pci 0000:01:00.0: PME# supported from D0 D1 D2 D3hot D3cold
[    0.447311] pci 0000:00:1c.0: PCI bridge to [bus 01]
[    0.447430] pci 0000:02:00.0: [10ec:b852] type 00 class 0x028000 PCIe Endpoint
[    0.447472] pci 0000:02:00.0: BAR 0 [io  0x3000-0x30ff]
[    0.447524] pci 0000:02:00.0: BAR 2 [mem 0x80500000-0x805fffff 64bit]
[    0.447788] pci 0000:02:00.0: PME# supported from D0 D3hot D3cold
[    0.448188] pci 0000:00:1c.6: PCI bridge to [bus 02]
[    0.448551] pci 0000:03:00.0: [1d79:2263] type 00 class 0x010802 PCIe Endpoint
[    0.448628] pci 0000:03:00.0: BAR 0 [mem 0x80400000-0x80403fff 64bit]
[    0.449349] pci 0000:00:1d.0: PCI bridge to [bus 03]
[    0.456853] ACPI: PCI: Interrupt link LNKA configured for IRQ 0
[    0.457018] ACPI: PCI: Interrupt link LNKB configured for IRQ 1
[    0.457179] ACPI: PCI: Interrupt link LNKC configured for IRQ 0
[    0.457339] ACPI: PCI: Interrupt link LNKD configured for IRQ 0
[    0.457523] ACPI: PCI: Interrupt link LNKE configured for IRQ 0
[    0.457684] ACPI: PCI: Interrupt link LNKF configured for IRQ 0
[    0.457843] ACPI: PCI: Interrupt link LNKG configured for IRQ 0
[    0.458003] ACPI: PCI: Interrupt link LNKH configured for IRQ 0
[    0.481852] ACPI: EC: interrupt unblocked
[    0.481857] ACPI: EC: event unblocked
[    0.481880] ACPI: EC: EC_CMD/EC_SC=0x66, EC_DATA=0x62
[    0.481883] ACPI: EC: GPE=0x6e
[    0.481886] ACPI: \_SB_.PC00.LPCB.H_EC: Boot DSDT EC initialization complete
[    0.481890] ACPI: \_SB_.PC00.LPCB.H_EC: EC: Used to handle transactions and events
[    0.482032] iommu: Default domain type: Translated
[    0.482032] iommu: DMA domain TLB invalidation policy: lazy mode
[    0.482032] pps_core: LinuxPPS API ver. 1 registered
[    0.482032] pps_core: Software ver. 5.3.6 - Copyright 2005-2007 Rodolfo Giometti <giometti@linux.it>
[    0.482032] PTP clock support registered
[    0.482032] EDAC MC: Ver: 3.0.0
[    0.482032] efivars: Registered efivars operations
[    0.482032] NetLabel: Initializing
[    0.482032] NetLabel:  domain hash size = 128
[    0.482032] NetLabel:  protocols = UNLABELED CIPSOv4 CALIPSO
[    0.482032] NetLabel:  unlabeled traffic allowed by default
[    0.482032] PCI: Using ACPI for IRQ routing
[    0.506898] PCI: pci_cache_line_size set to 64 bytes
[    0.507046] pci 0000:00:1f.5: BAR 0 [mem 0xfe010000-0xfe010fff]: can't claim; no compatible bridge window
[    0.507190] e820: reserve RAM buffer [mem 0x0009e000-0x0009ffff]
[    0.507193] e820: reserve RAM buffer [mem 0x416ee000-0x43ffffff]
[    0.507195] e820: reserve RAM buffer [mem 0x4335a000-0x43ffffff]
[    0.507197] e820: reserve RAM buffer [mem 0x6c772000-0x6fffffff]
[    0.507198] e820: reserve RAM buffer [mem 0x6cc00000-0x6fffffff]
[    0.507199] e820: reserve RAM buffer [mem 0x7025d000-0x73ffffff]
[    0.507201] e820: reserve RAM buffer [mem 0x73f00000-0x73ffffff]
[    0.507202] e820: reserve RAM buffer [mem 0x37fc00000-0x37fffffff]
[    0.507252] pci 0000:00:02.0: vgaarb: setting as boot VGA device
[    0.507252] pci 0000:00:02.0: vgaarb: bridge control possible
[    0.507252] pci 0000:00:02.0: vgaarb: VGA device added: decodes=io+mem,owns=io+mem,locks=none
[    0.507252] vgaarb: loaded
[    0.507252] clocksource: Switched to clocksource tsc-early
[    0.507252] VFS: Disk quotas dquot_6.6.0
[    0.507252] VFS: Dquot-cache hash table entries: 512 (order 0, 4096 bytes)
[    0.507252] AppArmor: AppArmor Filesystem Enabled
[    0.507252] pnp: PnP ACPI init
[    0.507252] system 00:01: [io  0x0680-0x069f] has been reserved
[    0.507252] system 00:01: [io  0x164e-0x164f] has been reserved
[    0.507321] pnp 00:02: disabling [mem 0xc0000000-0xcfffffff] because it overlaps 0000:00:02.0 BAR 9 [mem 0x00000000-0xdfffffff 64bit pref]
[    0.507360] system 00:02: [mem 0xfedc0000-0xfedc7fff] has been reserved
[    0.507366] system 00:02: [mem 0xfeda0000-0xfeda0fff] has been reserved
[    0.507370] system 00:02: [mem 0xfeda1000-0xfeda1fff] has been reserved
[    0.507374] system 00:02: [mem 0xfed20000-0xfed7ffff] could not be reserved
[    0.507378] system 00:02: [mem 0xfed90000-0xfed93fff] could not be reserved
[    0.507381] system 00:02: [mem 0xfed45000-0xfed8ffff] could not be reserved
[    0.507385] system 00:02: [mem 0xfee00000-0xfeefffff] could not be reserved
[    0.512530] system 00:03: [io  0x2000-0x20fe] has been reserved
[    0.513819] pnp: PnP ACPI: found 5 devices
[    0.519974] clocksource: acpi_pm: mask: 0xffffff max_cycles: 0xffffff, max_idle_ns: 2085701024 ns
[    0.520056] NET: Registered PF_INET protocol family
[    0.520412] IP idents hash table entries: 262144 (order: 9, 2097152 bytes, linear)
[    0.540573] tcp_listen_portaddr_hash hash table entries: 8192 (order: 5, 131072 bytes, linear)
[    0.540622] Table-perturb hash table entries: 65536 (order: 6, 262144 bytes, linear)
[    0.540730] TCP established hash table entries: 131072 (order: 8, 1048576 bytes, linear)
[    0.541106] TCP bind hash table entries: 65536 (order: 9, 2097152 bytes, linear)
[    0.541271] TCP: Hash tables configured (established 131072 bind 65536)
[    0.541405] MPTCP token hash table entries: 16384 (order: 6, 393216 bytes, linear)
[    0.541480] UDP hash table entries: 8192 (order: 6, 262144 bytes, linear)
[    0.541541] UDP-Lite hash table entries: 8192 (order: 6, 262144 bytes, linear)
[    0.541624] NET: Registered PF_UNIX/PF_LOCAL protocol family
[    0.541635] NET: Registered PF_XDP protocol family
[    0.541647] pci_bus 0000:00: max bus depth: 1 pci_try_num: 2
[    0.541665] pci 0000:00:02.0: VF BAR 2 [mem 0x4020000000-0x40ffffffff 64bit pref]: assigned
[    0.541675] pci 0000:00:02.0: VF BAR 0 [mem 0x4010000000-0x4016ffffff 64bit]: assigned
[    0.541681] pci 0000:00:15.0: BAR 0 [mem 0x4017000000-0x4017000fff 64bit]: assigned
[    0.541742] pci 0000:00:15.3: BAR 0 [mem 0x4017001000-0x4017001fff 64bit]: assigned
[    0.541805] pci 0000:00:1f.5: BAR 0 [mem 0x80700000-0x80700fff]: assigned
[    0.541820] pci 0000:00:1c.0: PCI bridge to [bus 01]
[    0.541825] pci 0000:00:1c.0:   bridge window [io  0x4000-0x4fff]
[    0.541832] pci 0000:00:1c.0:   bridge window [mem 0x80600000-0x806fffff]
[    0.541843] pci 0000:00:1c.6: PCI bridge to [bus 02]
[    0.541847] pci 0000:00:1c.6:   bridge window [io  0x3000-0x3fff]
[    0.541854] pci 0000:00:1c.6:   bridge window [mem 0x80500000-0x805fffff]
[    0.541865] pci 0000:00:1d.0: PCI bridge to [bus 03]
[    0.541871] pci 0000:00:1d.0:   bridge window [mem 0x80400000-0x804fffff]
[    0.541882] pci_bus 0000:00: resource 4 [io  0x0000-0x0cf7 window]
[    0.541886] pci_bus 0000:00: resource 5 [io  0x0d00-0xffff window]
[    0.541890] pci_bus 0000:00: resource 6 [mem 0x000a0000-0x000bffff window]
[    0.541893] pci_bus 0000:00: resource 7 [mem 0x000e0000-0x000fffff window]
[    0.541897] pci_bus 0000:00: resource 8 [mem 0x80400000-0xbfffffff window]
[    0.541900] pci_bus 0000:00: resource 9 [mem 0x4000000000-0x7fffffffff window]
[    0.541905] pci_bus 0000:01: resource 0 [io  0x4000-0x4fff]
[    0.541908] pci_bus 0000:01: resource 1 [mem 0x80600000-0x806fffff]
[    0.541911] pci_bus 0000:02: resource 0 [io  0x3000-0x3fff]
[    0.541915] pci_bus 0000:02: resource 1 [mem 0x80500000-0x805fffff]
[    0.541918] pci_bus 0000:03: resource 1 [mem 0x80400000-0x804fffff]
[    0.542755] PCI: CLS 64 bytes, default 64
[    0.542822] DMAR: No ATSR found
[    0.542824] DMAR: No SATC found
[    0.542827] DMAR: IOMMU feature fl1gp_support inconsistent
[    0.542829] DMAR: IOMMU feature pgsel_inv inconsistent
[    0.542832] DMAR: IOMMU feature nwfs inconsistent
[    0.542834] DMAR: IOMMU feature dit inconsistent
[    0.542836] DMAR: IOMMU feature sc_support inconsistent
[    0.542839] DMAR: IOMMU feature dev_iotlb_support inconsistent
[    0.542842] DMAR: dmar0: Using Queued invalidation
[    0.542849] DMAR: dmar1: Using Queued invalidation
[    0.542878] Trying to unpack rootfs image as initramfs...
[    0.543190] pci 0000:00:02.0: Adding to iommu group 0
[    0.543240] pci 0000:00:00.0: Adding to iommu group 1
[    0.543255] pci 0000:00:0a.0: Adding to iommu group 2
[    0.543273] pci 0000:00:0d.0: Adding to iommu group 3
[    0.543295] pci 0000:00:14.0: Adding to iommu group 4
[    0.543308] pci 0000:00:14.2: Adding to iommu group 4
[    0.543328] pci 0000:00:15.0: Adding to iommu group 5
[    0.543341] pci 0000:00:15.3: Adding to iommu group 5
[    0.543357] pci 0000:00:16.0: Adding to iommu group 6
[    0.543376] pci 0000:00:1c.0: Adding to iommu group 7
[    0.543393] pci 0000:00:1c.6: Adding to iommu group 8
[    0.543410] pci 0000:00:1d.0: Adding to iommu group 9
[    0.543447] pci 0000:00:1f.0: Adding to iommu group 10
[    0.543462] pci 0000:00:1f.3: Adding to iommu group 10
[    0.543475] pci 0000:00:1f.4: Adding to iommu group 10
[    0.543489] pci 0000:00:1f.5: Adding to iommu group 10
[    0.543506] pci 0000:01:00.0: Adding to iommu group 11
[    0.543523] pci 0000:02:00.0: Adding to iommu group 12
[    0.543541] pci 0000:03:00.0: Adding to iommu group 13
[    0.544822] DMAR: Intel(R) Virtualization Technology for Directed I/O
[    0.544833] PCI-DMA: Using software bounce buffering for IO (SWIOTLB)
[    0.544836] software IO TLB: mapped [mem 0x000000005dcd8000-0x0000000061cd8000] (64MB)
[    0.544918] clocksource: tsc: mask: 0xffffffffffffffff max_cycles: 0xb9fb05486c, max_idle_ns: 440795231721 ns
[    0.544947] clocksource: Switched to clocksource tsc
[    0.544995] platform rtc_cmos: registered platform RTC device (no PNP device found)
[    0.548995] Initialise system trusted keyrings
[    0.549014] Key type blacklist registered
[    0.549075] workingset: timestamp_bits=36 max_order=22 bucket_order=0
[    0.549088] zbud: loaded
[    0.549208] fuse: init (API version 7.41)
[    0.549376] integrity: Platform Keyring initialized
[    0.549383] integrity: Machine keyring initialized
[    0.570052] Key type asymmetric registered
[    0.570061] Asymmetric key parser 'x509' registered
[    0.643139] Freeing initrd memory: 47200K
[    0.649403] Block layer SCSI generic (bsg) driver version 0.4 loaded (major 246)
[    0.649451] io scheduler mq-deadline registered
[    0.651343] ledtrig-cpu: registered to indicate activity on CPUs
[    0.651749] pcieport 0000:00:1c.0: PME: Signaling with IRQ 122
[    0.652073] pcieport 0000:00:1c.6: PME: Signaling with IRQ 123
[    0.652423] pcieport 0000:00:1d.0: PME: Signaling with IRQ 124
[    0.652567] shpchp: Standard Hot Plug PCI Controller Driver version: 0.4
[    0.654545] thermal LNXTHERM:00: registered as thermal_zone0
[    0.654551] ACPI: thermal: Thermal Zone [TZ00] (28 C)
[    0.654712] Serial: 8250/16550 driver, 4 ports, IRQ sharing enabled
[    0.655506] hpet_acpi_add: no address or irqs in _CRS
[    0.655540] Linux agpgart interface v0.103
[    0.661514] i8042: PNP: PS/2 Controller [PNP0303:PS2K] at 0x60,0x64 irq 1
[    0.661521] i8042: PNP: PS/2 appears to have AUX port disabled, if this is incorrect please boot with i8042.nopnp
[    0.662308] serio: i8042 KBD port at 0x60,0x64 irq 1
[    0.662377] mousedev: PS/2 mouse device common for all mice
[    0.662404] rtc_cmos rtc_cmos: RTC can wake from S4
[    0.663241] rtc_cmos rtc_cmos: registered as rtc0
[    0.663394] rtc_cmos rtc_cmos: setting system clock to 2025-12-01T18:56:39 UTC (1764615399)
[    0.663431] rtc_cmos rtc_cmos: alarms up to one month, y3k, 114 bytes nvram
[    0.663515] intel_pstate: Intel P-state driver initializing
[    0.663880] intel_pstate: HWP enabled
[    0.664392] efifb: probing for efifb
[    0.664408] efifb: framebuffer at 0x4000000000, using 1876k, total 1875k
[    0.664414] efifb: mode is 800x600x32, linelength=3200, pages=1
[    0.664418] efifb: scrolling: redraw
[    0.664421] efifb: Truecolor: size=8:8:8:8, shift=24:16:8:0
[    0.664689] input: AT Translated Set 2 keyboard as /devices/platform/i8042/serio0/input/input0
[    0.670430] Console: switching to colour frame buffer device 75x50
[    0.677546] fb0: EFI VGA frame buffer device
[    0.677772] NET: Registered PF_INET6 protocol family
[    0.683549] Segment Routing with IPv6
[    0.683635] In-situ OAM (IOAM) with IPv6
[    0.683727] mip6: Mobile IPv6
[    0.683779] NET: Registered PF_PACKET protocol family
[    0.683925] mpls_gso: MPLS GSO support
[    0.684348] ENERGY_PERF_BIAS: Set to 'normal', was 'performance'
[    0.684599] microcode: Current revision: 0x0000001d
[    0.684685] microcode: Updated early from: 0x0000000f
[    0.685038] resctrl: L2 allocation detected
[    0.685120] IPI shorthand broadcast: enabled
[    0.687009] sched_clock: Marking stable (676563547, 8467927)->(719429620, -34398146)
[    0.687331] registered taskstats version 1
[    0.687540] Loading compiled-in X.509 certificates
[    0.710883] Loaded X.509 cert 'Build time autogenerated kernel key: d2dd4bf04bc5201ffcfa02ea549298b155fb4038'
[    0.713224] Demotion targets for Node 0: null
[    0.713512] Key type .fscrypt registered
[    0.713592] Key type fscrypt-provisioning registered
[    0.734832] Key type encrypted registered
[    0.734906] AppArmor: AppArmor sha256 policy hashing enabled
[    0.738831] ima: Allocated hash algorithm: sha256
[    0.777130] ima: No architecture policies found
[    0.780988] evm: Initialising EVM extended attributes:
[    0.784563] evm: security.selinux
[    0.788739] evm: security.SMACK64 (disabled)
[    0.792999] evm: security.SMACK64EXEC (disabled)
[    0.797097] evm: security.SMACK64TRANSMUTE (disabled)
[    0.801211] evm: security.SMACK64MMAP (disabled)
[    0.805239] evm: security.apparmor
[    0.809177] evm: security.ima
[    0.813014] evm: security.capability
[    0.816843] evm: HMAC attrs: 0x1
[    0.823348] RAS: Correctable Errors collector initialized.
[    0.831972] clk: Disabling unused clocks
[    0.835123] PM: genpd: Disabling unused power domains
[    0.840963] Freeing unused decrypted memory: 2028K
[    0.844891] Freeing unused kernel image (initmem) memory: 4152K
[    0.848057] Write protecting the kernel read-only data: 28672k
[    0.851514] Freeing unused kernel image (rodata/data gap) memory: 488K
[    0.902966] x86/mm: Checked W+X mappings: passed, no W+X pages found.
[    0.906897] Run /init as init process
[    0.910712]   with arguments:
[    0.910714]     /init
[    0.910714]   with environment:
[    0.910715]     HOME=/
[    0.910716]     TERM=linux
[    0.935498] udevd[179]: starting version 3.2.14
[    0.939580] udevd[180]: starting eudev-3.2.14
[    0.982515] ACPI: battery: Slot [BAT0] (battery present)
[    1.008640] intel-lpss 0000:00:15.0: enabling device (0004 -> 0006)
[    1.012247] i801_smbus 0000:00:1f.4: enabling device (0000 -> 0003)
[    1.015522] i801_smbus 0000:00:1f.4: SPD Write Disable is set
[    1.018648] i801_smbus 0000:00:1f.4: SMBus using PCI interrupt
[    1.028614] idma64 idma64.0: Found Intel integrated DMA 64-bit
[    1.051745] ACPI: bus type USB registered
[    1.054953] usbcore: registered new interface driver usbfs
[    1.056767] intel-lpss 0000:00:15.3: enabling device (0004 -> 0006)
[    1.058163] usbcore: registered new interface driver hub
[    1.062133] idma64 idma64.1: Found Intel integrated DMA 64-bit
[    1.064603] usbcore: registered new device driver usb
[    1.234878] i801_smbus 0000:00:1f.4: SMBus is busy, can't use it!
[    1.238761] i801_smbus 0000:00:1f.4: SMBus is busy, can't use it!
[    1.241869] i801_smbus 0000:00:1f.4: SMBus is busy, can't use it!
[    1.244658] i801_smbus 0000:00:1f.4: SMBus is busy, can't use it!
[    1.248102] i801_smbus 0000:00:1f.4: SMBus is busy, can't use it!
[    1.251590] i801_smbus 0000:00:1f.4: SMBus is busy, can't use it!
[    1.255020] i801_smbus 0000:00:1f.4: SMBus is busy, can't use it!
[    1.268376] nvme 0000:03:00.0: platform quirk: setting simple suspend
[    1.271274] iTCO_vendor_support: vendor-support=0
[    1.273152] nvme nvme0: pci function 0000:03:00.0
[    1.282633] nvme nvme0: missing or invalid SUBNQN field.
[    1.286043] r8169 0000:01:00.0: enabling device (0000 -> 0003)
[    1.301590] nvme nvme0: allocated 64 MiB host memory buffer.
[    1.305035] r8169 0000:01:00.0 eth0: RTL8168h/8111h, 00:e0:4c:59:d2:6c, XID 541, IRQ 126
[    1.310432] r8169 0000:01:00.0 eth0: jumbo features [frames: 9194 bytes, tx checksumming: ko]
[    1.313821] nvme nvme0: 4/0/0 default/read/poll queues
[    1.330126]  nvme0n1: p1 p2 p5 p6 p7
[    1.338029] xhci_hcd 0000:00:0d.0: xHCI Host Controller
[    1.341370] xhci_hcd 0000:00:0d.0: new USB bus registered, assigned bus number 1
[    1.348403] iTCO_wdt iTCO_wdt: Found a Intel PCH TCO device (Version=6, TCOBASE=0x0400)
[    1.349623] xhci_hcd 0000:00:0d.0: hcc params 0x20007fc1 hci version 0x120 quirks 0x0000000200009810
[    1.355271] iTCO_wdt iTCO_wdt: initialized. heartbeat=30 sec (nowayout=0)
[    1.362964] xhci_hcd 0000:00:0d.0: xHCI Host Controller
[    1.372356] xhci_hcd 0000:00:0d.0: new USB bus registered, assigned bus number 2
[    1.379238] xhci_hcd 0000:00:0d.0: Host supports USB 3.2 Enhanced SuperSpeed
[    1.385997] usb usb1: New USB device found, idVendor=1d6b, idProduct=0002, bcdDevice= 6.12
[    1.392939] usb usb1: New USB device strings: Mfr=3, Product=2, SerialNumber=1
[    1.400342] usb usb1: Product: xHCI Host Controller
[    1.403973] usb usb1: Manufacturer: Linux 6.12.57 xhci-hcd
[    1.407485] usb usb1: SerialNumber: 0000:00:0d.0
[    1.411175] hub 1-0:1.0: USB hub found
[    1.414689] hub 1-0:1.0: 1 port detected
[    1.418436] usb usb2: New USB device found, idVendor=1d6b, idProduct=0003, bcdDevice= 6.12
[    1.425491] usb usb2: New USB device strings: Mfr=3, Product=2, SerialNumber=1
[    1.432660] usb usb2: Product: xHCI Host Controller
[    1.436294] usb usb2: Manufacturer: Linux 6.12.57 xhci-hcd
[    1.439922] usb usb2: SerialNumber: 0000:00:0d.0
[    1.443706] hub 2-0:1.0: USB hub found
[    1.447935] hub 2-0:1.0: 2 ports detected
[    1.453598] xhci_hcd 0000:00:14.0: xHCI Host Controller
[    1.457044] xhci_hcd 0000:00:14.0: new USB bus registered, assigned bus number 3
[    1.465093] xhci_hcd 0000:00:14.0: hcc params 0x20007fc1 hci version 0x120 quirks 0x0000100200009810
[    1.475068] xhci_hcd 0000:00:14.0: xHCI Host Controller
[    1.479006] xhci_hcd 0000:00:14.0: new USB bus registered, assigned bus number 4
[    1.486936] xhci_hcd 0000:00:14.0: Host supports USB 3.1 Enhanced SuperSpeed
[    1.496788] usb usb3: New USB device found, idVendor=1d6b, idProduct=0002, bcdDevice= 6.12
[    1.506706] usb usb3: New USB device strings: Mfr=3, Product=2, SerialNumber=1
[    1.516562] usb usb3: Product: xHCI Host Controller
[    1.521455] usb usb3: Manufacturer: Linux 6.12.57 xhci-hcd
[    1.526419] usb usb3: SerialNumber: 0000:00:14.0
[    1.531493] hub 3-0:1.0: USB hub found
[    1.536443] hub 3-0:1.0: 12 ports detected
[    1.543186] usb usb4: New USB device found, idVendor=1d6b, idProduct=0003, bcdDevice= 6.12
[    1.550926] usb usb4: New USB device strings: Mfr=3, Product=2, SerialNumber=1
[    1.558672] usb usb4: Product: xHCI Host Controller
[    1.562529] usb usb4: Manufacturer: Linux 6.12.57 xhci-hcd
[    1.566364] usb usb4: SerialNumber: 0000:00:14.0
[    1.570932] hub 4-0:1.0: USB hub found
[    1.575646] hub 4-0:1.0: 4 ports detected
[    1.704472] raid6: avx2x4   gen() 17698 MB/s
[    1.776470] raid6: avx2x2   gen() 23345 MB/s
[    1.792490] usb 3-3: new high-speed USB device number 2 using xhci_hcd
[    1.844471] raid6: avx2x1   gen() 18913 MB/s
[    1.848013] raid6: using algorithm avx2x2 gen() 23345 MB/s
[    1.916519] raid6: .... xor() 13417 MB/s, rmw enabled
[    1.921060] raid6: using avx2x2 recovery algorithm
[    1.928133] xor: automatically using best checksumming function   avx       
[    1.938603] usb 3-3: New USB device found, idVendor=32e6, idProduct=9005, bcdDevice= 0.01
[    1.946180] usb 3-3: New USB device strings: Mfr=1, Product=2, SerialNumber=0
[    1.953579] usb 3-3: Product: icspring camera
[    1.957342] usb 3-3: Manufacturer: icSpring
[    2.123980] usb 3-4: new full-speed USB device number 3 using xhci_hcd
[    2.143269] Btrfs loaded, zoned=yes, fsverity=yes
[    2.255200] PM: Image not found (code -22)
[    2.269718] usb 3-4: New USB device found, idVendor=222a, idProduct=0001, bcdDevice= 0.02
[    2.277197] usb 3-4: New USB device strings: Mfr=1, Product=2, SerialNumber=0
[    2.284277] usb 3-4: Product: ILITEK-2900
[    2.287883] usb 3-4: Manufacturer: ILITEK
[    2.309938] hid: raw HID events driver (C) Jiri Kosina
[    2.321982] BTRFS: device label root1 devid 1 transid 131533 /dev/nvme0n1p5 (259:3) scanned by mount (249)
[    2.329756] BTRFS info (device nvme0n1p5): first mount of filesystem cf1b7843-392f-413c-ab2f-fa8bfa5d90e7
[    2.331805] usbcore: registered new interface driver usbhid
[    2.336967] BTRFS info (device nvme0n1p5): using crc32c (crc32c-intel) checksum algorithm
[    2.340476] usbhid: USB HID core driver
[    2.356514] input: ILITEK ILITEK-2900 Touchscreen as /devices/pci0000:00/0000:00:14.0/usb3/3-4/3-4:1.0/0003:222A:0001.0001/input/input1
[    2.358366] BTRFS info (device nvme0n1p5): enabling ssd optimizations
[    2.364200] input: ILITEK ILITEK-2900 Stylus as /devices/pci0000:00/0000:00:14.0/usb3/3-4/3-4:1.0/0003:222A:0001.0001/input/input2
[    2.368909] BTRFS info (device nvme0n1p5): turning on async discard
[    2.368911] BTRFS info (device nvme0n1p5): enabling free space tree
[    2.379171] hid-generic 0003:222A:0001.0001: input,hiddev0,hidraw0: USB HID v1.10 Device [ILITEK ILITEK-2900] on usb-0000:00:14.0-4/input0
[    2.416649] usb 3-8: new full-speed USB device number 4 using xhci_hcd
[    2.431104] input: ILITEK ILITEK-2900 as /devices/pci0000:00/0000:00:14.0/usb3/3-4/3-4:1.0/0003:222A:0001.0001/input/input4
[    2.439566] input: ILITEK ILITEK-2900 Stylus as /devices/pci0000:00/0000:00:14.0/usb3/3-4/3-4:1.0/0003:222A:0001.0001/input/input5
[    2.449599] hid-multitouch 0003:222A:0001.0001: input,hiddev0,hidraw0: USB HID v1.10 Device [ILITEK ILITEK-2900] on usb-0000:00:14.0-4/input0
[    2.485908] Not activating Mandatory Access Control as /sbin/tomoyo-init does not exist.
[    2.561561] usb 3-8: New USB device found, idVendor=0bda, idProduct=b85b, bcdDevice= 0.00
[    2.570393] usb 3-8: New USB device strings: Mfr=1, Product=2, SerialNumber=3
[    2.579764] usb 3-8: Product: Bluetooth Radio
[    2.584531] usb 3-8: Manufacturer: Realtek
[    2.589189] usb 3-8: SerialNumber: 00e04c000001
[    2.774171] udevd[465]: starting version 3.2.14
[    2.828533] udevd[465]: GOTO 'alsa_restore_std' has no matching label in: '/usr/lib/udev/rules.d/90-alsa-restore.rules'
[    2.837419] udevd[465]: GOTO 'alsa_restore_std' has no matching label in: '/usr/lib/udev/rules.d/90-alsa-restore.rules'
[    2.854518] udevd[466]: starting eudev-3.2.14
[    2.910737] resource: resource sanity check: requesting [mem 0x00000000fedc0000-0x00000000fedcffff], which spans more than pnp 00:02 [mem 0xfedc0000-0xfedc7fff]
[    2.923629] caller igen6_probe+0x15e/0x7c0 [igen6_edac] mapping multiple BARs
[    2.932888] ACPI: AC: AC Adapter [ADP1] (on-line)
[    2.938289] EDAC MC0: Giving out device to module igen6_edac controller Intel_client_SoC MC#0: DEV 0000:00:00.0 (INTERRUPT)
[    2.945362] input: Lid Switch as /devices/LNXSYSTM:00/LNXSYBUS:00/PNP0A08:00/device:06/PNP0C09:00/PNP0C0D:00/input/input7
[    2.946996] EDAC igen6 MC0: HANDLING IBECC MEMORY ERROR
[    2.957473] EDAC igen6 MC0: ADDR 0x7fffffffe0 
[    2.957526] EDAC igen6: v2.5.1
[    2.962681] ACPI: button: Lid Switch [LID0]
[    2.967375] input: Power Button as /devices/LNXSYSTM:00/LNXSYBUS:00/PNP0C0C:00/input/input8
[    2.979628] input: Intel HID events as /devices/platform/INTC1070:00/input/input9
[    2.988210] intel-hid INTC1070:00: platform supports 5 button array
[    2.988375] ACPI: button: Power Button [PWRB]
[    2.997139] input: Sleep Button as /devices/LNXSYSTM:00/LNXSYBUS:00/PNP0C0E:00/input/input11
[    3.006020] input: Intel HID 5 button array as /devices/platform/INTC1070:00/input/input10
[    3.006022] ACPI: button: Sleep Button [SLPB]
[    3.025025] intel_pmc_core INT33A1:00:  initialized
[    3.048316] ACPI: bus type drm_connector registered
[    3.107277] mei_me 0000:00:16.0: enabling device (0000 -> 0002)
[    3.111707] mc: Linux media interface: v0.10
[    3.116723] bmc150_accel_i2c i2c-BOSC0200:00: supply vdd not found, using dummy regulator
[    3.125002] bmc150_accel_i2c i2c-BOSC0200:00: supply vddio not found, using dummy regulator
[    3.152172] input: PC Speaker as /devices/platform/pcspkr/input/input12
[    3.161652] pstore: Using crash dump compression: deflate
[    3.178381] pstore: Registered efi_pstore as persistent store backend
[    3.262249] videodev: Linux video capture interface: v2.00
[    3.296337] RAPL PMU: API unit is 2^-32 Joules, 4 fixed counters, 655360 ms ovfl timer
[    3.304746] RAPL PMU: hw unit of domain pp0-core 2^-14 Joules
[    3.304749] RAPL PMU: hw unit of domain package 2^-14 Joules
[    3.304751] RAPL PMU: hw unit of domain pp1-gpu 2^-14 Joules
[    3.304752] RAPL PMU: hw unit of domain psys 2^-14 Joules
[    3.310333] cfg80211: Loading compiled-in X.509 certificates for regulatory database
[    3.310684] Loaded X.509 cert 'benh@debian.org: 577e021cb980e0e820821ba7b54b4961b8b4fadf'
[    3.310917] Loaded X.509 cert 'romain.perier@gmail.com: 3abbc6ec146e09d1b6016ab9d6cf71dd233f0328'
[    3.311143] Loaded X.509 cert 'sforshee: 00b28ddf47aef9cea7'
[    3.311362] Loaded X.509 cert 'wens: 61c038651aabdcf94bd0ac7ff06c7248db18c600'
[    3.386267] Bluetooth: Core ver 2.22
[    3.390719] NET: Registered PF_BLUETOOTH protocol family
[    3.394984] Bluetooth: HCI device and connection manager initialized
[    3.399242] Bluetooth: HCI socket layer initialized
[    3.405021] cryptd: max_cpu_qlen set to 1000
[    3.406682] Bluetooth: L2CAP socket layer initialized
[    3.406714] Bluetooth: SCO socket layer initialized
[    3.445314] AES CTR mode by8 optimization enabled
[    3.460237] snd_hda_intel 0000:00:1f.3: enabling device (0000 -> 0002)
[    3.466104] usb 3-3: Found UVC 1.00 device icspring camera (32e6:9005)
[    3.494255] usbcore: registered new interface driver uvcvideo
[    3.532383] usbcore: registered new interface driver btusb
[    3.538388] Bluetooth: hci0: RTL: examining hci_ver=0b hci_rev=000b lmp_ver=0b lmp_subver=8852
[    3.547368] Bluetooth: hci0: RTL: rom_version status=0 version=1
[    3.551241] Bluetooth: hci0: RTL: loading rtl_bt/rtl8852bu_fw.bin
[    3.558316] Bluetooth: hci0: RTL: loading rtl_bt/rtl8852bu_config.bin
[    3.565344] Bluetooth: hci0: RTL: cfg_sz 6, total sz 54947
[    3.892372] Bluetooth: hci0: RTL: fw version 0x0474842d
[    4.043672] i915 0000:00:02.0: [drm] Found ALDERLAKE_P/ADL-N (device ID 46d1) display version 13.00 stepping D0
[    4.051225] i915 0000:00:02.0: [drm:intel_gt_common_init_early [i915]] WOPCM: 2048K
[    4.051419] i915 0000:00:02.0: [drm:intel_uc_init_early [i915]] GT0: enable_guc=3 (guc:yes submission:yes huc:yes slpc:yes)
[    4.051644] i915 0000:00:02.0: [drm:intel_pch_type [i915]] Found Alder Lake PCH
[    4.051883] i915 0000:00:02.0: [drm:intel_gt_probe_all [i915]] GT0: Setting up Primary GT
[    4.052074] i915 0000:00:02.0: [drm:intel_uncore_init_mmio [i915]] unclaimed mmio detected on uncore init, clearing
[    4.052243] i915 0000:00:02.0: [drm:intel_display_device_info_runtime_init [i915]] rawclk rate: 19200 kHz
[    4.052721] i915 0000:00:02.0: [drm:intel_engines_init_mmio [i915]] GT0: vcs2 fused off
[    4.052947] i915 0000:00:02.0: [drm:intel_engines_init_mmio [i915]] GT0: vdbox enable: 0001, instances: 0001
[    4.053178] i915 0000:00:02.0: [drm:intel_engines_init_mmio [i915]] GT0: vebox enable: 0001, instances: 0001
[    4.053691] i915 0000:00:02.0: [drm:i915_ggtt_probe_hw [i915]] GGTT size = 4096M
[    4.053940] i915 0000:00:02.0: [drm:i915_ggtt_probe_hw [i915]] GMADR size = 256M
[    4.054155] i915 0000:00:02.0: [drm:i915_ggtt_probe_hw [i915]] DSM size = 60M
[    4.054355] i915 0000:00:02.0: [drm] VT-d active for gfx access
[    4.058799] Console: switching to colour dummy device 80x25
[    4.058801] rtw89_8852be 0000:02:00.0: loaded firmware rtw89/rtw8852b_fw-1.bin
[    4.058907] i915 0000:00:02.0: vgaarb: deactivate vga console
[    4.059001] i915 0000:00:02.0: [drm] Using Transparent Hugepages
[    4.059100] rtw89_8852be 0000:02:00.0: enabling device (0000 -> 0003)
[    4.059013] i915 0000:00:02.0: [drm:i915_gem_init_stolen [i915]] GEN6_STOLEN_RESERVED = 0x0000000080200087
[    4.059228] i915 0000:00:02.0: [drm:i915_gem_init_stolen [i915]] Memory reserved for graphics device: 61440K, usable: 59392K
[    4.059413] i915 0000:00:02.0: [drm:intel_memory_regions_hw_probe [i915]] Memory region(0): system: 11639 MiB [mem 0x00000000-0x2d7789fff], io: n/a
[    4.059561] i915 0000:00:02.0: [drm:intel_memory_regions_hw_probe [i915]] Memory region(5): stolen-system: 58 MiB [mem 0x7c800000-0x801fffff], io: n/a
[    4.059763] i915 0000:00:02.0: [drm:intel_opregion_setup [i915]] graphic opregion physical addr: 0x734a3018
[    4.059981] i915 0000:00:02.0: [drm:intel_opregion_setup [i915]] ACPI OpRegion version 2.1.0
[    4.060195] i915 0000:00:02.0: [drm:intel_opregion_setup [i915]] Public ACPI methods supported
[    4.060394] i915 0000:00:02.0: [drm:intel_opregion_setup [i915]] ASLE supported
[    4.060586] i915 0000:00:02.0: [drm:intel_opregion_setup [i915]] ASLE extension supported
[    4.060778] i915 0000:00:02.0: [drm:intel_opregion_setup [i915]] Found valid VBT in ACPI OpRegion (RVDA)
[    4.060955] i915 0000:00:02.0: [drm:intel_dram_detect [i915]] Num qgv points 4
[    4.061110] i915 0000:00:02.0: [drm:intel_dram_detect [i915]] DRAM channels: 2
[    4.061258] i915 0000:00:02.0: [drm:i915_driver_probe [i915]] Watermark level 0 adjustment needed: no
[    4.061409] i915 0000:00:02.0: [drm:icl_get_qgv_points.constprop.0 [i915]] QGV 0: DCLK=2401 tRP=24 tRDPRE=20 tRAS=52 tRCD=24 tRC=76
[    4.061638] i915 0000:00:02.0: [drm:icl_get_qgv_points.constprop.0 [i915]] QGV 1: DCLK=4001 tRP=36 tRDPRE=24 tRAS=84 tRCD=36 tRC=120
[    4.061854] i915 0000:00:02.0: [drm:icl_get_qgv_points.constprop.0 [i915]] QGV 2: DCLK=4401 tRP=40 tRDPRE=28 tRAS=96 tRCD=40 tRC=136
[    4.062062] i915 0000:00:02.0: [drm:icl_get_qgv_points.constprop.0 [i915]] QGV 3: DCLK=4801 tRP=44 tRDPRE=28 tRAS=104 tRCD=44 tRC=148
[    4.062266] i915 0000:00:02.0: [drm:icl_get_qgv_points.constprop.0 [i915]] PSF GV 0: CLK=32 
[    4.062458] i915 0000:00:02.0: [drm:icl_get_qgv_points.constprop.0 [i915]] PSF GV 1: CLK=38 
[    4.062645] i915 0000:00:02.0: [drm:icl_get_qgv_points.constprop.0 [i915]] PSF GV 2: CLK=48 
[    4.062830] i915 0000:00:02.0: [drm:tgl_get_bw_info.isra.0 [i915]] BW0 / QGV 0: num_planes=0 deratedbw=8478 peakbw: 19208
[    4.063014] i915 0000:00:02.0: [drm:tgl_get_bw_info.isra.0 [i915]] BW0 / QGV 1: num_planes=0 deratedbw=11380 peakbw: 32008
[    4.063196] i915 0000:00:02.0: [drm:tgl_get_bw_info.isra.0 [i915]] BW0 / QGV 2: num_planes=0 deratedbw=11556 peakbw: 35208
[    4.063382] i915 0000:00:02.0: [drm:tgl_get_bw_info.isra.0 [i915]] BW0 / QGV 3: num_planes=0 deratedbw=11991 peakbw: 38408
[    4.063560] i915 0000:00:02.0: [drm:tgl_get_bw_info.isra.0 [i915]] BW0 / PSF GV 0: num_planes=0 bw=34133
[    4.063736] i915 0000:00:02.0: [drm:tgl_get_bw_info.isra.0 [i915]] BW0 / PSF GV 1: num_planes=0 bw=40533
[    4.063911] i915 0000:00:02.0: [drm:tgl_get_bw_info.isra.0 [i915]] BW0 / PSF GV 2: num_planes=0 bw=51200
[    4.064086] i915 0000:00:02.0: [drm:tgl_get_bw_info.isra.0 [i915]] BW1 / QGV 0: num_planes=4 deratedbw=10928 peakbw: 19208
[    4.064262] i915 0000:00:02.0: [drm:tgl_get_bw_info.isra.0 [i915]] BW1 / QGV 1: num_planes=4 deratedbw=15758 peakbw: 32008
[    4.064438] i915 0000:00:02.0: [drm:tgl_get_bw_info.isra.0 [i915]] BW1 / QGV 2: num_planes=4 deratedbw=16388 peakbw: 35208
[    4.064620] i915 0000:00:02.0: [drm:tgl_get_bw_info.isra.0 [i915]] BW1 / QGV 3: num_planes=4 deratedbw=17250 peakbw: 38408
[    4.064795] i915 0000:00:02.0: [drm:tgl_get_bw_info.isra.0 [i915]] BW1 / PSF GV 0: num_planes=4 bw=34133
[    4.064968] i915 0000:00:02.0: [drm:tgl_get_bw_info.isra.0 [i915]] BW1 / PSF GV 1: num_planes=4 bw=40533
[    4.065140] i915 0000:00:02.0: [drm:tgl_get_bw_info.isra.0 [i915]] BW1 / PSF GV 2: num_planes=4 bw=51200
[    4.065314] i915 0000:00:02.0: [drm:tgl_get_bw_info.isra.0 [i915]] BW2 / QGV 0: num_planes=0 deratedbw=12772 peakbw: 19208
[    4.065486] i915 0000:00:02.0: [drm:tgl_get_bw_info.isra.0 [i915]] BW2 / QGV 1: num_planes=0 deratedbw=19510 peakbw: 32008
[    4.065668] i915 0000:00:02.0: [drm:tgl_get_bw_info.isra.0 [i915]] BW2 / QGV 2: num_planes=0 deratedbw=20720 peakbw: 35208
[    4.065841] i915 0000:00:02.0: [drm:tgl_get_bw_info.isra.0 [i915]] BW2 / QGV 3: num_planes=0 deratedbw=22096 peakbw: 38408
[    4.066009] i915 0000:00:02.0: [drm:tgl_get_bw_info.isra.0 [i915]] BW2 / PSF GV 0: num_planes=0 bw=34133
[    4.066127] rtw89_8852be 0000:02:00.0: Firmware version 0.29.29.8 (39dbf50f), cmd version 0, type 5
[    4.066133] rtw89_8852be 0000:02:00.0: Firmware version 0.29.29.8 (39dbf50f), cmd version 0, type 3
[    4.066180] i915 0000:00:02.0: [drm:tgl_get_bw_info.isra.0 [i915]] BW2 / PSF GV 1: num_planes=0 bw=40533
[    4.066357] i915 0000:00:02.0: [drm:tgl_get_bw_info.isra.0 [i915]] BW2 / PSF GV 2: num_planes=0 bw=51200
[    4.066527] i915 0000:00:02.0: [drm:tgl_get_bw_info.isra.0 [i915]] BW3 / QGV 0: num_planes=0 deratedbw=13950 peakbw: 19208
[    4.066695] i915 0000:00:02.0: [drm:tgl_get_bw_info.isra.0 [i915]] BW3 / QGV 1: num_planes=0 deratedbw=22146 peakbw: 32008
[    4.066863] i915 0000:00:02.0: [drm:tgl_get_bw_info.isra.0 [i915]] BW3 / QGV 2: num_planes=0 deratedbw=23044 peakbw: 35208
[    4.067031] i915 0000:00:02.0: [drm:tgl_get_bw_info.isra.0 [i915]] BW3 / QGV 3: num_planes=0 deratedbw=23044 peakbw: 38408
[    4.067198] i915 0000:00:02.0: [drm:tgl_get_bw_info.isra.0 [i915]] BW3 / PSF GV 0: num_planes=0 bw=34133
[    4.067366] i915 0000:00:02.0: [drm:tgl_get_bw_info.isra.0 [i915]] BW3 / PSF GV 1: num_planes=0 bw=40533
[    4.067534] i915 0000:00:02.0: [drm:tgl_get_bw_info.isra.0 [i915]] BW3 / PSF GV 2: num_planes=0 bw=51200
[    4.067703] i915 0000:00:02.0: [drm:tgl_get_bw_info.isra.0 [i915]] BW4 / QGV 0: num_planes=0 deratedbw=14624 peakbw: 19208
[    4.067870] i915 0000:00:02.0: [drm:tgl_get_bw_info.isra.0 [i915]] BW4 / QGV 1: num_planes=0 deratedbw=23044 peakbw: 32008
[    4.068037] i915 0000:00:02.0: [drm:tgl_get_bw_info.isra.0 [i915]] BW4 / QGV 2: num_planes=0 deratedbw=23044 peakbw: 35208
[    4.068203] i915 0000:00:02.0: [drm:tgl_get_bw_info.isra.0 [i915]] BW4 / QGV 3: num_planes=0 deratedbw=23044 peakbw: 38408
[    4.068369] i915 0000:00:02.0: [drm:tgl_get_bw_info.isra.0 [i915]] BW4 / PSF GV 0: num_planes=0 bw=34133
[    4.068542] i915 0000:00:02.0: [drm:tgl_get_bw_info.isra.0 [i915]] BW4 / PSF GV 1: num_planes=0 bw=40533
[    4.068709] i915 0000:00:02.0: [drm:tgl_get_bw_info.isra.0 [i915]] BW4 / PSF GV 2: num_planes=0 bw=51200
[    4.068877] i915 0000:00:02.0: [drm:tgl_get_bw_info.isra.0 [i915]] BW5 / QGV 0: num_planes=0 deratedbw=14986 peakbw: 19208
[    4.069044] i915 0000:00:02.0: [drm:tgl_get_bw_info.isra.0 [i915]] BW5 / QGV 1: num_planes=0 deratedbw=23044 peakbw: 32008
[    4.069213] i915 0000:00:02.0: [drm:tgl_get_bw_info.isra.0 [i915]] BW5 / QGV 2: num_planes=0 deratedbw=23044 peakbw: 35208
[    4.069379] i915 0000:00:02.0: [drm:tgl_get_bw_info.isra.0 [i915]] BW5 / QGV 3: num_planes=0 deratedbw=23044 peakbw: 38408
[    4.069544] i915 0000:00:02.0: [drm:tgl_get_bw_info.isra.0 [i915]] BW5 / PSF GV 0: num_planes=0 bw=34133
[    4.069716] i915 0000:00:02.0: [drm:tgl_get_bw_info.isra.0 [i915]] BW5 / PSF GV 1: num_planes=0 bw=40533
[    4.069886] i915 0000:00:02.0: [drm:tgl_get_bw_info.isra.0 [i915]] BW5 / PSF GV 2: num_planes=0 bw=51200
[    4.070318] i915 0000:00:02.0: [drm:intel_bios_init [i915]] Set default to SSC at 120000 kHz
[    4.070499] i915 0000:00:02.0: [drm:intel_bios_init [i915]] VBT signature "$VBT ALDERLAKE-P    ", BDB version 249
[    4.070678] i915 0000:00:02.0: [drm:intel_bios_init [i915]] Found BDB block 1 (size 6, min size 7)
[    4.070835] i915 0000:00:02.0: [drm:intel_bios_init [i915]] Found BDB block 2 (size 395, min size 5)
[    4.070991] i915 0000:00:02.0: [drm:intel_bios_init [i915]] Found BDB block 9 (size 100, min size 100)
[    4.071147] i915 0000:00:02.0: [drm:intel_bios_init [i915]] Found BDB block 12 (size 19, min size 19)
[    4.071303] i915 0000:00:02.0: [drm:intel_bios_init [i915]] Found BDB block 27 (size 812, min size 848)
[    4.071457] i915 0000:00:02.0: [drm:intel_bios_init [i915]] Found BDB block 40 (size 34, min size 34)
[    4.071611] i915 0000:00:02.0: [drm:intel_bios_init [i915]] Generating LFP data table pointers
[    4.071765] i915 0000:00:02.0: [drm:intel_bios_init [i915]] Found BDB block 41 (size 148, min size 148)
[    4.071919] i915 0000:00:02.0: [drm:intel_bios_init [i915]] Found BDB block 42 (size 1366, min size 1366)
[    4.072073] i915 0000:00:02.0: [drm:intel_bios_init [i915]] Found BDB block 43 (size 305, min size 305)
[    4.072225] i915 0000:00:02.0: [drm:intel_bios_init [i915]] Found BDB block 44 (size 78, min size 136)
[    4.072378] i915 0000:00:02.0: [drm:intel_bios_init [i915]] Found BDB block 52 (size 822, min size 822)
[    4.072619] i915 0000:00:02.0: [drm:intel_bios_init [i915]] Found BDB block 53 (size 2001, min size 1)
[    4.072774] i915 0000:00:02.0: [drm:intel_bios_init [i915]] Found BDB block 56 (size 210, min size 210)
[    4.072927] i915 0000:00:02.0: [drm:intel_bios_init [i915]] Found BDB block 58 (size 674, min size 2)
[    4.073079] i915 0000:00:02.0: [drm:intel_bios_init [i915]] BDB_GENERAL_FEATURES int_tv_support 0 int_crt_support 0 lvds_use_ssc 0 lvds_ssc_freq 120000 display_clock_mode 1 fdi_rx_polarity_inverted 0
[    4.073230] i915 0000:00:02.0: [drm:intel_bios_init [i915]] crt_ddc_bus_pin: 2
[    4.073381] i915 0000:00:02.0: [drm:intel_bios_init [i915]] Found VBT child device with type 0x1400
[    4.073532] i915 0000:00:02.0: [drm:intel_bios_init [i915]] Found VBT child device with type 0x60d2
[    4.073683] i915 0000:00:02.0: [drm:intel_bios_init [i915]] Found VBT child device with type 0x68c6
[    4.073836] i915 0000:00:02.0: [drm:intel_bios_init [i915]] Skipping SDVO device mapping
[    4.073990] i915 0000:00:02.0: [drm:intel_bios_init [i915]] Port A VBT info: CRT:0 DVI:0 HDMI:0 DP:0 eDP:0 DSI:1 DP++:0 LSPCON:0 USB-Type-C:0 TBT:0 DSC:0
[    4.074144] i915 0000:00:02.0: [drm:intel_bios_init [i915]] Port A VBT HDMI level shift: 0
[    4.074296] i915 0000:00:02.0: [drm:intel_bios_init [i915]] Port B VBT info: CRT:0 DVI:1 HDMI:1 DP:0 eDP:0 DSI:0 DP++:0 LSPCON:0 USB-Type-C:0 TBT:0 DSC:0
[    4.074453] i915 0000:00:02.0: [drm:intel_bios_init [i915]] Port B VBT HDMI level shift: 0
[    4.074616] i915 0000:00:02.0: [drm:intel_bios_init [i915]] Port B VBT HDMI max TMDS clock: 594000 kHz
[    4.074772] i915 0000:00:02.0: [drm:intel_bios_init [i915]] Port E VBT info: CRT:0 DVI:0 HDMI:0 DP:1 eDP:0 DSI:0 DP++:0 LSPCON:0 USB-Type-C:1 TBT:1 DSC:0
[    4.074928] i915 0000:00:02.0: [drm:intel_bios_init [i915]] Port E VBT HDMI level shift: 0
[    4.075084] i915 0000:00:02.0: [drm:intel_power_domains_init [i915]] Allowed DC state mask 4000000a
[    4.075290] i915 0000:00:02.0: [drm:gen9_set_dc_state.part.0 [i915]] Setting DC state from 00 to 00
[    4.075505] i915 0000:00:02.0: [drm:check_phy_reg [i915]] Combo PHY A reg 001628a0 state mismatch: current 9003513c mask e0000000 expected a0000000
[    4.075698] i915 0000:00:02.0: [drm:icl_combo_phys_init [i915]] Initializing combo PHY A (Voltage/Process Info : 0.85V dot0 (low-voltage))
[    4.075913] i915 0000:00:02.0: [drm:intel_power_well_enable [i915]] enabling PW_1
[    4.076096] i915 0000:00:02.0: [drm:intel_cdclk_init_hw [i915]] Current CDCLK 179200 kHz, VCO 537600 kHz, ref 38400 kHz, bypass 19200 kHz, voltage level 0
[    4.076269] i915 0000:00:02.0: [drm:gen9_dbuf_slices_update [i915]] Updating dbuf slices to 0xf
[    4.076499] i915 0000:00:02.0: [drm:intel_power_well_enable [i915]] enabling always-on
[    4.076671] i915 0000:00:02.0: [drm:intel_power_well_enable [i915]] enabling DC_off
[    4.076834] i915 0000:00:02.0: [drm:gen9_set_dc_state.part.0 [i915]] Setting DC state from 00 to 00
[    4.077049] i915 0000:00:02.0: [drm:intel_power_well_enable [i915]] enabling PW_2
[    4.077210] i915 0000:00:02.0: vgaarb: VGA decodes changed: olddecodes=io+mem,decodes=io+mem:owns=io+mem
[    4.077219] i915 0000:00:02.0: [drm:intel_power_well_enable [i915]] enabling PW_A
[    4.077386] i915 0000:00:02.0: [drm:intel_power_well_enable [i915]] enabling PW_B
[    4.077542] i915 0000:00:02.0: [drm:intel_power_well_enable [i915]] enabling PW_C
[    4.077696] i915 0000:00:02.0: [drm:intel_power_well_enable [i915]] enabling PW_D
[    4.077899] i915 0000:00:02.0: [drm:intel_dmc_init [i915]] Loading i915/adlp_dmc.bin
[    4.078149] i915 0000:00:02.0: [drm:intel_bw_init [i915]] Forcing SAGV disable: mask 0x307
[    4.078532] i915 0000:00:02.0: [drm:intel_fbc_init [i915]] Sanitized enable_fbc value: 1
[    4.078899] i915 0000:00:02.0: [drm:skl_wm_init [i915]] SAGV supported: yes, original SAGV block time: 35 us
[    4.079101] i915 0000:00:02.0: [drm:intel_print_wm_latency [i915]] Gen9 Plane WM0 latency 3 (3.0 usec)
[    4.079277] i915 0000:00:02.0: [drm:intel_print_wm_latency [i915]] Gen9 Plane WM1 latency 54 (54.0 usec)
[    4.079444] i915 0000:00:02.0: [drm:intel_print_wm_latency [i915]] Gen9 Plane WM2 latency 83 (83.0 usec)
[    4.079447] i915 0000:00:02.0: [drm:dmc_load_work_fn [i915]] DMC 0:
[    4.079606] i915 0000:00:02.0: [drm:intel_print_wm_latency [i915]] Gen9 Plane WM3 latency 102 (102.0 usec)
[    4.079643] i915 0000:00:02.0: [drm:dmc_load_work_fn [i915]]  mmio[0]: 0x8f074 = 0x86fc0
[    4.079764] i915 0000:00:02.0: [drm:intel_print_wm_latency [i915]] Gen9 Plane WM4 latency 147 (147.0 usec)
[    4.079831] i915 0000:00:02.0: [drm:dmc_load_work_fn [i915]]  mmio[1]: 0x8f034 = 0xc003b400 (EVT_CTL)
[    4.079921] i915 0000:00:02.0: [drm:intel_print_wm_latency [i915]] Gen9 Plane WM5 latency 147 (147.0 usec)
[    4.080016] i915 0000:00:02.0: [drm:dmc_load_work_fn [i915]]  mmio[2]: 0x8f004 = 0x1240108 (EVT_HTP)
[    4.080200] i915 0000:00:02.0: [drm:dmc_load_work_fn [i915]]  mmio[3]: 0x8f038 = 0xc003b200 (EVT_CTL)
[    4.080378] i915 0000:00:02.0: [drm:dmc_load_work_fn [i915]]  mmio[4]: 0x8f008 = 0x512050d4 (EVT_HTP)
[    4.080563] i915 0000:00:02.0: [drm:dmc_load_work_fn [i915]]  mmio[5]: 0x8f03c = 0xc003b300 (EVT_CTL)
[    4.080565] i915 0000:00:02.0: [drm:intel_display_driver_probe_nogem [i915]] 3 display pipes available.
[    4.080742] i915 0000:00:02.0: [drm:dmc_load_work_fn [i915]]  mmio[6]: 0x8f00c = 0x584c57fc (EVT_HTP)
[    4.080922] i915 0000:00:02.0: [drm:dmc_load_work_fn [i915]] DMC 1:
[    4.081058] i915 0000:00:02.0: [drm:intel_cdclk_dump_config [i915]] Current CDCLK 179200 kHz, VCO 537600 kHz, ref 38400 kHz, bypass 19200 kHz, voltage level 0
[    4.081099] i915 0000:00:02.0: [drm:dmc_load_work_fn [i915]]  mmio[0]: 0x5f074 = 0x96fc0
[    4.081272] i915 0000:00:02.0: [drm:dmc_load_work_fn [i915]]  mmio[1]: 0x5f034 = 0xc003df00 (EVT_CTL) (disabling)
[    4.081286] i915 0000:00:02.0: [drm:intel_update_max_cdclk [i915]] Max CD clock rate: 652800 kHz
[    4.081446] i915 0000:00:02.0: [drm:dmc_load_work_fn [i915]]  mmio[2]: 0x5f004 = 0x214c2114 (EVT_HTP)
[    4.081499] i915 0000:00:02.0: [drm:intel_display_driver_probe_nogem [i915]] Max dotclock rate: 1305600 kHz
[    4.081619] i915 0000:00:02.0: [drm:dmc_load_work_fn [i915]]  mmio[3]: 0x5f038 = 0xc003e000 (EVT_CTL) (disabling)
[    4.081720] [drm] cmdline forces connector DSI-1 panel_orientation to 3
[    4.081723] [drm:__drm_connector_init [drm]] cmdline mode for connector DSI-1  0x0@60Hz
[    4.081801] i915 0000:00:02.0: [drm:dmc_load_work_fn [i915]]  mmio[4]: 0x5f008 = 0x22402208 (EVT_HTP)
[    4.081778] i915 0000:00:02.0: [drm:intel_bios_init_panel [i915]] Panel type (VBT): 0
[    4.081975] i915 0000:00:02.0: [drm:dmc_load_work_fn [i915]]  mmio[5]: 0x5f03c = 0xc0032c00 (EVT_CTL) (disabling)
[    4.081992] i915 0000:00:02.0: [drm:intel_bios_init_panel [i915]] Panel type (fallback): 0
[    4.082147] i915 0000:00:02.0: [drm:dmc_load_work_fn [i915]]  mmio[6]: 0x5f00c = 0x241422fc (EVT_HTP)
[    4.082194] i915 0000:00:02.0: [drm:intel_bios_init_panel [i915]] Selected panel type (VBT): 0
[    4.082318] i915 0000:00:02.0: [drm:dmc_load_work_fn [i915]]  mmio[7]: 0x5f040 = 0xc0033100 (EVT_CTL) (disabling)
[    4.082391] i915 0000:00:02.0: [drm:intel_bios_init_panel [i915]] DRRS supported mode is seamless
[    4.082490] i915 0000:00:02.0: [drm:dmc_load_work_fn [i915]]  mmio[8]: 0x5f010 = 0x26f826cc (EVT_HTP)
[    4.082588] i915 0000:00:02.0: [drm:intel_bios_init_panel [i915]] Found panel mode in BIOS VBT generic dtd table: "800x1280": 61 67420 800 820 830 842 1280 1297 1301 1322 0x8 0x5
[    4.082666] i915 0000:00:02.0: [drm:dmc_load_work_fn [i915]] DMC 2:
[    4.082784] i915 0000:00:02.0: [drm:intel_bios_init_panel [i915]] Panel manufacturer name: MS_, product code: 1, serial number: 1, year of manufacture: 2002
[    4.082837] i915 0000:00:02.0: [drm:dmc_load_work_fn [i915]]  mmio[0]: 0x5f474 = 0x9efc0
[    4.082973] i915 0000:00:02.0: [drm:intel_bios_init_panel [i915]] Panel name: LFP_PanelName
[    4.083008] i915 0000:00:02.0: [drm:dmc_load_work_fn [i915]]  mmio[1]: 0x5f434 = 0xc003df00 (EVT_CTL) (disabling)
[    4.083162] i915 0000:00:02.0: [drm:intel_bios_init_panel [i915]] Seamless DRRS min refresh rate: 0 Hz
[    4.083178] i915 0000:00:02.0: [drm:dmc_load_work_fn [i915]]  mmio[2]: 0x5f404 = 0xa968a930 (EVT_HTP)
[    4.083349] i915 0000:00:02.0: [drm:dmc_load_work_fn [i915]]  mmio[3]: 0x5f438 = 0xc003e000 (EVT_CTL) (disabling)
[    4.083351] i915 0000:00:02.0: [drm:intel_bios_init_panel [i915]] VBT backlight PWM modulation frequency 200 Hz, active high, min brightness 20, level 255, controller 0
[    4.083521] i915 0000:00:02.0: [drm:dmc_load_work_fn [i915]]  mmio[4]: 0x5f408 = 0xaa5caa24 (EVT_HTP)
[    4.083539] i915 0000:00:02.0: [drm:intel_bios_init_panel [i915]] Found MIPI Config block, panel index = 0
[    4.083691] i915 0000:00:02.0: [drm:dmc_load_work_fn [i915]]  mmio[5]: 0x5f43c = 0xc0032c00 (EVT_CTL) (disabling)
[    4.083724] i915 0000:00:02.0: [drm:intel_bios_init_panel [i915]] Found MIPI sequence block v3
[    4.083861] i915 0000:00:02.0: [drm:dmc_load_work_fn [i915]]  mmio[6]: 0x5f40c = 0xac30ab18 (EVT_HTP)
[    4.083910] i915 0000:00:02.0: [drm:icl_dsi_init [i915]] MIPI related VBT parsing complete
[    4.084030] i915 0000:00:02.0: [drm:dmc_load_work_fn [i915]]  mmio[7]: 0x5f440 = 0xc0033100 (EVT_CTL) (disabling)
[    4.084102] i915 0000:00:02.0: [drm:intel_panel_add_fixed_mode [i915]] [CONNECTOR:189:DSI-1] using VBT LFP fixed mode: "800x1280": 61 67420 800 820 830 842 1280 1297 1301 1322 0x48 0x5
[    4.084199] i915 0000:00:02.0: [drm:dmc_load_work_fn [i915]]  mmio[8]: 0x5f410 = 0xaf14aee8 (EVT_HTP)
[    4.084288] i915 0000:00:02.0: [drm:intel_panel_init [i915]] [CONNECTOR:189:DSI-1] DRRS type: none
[    4.084372] i915 0000:00:02.0: [drm:dmc_load_work_fn [i915]] DMC 3:
[    4.084505] i915 0000:00:02.0: [drm:cnp_setup_backlight [i915]] [CONNECTOR:189:DSI-1] Using native PCH PWM for backlight control (controller=0)
[    4.084550] i915 0000:00:02.0: [drm:dmc_load_work_fn [i915]]  mmio[0]: 0x5f874 = 0x53fc0
[    4.084700] i915 0000:00:02.0: [drm:intel_backlight_setup [i915]] [CONNECTOR:189:DSI-1] backlight initialized, enabled, brightness 96000/96000
[    4.084718] i915 0000:00:02.0: [drm:dmc_load_work_fn [i915]]  mmio[1]: 0x5f83c = 0xc0032c00 (EVT_CTL) (disabling)
[    4.084883] i915 0000:00:02.0: [drm:intel_dsi_vbt_init [i915]] 
[    4.084887] i915 0000:00:02.0: [drm:dmc_load_work_fn [i915]]  mmio[2]: 0x5f80c = 0x25202408 (EVT_HTP)
[    4.085059] i915 0000:00:02.0: [drm:dmc_load_work_fn [i915]]  mmio[3]: 0x5f840 = 0xc0033100 (EVT_CTL) (disabling)
[    4.085062] i915 0000:00:02.0: [drm:intel_dsi_log_params [i915]] Pclk 67420
[    4.085228] i915 0000:00:02.0: [drm:intel_dsi_log_params [i915]] Pixel overlap 0
[    4.085229] i915 0000:00:02.0: [drm:dmc_load_work_fn [i915]]  mmio[4]: 0x5f810 = 0x280427d8 (EVT_HTP)
[    4.085394] i915 0000:00:02.0: [drm:intel_dsi_log_params [i915]] Lane count 4
[    4.085402] i915 0000:00:02.0: [drm:dmc_load_work_fn [i915]] DMC 4:
[    4.085559] i915 0000:00:02.0: [drm:intel_dsi_log_params [i915]] DPHY param reg 0xc8690082
[    4.085573] i915 0000:00:02.0: [drm:dmc_load_work_fn [i915]]  mmio[0]: 0x5fc74 = 0x5afc0
[    4.085719] i915 0000:00:02.0: [drm:intel_dsi_log_params [i915]] Video mode format non-burst with sync events
[    4.085743] i915 0000:00:02.0: [drm:dmc_load_work_fn [i915]]  mmio[1]: 0x5fc3c = 0xc0032c00 (EVT_CTL) (disabling)
[    4.085877] i915 0000:00:02.0: [drm:intel_dsi_log_params [i915]] Burst mode ratio 100
[    4.085912] i915 0000:00:02.0: [drm:dmc_load_work_fn [i915]]  mmio[2]: 0x5fc0c = 0x95209408 (EVT_HTP)
[    4.086031] i915 0000:00:02.0: [drm:intel_dsi_log_params [i915]] Reset timer 255
[    4.086079] i915 0000:00:02.0: [drm:dmc_load_work_fn [i915]]  mmio[3]: 0x5fc40 = 0xc0033100 (EVT_CTL) (disabling)
[    4.086185] i915 0000:00:02.0: [drm:intel_dsi_log_params [i915]] Eot enabled
[    4.086246] i915 0000:00:02.0: [drm:dmc_load_work_fn [i915]]  mmio[4]: 0x5fc10 = 0x980497d8 (EVT_HTP)
[    4.086337] i915 0000:00:02.0: [drm:intel_dsi_log_params [i915]] Clockstop enabled
[    4.086487] i915 0000:00:02.0: [drm:intel_dsi_log_params [i915]] Mode video
[    4.086634] i915 0000:00:02.0: [drm:intel_dsi_log_params [i915]] Dual link: NONE
[    4.086780] i915 0000:00:02.0: [drm:intel_dsi_log_params [i915]] Pixel Format 0
[    4.086926] i915 0000:00:02.0: [drm:intel_dsi_log_params [i915]] TLPX 0
[    4.087082] i915 0000:00:02.0: [drm:intel_dsi_log_params [i915]] LP RX Timeout 0xffff
[    4.087233] i915 0000:00:02.0: [drm:intel_dsi_log_params [i915]] Turnaround Timeout 0x17
[    4.087380] i915 0000:00:02.0: [drm:intel_dsi_log_params [i915]] Init Count 0x7d0
[    4.087527] i915 0000:00:02.0: [drm:intel_dsi_log_params [i915]] HS to LP Count 0x0
[    4.087671] i915 0000:00:02.0: [drm:intel_dsi_log_params [i915]] LP Byte Clock 0
[    4.087816] i915 0000:00:02.0: [drm:intel_dsi_log_params [i915]] DBI BW Timer 0x0
[    4.087960] i915 0000:00:02.0: [drm:intel_dsi_log_params [i915]] LP to HS Clock Count 0x0
[    4.088104] i915 0000:00:02.0: [drm:intel_dsi_log_params [i915]] HS to LP Clock Count 0x0
[    4.088247] i915 0000:00:02.0: [drm:icl_dsi_init [i915]] BTA enabled
[    4.088440] i915 0000:00:02.0: [drm:intel_hdmi_init_connector [i915]] Adding HDMI connector on [ENCODER:192:DDI B/PHY B]
[    4.088607] i915 0000:00:02.0: [drm:intel_hdmi_init_connector [i915]] [ENCODER:192:DDI B/PHY B] Using DDC pin 0x2 (VBT)
[    4.088777] i915 0000:00:02.0: [drm:intel_dp_aux_ch [i915]] [ENCODER:202:DDI TC2/PHY TC2] Using AUX CH USBC2 (VBT)
[    4.088957] i915 0000:00:02.0: [drm:tc_phy_get_current_mode [i915]] Port E/TC#2: PHY mode: tbt-alt (ready: yes, owned: no, HPD: disconnected)
[    4.089178] i915 0000:00:02.0: [drm] Finished loading DMC firmware i915/adlp_dmc.bin (v2.20)
[    4.089167] i915 0000:00:02.0: [drm:intel_dp_init_connector [i915]] Adding DP connector on [ENCODER:202:DDI TC2/PHY TC2]
[    4.089393] i915 0000:00:02.0: [drm:intel_modeset_setup_hw_state [i915]] [CRTC:82:pipe A] hw state readout: enabled
[    4.089595] i915 0000:00:02.0: [drm:intel_modeset_setup_hw_state [i915]] [CRTC:134:pipe B] hw state readout: disabled
[    4.089788] i915 0000:00:02.0: [drm:intel_modeset_setup_hw_state [i915]] [CRTC:186:pipe C] hw state readout: disabled
[    4.089963] i915 0000:00:02.0: [drm:intel_modeset_setup_hw_state [i915]] [PLANE:32:plane 1A] hw state readout: enabled, pipe A
[    4.090135] i915 0000:00:02.0: [drm:intel_modeset_setup_hw_state [i915]] [PLANE:41:plane 2A] hw state readout: disabled, pipe A
[    4.090308] i915 0000:00:02.0: [drm:intel_modeset_setup_hw_state [i915]] [PLANE:50:plane 3A] hw state readout: disabled, pipe A
[    4.090476] i915 0000:00:02.0: [drm:intel_modeset_setup_hw_state [i915]] [PLANE:59:plane 4A] hw state readout: disabled, pipe A
[    4.090643] i915 0000:00:02.0: [drm:intel_modeset_setup_hw_state [i915]] [PLANE:68:plane 5A] hw state readout: disabled, pipe A
[    4.090814] i915 0000:00:02.0: [drm:intel_modeset_setup_hw_state [i915]] [PLANE:77:cursor A] hw state readout: disabled, pipe A
[    4.090983] i915 0000:00:02.0: [drm:intel_modeset_setup_hw_state [i915]] [PLANE:84:plane 1B] hw state readout: disabled, pipe B
[    4.091151] i915 0000:00:02.0: [drm:intel_modeset_setup_hw_state [i915]] [PLANE:93:plane 2B] hw state readout: disabled, pipe B
[    4.091320] i915 0000:00:02.0: [drm:intel_modeset_setup_hw_state [i915]] [PLANE:102:plane 3B] hw state readout: disabled, pipe B
[    4.091487] i915 0000:00:02.0: [drm:intel_modeset_setup_hw_state [i915]] [PLANE:111:plane 4B] hw state readout: disabled, pipe B
[    4.091650] i915 0000:00:02.0: [drm:intel_modeset_setup_hw_state [i915]] [PLANE:120:plane 5B] hw state readout: disabled, pipe B
[    4.091809] i915 0000:00:02.0: [drm:intel_modeset_setup_hw_state [i915]] [PLANE:129:cursor B] hw state readout: disabled, pipe B
[    4.091968] i915 0000:00:02.0: [drm:intel_modeset_setup_hw_state [i915]] [PLANE:136:plane 1C] hw state readout: disabled, pipe C
[    4.092126] i915 0000:00:02.0: [drm:intel_modeset_setup_hw_state [i915]] [PLANE:145:plane 2C] hw state readout: disabled, pipe C
[    4.092284] i915 0000:00:02.0: [drm:intel_modeset_setup_hw_state [i915]] [PLANE:154:plane 3C] hw state readout: disabled, pipe C
[    4.092441] i915 0000:00:02.0: [drm:intel_modeset_setup_hw_state [i915]] [PLANE:163:plane 4C] hw state readout: disabled, pipe C
[    4.092608] i915 0000:00:02.0: [drm:intel_modeset_setup_hw_state [i915]] [PLANE:172:plane 5C] hw state readout: disabled, pipe C
[    4.092765] i915 0000:00:02.0: [drm:intel_modeset_setup_hw_state [i915]] [PLANE:181:cursor C] hw state readout: disabled, pipe C
[    4.092923] i915 0000:00:02.0: [drm] [DEBUG] get_hw_state: Checking hardware. CFGCR0=0x01e07801
[    4.092932] i915 0000:00:02.0: [drm] [DEBUG] get_hw_state: TRANSCONF(port A)=0xc0000000 (Active=YES)
[    4.092946] i915 0000:00:02.0: [drm:intel_modeset_setup_hw_state [i915]] [ENCODER:188:DSI A] hw state readout: enabled, pipe A
[    4.093104] i915 0000:00:02.0: [drm:intel_modeset_setup_hw_state [i915]] [ENCODER:192:DDI B/PHY B] hw state readout: disabled, pipe A
[    4.093262] i915 0000:00:02.0: [drm:intel_tc_port_sanitize_mode [i915]] Port E/TC#2: sanitize mode (disconnected)
[    4.093430] i915 0000:00:02.0: [drm:intel_modeset_setup_hw_state [i915]] [ENCODER:202:DDI TC2/PHY TC2] hw state readout: disabled, pipe A
[    4.093587] i915 0000:00:02.0: [drm:intel_modeset_setup_hw_state [i915]] [ENCODER:204:DP-MST A] hw state readout: disabled, pipe A
[    4.093741] i915 0000:00:02.0: [drm:intel_modeset_setup_hw_state [i915]] [ENCODER:205:DP-MST B] hw state readout: disabled, pipe B
[    4.093893] i915 0000:00:02.0: [drm:intel_modeset_setup_hw_state [i915]] [ENCODER:206:DP-MST C] hw state readout: disabled, pipe C
[    4.094047] i915 0000:00:02.0: [drm:intel_dpll_readout_hw_state [i915]] DPLL 0 hw state readout: pipe_mask 0x0, on 0
[    4.094245] i915 0000:00:02.0: [drm:intel_reference_shared_dpll_crtc [i915]] [CRTC:82:pipe A] reserving DPLL 1
[    4.094436] i915 0000:00:02.0: [drm:intel_dpll_readout_hw_state [i915]] DPLL 1 hw state readout: pipe_mask 0x1, on 1
[    4.094622] i915 0000:00:02.0: [drm:intel_dpll_readout_hw_state [i915]] TBT PLL hw state readout: pipe_mask 0x0, on 0
[    4.094802] i915 0000:00:02.0: [drm:intel_dpll_readout_hw_state [i915]] TC PLL 1 hw state readout: pipe_mask 0x0, on 0
[    4.094979] i915 0000:00:02.0: [drm:intel_dpll_readout_hw_state [i915]] TC PLL 2 hw state readout: pipe_mask 0x0, on 0
[    4.095154] i915 0000:00:02.0: [drm:intel_dpll_readout_hw_state [i915]] TC PLL 3 hw state readout: pipe_mask 0x0, on 0
[    4.095328] i915 0000:00:02.0: [drm:intel_dpll_readout_hw_state [i915]] TC PLL 4 hw state readout: pipe_mask 0x0, on 0
[    4.095502] i915 0000:00:02.0: [drm] [DEBUG] get_hw_state: Checking hardware. CFGCR0=0x01e07801
[    4.095508] i915 0000:00:02.0: [drm] [DEBUG] get_hw_state: TRANSCONF(port A)=0xc0000000 (Active=YES)
[    4.095513] i915 0000:00:02.0: [drm:intel_modeset_setup_hw_state [i915]] [CONNECTOR:189:DSI-1] hw state readout: enabled
[    4.095686] i915 0000:00:02.0: [drm:intel_modeset_setup_hw_state [i915]] [CONNECTOR:193:HDMI-A-1] hw state readout: disabled
[    4.095852] i915 0000:00:02.0: [drm:intel_modeset_setup_hw_state [i915]] [CONNECTOR:203:DP-1] hw state readout: disabled
[    4.096014] i915 0000:00:02.0: [drm:drm_atomic_set_mode_for_crtc [drm]] Set [MODE:800x1280] for [CRTC:82:pipe A] state 000000009d83a12f
[    4.096053] i915 0000:00:02.0: [drm:intel_modeset_setup_hw_state [i915]] [PLANE:32:plane 1A] min_cdclk 33710 kHz
[    4.096214] i915 0000:00:02.0: [drm:intel_modeset_setup_hw_state [i915]] [PLANE:41:plane 2A] min_cdclk 0 kHz
[    4.096370] i915 0000:00:02.0: [drm:intel_modeset_setup_hw_state [i915]] [PLANE:50:plane 3A] min_cdclk 0 kHz
[    4.096527] i915 0000:00:02.0: [drm:intel_modeset_setup_hw_state [i915]] [PLANE:59:plane 4A] min_cdclk 0 kHz
[    4.096680] i915 0000:00:02.0: [drm:intel_modeset_setup_hw_state [i915]] [PLANE:68:plane 5A] min_cdclk 0 kHz
[    4.096832] i915 0000:00:02.0: [drm:intel_modeset_setup_hw_state [i915]] [PLANE:77:cursor A] min_cdclk 0 kHz
[    4.096985] i915 0000:00:02.0: [drm:intel_bw_crtc_update [i915]] pipe A data rate 269680 num active planes 1
[    4.097199] i915 0000:00:02.0: [drm:intel_modeset_setup_hw_state [i915]] [PLANE:84:plane 1B] min_cdclk 0 kHz
[    4.097363] i915 0000:00:02.0: [drm:intel_modeset_setup_hw_state [i915]] [PLANE:93:plane 2B] min_cdclk 0 kHz
[    4.097519] i915 0000:00:02.0: [drm:intel_modeset_setup_hw_state [i915]] [PLANE:102:plane 3B] min_cdclk 0 kHz
[    4.097671] i915 0000:00:02.0: [drm:intel_modeset_setup_hw_state [i915]] [PLANE:111:plane 4B] min_cdclk 0 kHz
[    4.097821] i915 0000:00:02.0: [drm:intel_modeset_setup_hw_state [i915]] [PLANE:120:plane 5B] min_cdclk 0 kHz
[    4.097971] i915 0000:00:02.0: [drm:intel_modeset_setup_hw_state [i915]] [PLANE:129:cursor B] min_cdclk 0 kHz
[    4.098120] i915 0000:00:02.0: [drm:intel_bw_crtc_update [i915]] pipe B data rate 0 num active planes 0
[    4.098331] i915 0000:00:02.0: [drm:intel_modeset_setup_hw_state [i915]] [PLANE:136:plane 1C] min_cdclk 0 kHz
[    4.098491] i915 0000:00:02.0: [drm:intel_modeset_setup_hw_state [i915]] [PLANE:145:plane 2C] min_cdclk 0 kHz
[    4.098643] i915 0000:00:02.0: [drm:intel_modeset_setup_hw_state [i915]] [PLANE:154:plane 3C] min_cdclk 0 kHz
[    4.098793] i915 0000:00:02.0: [drm:intel_modeset_setup_hw_state [i915]] [PLANE:163:plane 4C] min_cdclk 0 kHz
[    4.098942] i915 0000:00:02.0: [drm:intel_modeset_setup_hw_state [i915]] [PLANE:172:plane 5C] min_cdclk 0 kHz
[    4.099089] i915 0000:00:02.0: [drm:intel_modeset_setup_hw_state [i915]] [PLANE:181:cursor C] min_cdclk 0 kHz
[    4.099244] i915 0000:00:02.0: [drm:intel_bw_crtc_update [i915]] pipe C data rate 0 num active planes 0
[    4.099458] i915 0000:00:02.0: [drm:intel_power_well_enable [i915]] enabling DDI_IO_A
[    4.099687] i915 0000:00:02.0: [drm:intel_ddi_sanitize_encoder_pll_mapping [i915]] [ENCODER:188:DSI A] is disabled/in DSI mode with an ungated DDI clock, gate it
[    4.099882] i915 0000:00:02.0: [drm] [DEBUG] gate_clocks START: CFGCR0=0x01e07801
[    4.099890] i915 0000:00:02.0: [drm] [DEBUG] gate_clocks END: CFGCR0=0x01e07c01
[    4.099902] i915 0000:00:02.0: [drm:intel_crtc_state_dump [i915]] [CRTC:82:pipe A] enable: yes [setup_hw_state]
[    4.100113] i915 0000:00:02.0: [drm:intel_crtc_state_dump [i915]] active: yes, output_types: DSI (0x200), output format: RGB, sink format: RGB
[    4.100324] i915 0000:00:02.0: [drm:intel_crtc_state_dump [i915]] cpu_transcoder: DSI A, pipe bpp: 24, dithering: 0
[    4.100529] i915 0000:00:02.0: [drm:intel_crtc_state_dump [i915]] MST master transcoder: <invalid>
[    4.100724] i915 0000:00:02.0: [drm:intel_crtc_state_dump [i915]] port sync: master transcoder: <invalid>, slave transcoder bitmask = 0x0
[    4.100914] i915 0000:00:02.0: [drm:intel_crtc_state_dump [i915]] joiner: no, pipes: 0x0
[    4.101102] i915 0000:00:02.0: [drm:intel_crtc_state_dump [i915]] splitter: disabled, link count 0, overlap 0
[    4.101290] i915 0000:00:02.0: [drm:intel_crtc_state_dump [i915]] framestart delay: 1, MSA timing delay: 0
[    4.101475] i915 0000:00:02.0: [drm:intel_crtc_state_dump [i915]] audio: 0, infoframes: 0, infoframes enabled: 0x0
[    4.101660] i915 0000:00:02.0: [drm:intel_crtc_state_dump [i915]] vrr: no, vmin: 0, vmax: 0, pipeline full: 0, guardband: 0 flipline: 0, vmin vblank: 1, vmax vblank: 0
[    4.101845] i915 0000:00:02.0: [drm:intel_crtc_state_dump [i915]] requested mode: "800x1280": 61 67420 800 820 830 842 600 1297 1301 1322 0x40 0x0
[    4.102031] i915 0000:00:02.0: [drm:intel_crtc_state_dump [i915]] adjusted mode: "800x1280": 61 67420 800 820 830 842 1280 1297 1301 1322 0x40 0x0
[    4.102216] i915 0000:00:02.0: [drm:intel_crtc_state_dump [i915]] crtc timings: clock=67420, hd=800 hb=800-842 hs=820-830 ht=842, vd=1280 vb=1280-1322 vs=1297-1301 vt=1322, flags=0x0
[    4.102401] i915 0000:00:02.0: [drm:intel_crtc_state_dump [i915]] pipe mode: "800x1280": 61 67420 800 820 830 842 1280 1297 1301 1322 0x40 0x0
[    4.102585] i915 0000:00:02.0: [drm:intel_crtc_state_dump [i915]] crtc timings: clock=67420, hd=800 hb=800-842 hs=820-830 ht=842, vd=1280 vb=1280-1322 vs=1297-1301 vt=1322, flags=0x0
[    4.102768] i915 0000:00:02.0: [drm:intel_crtc_state_dump [i915]] port clock: 80903, pipe src: 800x600+0+0, pixel rate 67420
[    4.102949] i915 0000:00:02.0: [drm:intel_crtc_state_dump [i915]] linetime: 100, ips linetime: 0
[    4.103129] i915 0000:00:02.0: [drm:intel_crtc_state_dump [i915]] num_scalers: 2, scaler_users: 0x80000000, scaler_id: 0, scaling_filter: 0
[    4.103308] i915 0000:00:02.0: [drm:intel_crtc_state_dump [i915]] pch pfit: 800x1280+0+0, enabled, force thru: no
[    4.103488] i915 0000:00:02.0: [drm:intel_crtc_state_dump [i915]] ips: 0, double wide: 0, drrs: 0
[    4.103667] i915 0000:00:02.0: [drm:intel_crtc_state_dump [i915]] dpll_hw_state: cfgcr0: 0x7199ba, cfgcr1: 0x120, div0: 0x0, mg_refclkin_ctl: 0x0, hg_clktop2_coreclkctl1: 0x0, mg_clktop2_hsclkctl: 0x0, mg_pll_div0: 0x0, mg_pll_div2: 0x0, mg_pll_lf: 0x0, mg_pll_frac_lock: 0x0, mg_pll_ssc: 0x0, mg_pll_bias: 0x0, mg_pll_tdc_coldst_bias: 0x0
[    4.103850] i915 0000:00:02.0: [drm:intel_crtc_state_dump [i915]] csc_mode: 0x20000000 gamma_mode: 0x20000000 gamma_enable: 0 csc_enable: 0
[    4.104031] i915 0000:00:02.0: [drm:intel_crtc_state_dump [i915]] pre csc lut: 0 entries, post csc lut: 0 entries
[    4.104208] i915 0000:00:02.0: [drm:intel_crtc_state_dump [i915]] output csc: pre offsets: 0x0000 0x0000 0x0000
[    4.104386] i915 0000:00:02.0: [drm:intel_crtc_state_dump [i915]] output csc: coefficients: 0x0000 0x0000 0x0000
[    4.104571] i915 0000:00:02.0: [drm:intel_crtc_state_dump [i915]] output csc: coefficients: 0x0000 0x0000 0x0000
[    4.104750] i915 0000:00:02.0: [drm:intel_crtc_state_dump [i915]] output csc: coefficients: 0x0000 0x0000 0x0000
[    4.104933] i915 0000:00:02.0: [drm:intel_crtc_state_dump [i915]] output csc: post offsets: 0x0000 0x0000 0x0000
[    4.105113] i915 0000:00:02.0: [drm:intel_crtc_state_dump [i915]] pipe csc: pre offsets: 0x0000 0x0000 0x0000
[    4.105295] i915 0000:00:02.0: [drm:intel_crtc_state_dump [i915]] pipe csc: coefficients: 0x0000 0x0000 0x0000
[    4.105476] i915 0000:00:02.0: [drm:intel_crtc_state_dump [i915]] pipe csc: coefficients: 0x0000 0x0000 0x0000
[    4.105655] i915 0000:00:02.0: [drm:intel_crtc_state_dump [i915]] pipe csc: coefficients: 0x0000 0x0000 0x0000
[    4.105832] i915 0000:00:02.0: [drm:intel_crtc_state_dump [i915]] pipe csc: post offsets: 0x0000 0x0000 0x0000
[    4.106012] i915 0000:00:02.0: [drm:intel_crtc_state_dump [i915]] [CRTC:134:pipe B] enable: no [setup_hw_state]
[    4.106192] i915 0000:00:02.0: [drm:intel_crtc_state_dump [i915]] [CRTC:186:pipe C] enable: no [setup_hw_state]
[    4.106405] i915 0000:00:02.0: [drm:skl_wm_get_hw_state_and_sanitize [i915]] [CRTC:82:pipe A] dbuf slices 0x3, ddb (0 - 2048), active pipes 0x1, mbus joined: no
[    4.106597] i915 0000:00:02.0: [drm:skl_wm_get_hw_state_and_sanitize [i915]] [CRTC:134:pipe B] dbuf slices 0x0, ddb (0 - 0), active pipes 0x1, mbus joined: no
[    4.106779] i915 0000:00:02.0: [drm:skl_wm_get_hw_state_and_sanitize [i915]] [CRTC:186:pipe C] dbuf slices 0x0, ddb (0 - 0), active pipes 0x1, mbus joined: no
[    4.106989] i915 0000:00:02.0: [drm:skl_get_initial_plane_config [i915]] pipe A/plane 1A with fb: size=800x600@32, offset=0, pitch 3200, size 0x1d4c00
[    4.107164] i915 0000:00:02.0: [drm:_i915_gem_object_stolen_init [i915]] creating preallocated stolen object: stolen_offset=0x0000000000000000, size=0x00000000001d5000
[    4.107471] i915 0000:00:02.0: [drm:initial_plane_vma [i915]] Initial plane fb bound to 0x0 in the ggtt (original 0x0)
[    4.112060] i915 0000:00:02.0: [drm:intel_wopcm_init [i915]] Calculated GuC WOPCM [592K, 1420K)
[    4.112348] i915 0000:00:02.0: [drm:i915_init_ggtt [i915]] Reserved GGTT:[1d5000, 1d7000] for use by error capture
[    4.112598] i915 0000:00:02.0: [drm:i915_init_ggtt [i915]] clearing unused GTT space: [1d7000, fee00000]
[    4.112804] i915 0000:00:02.0: [drm:i915_gem_init [i915]] No clock gating settings or workarounds applied.
[    4.113082] i915 0000:00:02.0: [drm:debug_dump_steering [i915]] MCR Steering: Default steering: group=0x0, instance=0x0
[    4.113320] i915 0000:00:02.0: [drm:wa_init_finish [i915]] GT0: Initialized 4 GT workarounds on global
[    4.113631] i915 0000:00:02.0: [drm:wa_init_finish [i915]] GT0: Initialized 11 engine workarounds on rcs'0
[    4.113847] i915 0000:00:02.0: [drm:wa_init_finish [i915]] GT0: Initialized 4 whitelist workarounds on rcs'0
[    4.114055] i915 0000:00:02.0: [drm:wa_init_finish [i915]] GT0: Initialized 5 context workarounds on rcs'0
[    4.114341] i915 0000:00:02.0: [drm:wa_init_finish [i915]] GT0: Initialized 1 engine workarounds on bcs'0
[    4.114545] i915 0000:00:02.0: [drm:wa_init_finish [i915]] GT0: Initialized 1 whitelist workarounds on bcs'0
[    4.114746] i915 0000:00:02.0: [drm:wa_init_finish [i915]] GT0: Initialized 1 context workarounds on bcs'0
[    4.114982] i915 0000:00:02.0: [drm:wa_init_finish [i915]] GT0: Initialized 1 engine workarounds on vcs'0
[    4.115181] i915 0000:00:02.0: [drm:wa_init_finish [i915]] GT0: Initialized 1 whitelist workarounds on vcs'0
[    4.115412] i915 0000:00:02.0: [drm:wa_init_finish [i915]] GT0: Initialized 1 engine workarounds on vecs'0
[    4.115611] i915 0000:00:02.0: [drm:wa_init_finish [i915]] GT0: Initialized 1 whitelist workarounds on vecs'0
