[    0.000000] Linux version 6.12.57 (pg@p8) (gcc (Debian 14.2.0-19) 14.2.0, GNU ld (GNU Binutils for Debian) 2.44) #11 SMP PREEMPT_DYNAMIC Mon Dec  1 20:55:56 CET 2025
[    0.000000] Command line: BOOT_IMAGE=/@/boot/vmlinuz-6.12.57 root=UUID=cf1b7843-392f-413c-ab2f-fa8bfa5d90e7 ro rootflags=subvol=@ fbcon=rotate:1 video=DSI-1:panel_orientation=right_side_up log_buf_len=10M drm.debug=0x1e i915.dsi_extended_wake=1
[    0.000000] x86/split lock detection: #AC: crashing the kernel on kernel split_locks and warning on user-space split_locks
[    0.000000] BIOS-provided physical RAM map:
[    0.000000] BIOS-e820: [mem 0x0000000000000000-0x000000000009dfff] usable
[    0.000000] BIOS-e820: [mem 0x000000000009e000-0x000000000009efff] reserved
[    0.000000] BIOS-e820: [mem 0x000000000009f000-0x000000000009ffff] usable
[    0.000000] BIOS-e820: [mem 0x00000000000a0000-0x00000000000fffff] reserved
[    0.000000] BIOS-e820: [mem 0x0000000000100000-0x00000000416edfff] usable
[    0.000000] BIOS-e820: [mem 0x00000000416ee000-0x00000000416eefff] reserved
[    0.000000] BIOS-e820: [mem 0x00000000416ef000-0x0000000043359fff] usable
[    0.000000] BIOS-e820: [mem 0x000000004335a000-0x000000004335afff] reserved
[    0.000000] BIOS-e820: [mem 0x000000004335b000-0x000000007025cfff] usable
[    0.000000] BIOS-e820: [mem 0x000000007025d000-0x000000007335cfff] reserved
[    0.000000] BIOS-e820: [mem 0x000000007335d000-0x000000007343efff] ACPI data
[    0.000000] BIOS-e820: [mem 0x000000007343f000-0x00000000734fefff] ACPI NVS
[    0.000000] BIOS-e820: [mem 0x00000000734ff000-0x0000000073efefff] reserved
[    0.000000] BIOS-e820: [mem 0x0000000073eff000-0x0000000073efffff] usable
[    0.000000] BIOS-e820: [mem 0x0000000073f00000-0x0000000079ffffff] reserved
[    0.000000] BIOS-e820: [mem 0x000000007aa00000-0x000000007abfffff] reserved
[    0.000000] BIOS-e820: [mem 0x000000007b000000-0x00000000803fffff] reserved
[    0.000000] BIOS-e820: [mem 0x00000000c0000000-0x00000000cfffffff] reserved
[    0.000000] BIOS-e820: [mem 0x00000000fe000000-0x00000000fe010fff] reserved
[    0.000000] BIOS-e820: [mem 0x00000000fec00000-0x00000000fec00fff] reserved
[    0.000000] BIOS-e820: [mem 0x00000000fed00000-0x00000000fed00fff] reserved
[    0.000000] BIOS-e820: [mem 0x00000000fed20000-0x00000000fed7ffff] reserved
[    0.000000] BIOS-e820: [mem 0x00000000fee00000-0x00000000fee00fff] reserved
[    0.000000] BIOS-e820: [mem 0x00000000ff000000-0x00000000ffffffff] reserved
[    0.000000] BIOS-e820: [mem 0x0000000100000000-0x000000037fbfffff] usable
[    0.000000] NX (Execute Disable) protection: active
[    0.000000] APIC: Static calls initialized
[    0.000000] efi: EFI v2.8 by American Megatrends
[    0.000000] efi: ACPI=0x734db000 ACPI 2.0=0x734db014 TPMFinalLog=0x734aa000 SMBIOS=0x73c99000 SMBIOS 3.0=0x73c98000 MEMATTR=0x6c8b8018 ESRT=0x6d078418 INITRD=0x6c6d0b18 TPMEventLog=0x7338a018 
[    0.000000] efi: Remove mem94: MMIO range=[0xc0000000-0xcfffffff] (256MB) from e820 map
[    0.000000] e820: remove [mem 0xc0000000-0xcfffffff] reserved
[    0.000000] efi: Not removing mem95: MMIO range=[0xfe000000-0xfe010fff] (68KB) from e820 map
[    0.000000] efi: Not removing mem96: MMIO range=[0xfec00000-0xfec00fff] (4KB) from e820 map
[    0.000000] efi: Not removing mem97: MMIO range=[0xfed00000-0xfed00fff] (4KB) from e820 map
[    0.000000] efi: Not removing mem99: MMIO range=[0xfee00000-0xfee00fff] (4KB) from e820 map
[    0.000000] efi: Remove mem100: MMIO range=[0xff000000-0xffffffff] (16MB) from e820 map
[    0.000000] e820: remove [mem 0xff000000-0xffffffff] reserved
[    0.000000] secureboot: Secure boot disabled
[    0.000000] SMBIOS 3.5.0 present.
[    0.000000] DMI: Default string Default string/Default string, BIOS 5.25 07/14/2023
[    0.000000] DMI: Memory slots populated: 4/8
[    0.000000] tsc: Detected 800.000 MHz processor
[    0.000000] tsc: Detected 806.400 MHz TSC
[    0.000219] e820: update [mem 0x00000000-0x00000fff] usable ==> reserved
[    0.000222] e820: remove [mem 0x000a0000-0x000fffff] usable
[    0.000233] last_pfn = 0x37fc00 max_arch_pfn = 0x400000000
[    0.000236] MTRR map: 5 entries (3 fixed + 2 variable; max 23), built from 10 variable MTRRs
[    0.000239] x86/PAT: Configuration [0-7]: WB  WC  UC- UC  WB  WP  UC- WT  
[    0.000350] last_pfn = 0x73f00 max_arch_pfn = 0x400000000
[    0.013013] esrt: Reserving ESRT space from 0x000000006d078418 to 0x000000006d0784f0.
[    0.013020] e820: update [mem 0x6d078000-0x6d078fff] usable ==> reserved
[    0.013039] Using GB pages for direct mapping
[    0.027696] printk: log_buf_len: 16777216 bytes
[    0.027698] printk: early log buf free: 126832(96%)
[    0.027700] RAMDISK: [mem 0x63986000-0x6679dfff]
[    0.028044] ACPI: Early table checksum verification disabled
[    0.028049] ACPI: RSDP 0x00000000734DB014 000024 (v02 ALASKA)
[    0.028055] ACPI: XSDT 0x00000000734DA728 00010C (v01 ALASKA A M I    01072009 AMI  01000013)
[    0.028062] ACPI: FACP 0x000000007343C000 000114 (v06 ALASKA A M I    01072009 AMI  01000013)
[    0.028068] ACPI: DSDT 0x00000000733C8000 073A41 (v02 ALASKA A M I    01072009 INTL 20200717)
[    0.028073] ACPI: FACS 0x00000000734FE000 000040
[    0.028076] ACPI: FIDT 0x00000000733C7000 00009C (v01 ALASKA A M I    01072009 AMI  00010013)
[    0.028080] ACPI: SSDT 0x000000007343E000 00038C (v02 PmaxDv Pmax_Dev 00000001 INTL 20200717)
[    0.028085] ACPI: SSDT 0x00000000733C1000 005D0B (v02 CpuRef CpuSsdt  00003000 INTL 20200717)
[    0.028089] ACPI: SSDT 0x00000000733BE000 002AA1 (v02 SaSsdt SaSsdt   00003000 INTL 20200717)
[    0.028093] ACPI: SSDT 0x00000000733BA000 0033D3 (v02 INTEL  IgfxSsdt 00003000 INTL 20200717)
[    0.028097] ACPI: SSDT 0x00000000733AC000 00D39F (v02 INTEL  TcssSsdt 00001000 INTL 20200717)
[    0.028101] ACPI: HPET 0x000000007343D000 000038 (v01 ALASKA A M I    01072009 AMI  01000013)
[    0.028105] ACPI: APIC 0x00000000733AB000 0001DC (v05 ALASKA A M I    01072009 AMI  01000013)
[    0.028109] ACPI: MCFG 0x00000000733AA000 00003C (v01 ALASKA A M I    01072009 AMI  01000013)
[    0.028113] ACPI: SSDT 0x00000000733A8000 001F47 (v02 ALASKA Ther_Rvp 00001000 INTL 20200717)
[    0.028117] ACPI: UEFI 0x0000000073491000 000048 (v01 ALASKA A M I    01072009 AMI  01000013)
[    0.028121] ACPI: NHLT 0x00000000733A6000 0018B6 (v00 ALASKA A M I    01072009 AMI  01000013)
[    0.028125] ACPI: LPIT 0x00000000733A5000 0000CC (v01 ALASKA A M I    01072009 AMI  01000013)
[    0.028129] ACPI: SSDT 0x00000000733A1000 002A83 (v02 ALASKA PtidDevc 00001000 INTL 20200717)
[    0.028133] ACPI: SSDT 0x000000007339E000 002357 (v02 ALASKA TbtTypeC 00000000 INTL 20200717)
[    0.028137] ACPI: DBGP 0x000000007339D000 000034 (v01 ALASKA A M I    01072009 AMI  01000013)
[    0.028141] ACPI: DBG2 0x000000007339C000 000054 (v00 ALASKA A M I    01072009 AMI  01000013)
[    0.028146] ACPI: SSDT 0x000000007339A000 0014CC (v02 ALASKA UsbCTabl 00001000 INTL 20200717)
[    0.028149] ACPI: DMAR 0x0000000073399000 000088 (v02 INTEL  EDK2     00000002      01000013)
[    0.028154] ACPI: SSDT 0x0000000073398000 0005BB (v02 INTEL  xh_adl_N 00000000 INTL 20200717)
[    0.028158] ACPI: SSDT 0x0000000073394000 003AEA (v02 SocGpe SocGpe   00003000 INTL 20200717)
[    0.028162] ACPI: SSDT 0x0000000073390000 0039DA (v02 SocCmn SocCmn   00003000 INTL 20200717)
[    0.028166] ACPI: SSDT 0x000000007338F000 000144 (v02 Intel  ADebTabl 00001000 INTL 20200717)
[    0.028170] ACPI: TPM2 0x000000007338D000 00004C (v04 ALASKA A M I    00000001 AMI  00000000)
[    0.028174] ACPI: BGRT 0x000000007338E000 000038 (v01 ALASKA A M I    01072009 AMI  00010013)
[    0.028178] ACPI: PHAT 0x000000007338C000 0005F1 (v01 ALASKA A M I    00000005 MSFT 0100000D)
[    0.028182] ACPI: WSMT 0x00000000733A4000 000028 (v01 ALASKA A M I    01072009 AMI  00010013)
[    0.028186] ACPI: FPDT 0x000000007338B000 000044 (v01 ALASKA A M I    01072009 AMI  01000013)
[    0.028190] ACPI: Reserving FACP table memory at [mem 0x7343c000-0x7343c113]
[    0.028192] ACPI: Reserving DSDT table memory at [mem 0x733c8000-0x7343ba40]
[    0.028193] ACPI: Reserving FACS table memory at [mem 0x734fe000-0x734fe03f]
[    0.028194] ACPI: Reserving FIDT table memory at [mem 0x733c7000-0x733c709b]
[    0.028195] ACPI: Reserving SSDT table memory at [mem 0x7343e000-0x7343e38b]
[    0.028196] ACPI: Reserving SSDT table memory at [mem 0x733c1000-0x733c6d0a]
[    0.028197] ACPI: Reserving SSDT table memory at [mem 0x733be000-0x733c0aa0]
[    0.028199] ACPI: Reserving SSDT table memory at [mem 0x733ba000-0x733bd3d2]
[    0.028200] ACPI: Reserving SSDT table memory at [mem 0x733ac000-0x733b939e]
[    0.028201] ACPI: Reserving HPET table memory at [mem 0x7343d000-0x7343d037]
[    0.028202] ACPI: Reserving APIC table memory at [mem 0x733ab000-0x733ab1db]
[    0.028203] ACPI: Reserving MCFG table memory at [mem 0x733aa000-0x733aa03b]
[    0.028204] ACPI: Reserving SSDT table memory at [mem 0x733a8000-0x733a9f46]
[    0.028206] ACPI: Reserving UEFI table memory at [mem 0x73491000-0x73491047]
[    0.028207] ACPI: Reserving NHLT table memory at [mem 0x733a6000-0x733a78b5]
[    0.028208] ACPI: Reserving LPIT table memory at [mem 0x733a5000-0x733a50cb]
[    0.028209] ACPI: Reserving SSDT table memory at [mem 0x733a1000-0x733a3a82]
[    0.028210] ACPI: Reserving SSDT table memory at [mem 0x7339e000-0x733a0356]
[    0.028212] ACPI: Reserving DBGP table memory at [mem 0x7339d000-0x7339d033]
[    0.028213] ACPI: Reserving DBG2 table memory at [mem 0x7339c000-0x7339c053]
[    0.028214] ACPI: Reserving SSDT table memory at [mem 0x7339a000-0x7339b4cb]
[    0.028215] ACPI: Reserving DMAR table memory at [mem 0x73399000-0x73399087]
[    0.028216] ACPI: Reserving SSDT table memory at [mem 0x73398000-0x733985ba]
[    0.028217] ACPI: Reserving SSDT table memory at [mem 0x73394000-0x73397ae9]
[    0.028219] ACPI: Reserving SSDT table memory at [mem 0x73390000-0x733939d9]
[    0.028220] ACPI: Reserving SSDT table memory at [mem 0x7338f000-0x7338f143]
[    0.028221] ACPI: Reserving TPM2 table memory at [mem 0x7338d000-0x7338d04b]
[    0.028222] ACPI: Reserving BGRT table memory at [mem 0x7338e000-0x7338e037]
[    0.028223] ACPI: Reserving PHAT table memory at [mem 0x7338c000-0x7338c5f0]
[    0.028224] ACPI: Reserving WSMT table memory at [mem 0x733a4000-0x733a4027]
[    0.028226] ACPI: Reserving FPDT table memory at [mem 0x7338b000-0x7338b043]
[    0.028428] No NUMA configuration found
[    0.028430] Faking a node at [mem 0x0000000000000000-0x000000037fbfffff]
[    0.028440] NODE_DATA(0) allocated [mem 0x37b3d5680-0x37b3fffff]
[    0.028649] Zone ranges:
[    0.028651]   DMA      [mem 0x0000000000001000-0x0000000000ffffff]
[    0.028653]   DMA32    [mem 0x0000000001000000-0x00000000ffffffff]
[    0.028655]   Normal   [mem 0x0000000100000000-0x000000037fbfffff]
[    0.028657]   Device   empty
[    0.028658] Movable zone start for each node
[    0.028661] Early memory node ranges
[    0.028662]   node   0: [mem 0x0000000000001000-0x000000000009dfff]
[    0.028663]   node   0: [mem 0x000000000009f000-0x000000000009ffff]
[    0.028665]   node   0: [mem 0x0000000000100000-0x00000000416edfff]
[    0.028666]   node   0: [mem 0x00000000416ef000-0x0000000043359fff]
[    0.028667]   node   0: [mem 0x000000004335b000-0x000000007025cfff]
[    0.028668]   node   0: [mem 0x0000000073eff000-0x0000000073efffff]
[    0.028669]   node   0: [mem 0x0000000100000000-0x000000037fbfffff]
[    0.028672] Initmem setup node 0 [mem 0x0000000000001000-0x000000037fbfffff]
[    0.028679] On node 0, zone DMA: 1 pages in unavailable ranges
[    0.028680] On node 0, zone DMA: 1 pages in unavailable ranges
[    0.028707] On node 0, zone DMA: 96 pages in unavailable ranges
[    0.030324] On node 0, zone DMA32: 1 pages in unavailable ranges
[    0.031413] On node 0, zone DMA32: 1 pages in unavailable ranges
[    0.031542] On node 0, zone DMA32: 15522 pages in unavailable ranges
[    0.031903] On node 0, zone Normal: 16640 pages in unavailable ranges
[    0.031914] On node 0, zone Normal: 1024 pages in unavailable ranges
[    0.031937] Reserving Intel graphics memory at [mem 0x7c800000-0x803fffff]
[    0.032517] ACPI: PM-Timer IO Port: 0x1808
[    0.032528] ACPI: LAPIC_NMI (acpi_id[0x01] high edge lint[0x1])
[    0.032530] ACPI: LAPIC_NMI (acpi_id[0x02] high edge lint[0x1])
[    0.032531] ACPI: LAPIC_NMI (acpi_id[0x03] high edge lint[0x1])
[    0.032532] ACPI: LAPIC_NMI (acpi_id[0x04] high edge lint[0x1])
[    0.032533] ACPI: LAPIC_NMI (acpi_id[0x05] high edge lint[0x1])
[    0.032534] ACPI: LAPIC_NMI (acpi_id[0x06] high edge lint[0x1])
[    0.032535] ACPI: LAPIC_NMI (acpi_id[0x07] high edge lint[0x1])
[    0.032536] ACPI: LAPIC_NMI (acpi_id[0x08] high edge lint[0x1])
[    0.032537] ACPI: LAPIC_NMI (acpi_id[0x09] high edge lint[0x1])
[    0.032538] ACPI: LAPIC_NMI (acpi_id[0x0a] high edge lint[0x1])
[    0.032539] ACPI: LAPIC_NMI (acpi_id[0x0b] high edge lint[0x1])
[    0.032540] ACPI: LAPIC_NMI (acpi_id[0x0c] high edge lint[0x1])
[    0.032541] ACPI: LAPIC_NMI (acpi_id[0x0d] high edge lint[0x1])
[    0.032542] ACPI: LAPIC_NMI (acpi_id[0x0e] high edge lint[0x1])
[    0.032543] ACPI: LAPIC_NMI (acpi_id[0x0f] high edge lint[0x1])
[    0.032544] ACPI: LAPIC_NMI (acpi_id[0x10] high edge lint[0x1])
[    0.032545] ACPI: LAPIC_NMI (acpi_id[0x11] high edge lint[0x1])
[    0.032546] ACPI: LAPIC_NMI (acpi_id[0x12] high edge lint[0x1])
[    0.032547] ACPI: LAPIC_NMI (acpi_id[0x13] high edge lint[0x1])
[    0.032549] ACPI: LAPIC_NMI (acpi_id[0x14] high edge lint[0x1])
[    0.032550] ACPI: LAPIC_NMI (acpi_id[0x15] high edge lint[0x1])
[    0.032551] ACPI: LAPIC_NMI (acpi_id[0x16] high edge lint[0x1])
[    0.032552] ACPI: LAPIC_NMI (acpi_id[0x17] high edge lint[0x1])
[    0.032553] ACPI: LAPIC_NMI (acpi_id[0x00] high edge lint[0x1])
[    0.032592] IOAPIC[0]: apic_id 2, version 32, address 0xfec00000, GSI 0-119
[    0.032595] ACPI: INT_SRC_OVR (bus 0 bus_irq 0 global_irq 2 dfl dfl)
[    0.032598] ACPI: INT_SRC_OVR (bus 0 bus_irq 9 global_irq 9 high level)
[    0.032602] ACPI: Using ACPI (MADT) for SMP configuration information
[    0.032603] ACPI: HPET id: 0x8086a201 base: 0xfed00000
[    0.032613] e820: update [mem 0x6c772000-0x6c7b2fff] usable ==> reserved
[    0.032628] TSC deadline timer available
[    0.032633] CPU topo: Max. logical packages:   1
[    0.032634] CPU topo: Max. logical dies:       1
[    0.032635] CPU topo: Max. dies per package:   1
[    0.032639] CPU topo: Max. threads per core:   1
[    0.032641] CPU topo: Num. cores per package:     4
[    0.032642] CPU topo: Num. threads per package:   4
[    0.032642] CPU topo: Allowing 4 present CPUs plus 0 hotplug CPUs
[    0.032665] PM: hibernation: Registered nosave memory: [mem 0x00000000-0x00000fff]
[    0.032668] PM: hibernation: Registered nosave memory: [mem 0x0009e000-0x0009efff]
[    0.032670] PM: hibernation: Registered nosave memory: [mem 0x000a0000-0x000fffff]
[    0.032672] PM: hibernation: Registered nosave memory: [mem 0x416ee000-0x416eefff]
[    0.032674] PM: hibernation: Registered nosave memory: [mem 0x4335a000-0x4335afff]
[    0.032675] PM: hibernation: Registered nosave memory: [mem 0x6c772000-0x6c7b2fff]
[    0.032677] PM: hibernation: Registered nosave memory: [mem 0x6d078000-0x6d078fff]
[    0.032679] PM: hibernation: Registered nosave memory: [mem 0x7025d000-0x73efefff]
[    0.032681] PM: hibernation: Registered nosave memory: [mem 0x73f00000-0xffffffff]
[    0.032683] [mem 0x80400000-0xfdffffff] available for PCI devices
[    0.032684] Booting paravirtualized kernel on bare hardware
[    0.032687] clocksource: refined-jiffies: mask: 0xffffffff max_cycles: 0xffffffff, max_idle_ns: 7645519600211568 ns
[    0.037766] setup_percpu: NR_CPUS:8192 nr_cpumask_bits:4 nr_cpu_ids:4 nr_node_ids:1
[    0.038051] percpu: Embedded 66 pages/cpu s233472 r8192 d28672 u524288
[    0.038059] pcpu-alloc: s233472 r8192 d28672 u524288 alloc=1*2097152
[    0.038061] pcpu-alloc: [0] 0 1 2 3 
[    0.038082] Kernel command line: BOOT_IMAGE=/@/boot/vmlinuz-6.12.57 root=UUID=cf1b7843-392f-413c-ab2f-fa8bfa5d90e7 ro rootflags=subvol=@ fbcon=rotate:1 video=DSI-1:panel_orientation=right_side_up log_buf_len=10M drm.debug=0x1e i915.dsi_extended_wake=1
[    0.038170] random: crng init done
[    0.039749] Dentry cache hash table entries: 2097152 (order: 12, 16777216 bytes, linear)
[    0.040571] Inode-cache hash table entries: 1048576 (order: 11, 8388608 bytes, linear)
[    0.040626] Fallback order for Node 0: 0 
[    0.040630] Built 1 zonelists, mobility grouping on.  Total pages: 3079674
[    0.040632] Policy zone: Normal
[    0.040641] mem auto-init: stack:all(zero), heap alloc:on, heap free:off
[    0.040651] software IO TLB: area num 4.
[    0.060669] SLUB: HWalign=64, Order=0-3, MinObjects=0, CPUs=4, Nodes=1
[    0.060705] ftrace: allocating 45728 entries in 179 pages
[    0.063964] ftrace: allocated 179 pages with 5 groups
[    0.064421] Dynamic Preempt: voluntary
[    0.064460] rcu: Preemptible hierarchical RCU implementation.
[    0.064461] rcu: 	RCU restricting CPUs from NR_CPUS=8192 to nr_cpu_ids=4.
[    0.064462] 	Trampoline variant of Tasks RCU enabled.
[    0.064463] 	Rude variant of Tasks RCU enabled.
[    0.064464] 	Tracing variant of Tasks RCU enabled.
[    0.064465] rcu: RCU calculated value of scheduler-enlistment delay is 25 jiffies.
[    0.064466] rcu: Adjusting geometry for rcu_fanout_leaf=16, nr_cpu_ids=4
[    0.064473] RCU Tasks: Setting shift to 2 and lim to 1 rcu_task_cb_adjust=1 rcu_task_cpu_ids=4.
[    0.064475] RCU Tasks Rude: Setting shift to 2 and lim to 1 rcu_task_cb_adjust=1 rcu_task_cpu_ids=4.
[    0.064477] RCU Tasks Trace: Setting shift to 2 and lim to 1 rcu_task_cb_adjust=1 rcu_task_cpu_ids=4.
[    0.068866] NR_IRQS: 524544, nr_irqs: 1024, preallocated irqs: 16
[    0.069185] rcu: srcu_init: Setting srcu_struct sizes based on contention.
[    0.069427] Console: colour dummy device 80x25
[    0.069431] printk: legacy console [tty0] enabled
[    0.070044] ACPI: Core revision 20240827
[    0.070615] hpet: HPET dysfunctional in PC10. Force disabled.
[    0.070710] APIC: Switch to symmetric I/O mode setup
[    0.070715] DMAR: Host address width 39
[    0.070719] DMAR: DRHD base: 0x000000fed90000 flags: 0x0
[    0.070731] DMAR: dmar0: reg_base_addr fed90000 ver 4:0 cap 1c0000c40660462 ecap 29a00f0505e
[    0.070739] DMAR: DRHD base: 0x000000fed91000 flags: 0x1
[    0.070748] DMAR: dmar1: reg_base_addr fed91000 ver 5:0 cap d2008c40660462 ecap f050da
[    0.070754] DMAR: RMRR base: 0x0000007c000000 end: 0x000000803fffff
[    0.070761] DMAR-IR: IOAPIC id 2 under DRHD base  0xfed91000 IOMMU 1
[    0.070766] DMAR-IR: HPET id 0 under DRHD base 0xfed91000
[    0.070771] DMAR-IR: Queued invalidation will be enabled to support x2apic and Intr-remapping.
[    0.072849] DMAR-IR: Enabled IRQ remapping in x2apic mode
[    0.072857] x2apic enabled
[    0.072929] APIC: Switched APIC routing to: cluster x2apic
[    0.077883] clocksource: tsc-early: mask: 0xffffffffffffffff max_cycles: 0xb9fb05486c, max_idle_ns: 440795231721 ns
[    0.077897] Calibrating delay loop (skipped), value calculated using timer frequency.. 1612.80 BogoMIPS (lpj=3225600)
[    0.077946] CPU0: Thermal monitoring enabled (TM1)
[    0.077952] x86/cpu: User Mode Instruction Prevention (UMIP) activated
[    0.078055] CET detected: Indirect Branch Tracking enabled
[    0.078061] Last level iTLB entries: 4KB 0, 2MB 0, 4MB 0
[    0.078065] Last level dTLB entries: 4KB 0, 2MB 0, 4MB 0, 1GB 0
[    0.078073] process: using mwait in idle threads
[    0.078079] Spectre V1 : Mitigation: usercopy/swapgs barriers and __user pointer sanitization
[    0.078086] Spectre V2 : Mitigation: Enhanced / Automatic IBRS
[    0.078092] Spectre V2 : mitigation: Enabling conditional Indirect Branch Prediction Barrier
[    0.078098] Speculative Store Bypass: Mitigation: Speculative Store Bypass disabled via prctl
[    0.078104] Register File Data Sampling: Mitigation: Clear Register File
[    0.078110] VMSCAPE: Mitigation: IBPB before exit to userspace
[    0.078123] x86/fpu: Supporting XSAVE feature 0x001: 'x87 floating point registers'
[    0.078129] x86/fpu: Supporting XSAVE feature 0x002: 'SSE registers'
[    0.078133] x86/fpu: Supporting XSAVE feature 0x004: 'AVX registers'
[    0.078138] x86/fpu: Supporting XSAVE feature 0x200: 'Protection Keys User registers'
[    0.078144] x86/fpu: Supporting XSAVE feature 0x800: 'Control-flow User registers'
[    0.078149] x86/fpu: xstate_offset[2]:  576, xstate_sizes[2]:  256
[    0.078154] x86/fpu: xstate_offset[9]:  832, xstate_sizes[9]:    8
[    0.078159] x86/fpu: xstate_offset[11]:  840, xstate_sizes[11]:   16
[    0.078165] x86/fpu: Enabled xstate features 0xa07, context size is 856 bytes, using 'compacted' format.
[    0.081893] Freeing SMP alternatives memory: 40K
[    0.081893] pid_max: default: 32768 minimum: 301
[    0.081893] LSM: initializing lsm=lockdown,capability,landlock,yama,apparmor,tomoyo,bpf,ipe,ima,evm
[    0.081893] landlock: Up and running.
[    0.081893] Yama: disabled by default; enable with sysctl kernel.yama.*
[    0.081893] AppArmor: AppArmor initialized
[    0.081893] TOMOYO Linux initialized
[    0.081893] LSM support for eBPF active
[    0.081893] Mount-cache hash table entries: 32768 (order: 6, 262144 bytes, linear)
[    0.081893] Mountpoint-cache hash table entries: 32768 (order: 6, 262144 bytes, linear)
[    0.081893] smpboot: CPU0: Intel(R) N100 (family: 0x6, model: 0xbe, stepping: 0x0)
[    0.081893] Performance Events: XSAVE Architectural LBR, PEBS fmt4+-baseline, PEBS-via-PT,  AnyThread deprecated, Gracemont events, 32-deep LBR, full-width counters, Intel PMU driver.
[    0.081893] ... version:                5
[    0.081893] ... bit width:              48
[    0.081893] ... generic registers:      6
[    0.081893] ... value mask:             0000ffffffffffff
[    0.081893] ... max period:             00007fffffffffff
[    0.081893] ... fixed-purpose events:   3
[    0.081893] ... event mask:             000000070000003f
[    0.081893] signal: max sigframe size: 3632
[    0.081893] Estimated ratio of average max frequency by base frequency (times 1024): 3712
[    0.081893] rcu: Hierarchical SRCU implementation.
[    0.081893] rcu: 	Max phase no-delay instances is 1000.
[    0.081893] Timer migration: 1 hierarchy levels; 8 children per group; 1 crossnode level
[    0.081893] NMI watchdog: Enabled. Permanently consumes one hw-PMU counter.
[    0.081893] smp: Bringing up secondary CPUs ...
[    0.081893] smpboot: x86: Booting SMP configuration:
[    0.081893] .... node  #0, CPUs:      #1 #2 #3
[    0.085969] smp: Brought up 1 node, 4 CPUs
[    0.085969] smpboot: Total of 4 processors activated (6451.20 BogoMIPS)
[    0.112164] node 0 deferred pages initialised in 24ms
[    0.112164] Memory: 11853880K/12318696K available (16384K kernel code, 2496K rwdata, 11800K rodata, 4152K init, 4936K bss, 453684K reserved, 0K cma-reserved)
[    0.112171] devtmpfs: initialized
[    0.112171] x86/mm: Memory block size: 128MB
[    0.114334] ACPI: PM: Registering ACPI NVS region [mem 0x7343f000-0x734fefff] (786432 bytes)
[    0.114334] clocksource: jiffies: mask: 0xffffffff max_cycles: 0xffffffff, max_idle_ns: 7645041785100000 ns
[    0.114334] futex hash table entries: 1024 (order: 4, 65536 bytes, linear)
[    0.114334] pinctrl core: initialized pinctrl subsystem
[    0.114898] NET: Registered PF_NETLINK/PF_ROUTE protocol family
[    0.115314] DMA: preallocated 2048 KiB GFP_KERNEL pool for atomic allocations
[    0.115553] DMA: preallocated 2048 KiB GFP_KERNEL|GFP_DMA pool for atomic allocations
[    0.115809] DMA: preallocated 2048 KiB GFP_KERNEL|GFP_DMA32 pool for atomic allocations
[    0.115833] audit: initializing netlink subsys (disabled)
[    0.115855] audit: type=2000 audit(1764621170.000:1): state=initialized audit_enabled=0 res=1
[    0.115855] thermal_sys: Registered thermal governor 'fair_share'
[    0.115855] thermal_sys: Registered thermal governor 'bang_bang'
[    0.115855] thermal_sys: Registered thermal governor 'step_wise'
[    0.115855] thermal_sys: Registered thermal governor 'user_space'
[    0.115855] thermal_sys: Registered thermal governor 'power_allocator'
[    0.115855] cpuidle: using governor ladder
[    0.115855] cpuidle: using governor menu
[    0.115855] acpiphp: ACPI Hot Plug PCI Controller Driver version: 0.5
[    0.115855] PCI: ECAM [mem 0xc0000000-0xcfffffff] (base 0xc0000000) for domain 0000 [bus 00-ff]
[    0.115855] PCI: Using configuration type 1 for base access
[    0.115855] kprobes: kprobe jump-optimization is enabled. All kprobes are optimized if possible.
[    0.115855] HugeTLB: registered 1.00 GiB page size, pre-allocated 0 pages
[    0.115855] HugeTLB: 16380 KiB vmemmap can be freed for a 1.00 GiB page
[    0.115855] HugeTLB: registered 2.00 MiB page size, pre-allocated 0 pages
[    0.115855] HugeTLB: 28 KiB vmemmap can be freed for a 2.00 MiB page
[    0.117923] ACPI: Added _OSI(Module Device)
[    0.117928] ACPI: Added _OSI(Processor Device)
[    0.117930] ACPI: Added _OSI(Processor Aggregator Device)
[    0.258699] ACPI: 14 ACPI AML tables successfully acquired and loaded
[    0.280137] ACPI: Dynamic OEM Table Load:
[    0.280155] ACPI: SSDT 0xFFFF896B414C0C00 000394 (v02 PmRef  Cpu0Cst  00003001 INTL 20200717)
[    0.281478] ACPI: Dynamic OEM Table Load:
[    0.281488] ACPI: SSDT 0xFFFF896B40FD1000 0001A3 (v02 PmRef  Cpu0Ist  00003000 INTL 20200717)
[    0.282741] ACPI: Dynamic OEM Table Load:
[    0.282751] ACPI: SSDT 0xFFFF896B40FD0A00 0001AB (v02 PmRef  Cpu0Psd  00003000 INTL 20200717)
[    0.284002] ACPI: Dynamic OEM Table Load:
[    0.284012] ACPI: SSDT 0xFFFF896B40FC4000 0004BA (v02 PmRef  Cpu0Hwp  00003000 INTL 20200717)
[    0.285745] ACPI: Dynamic OEM Table Load:
[    0.285760] ACPI: SSDT 0xFFFF896B40FCA000 001BAF (v02 PmRef  ApIst    00003000 INTL 20200717)
[    0.287804] ACPI: Dynamic OEM Table Load:
[    0.287816] ACPI: SSDT 0xFFFF896B40FCE000 001038 (v02 PmRef  ApHwp    00003000 INTL 20200717)
[    0.289644] ACPI: Dynamic OEM Table Load:
[    0.289656] ACPI: SSDT 0xFFFF896B40FCC000 001349 (v02 PmRef  ApPsd    00003000 INTL 20200717)
[    0.291589] ACPI: Dynamic OEM Table Load:
[    0.291601] ACPI: SSDT 0xFFFF896B40187000 000FBB (v02 PmRef  ApCst    00003000 INTL 20200717)
[    0.294559] ACPI: EC: EC started
[    0.294562] ACPI: EC: interrupt blocked
[    0.303022] ACPI: EC: EC_CMD/EC_SC=0x66, EC_DATA=0x62
[    0.303028] ACPI: \_SB_.PC00.LPCB.H_EC: Boot DSDT EC used to handle transactions
[    0.303033] ACPI: Interpreter enabled
[    0.303121] ACPI: PM: (supports S0 S3 S4 S5)
[    0.303124] ACPI: Using IOAPIC for interrupt routing
[    0.303205] PCI: Using host bridge windows from ACPI; if necessary, use "pci=nocrs" and report a bug
[    0.303210] PCI: Ignoring E820 reservations for host bridge windows
[    0.304739] ACPI: Enabled 7 GPEs in block 00 to 7F
[    0.336199] ACPI: \_SB_.PC00.CNVW.WRST: New power resource
[    0.348637] ACPI: \_SB_.PC00.TBT0: New power resource
[    0.349151] ACPI: \_SB_.PC00.TBT1: New power resource
[    0.349652] ACPI: \_SB_.PC00.D3C_: New power resource
[    0.417950] ACPI: \_TZ_.FN00: New power resource
[    0.418036] ACPI: \_TZ_.FN01: New power resource
[    0.418114] ACPI: \_TZ_.FN02: New power resource
[    0.418190] ACPI: \_TZ_.FN03: New power resource
[    0.418274] ACPI: \_TZ_.FN04: New power resource
[    0.418936] ACPI: \PIN_: New power resource
[    0.419638] ACPI: PCI Root Bridge [PC00] (domain 0000 [bus 00-fe])
[    0.419651] acpi PNP0A08:00: _OSC: OS supports [ExtendedConfig ASPM ClockPM Segments MSI HPX-Type3]
[    0.421041] acpi PNP0A08:00: _OSC: platform does not support [AER]
[    0.423742] acpi PNP0A08:00: _OSC: OS now controls [PCIeHotplug SHPCHotplug PME PCIeCapability LTR]
[    0.425960] PCI host bridge to bus 0000:00
[    0.425968] pci_bus 0000:00: root bus resource [io  0x0000-0x0cf7 window]
[    0.425973] pci_bus 0000:00: root bus resource [io  0x0d00-0xffff window]
[    0.425977] pci_bus 0000:00: root bus resource [mem 0x000a0000-0x000bffff window]
[    0.425982] pci_bus 0000:00: root bus resource [mem 0x000e0000-0x000fffff window]
[    0.425986] pci_bus 0000:00: root bus resource [mem 0x80400000-0xbfffffff window]
[    0.425989] pci_bus 0000:00: root bus resource [mem 0x4000000000-0x7fffffffff window]
[    0.425994] pci_bus 0000:00: root bus resource [bus 00-fe]
[    0.426039] pci 0000:00:00.0: [8086:461c] type 00 class 0x060000 conventional PCI endpoint
[    0.426221] pci 0000:00:02.0: [8086:46d1] type 00 class 0x030000 PCIe Root Complex Integrated Endpoint
[    0.426236] pci 0000:00:02.0: BAR 0 [mem 0x6000000000-0x6000ffffff 64bit]
[    0.426246] pci 0000:00:02.0: BAR 2 [mem 0x4000000000-0x400fffffff 64bit pref]
[    0.426253] pci 0000:00:02.0: BAR 4 [io  0x5000-0x503f]
[    0.426277] pci 0000:00:02.0: DMAR: Skip IOMMU disabling for graphics
[    0.426282] pci 0000:00:02.0: Video device with shadowed ROM at [mem 0x000c0000-0x000dffff]
[    0.426320] pci 0000:00:02.0: VF BAR 0 [mem 0x00000000-0x00ffffff 64bit]
[    0.426325] pci 0000:00:02.0: VF BAR 0 [mem 0x00000000-0x06ffffff 64bit]: contains BAR 0 for 7 VFs
[    0.426333] pci 0000:00:02.0: VF BAR 2 [mem 0x00000000-0x1fffffff 64bit pref]
[    0.426337] pci 0000:00:02.0: VF BAR 2 [mem 0x00000000-0xdfffffff 64bit pref]: contains BAR 2 for 7 VFs
[    0.426538] pci 0000:00:0a.0: [8086:467d] type 00 class 0x118000 PCIe Root Complex Integrated Endpoint
[    0.426552] pci 0000:00:0a.0: BAR 0 [mem 0x6001120000-0x6001127fff 64bit]
[    0.426576] pci 0000:00:0a.0: enabling Extended Tags
[    0.426694] pci 0000:00:0d.0: [8086:464e] type 00 class 0x0c0330 conventional PCI endpoint
[    0.426712] pci 0000:00:0d.0: BAR 0 [mem 0x6001110000-0x600111ffff 64bit]
[    0.426769] pci 0000:00:0d.0: PME# supported from D3hot D3cold
[    0.429701] pci 0000:00:14.0: [8086:54ed] type 00 class 0x0c0330 conventional PCI endpoint
[    0.429733] pci 0000:00:14.0: BAR 0 [mem 0x6001100000-0x600110ffff 64bit]
[    0.429838] pci 0000:00:14.0: PME# supported from D3hot D3cold
[    0.432624] pci 0000:00:14.2: [8086:54ef] type 00 class 0x050000 conventional PCI endpoint
[    0.432652] pci 0000:00:14.2: BAR 0 [mem 0x600112c000-0x600112ffff 64bit]
[    0.432669] pci 0000:00:14.2: BAR 2 [mem 0x6001134000-0x6001134fff 64bit]
[    0.432914] pci 0000:00:15.0: [8086:54e8] type 00 class 0x0c8000 conventional PCI endpoint
[    0.432991] pci 0000:00:15.0: BAR 0 [mem 0x00000000-0x00000fff 64bit]
[    0.433570] pci 0000:00:15.3: [8086:54eb] type 00 class 0x0c8000 conventional PCI endpoint
[    0.433651] pci 0000:00:15.3: BAR 0 [mem 0x00000000-0x00000fff 64bit]
[    0.434153] pci 0000:00:16.0: [8086:54e0] type 00 class 0x078000 conventional PCI endpoint
[    0.434184] pci 0000:00:16.0: BAR 0 [mem 0x6001131000-0x6001131fff 64bit]
[    0.434284] pci 0000:00:16.0: PME# supported from D3hot
[    0.435007] pci 0000:00:1c.0: [8086:54ba] type 01 class 0x060400 PCIe Root Port
[    0.435043] pci 0000:00:1c.0: PCI bridge to [bus 01]
[    0.435050] pci 0000:00:1c.0:   bridge window [io  0x4000-0x4fff]
[    0.435056] pci 0000:00:1c.0:   bridge window [mem 0x80600000-0x806fffff]
[    0.435157] pci 0000:00:1c.0: PME# supported from D0 D3hot D3cold
[    0.435200] pci 0000:00:1c.0: PTM enabled (root), 4ns granularity
[    0.435875] pci 0000:00:1c.6: [8086:54be] type 01 class 0x060400 PCIe Root Port
[    0.435911] pci 0000:00:1c.6: PCI bridge to [bus 02]
[    0.435918] pci 0000:00:1c.6:   bridge window [io  0x3000-0x3fff]
[    0.435924] pci 0000:00:1c.6:   bridge window [mem 0x80500000-0x805fffff]
[    0.436023] pci 0000:00:1c.6: PME# supported from D0 D3hot D3cold
[    0.436066] pci 0000:00:1c.6: PTM enabled (root), 4ns granularity
[    0.436740] pci 0000:00:1d.0: [8086:54b0] type 01 class 0x060400 PCIe Root Port
[    0.436792] pci 0000:00:1d.0: PCI bridge to [bus 03]
[    0.436801] pci 0000:00:1d.0:   bridge window [mem 0x80400000-0x804fffff]
[    0.436910] pci 0000:00:1d.0: PME# supported from D0 D3hot D3cold
[    0.436957] pci 0000:00:1d.0: PTM enabled (root), 4ns granularity
[    0.437639] pci 0000:00:1f.0: [8086:5481] type 00 class 0x060100 conventional PCI endpoint
[    0.438067] pci 0000:00:1f.3: [8086:54c8] type 00 class 0x040300 conventional PCI endpoint
[    0.438114] pci 0000:00:1f.3: BAR 0 [mem 0x6001128000-0x600112bfff 64bit]
[    0.438171] pci 0000:00:1f.3: BAR 4 [mem 0x6001000000-0x60010fffff 64bit]
[    0.438281] pci 0000:00:1f.3: PME# supported from D3hot D3cold
[    0.438968] pci 0000:00:1f.4: [8086:54a3] type 00 class 0x0c0500 conventional PCI endpoint
[    0.438997] pci 0000:00:1f.4: BAR 0 [mem 0x6001130000-0x60011300ff 64bit]
[    0.439023] pci 0000:00:1f.4: BAR 4 [io  0xefa0-0xefbf]
[    0.439319] pci 0000:00:1f.5: [8086:54a4] type 00 class 0x0c8000 conventional PCI endpoint
[    0.439344] pci 0000:00:1f.5: BAR 0 [mem 0xfe010000-0xfe010fff]
[    0.439552] pci 0000:01:00.0: [10ec:8168] type 00 class 0x020000 PCIe Endpoint
[    0.439577] pci 0000:01:00.0: BAR 0 [io  0x4000-0x40ff]
[    0.439605] pci 0000:01:00.0: BAR 2 [mem 0x80604000-0x80604fff 64bit]
[    0.439624] pci 0000:01:00.0: BAR 4 [mem 0x80600000-0x80603fff 64bit]
[    0.439763] pci 0000:01:00.0: supports D1 D2
[    0.439766] pci 0000:01:00.0: PME# supported from D0 D1 D2 D3hot D3cold
[    0.440056] pci 0000:00:1c.0: PCI bridge to [bus 01]
[    0.440179] pci 0000:02:00.0: [10ec:b852] type 00 class 0x028000 PCIe Endpoint
[    0.440222] pci 0000:02:00.0: BAR 0 [io  0x3000-0x30ff]
[    0.440274] pci 0000:02:00.0: BAR 2 [mem 0x80500000-0x805fffff 64bit]
[    0.440553] pci 0000:02:00.0: PME# supported from D0 D3hot D3cold
[    0.440967] pci 0000:00:1c.6: PCI bridge to [bus 02]
[    0.441333] pci 0000:03:00.0: [1d79:2263] type 00 class 0x010802 PCIe Endpoint
[    0.441409] pci 0000:03:00.0: BAR 0 [mem 0x80400000-0x80403fff 64bit]
[    0.442177] pci 0000:00:1d.0: PCI bridge to [bus 03]
[    0.449542] ACPI: PCI: Interrupt link LNKA configured for IRQ 0
[    0.449702] ACPI: PCI: Interrupt link LNKB configured for IRQ 1
[    0.449858] ACPI: PCI: Interrupt link LNKC configured for IRQ 0
[    0.450039] ACPI: PCI: Interrupt link LNKD configured for IRQ 0
[    0.450195] ACPI: PCI: Interrupt link LNKE configured for IRQ 0
[    0.450350] ACPI: PCI: Interrupt link LNKF configured for IRQ 0
[    0.450504] ACPI: PCI: Interrupt link LNKG configured for IRQ 0
[    0.450659] ACPI: PCI: Interrupt link LNKH configured for IRQ 0
[    0.473957] ACPI: EC: interrupt unblocked
[    0.473963] ACPI: EC: event unblocked
[    0.473996] ACPI: EC: EC_CMD/EC_SC=0x66, EC_DATA=0x62
[    0.473999] ACPI: EC: GPE=0x6e
[    0.474001] ACPI: \_SB_.PC00.LPCB.H_EC: Boot DSDT EC initialization complete
[    0.474005] ACPI: \_SB_.PC00.LPCB.H_EC: EC: Used to handle transactions and events
[    0.474148] iommu: Default domain type: Translated
[    0.474148] iommu: DMA domain TLB invalidation policy: lazy mode
[    0.474161] pps_core: LinuxPPS API ver. 1 registered
[    0.474165] pps_core: Software ver. 5.3.6 - Copyright 2005-2007 Rodolfo Giometti <giometti@linux.it>
[    0.474170] PTP clock support registered
[    0.474182] EDAC MC: Ver: 3.0.0
[    0.474382] efivars: Registered efivars operations
[    0.474382] NetLabel: Initializing
[    0.474382] NetLabel:  domain hash size = 128
[    0.474382] NetLabel:  protocols = UNLABELED CIPSOv4 CALIPSO
[    0.474382] NetLabel:  unlabeled traffic allowed by default
[    0.474382] PCI: Using ACPI for IRQ routing
[    0.498361] PCI: pci_cache_line_size set to 64 bytes
[    0.498508] pci 0000:00:1f.5: BAR 0 [mem 0xfe010000-0xfe010fff]: can't claim; no compatible bridge window
[    0.498651] e820: reserve RAM buffer [mem 0x0009e000-0x0009ffff]
[    0.498654] e820: reserve RAM buffer [mem 0x416ee000-0x43ffffff]
[    0.498656] e820: reserve RAM buffer [mem 0x4335a000-0x43ffffff]
[    0.498657] e820: reserve RAM buffer [mem 0x6c772000-0x6fffffff]
[    0.498659] e820: reserve RAM buffer [mem 0x6d078000-0x6fffffff]
[    0.498661] e820: reserve RAM buffer [mem 0x7025d000-0x73ffffff]
[    0.498662] e820: reserve RAM buffer [mem 0x73f00000-0x73ffffff]
[    0.498664] e820: reserve RAM buffer [mem 0x37fc00000-0x37fffffff]
[    0.498713] pci 0000:00:02.0: vgaarb: setting as boot VGA device
[    0.498713] pci 0000:00:02.0: vgaarb: bridge control possible
[    0.498713] pci 0000:00:02.0: vgaarb: VGA device added: decodes=io+mem,owns=io+mem,locks=none
[    0.498713] vgaarb: loaded
[    0.498713] clocksource: Switched to clocksource tsc-early
[    0.498713] VFS: Disk quotas dquot_6.6.0
[    0.498713] VFS: Dquot-cache hash table entries: 512 (order 0, 4096 bytes)
[    0.498713] AppArmor: AppArmor Filesystem Enabled
[    0.498713] pnp: PnP ACPI init
[    0.499085] system 00:01: [io  0x0680-0x069f] has been reserved
[    0.499092] system 00:01: [io  0x164e-0x164f] has been reserved
[    0.499806] pnp 00:02: disabling [mem 0xc0000000-0xcfffffff] because it overlaps 0000:00:02.0 BAR 9 [mem 0x00000000-0xdfffffff 64bit pref]
[    0.499844] system 00:02: [mem 0xfedc0000-0xfedc7fff] has been reserved
[    0.499849] system 00:02: [mem 0xfeda0000-0xfeda0fff] has been reserved
[    0.499853] system 00:02: [mem 0xfeda1000-0xfeda1fff] has been reserved
[    0.499858] system 00:02: [mem 0xfed20000-0xfed7ffff] could not be reserved
[    0.499862] system 00:02: [mem 0xfed90000-0xfed93fff] could not be reserved
[    0.499866] system 00:02: [mem 0xfed45000-0xfed8ffff] could not be reserved
[    0.499869] system 00:02: [mem 0xfee00000-0xfeefffff] could not be reserved
[    0.504925] system 00:03: [io  0x2000-0x20fe] has been reserved
[    0.506186] pnp: PnP ACPI: found 5 devices
[    0.512357] clocksource: acpi_pm: mask: 0xffffff max_cycles: 0xffffff, max_idle_ns: 2085701024 ns
[    0.512433] NET: Registered PF_INET protocol family
[    0.512792] IP idents hash table entries: 262144 (order: 9, 2097152 bytes, linear)
[    0.532915] tcp_listen_portaddr_hash hash table entries: 8192 (order: 5, 131072 bytes, linear)
[    0.532963] Table-perturb hash table entries: 65536 (order: 6, 262144 bytes, linear)
[    0.533094] TCP established hash table entries: 131072 (order: 8, 1048576 bytes, linear)
[    0.533489] TCP bind hash table entries: 65536 (order: 9, 2097152 bytes, linear)
[    0.533646] TCP: Hash tables configured (established 131072 bind 65536)
[    0.533778] MPTCP token hash table entries: 16384 (order: 6, 393216 bytes, linear)
[    0.533854] UDP hash table entries: 8192 (order: 6, 262144 bytes, linear)
[    0.533915] UDP-Lite hash table entries: 8192 (order: 6, 262144 bytes, linear)
[    0.534001] NET: Registered PF_UNIX/PF_LOCAL protocol family
[    0.534023] NET: Registered PF_XDP protocol family
[    0.534035] pci_bus 0000:00: max bus depth: 1 pci_try_num: 2
[    0.534053] pci 0000:00:02.0: VF BAR 2 [mem 0x4020000000-0x40ffffffff 64bit pref]: assigned
[    0.534063] pci 0000:00:02.0: VF BAR 0 [mem 0x4010000000-0x4016ffffff 64bit]: assigned
[    0.534070] pci 0000:00:15.0: BAR 0 [mem 0x4017000000-0x4017000fff 64bit]: assigned
[    0.534130] pci 0000:00:15.3: BAR 0 [mem 0x4017001000-0x4017001fff 64bit]: assigned
[    0.534193] pci 0000:00:1f.5: BAR 0 [mem 0x80700000-0x80700fff]: assigned
[    0.534208] pci 0000:00:1c.0: PCI bridge to [bus 01]
[    0.534213] pci 0000:00:1c.0:   bridge window [io  0x4000-0x4fff]
[    0.534220] pci 0000:00:1c.0:   bridge window [mem 0x80600000-0x806fffff]
[    0.534231] pci 0000:00:1c.6: PCI bridge to [bus 02]
[    0.534235] pci 0000:00:1c.6:   bridge window [io  0x3000-0x3fff]
[    0.534242] pci 0000:00:1c.6:   bridge window [mem 0x80500000-0x805fffff]
[    0.534253] pci 0000:00:1d.0: PCI bridge to [bus 03]
[    0.534259] pci 0000:00:1d.0:   bridge window [mem 0x80400000-0x804fffff]
[    0.534270] pci_bus 0000:00: resource 4 [io  0x0000-0x0cf7 window]
[    0.534274] pci_bus 0000:00: resource 5 [io  0x0d00-0xffff window]
[    0.534278] pci_bus 0000:00: resource 6 [mem 0x000a0000-0x000bffff window]
[    0.534282] pci_bus 0000:00: resource 7 [mem 0x000e0000-0x000fffff window]
[    0.534285] pci_bus 0000:00: resource 8 [mem 0x80400000-0xbfffffff window]
[    0.534289] pci_bus 0000:00: resource 9 [mem 0x4000000000-0x7fffffffff window]
[    0.534294] pci_bus 0000:01: resource 0 [io  0x4000-0x4fff]
[    0.534297] pci_bus 0000:01: resource 1 [mem 0x80600000-0x806fffff]
[    0.534300] pci_bus 0000:02: resource 0 [io  0x3000-0x3fff]
[    0.534304] pci_bus 0000:02: resource 1 [mem 0x80500000-0x805fffff]
[    0.534307] pci_bus 0000:03: resource 1 [mem 0x80400000-0x804fffff]
[    0.535135] PCI: CLS 64 bytes, default 64
[    0.535199] DMAR: No ATSR found
[    0.535202] DMAR: No SATC found
[    0.535205] DMAR: IOMMU feature fl1gp_support inconsistent
[    0.535206] DMAR: IOMMU feature pgsel_inv inconsistent
[    0.535209] DMAR: IOMMU feature nwfs inconsistent
[    0.535212] DMAR: IOMMU feature dit inconsistent
[    0.535215] DMAR: IOMMU feature sc_support inconsistent
[    0.535217] DMAR: IOMMU feature dev_iotlb_support inconsistent
[    0.535220] DMAR: dmar0: Using Queued invalidation
[    0.535228] DMAR: dmar1: Using Queued invalidation
[    0.535254] Trying to unpack rootfs image as initramfs...
[    0.535574] pci 0000:00:02.0: Adding to iommu group 0
[    0.535622] pci 0000:00:00.0: Adding to iommu group 1
[    0.535641] pci 0000:00:0a.0: Adding to iommu group 2
[    0.535660] pci 0000:00:0d.0: Adding to iommu group 3
[    0.535681] pci 0000:00:14.0: Adding to iommu group 4
[    0.535695] pci 0000:00:14.2: Adding to iommu group 4
[    0.535716] pci 0000:00:15.0: Adding to iommu group 5
[    0.535730] pci 0000:00:15.3: Adding to iommu group 5
[    0.535748] pci 0000:00:16.0: Adding to iommu group 6
[    0.535766] pci 0000:00:1c.0: Adding to iommu group 7
[    0.535784] pci 0000:00:1c.6: Adding to iommu group 8
[    0.535803] pci 0000:00:1d.0: Adding to iommu group 9
[    0.535834] pci 0000:00:1f.0: Adding to iommu group 10
[    0.535850] pci 0000:00:1f.3: Adding to iommu group 10
[    0.535866] pci 0000:00:1f.4: Adding to iommu group 10
[    0.535880] pci 0000:00:1f.5: Adding to iommu group 10
[    0.535898] pci 0000:01:00.0: Adding to iommu group 11
[    0.535917] pci 0000:02:00.0: Adding to iommu group 12
[    0.535934] pci 0000:03:00.0: Adding to iommu group 13
[    0.537243] DMAR: Intel(R) Virtualization Technology for Directed I/O
[    0.537254] PCI-DMA: Using software bounce buffering for IO (SWIOTLB)
[    0.537257] software IO TLB: mapped [mem 0x000000005dcd8000-0x0000000061cd8000] (64MB)
[    0.537339] clocksource: tsc: mask: 0xffffffffffffffff max_cycles: 0xb9fb05486c, max_idle_ns: 440795231721 ns
[    0.537368] clocksource: Switched to clocksource tsc
[    0.537428] platform rtc_cmos: registered platform RTC device (no PNP device found)
[    0.541056] Initialise system trusted keyrings
[    0.541075] Key type blacklist registered
[    0.541137] workingset: timestamp_bits=36 max_order=22 bucket_order=0
[    0.541150] zbud: loaded
[    0.541265] fuse: init (API version 7.41)
[    0.541437] integrity: Platform Keyring initialized
[    0.541444] integrity: Machine keyring initialized
[    0.562248] Key type asymmetric registered
[    0.562257] Asymmetric key parser 'x509' registered
[    0.635019] Freeing initrd memory: 47200K
[    0.641221] Block layer SCSI generic (bsg) driver version 0.4 loaded (major 246)
[    0.641277] io scheduler mq-deadline registered
[    0.643152] ledtrig-cpu: registered to indicate activity on CPUs
[    0.643560] pcieport 0000:00:1c.0: PME: Signaling with IRQ 122
[    0.643881] pcieport 0000:00:1c.6: PME: Signaling with IRQ 123
[    0.644228] pcieport 0000:00:1d.0: PME: Signaling with IRQ 124
[    0.644387] shpchp: Standard Hot Plug PCI Controller Driver version: 0.4
[    0.646334] thermal LNXTHERM:00: registered as thermal_zone0
[    0.646340] ACPI: thermal: Thermal Zone [TZ00] (28 C)
[    0.646516] Serial: 8250/16550 driver, 4 ports, IRQ sharing enabled
[    0.647342] hpet_acpi_add: no address or irqs in _CRS
[    0.647376] Linux agpgart interface v0.103
[    0.653270] i8042: PNP: PS/2 Controller [PNP0303:PS2K] at 0x60,0x64 irq 1
[    0.653277] i8042: PNP: PS/2 appears to have AUX port disabled, if this is incorrect please boot with i8042.nopnp
[    0.654054] serio: i8042 KBD port at 0x60,0x64 irq 1
[    0.654142] mousedev: PS/2 mouse device common for all mice
[    0.654214] rtc_cmos rtc_cmos: RTC can wake from S4
[    0.655134] rtc_cmos rtc_cmos: registered as rtc0
[    0.655287] rtc_cmos rtc_cmos: setting system clock to 2025-12-01T20:32:51 UTC (1764621171)
[    0.655335] rtc_cmos rtc_cmos: alarms up to one month, y3k, 114 bytes nvram
[    0.655570] intel_pstate: Intel P-state driver initializing
[    0.655643] input: AT Translated Set 2 keyboard as /devices/platform/i8042/serio0/input/input0
[    0.656219] intel_pstate: HWP enabled
[    0.656758] efifb: probing for efifb
[    0.656779] efifb: framebuffer at 0x4000000000, using 1876k, total 1875k
[    0.656784] efifb: mode is 800x600x32, linelength=3200, pages=1
[    0.656788] efifb: scrolling: redraw
[    0.656790] efifb: Truecolor: size=8:8:8:8, shift=24:16:8:0
[    0.662554] Console: switching to colour frame buffer device 75x50
[    0.669407] fb0: EFI VGA frame buffer device
[    0.669620] NET: Registered PF_INET6 protocol family
[    0.674883] Segment Routing with IPv6
[    0.674957] In-situ OAM (IOAM) with IPv6
[    0.675041] mip6: Mobile IPv6
[    0.675088] NET: Registered PF_PACKET protocol family
[    0.675201] mpls_gso: MPLS GSO support
[    0.675626] ENERGY_PERF_BIAS: Set to 'normal', was 'performance'
[    0.675874] microcode: Current revision: 0x0000001d
[    0.675957] microcode: Updated early from: 0x0000000f
[    0.676143] resctrl: L2 allocation detected
[    0.676222] IPI shorthand broadcast: enabled
[    0.677900] sched_clock: Marking stable (668004067, 8526849)->(710057893, -33526977)
[    0.678438] registered taskstats version 1
[    0.678618] Loading compiled-in X.509 certificates
[    0.702039] Loaded X.509 cert 'Build time autogenerated kernel key: d2dd4bf04bc5201ffcfa02ea549298b155fb4038'
[    0.704313] Demotion targets for Node 0: null
[    0.704544] Key type .fscrypt registered
[    0.704610] Key type fscrypt-provisioning registered
[    0.726336] Key type encrypted registered
[    0.726415] AppArmor: AppArmor sha256 policy hashing enabled
[    0.726823] ima: Allocated hash algorithm: sha256
[    0.761635] ima: No architecture policies found
[    0.765447] evm: Initialising EVM extended attributes:
[    0.769028] evm: security.selinux
[    0.773087] evm: security.SMACK64 (disabled)
[    0.777378] evm: security.SMACK64EXEC (disabled)
[    0.781501] evm: security.SMACK64TRANSMUTE (disabled)
[    0.785612] evm: security.SMACK64MMAP (disabled)
[    0.789643] evm: security.apparmor
[    0.793614] evm: security.ima
[    0.797483] evm: security.capability
[    0.801344] evm: HMAC attrs: 0x1
[    0.816605] RAS: Correctable Errors collector initialized.
[    0.831381] clk: Disabling unused clocks
[    0.837384] PM: genpd: Disabling unused power domains
[    0.842400] Freeing unused decrypted memory: 2028K
[    0.846348] Freeing unused kernel image (initmem) memory: 4152K
[    0.849505] Write protecting the kernel read-only data: 28672k
[    0.852960] Freeing unused kernel image (rodata/data gap) memory: 488K
[    0.901939] x86/mm: Checked W+X mappings: passed, no W+X pages found.
[    0.905760] Run /init as init process
[    0.909640]   with arguments:
[    0.909642]     /init
[    0.909644]   with environment:
[    0.909645]     HOME=/
[    0.909646]     TERM=linux
[    0.934836] udevd[178]: starting version 3.2.14
[    0.938819] udevd[180]: starting eudev-3.2.14
[    0.978780] ACPI: battery: Slot [BAT0] (battery present)
[    1.004980] intel-lpss 0000:00:15.0: enabling device (0004 -> 0006)
[    1.017037] i801_smbus 0000:00:1f.4: enabling device (0000 -> 0003)
[    1.017045] idma64 idma64.0: Found Intel integrated DMA 64-bit
[    1.020511] i801_smbus 0000:00:1f.4: SPD Write Disable is set
[    1.026462] i801_smbus 0000:00:1f.4: SMBus using PCI interrupt
[    1.035277] ACPI: bus type USB registered
[    1.038447] usbcore: registered new interface driver usbfs
[    1.041603] usbcore: registered new interface driver hub
[    1.044691] usbcore: registered new device driver usb
[    1.068576] intel-lpss 0000:00:15.3: enabling device (0004 -> 0006)
[    1.072781] idma64 idma64.1: Found Intel integrated DMA 64-bit
[    1.254869] i801_smbus 0000:00:1f.4: SMBus is busy, can't use it!
[    1.258584] i801_smbus 0000:00:1f.4: SMBus is busy, can't use it!
[    1.261859] i801_smbus 0000:00:1f.4: SMBus is busy, can't use it!
[    1.264578] i801_smbus 0000:00:1f.4: SMBus is busy, can't use it!
[    1.267872] i801_smbus 0000:00:1f.4: SMBus is busy, can't use it!
[    1.271265] i801_smbus 0000:00:1f.4: SMBus is busy, can't use it!
[    1.274614] i801_smbus 0000:00:1f.4: SMBus is busy, can't use it!
[    1.289051] nvme 0000:03:00.0: platform quirk: setting simple suspend
[    1.291837] iTCO_vendor_support: vendor-support=0
[    1.291927] nvme nvme0: pci function 0000:03:00.0
[    1.297770] r8169 0000:01:00.0: enabling device (0000 -> 0003)
[    1.303484] nvme nvme0: missing or invalid SUBNQN field.
[    1.312047] r8169 0000:01:00.0 eth0: RTL8168h/8111h, 00:e0:4c:59:d2:6c, XID 541, IRQ 126
[    1.317448] r8169 0000:01:00.0 eth0: jumbo features [frames: 9194 bytes, tx checksumming: ko]
[    1.327204] nvme nvme0: allocated 64 MiB host memory buffer.
[    1.338949] nvme nvme0: 4/0/0 default/read/poll queues
[    1.351300]  nvme0n1: p1 p2 p5 p6 p7
[    1.359983] xhci_hcd 0000:00:0d.0: xHCI Host Controller
[    1.363087] xhci_hcd 0000:00:0d.0: new USB bus registered, assigned bus number 1
[    1.369642] iTCO_wdt iTCO_wdt: Found a Intel PCH TCO device (Version=6, TCOBASE=0x0400)
[    1.370861] xhci_hcd 0000:00:0d.0: hcc params 0x20007fc1 hci version 0x120 quirks 0x0000000200009810
[    1.376861] iTCO_wdt iTCO_wdt: initialized. heartbeat=30 sec (nowayout=0)
[    1.384469] xhci_hcd 0000:00:0d.0: xHCI Host Controller
[    1.393700] xhci_hcd 0000:00:0d.0: new USB bus registered, assigned bus number 2
[    1.400276] xhci_hcd 0000:00:0d.0: Host supports USB 3.2 Enhanced SuperSpeed
[    1.406783] usb usb1: New USB device found, idVendor=1d6b, idProduct=0002, bcdDevice= 6.12
[    1.413396] usb usb1: New USB device strings: Mfr=3, Product=2, SerialNumber=1
[    1.420168] usb usb1: Product: xHCI Host Controller
[    1.423965] usb usb1: Manufacturer: Linux 6.12.57 xhci-hcd
[    1.428233] usb usb1: SerialNumber: 0000:00:0d.0
[    1.432823] hub 1-0:1.0: USB hub found
[    1.436366] hub 1-0:1.0: 1 port detected
[    1.439969] usb usb2: New USB device found, idVendor=1d6b, idProduct=0003, bcdDevice= 6.12
[    1.446817] usb usb2: New USB device strings: Mfr=3, Product=2, SerialNumber=1
[    1.454499] usb usb2: Product: xHCI Host Controller
[    1.458948] usb usb2: Manufacturer: Linux 6.12.57 xhci-hcd
[    1.463454] usb usb2: SerialNumber: 0000:00:0d.0
[    1.468022] hub 2-0:1.0: USB hub found
[    1.472406] hub 2-0:1.0: 2 ports detected
[    1.477873] xhci_hcd 0000:00:14.0: xHCI Host Controller
[    1.481429] xhci_hcd 0000:00:14.0: new USB bus registered, assigned bus number 3
[    1.489669] xhci_hcd 0000:00:14.0: hcc params 0x20007fc1 hci version 0x120 quirks 0x0000100200009810
[    1.497957] xhci_hcd 0000:00:14.0: xHCI Host Controller
[    1.501928] xhci_hcd 0000:00:14.0: new USB bus registered, assigned bus number 4
[    1.509901] xhci_hcd 0000:00:14.0: Host supports USB 3.1 Enhanced SuperSpeed
[    1.519774] usb usb3: New USB device found, idVendor=1d6b, idProduct=0002, bcdDevice= 6.12
[    1.529616] usb usb3: New USB device strings: Mfr=3, Product=2, SerialNumber=1
[    1.539420] usb usb3: Product: xHCI Host Controller
[    1.544335] usb usb3: Manufacturer: Linux 6.12.57 xhci-hcd
[    1.549283] usb usb3: SerialNumber: 0000:00:14.0
[    1.554505] hub 3-0:1.0: USB hub found
[    1.559325] hub 3-0:1.0: 12 ports detected
[    1.565888] usb usb4: New USB device found, idVendor=1d6b, idProduct=0003, bcdDevice= 6.12
[    1.575561] usb usb4: New USB device strings: Mfr=3, Product=2, SerialNumber=1
[    1.585227] usb usb4: Product: xHCI Host Controller
[    1.590069] usb usb4: Manufacturer: Linux 6.12.57 xhci-hcd
[    1.594866] usb usb4: SerialNumber: 0000:00:14.0
[    1.599782] hub 4-0:1.0: USB hub found
[    1.604474] hub 4-0:1.0: 4 ports detected
[    1.712535] raid6: avx2x4   gen() 16489 MB/s
[    1.784531] raid6: avx2x2   gen() 23327 MB/s
[    1.820546] usb 3-3: new high-speed USB device number 2 using xhci_hcd
[    1.852530] raid6: avx2x1   gen() 18897 MB/s
[    1.856051] raid6: using algorithm avx2x2 gen() 23327 MB/s
[    1.924545] raid6: .... xor() 13375 MB/s, rmw enabled
[    1.929166] raid6: using avx2x2 recovery algorithm
[    1.935977] xor: automatically using best checksumming function   avx       
[    1.966973] usb 3-3: New USB device found, idVendor=32e6, idProduct=9005, bcdDevice= 0.01
[    1.976228] usb 3-3: New USB device strings: Mfr=1, Product=2, SerialNumber=0
[    1.985163] usb 3-3: Product: icspring camera
[    1.989007] usb 3-3: Manufacturer: icSpring
[    2.136483] usb 3-4: new full-speed USB device number 3 using xhci_hcd
[    2.155944] Btrfs loaded, zoned=yes, fsverity=yes
[    2.262691] PM: Image not found (code -22)
[    2.282083] usb 3-4: New USB device found, idVendor=222a, idProduct=0001, bcdDevice= 0.02
[    2.289630] usb 3-4: New USB device strings: Mfr=1, Product=2, SerialNumber=0
[    2.296964] usb 3-4: Product: ILITEK-2900
[    2.300454] usb 3-4: Manufacturer: ILITEK
[    2.321994] hid: raw HID events driver (C) Jiri Kosina
[    2.333763] BTRFS: device label root1 devid 1 transid 131638 /dev/nvme0n1p5 (259:3) scanned by mount (248)
[    2.341620] BTRFS info (device nvme0n1p5): first mount of filesystem cf1b7843-392f-413c-ab2f-fa8bfa5d90e7
[    2.348833] BTRFS info (device nvme0n1p5): using crc32c (crc32c-intel) checksum algorithm
[    2.357976] usbcore: registered new interface driver usbhid
[    2.361729] usbhid: USB HID core driver
[    2.366381] BTRFS info (device nvme0n1p5): enabling ssd optimizations
[    2.370654] BTRFS info (device nvme0n1p5): turning on async discard
[    2.375462] BTRFS info (device nvme0n1p5): enabling free space tree
[    2.376474] input: ILITEK ILITEK-2900 Touchscreen as /devices/pci0000:00/0000:00:14.0/usb3/3-4/3-4:1.0/0003:222A:0001.0001/input/input1
[    2.387599] input: ILITEK ILITEK-2900 Stylus as /devices/pci0000:00/0000:00:14.0/usb3/3-4/3-4:1.0/0003:222A:0001.0001/input/input2
[    2.395703] hid-generic 0003:222A:0001.0001: input,hiddev0,hidraw0: USB HID v1.10 Device [ILITEK ILITEK-2900] on usb-0000:00:14.0-4/input0
[    2.424696] usb 3-8: new full-speed USB device number 4 using xhci_hcd
[    2.480462] input: ILITEK ILITEK-2900 as /devices/pci0000:00/0000:00:14.0/usb3/3-4/3-4:1.0/0003:222A:0001.0001/input/input4
[    2.490164] input: ILITEK ILITEK-2900 Stylus as /devices/pci0000:00/0000:00:14.0/usb3/3-4/3-4:1.0/0003:222A:0001.0001/input/input5
[    2.500996] hid-multitouch 0003:222A:0001.0001: input,hiddev0,hidraw0: USB HID v1.10 Device [ILITEK ILITEK-2900] on usb-0000:00:14.0-4/input0
[    2.541174] Not activating Mandatory Access Control as /sbin/tomoyo-init does not exist.
[    2.581349] usb 3-8: New USB device found, idVendor=0bda, idProduct=b85b, bcdDevice= 0.00
[    2.589652] usb 3-8: New USB device strings: Mfr=1, Product=2, SerialNumber=3
[    2.599793] usb 3-8: Product: Bluetooth Radio
[    2.599795] usb 3-8: Manufacturer: Realtek
[    2.599796] usb 3-8: SerialNumber: 00e04c000001
[    2.844323] udevd[464]: starting version 3.2.14
[    2.897400] udevd[464]: GOTO 'alsa_restore_std' has no matching label in: '/usr/lib/udev/rules.d/90-alsa-restore.rules'
[    2.906695] udevd[464]: GOTO 'alsa_restore_std' has no matching label in: '/usr/lib/udev/rules.d/90-alsa-restore.rules'
[    2.921104] udevd[465]: starting eudev-3.2.14
[    2.979819] ACPI: AC: AC Adapter [ADP1] (on-line)
[    2.988798] resource: resource sanity check: requesting [mem 0x00000000fedc0000-0x00000000fedcffff], which spans more than pnp 00:02 [mem 0xfedc0000-0xfedc7fff]
[    3.002013] caller igen6_probe+0x15e/0x7c0 [igen6_edac] mapping multiple BARs
[    3.014013] EDAC MC0: Giving out device to module igen6_edac controller Intel_client_SoC MC#0: DEV 0000:00:00.0 (INTERRUPT)
[    3.024359] input: Intel HID events as /devices/platform/INTC1070:00/input/input7
[    3.031058] EDAC igen6 MC0: HANDLING IBECC MEMORY ERROR
[    3.033117] EDAC igen6 MC0: ADDR 0x7fffffffe0 
[    3.033306] intel-hid INTC1070:00: platform supports 5 button array
[    3.038382] EDAC igen6: v2.5.1
[    3.038462] input: Intel HID 5 button array as /devices/platform/INTC1070:00/input/input8
[    3.052211] input: Lid Switch as /devices/LNXSYSTM:00/LNXSYBUS:00/PNP0A08:00/device:06/PNP0C09:00/PNP0C0D:00/input/input9
[    3.061243] ACPI: button: Lid Switch [LID0]
[    3.065804] input: Power Button as /devices/LNXSYSTM:00/LNXSYBUS:00/PNP0C0C:00/input/input10
[    3.075202] ACPI: button: Power Button [PWRB]
[    3.079921] input: Sleep Button as /devices/LNXSYSTM:00/LNXSYBUS:00/PNP0C0E:00/input/input11
[    3.088778] ACPI: button: Sleep Button [SLPB]
[    3.098182] intel_pmc_core INT33A1:00:  initialized
[    3.141001] ACPI: bus type drm_connector registered
[    3.161357] mc: Linux media interface: v0.10
[    3.198273] mei_me 0000:00:16.0: enabling device (0000 -> 0002)
[    3.198709] bmc150_accel_i2c i2c-BOSC0200:00: supply vdd not found, using dummy regulator
[    3.216013] pstore: Using crash dump compression: deflate
[    3.222516] input: PC Speaker as /devices/platform/pcspkr/input/input12
[    3.232424] pstore: Registered efi_pstore as persistent store backend
[    3.248658] bmc150_accel_i2c i2c-BOSC0200:00: supply vddio not found, using dummy regulator
[    3.308246] videodev: Linux video capture interface: v2.00
[    3.367093] RAPL PMU: API unit is 2^-32 Joules, 4 fixed counters, 655360 ms ovfl timer
[    3.375873] RAPL PMU: hw unit of domain pp0-core 2^-14 Joules
[    3.380437] RAPL PMU: hw unit of domain package 2^-14 Joules
[    3.384807] RAPL PMU: hw unit of domain pp1-gpu 2^-14 Joules
[    3.389089] RAPL PMU: hw unit of domain psys 2^-14 Joules
[    3.395580] cfg80211: Loading compiled-in X.509 certificates for regulatory database
[    3.395833] Loaded X.509 cert 'benh@debian.org: 577e021cb980e0e820821ba7b54b4961b8b4fadf'
[    3.396059] Loaded X.509 cert 'romain.perier@gmail.com: 3abbc6ec146e09d1b6016ab9d6cf71dd233f0328'
[    3.396280] Loaded X.509 cert 'sforshee: 00b28ddf47aef9cea7'
[    3.396500] Loaded X.509 cert 'wens: 61c038651aabdcf94bd0ac7ff06c7248db18c600'
[    3.450986] Bluetooth: Core ver 2.22
[    3.452446] NET: Registered PF_BLUETOOTH protocol family
[    3.452534] Bluetooth: HCI device and connection manager initialized
[    3.452678] Bluetooth: HCI socket layer initialized
[    3.452690] Bluetooth: L2CAP socket layer initialized
[    3.452730] Bluetooth: SCO socket layer initialized
[    3.474360] cryptd: max_cpu_qlen set to 1000
[    3.512373] AES CTR mode by8 optimization enabled
[    3.551322] snd_hda_intel 0000:00:1f.3: enabling device (0000 -> 0002)
[    3.555604] usb 3-3: Found UVC 1.00 device icspring camera (32e6:9005)
[    3.570140] usbcore: registered new interface driver btusb
[    3.587236] Bluetooth: hci0: RTL: examining hci_ver=0b hci_rev=000b lmp_ver=0b lmp_subver=8852
[    3.596272] Bluetooth: hci0: RTL: rom_version status=0 version=1
[    3.600194] Bluetooth: hci0: RTL: loading rtl_bt/rtl8852bu_fw.bin
[    3.602176] usbcore: registered new interface driver uvcvideo
[    3.609370] Bluetooth: hci0: RTL: loading rtl_bt/rtl8852bu_config.bin
[    3.617246] Bluetooth: hci0: RTL: cfg_sz 6, total sz 54947
[    3.937400] Bluetooth: hci0: RTL: fw version 0x0474842d
[    4.110481] rtw89_8852be 0000:02:00.0: loaded firmware rtw89/rtw8852b_fw-1.bin
[    4.118212] rtw89_8852be 0000:02:00.0: enabling device (0000 -> 0003)
[    4.129590] rtw89_8852be 0000:02:00.0: Firmware version 0.29.29.8 (39dbf50f), cmd version 0, type 5
[    4.137188] rtw89_8852be 0000:02:00.0: Firmware version 0.29.29.8 (39dbf50f), cmd version 0, type 3
[    4.146684] i915 0000:00:02.0: [drm] Found ALDERLAKE_P/ADL-N (device ID 46d1) display version 13.00 stepping D0
[    4.155997] i915 0000:00:02.0: [drm:intel_gt_common_init_early [i915]] WOPCM: 2048K
[    4.156199] i915 0000:00:02.0: [drm:intel_uc_init_early [i915]] GT0: enable_guc=3 (guc:yes submission:yes huc:yes slpc:yes)
[    4.156410] i915 0000:00:02.0: [drm:intel_pch_type [i915]] Found Alder Lake PCH
[    4.156607] i915 0000:00:02.0: [drm:intel_gt_probe_all [i915]] GT0: Setting up Primary GT
[    4.156776] i915 0000:00:02.0: [drm:intel_uncore_init_mmio [i915]] unclaimed mmio detected on uncore init, clearing
[    4.156949] i915 0000:00:02.0: [drm:intel_display_device_info_runtime_init [i915]] rawclk rate: 19200 kHz
[    4.157330] i915 0000:00:02.0: [drm:intel_engines_init_mmio [i915]] GT0: vcs2 fused off
[    4.157606] i915 0000:00:02.0: [drm:intel_engines_init_mmio [i915]] GT0: vdbox enable: 0001, instances: 0001
[    4.157791] i915 0000:00:02.0: [drm:intel_engines_init_mmio [i915]] GT0: vebox enable: 0001, instances: 0001
[    4.158259] i915 0000:00:02.0: [drm:i915_ggtt_probe_hw [i915]] GGTT size = 4096M
[    4.158455] i915 0000:00:02.0: [drm:i915_ggtt_probe_hw [i915]] GMADR size = 256M
[    4.158634] i915 0000:00:02.0: [drm:i915_ggtt_probe_hw [i915]] DSM size = 60M
[    4.158810] i915 0000:00:02.0: [drm] VT-d active for gfx access
[    4.163448] Console: switching to colour dummy device 80x25
[    4.163532] i915 0000:00:02.0: vgaarb: deactivate vga console
[    4.163604] i915 0000:00:02.0: [drm] Using Transparent Hugepages
[    4.163613] i915 0000:00:02.0: [drm:i915_gem_init_stolen [i915]] GEN6_STOLEN_RESERVED = 0x0000000080200087
[    4.163812] i915 0000:00:02.0: [drm:i915_gem_init_stolen [i915]] Memory reserved for graphics device: 61440K, usable: 59392K
[    4.163986] i915 0000:00:02.0: [drm:intel_memory_regions_hw_probe [i915]] Memory region(0): system: 11639 MiB [mem 0x00000000-0x2d7787fff], io: n/a
[    4.164132] i915 0000:00:02.0: [drm:intel_memory_regions_hw_probe [i915]] Memory region(5): stolen-system: 58 MiB [mem 0x7c800000-0x801fffff], io: n/a
[    4.164325] i915 0000:00:02.0: [drm:intel_opregion_setup [i915]] graphic opregion physical addr: 0x734a3018
[    4.164544] i915 0000:00:02.0: [drm:intel_opregion_setup [i915]] ACPI OpRegion version 2.1.0
[    4.164728] i915 0000:00:02.0: [drm:intel_opregion_setup [i915]] Public ACPI methods supported
[    4.164894] i915 0000:00:02.0: [drm:intel_opregion_setup [i915]] ASLE supported
[    4.165054] i915 0000:00:02.0: [drm:intel_opregion_setup [i915]] ASLE extension supported
[    4.165248] i915 0000:00:02.0: [drm:intel_opregion_setup [i915]] Found valid VBT in ACPI OpRegion (RVDA)
[    4.165415] i915 0000:00:02.0: [drm:intel_dram_detect [i915]] Num qgv points 4
[    4.165557] i915 0000:00:02.0: [drm:intel_dram_detect [i915]] DRAM channels: 2
[    4.165689] i915 0000:00:02.0: [drm:i915_driver_probe [i915]] Watermark level 0 adjustment needed: no
[    4.165824] i915 0000:00:02.0: [drm:icl_get_qgv_points.constprop.0 [i915]] QGV 0: DCLK=2401 tRP=24 tRDPRE=20 tRAS=52 tRCD=24 tRC=76
[    4.166038] i915 0000:00:02.0: [drm:icl_get_qgv_points.constprop.0 [i915]] QGV 1: DCLK=4001 tRP=36 tRDPRE=24 tRAS=84 tRCD=36 tRC=120
[    4.166244] i915 0000:00:02.0: [drm:icl_get_qgv_points.constprop.0 [i915]] QGV 2: DCLK=4401 tRP=40 tRDPRE=28 tRAS=96 tRCD=40 tRC=136
[    4.166440] i915 0000:00:02.0: [drm:icl_get_qgv_points.constprop.0 [i915]] QGV 3: DCLK=4801 tRP=44 tRDPRE=28 tRAS=104 tRCD=44 tRC=148
[    4.166640] i915 0000:00:02.0: [drm:icl_get_qgv_points.constprop.0 [i915]] PSF GV 0: CLK=32 
[    4.166827] i915 0000:00:02.0: [drm:icl_get_qgv_points.constprop.0 [i915]] PSF GV 1: CLK=38 
[    4.167010] i915 0000:00:02.0: [drm:icl_get_qgv_points.constprop.0 [i915]] PSF GV 2: CLK=48 
[    4.167191] i915 0000:00:02.0: [drm:tgl_get_bw_info.isra.0 [i915]] BW0 / QGV 0: num_planes=0 deratedbw=8478 peakbw: 19208
[    4.167371] i915 0000:00:02.0: [drm:tgl_get_bw_info.isra.0 [i915]] BW0 / QGV 1: num_planes=0 deratedbw=11380 peakbw: 32008
[    4.167559] i915 0000:00:02.0: [drm:tgl_get_bw_info.isra.0 [i915]] BW0 / QGV 2: num_planes=0 deratedbw=11556 peakbw: 35208
[    4.167743] i915 0000:00:02.0: [drm:tgl_get_bw_info.isra.0 [i915]] BW0 / QGV 3: num_planes=0 deratedbw=11991 peakbw: 38408
[    4.167924] i915 0000:00:02.0: [drm:tgl_get_bw_info.isra.0 [i915]] BW0 / PSF GV 0: num_planes=0 bw=34133
[    4.168106] i915 0000:00:02.0: [drm:tgl_get_bw_info.isra.0 [i915]] BW0 / PSF GV 1: num_planes=0 bw=40533
[    4.168284] i915 0000:00:02.0: [drm:tgl_get_bw_info.isra.0 [i915]] BW0 / PSF GV 2: num_planes=0 bw=51200
[    4.168461] i915 0000:00:02.0: [drm:tgl_get_bw_info.isra.0 [i915]] BW1 / QGV 0: num_planes=4 deratedbw=10928 peakbw: 19208
[    4.168663] i915 0000:00:02.0: [drm:tgl_get_bw_info.isra.0 [i915]] BW1 / QGV 1: num_planes=4 deratedbw=15758 peakbw: 32008
[    4.168857] i915 0000:00:02.0: [drm:tgl_get_bw_info.isra.0 [i915]] BW1 / QGV 2: num_planes=4 deratedbw=16388 peakbw: 35208
[    4.169039] i915 0000:00:02.0: [drm:tgl_get_bw_info.isra.0 [i915]] BW1 / QGV 3: num_planes=4 deratedbw=17250 peakbw: 38408
[    4.169222] i915 0000:00:02.0: [drm:tgl_get_bw_info.isra.0 [i915]] BW1 / PSF GV 0: num_planes=4 bw=34133
[    4.169389] i915 0000:00:02.0: [drm:tgl_get_bw_info.isra.0 [i915]] BW1 / PSF GV 1: num_planes=4 bw=40533
[    4.169567] i915 0000:00:02.0: [drm:tgl_get_bw_info.isra.0 [i915]] BW1 / PSF GV 2: num_planes=4 bw=51200
[    4.169754] i915 0000:00:02.0: [drm:tgl_get_bw_info.isra.0 [i915]] BW2 / QGV 0: num_planes=0 deratedbw=12772 peakbw: 19208
[    4.169924] i915 0000:00:02.0: [drm:tgl_get_bw_info.isra.0 [i915]] BW2 / QGV 1: num_planes=0 deratedbw=19510 peakbw: 32008
[    4.170095] i915 0000:00:02.0: [drm:tgl_get_bw_info.isra.0 [i915]] BW2 / QGV 2: num_planes=0 deratedbw=20720 peakbw: 35208
[    4.170265] i915 0000:00:02.0: [drm:tgl_get_bw_info.isra.0 [i915]] BW2 / QGV 3: num_planes=0 deratedbw=22096 peakbw: 38408
[    4.170434] i915 0000:00:02.0: [drm:tgl_get_bw_info.isra.0 [i915]] BW2 / PSF GV 0: num_planes=0 bw=34133
[    4.170604] i915 0000:00:02.0: [drm:tgl_get_bw_info.isra.0 [i915]] BW2 / PSF GV 1: num_planes=0 bw=40533
[    4.170772] i915 0000:00:02.0: [drm:tgl_get_bw_info.isra.0 [i915]] BW2 / PSF GV 2: num_planes=0 bw=51200
[    4.170941] i915 0000:00:02.0: [drm:tgl_get_bw_info.isra.0 [i915]] BW3 / QGV 0: num_planes=0 deratedbw=13950 peakbw: 19208
[    4.171109] i915 0000:00:02.0: [drm:tgl_get_bw_info.isra.0 [i915]] BW3 / QGV 1: num_planes=0 deratedbw=22146 peakbw: 32008
[    4.171277] i915 0000:00:02.0: [drm:tgl_get_bw_info.isra.0 [i915]] BW3 / QGV 2: num_planes=0 deratedbw=23044 peakbw: 35208
[    4.171444] i915 0000:00:02.0: [drm:tgl_get_bw_info.isra.0 [i915]] BW3 / QGV 3: num_planes=0 deratedbw=23044 peakbw: 38408
[    4.171611] i915 0000:00:02.0: [drm:tgl_get_bw_info.isra.0 [i915]] BW3 / PSF GV 0: num_planes=0 bw=34133
[    4.171778] i915 0000:00:02.0: [drm:tgl_get_bw_info.isra.0 [i915]] BW3 / PSF GV 1: num_planes=0 bw=40533
[    4.171948] i915 0000:00:02.0: [drm:tgl_get_bw_info.isra.0 [i915]] BW3 / PSF GV 2: num_planes=0 bw=51200
[    4.172120] i915 0000:00:02.0: [drm:tgl_get_bw_info.isra.0 [i915]] BW4 / QGV 0: num_planes=0 deratedbw=14624 peakbw: 19208
[    4.172287] i915 0000:00:02.0: [drm:tgl_get_bw_info.isra.0 [i915]] BW4 / QGV 1: num_planes=0 deratedbw=23044 peakbw: 32008
[    4.172454] i915 0000:00:02.0: [drm:tgl_get_bw_info.isra.0 [i915]] BW4 / QGV 2: num_planes=0 deratedbw=23044 peakbw: 35208
[    4.172631] i915 0000:00:02.0: [drm:tgl_get_bw_info.isra.0 [i915]] BW4 / QGV 3: num_planes=0 deratedbw=23044 peakbw: 38408
[    4.172798] i915 0000:00:02.0: [drm:tgl_get_bw_info.isra.0 [i915]] BW4 / PSF GV 0: num_planes=0 bw=34133
[    4.172958] i915 0000:00:02.0: [drm:tgl_get_bw_info.isra.0 [i915]] BW4 / PSF GV 1: num_planes=0 bw=40533
[    4.173125] i915 0000:00:02.0: [drm:tgl_get_bw_info.isra.0 [i915]] BW4 / PSF GV 2: num_planes=0 bw=51200
[    4.173297] i915 0000:00:02.0: [drm:tgl_get_bw_info.isra.0 [i915]] BW5 / QGV 0: num_planes=0 deratedbw=14986 peakbw: 19208
[    4.173465] i915 0000:00:02.0: [drm:tgl_get_bw_info.isra.0 [i915]] BW5 / QGV 1: num_planes=0 deratedbw=23044 peakbw: 32008
[    4.173643] i915 0000:00:02.0: [drm:tgl_get_bw_info.isra.0 [i915]] BW5 / QGV 2: num_planes=0 deratedbw=23044 peakbw: 35208
[    4.173828] i915 0000:00:02.0: [drm:tgl_get_bw_info.isra.0 [i915]] BW5 / QGV 3: num_planes=0 deratedbw=23044 peakbw: 38408
[    4.174011] i915 0000:00:02.0: [drm:tgl_get_bw_info.isra.0 [i915]] BW5 / PSF GV 0: num_planes=0 bw=34133
[    4.174185] i915 0000:00:02.0: [drm:tgl_get_bw_info.isra.0 [i915]] BW5 / PSF GV 1: num_planes=0 bw=40533
[    4.174372] i915 0000:00:02.0: [drm:tgl_get_bw_info.isra.0 [i915]] BW5 / PSF GV 2: num_planes=0 bw=51200
[    4.174925] i915 0000:00:02.0: [drm:intel_bios_init [i915]] Set default to SSC at 120000 kHz
[    4.175136] i915 0000:00:02.0: [drm:intel_bios_init [i915]] VBT signature "$VBT ALDERLAKE-P    ", BDB version 249
[    4.175314] i915 0000:00:02.0: [drm:intel_bios_init [i915]] Found BDB block 1 (size 6, min size 7)
[    4.175488] i915 0000:00:02.0: [drm:intel_bios_init [i915]] Found BDB block 2 (size 395, min size 5)
[    4.175662] i915 0000:00:02.0: [drm:intel_bios_init [i915]] Found BDB block 9 (size 100, min size 100)
[    4.175835] i915 0000:00:02.0: [drm:intel_bios_init [i915]] Found BDB block 12 (size 19, min size 19)
[    4.176008] i915 0000:00:02.0: [drm:intel_bios_init [i915]] Found BDB block 27 (size 812, min size 848)
[    4.176180] i915 0000:00:02.0: [drm:intel_bios_init [i915]] Found BDB block 40 (size 34, min size 34)
[    4.176352] i915 0000:00:02.0: [drm:intel_bios_init [i915]] Generating LFP data table pointers
[    4.176522] i915 0000:00:02.0: [drm:intel_bios_init [i915]] Found BDB block 41 (size 148, min size 148)
[    4.176704] i915 0000:00:02.0: [drm:intel_bios_init [i915]] Found BDB block 42 (size 1366, min size 1366)
[    4.176874] i915 0000:00:02.0: [drm:intel_bios_init [i915]] Found BDB block 43 (size 305, min size 305)
[    4.177044] i915 0000:00:02.0: [drm:intel_bios_init [i915]] Found BDB block 44 (size 78, min size 136)
[    4.177205] i915 0000:00:02.0: [drm:intel_bios_init [i915]] Found BDB block 52 (size 822, min size 822)
[    4.177367] i915 0000:00:02.0: [drm:intel_bios_init [i915]] Found BDB block 53 (size 2001, min size 1)
[    4.177528] i915 0000:00:02.0: [drm:intel_bios_init [i915]] Found BDB block 56 (size 210, min size 210)
[    4.177689] i915 0000:00:02.0: [drm:intel_bios_init [i915]] Found BDB block 58 (size 674, min size 2)
[    4.177850] i915 0000:00:02.0: [drm:intel_bios_init [i915]] BDB_GENERAL_FEATURES int_tv_support 0 int_crt_support 0 lvds_use_ssc 0 lvds_ssc_freq 120000 display_clock_mode 1 fdi_rx_polarity_inverted 0
[    4.178011] i915 0000:00:02.0: [drm:intel_bios_init [i915]] crt_ddc_bus_pin: 2
[    4.178171] i915 0000:00:02.0: [drm:intel_bios_init [i915]] Found VBT child device with type 0x1400
[    4.178330] i915 0000:00:02.0: [drm:intel_bios_init [i915]] Found VBT child device with type 0x60d2
[    4.178488] i915 0000:00:02.0: [drm:intel_bios_init [i915]] Found VBT child device with type 0x68c6
[    4.178647] i915 0000:00:02.0: [drm:intel_bios_init [i915]] Skipping SDVO device mapping
[    4.178806] i915 0000:00:02.0: [drm:intel_bios_init [i915]] Port A VBT info: CRT:0 DVI:0 HDMI:0 DP:0 eDP:0 DSI:1 DP++:0 LSPCON:0 USB-Type-C:0 TBT:0 DSC:0
[    4.178966] i915 0000:00:02.0: [drm:intel_bios_init [i915]] Port A VBT HDMI level shift: 0
[    4.179125] i915 0000:00:02.0: [drm:intel_bios_init [i915]] Port B VBT info: CRT:0 DVI:1 HDMI:1 DP:0 eDP:0 DSI:0 DP++:0 LSPCON:0 USB-Type-C:0 TBT:0 DSC:0
[    4.179284] i915 0000:00:02.0: [drm:intel_bios_init [i915]] Port B VBT HDMI level shift: 0
[    4.179441] i915 0000:00:02.0: [drm:intel_bios_init [i915]] Port B VBT HDMI max TMDS clock: 594000 kHz
[    4.179599] i915 0000:00:02.0: [drm:intel_bios_init [i915]] Port E VBT info: CRT:0 DVI:0 HDMI:0 DP:1 eDP:0 DSI:0 DP++:0 LSPCON:0 USB-Type-C:1 TBT:1 DSC:0
[    4.179758] i915 0000:00:02.0: [drm:intel_bios_init [i915]] Port E VBT HDMI level shift: 0
[    4.179917] i915 0000:00:02.0: [drm:intel_power_domains_init [i915]] Allowed DC state mask 4000000a
[    4.180119] i915 0000:00:02.0: [drm:gen9_set_dc_state.part.0 [i915]] Setting DC state from 00 to 00
[    4.180337] i915 0000:00:02.0: [drm:check_phy_reg [i915]] Combo PHY A reg 001628a0 state mismatch: current 9003517c mask e0000000 expected a0000000
[    4.180540] i915 0000:00:02.0: [drm:icl_combo_phys_init [i915]] Initializing combo PHY A (Voltage/Process Info : 0.85V dot0 (low-voltage))
[    4.180750] i915 0000:00:02.0: [drm:intel_power_well_enable [i915]] enabling PW_1
[    4.180926] i915 0000:00:02.0: [drm:intel_cdclk_init_hw [i915]] Current CDCLK 179200 kHz, VCO 537600 kHz, ref 38400 kHz, bypass 19200 kHz, voltage level 0
[    4.181091] i915 0000:00:02.0: [drm:gen9_dbuf_slices_update [i915]] Updating dbuf slices to 0xf
[    4.181310] i915 0000:00:02.0: [drm:intel_power_well_enable [i915]] enabling always-on
[    4.181476] i915 0000:00:02.0: [drm:intel_power_well_enable [i915]] enabling DC_off
[    4.181640] i915 0000:00:02.0: [drm:gen9_set_dc_state.part.0 [i915]] Setting DC state from 00 to 00
[    4.181851] i915 0000:00:02.0: [drm:intel_power_well_enable [i915]] enabling PW_2
[    4.182015] i915 0000:00:02.0: vgaarb: VGA decodes changed: olddecodes=io+mem,decodes=io+mem:owns=io+mem
[    4.182024] i915 0000:00:02.0: [drm:intel_power_well_enable [i915]] enabling PW_A
[    4.182183] i915 0000:00:02.0: [drm:intel_power_well_enable [i915]] enabling PW_B
[    4.182341] i915 0000:00:02.0: [drm:intel_power_well_enable [i915]] enabling PW_C
[    4.182498] i915 0000:00:02.0: [drm:intel_power_well_enable [i915]] enabling PW_D
[    4.182681] i915 0000:00:02.0: [drm:intel_dmc_init [i915]] Loading i915/adlp_dmc.bin
[    4.182940] i915 0000:00:02.0: [drm:intel_bw_init [i915]] Forcing SAGV disable: mask 0x307
[    4.183236] i915 0000:00:02.0: [drm:intel_fbc_init [i915]] Sanitized enable_fbc value: 1
[    4.183625] i915 0000:00:02.0: [drm:skl_wm_init [i915]] SAGV supported: yes, original SAGV block time: 35 us
[    4.183827] i915 0000:00:02.0: [drm:intel_print_wm_latency [i915]] Gen9 Plane WM0 latency 3 (3.0 usec)
[    4.184012] i915 0000:00:02.0: [drm:intel_print_wm_latency [i915]] Gen9 Plane WM1 latency 54 (54.0 usec)
[    4.184190] i915 0000:00:02.0: [drm:intel_print_wm_latency [i915]] Gen9 Plane WM2 latency 83 (83.0 usec)
[    4.184364] i915 0000:00:02.0: [drm:intel_print_wm_latency [i915]] Gen9 Plane WM3 latency 102 (102.0 usec)
[    4.184547] i915 0000:00:02.0: [drm:intel_print_wm_latency [i915]] Gen9 Plane WM4 latency 147 (147.0 usec)
[    4.184708] i915 0000:00:02.0: [drm:intel_print_wm_latency [i915]] Gen9 Plane WM5 latency 147 (147.0 usec)
[    4.185188] i915 0000:00:02.0: [drm:intel_display_driver_probe_nogem [i915]] 3 display pipes available.
[    4.185663] i915 0000:00:02.0: [drm:intel_cdclk_dump_config [i915]] Current CDCLK 179200 kHz, VCO 537600 kHz, ref 38400 kHz, bypass 19200 kHz, voltage level 0
[    4.185870] i915 0000:00:02.0: [drm:intel_update_max_cdclk [i915]] Max CD clock rate: 652800 kHz
[    4.186057] i915 0000:00:02.0: [drm:intel_display_driver_probe_nogem [i915]] Max dotclock rate: 1305600 kHz
[    4.186332] i915 0000:00:02.0: [drm:dmc_load_work_fn [i915]] DMC 0:
[    4.186516] i915 0000:00:02.0: [drm:dmc_load_work_fn [i915]]  mmio[0]: 0x8f074 = 0x86fc0
[    4.186690] i915 0000:00:02.0: [drm:dmc_load_work_fn [i915]]  mmio[1]: 0x8f034 = 0xc003b400 (EVT_CTL)
[    4.186859] i915 0000:00:02.0: [drm:dmc_load_work_fn [i915]]  mmio[2]: 0x8f004 = 0x1240108 (EVT_HTP)
[    4.187024] i915 0000:00:02.0: [drm:dmc_load_work_fn [i915]]  mmio[3]: 0x8f038 = 0xc003b200 (EVT_CTL)
[    4.187186] i915 0000:00:02.0: [drm:dmc_load_work_fn [i915]]  mmio[4]: 0x8f008 = 0x512050d4 (EVT_HTP)
[    4.187347] i915 0000:00:02.0: [drm:dmc_load_work_fn [i915]]  mmio[5]: 0x8f03c = 0xc003b300 (EVT_CTL)
[    4.187507] i915 0000:00:02.0: [drm:dmc_load_work_fn [i915]]  mmio[6]: 0x8f00c = 0x584c57fc (EVT_HTP)
[    4.187673] i915 0000:00:02.0: [drm:dmc_load_work_fn [i915]] DMC 1:
[    4.187836] i915 0000:00:02.0: [drm:dmc_load_work_fn [i915]]  mmio[0]: 0x5f074 = 0x96fc0
[    4.187996] i915 0000:00:02.0: [drm:dmc_load_work_fn [i915]]  mmio[1]: 0x5f034 = 0xc003df00 (EVT_CTL) (disabling)
[    4.188155] i915 0000:00:02.0: [drm:dmc_load_work_fn [i915]]  mmio[2]: 0x5f004 = 0x214c2114 (EVT_HTP)
[    4.188314] i915 0000:00:02.0: [drm:dmc_load_work_fn [i915]]  mmio[3]: 0x5f038 = 0xc003e000 (EVT_CTL) (disabling)
[    4.188471] i915 0000:00:02.0: [drm:dmc_load_work_fn [i915]]  mmio[4]: 0x5f008 = 0x22402208 (EVT_HTP)
[    4.188562] [drm] cmdline forces connector DSI-1 panel_orientation to 3
[    4.188567] [drm:__drm_connector_init [drm]] cmdline mode for connector DSI-1  0x0@60Hz
[    4.188624] i915 0000:00:02.0: [drm:intel_bios_init_panel [i915]] Panel type (VBT): 0
[    4.188666] i915 0000:00:02.0: [drm:dmc_load_work_fn [i915]]  mmio[5]: 0x5f03c = 0xc0032c00 (EVT_CTL) (disabling)
[    4.188845] i915 0000:00:02.0: [drm:dmc_load_work_fn [i915]]  mmio[6]: 0x5f00c = 0x241422fc (EVT_HTP)
[    4.188862] i915 0000:00:02.0: [drm:intel_bios_init_panel [i915]] Panel type (fallback): 0
[    4.189026] i915 0000:00:02.0: [drm:dmc_load_work_fn [i915]]  mmio[7]: 0x5f040 = 0xc0033100 (EVT_CTL) (disabling)
[    4.189064] i915 0000:00:02.0: [drm:intel_bios_init_panel [i915]] Selected panel type (VBT): 0
[    4.189203] i915 0000:00:02.0: [drm:dmc_load_work_fn [i915]]  mmio[8]: 0x5f010 = 0x26f826cc (EVT_HTP)
[    4.189250] i915 0000:00:02.0: [drm:intel_bios_init_panel [i915]] DRRS supported mode is seamless
[    4.189400] i915 0000:00:02.0: [drm:dmc_load_work_fn [i915]] DMC 2:
[    4.189432] i915 0000:00:02.0: [drm:intel_bios_init_panel [i915]] Found panel mode in BIOS VBT generic dtd table: "800x1280": 61 67420 800 820 830 842 1280 1297 1301 1322 0x8 0x5
[    4.189575] i915 0000:00:02.0: [drm:dmc_load_work_fn [i915]]  mmio[0]: 0x5f474 = 0x9efc0
[    4.189612] i915 0000:00:02.0: [drm:intel_bios_init_panel [i915]] Panel manufacturer name: MS_, product code: 1, serial number: 1, year of manufacture: 2002
[    4.189749] i915 0000:00:02.0: [drm:dmc_load_work_fn [i915]]  mmio[1]: 0x5f434 = 0xc003df00 (EVT_CTL) (disabling)
[    4.189787] i915 0000:00:02.0: [drm:intel_bios_init_panel [i915]] Panel name: LFP_PanelName
[    4.189927] i915 0000:00:02.0: [drm:dmc_load_work_fn [i915]]  mmio[2]: 0x5f404 = 0xa968a930 (EVT_HTP)
[    4.189967] i915 0000:00:02.0: [drm:intel_bios_init_panel [i915]] Seamless DRRS min refresh rate: 0 Hz
[    4.190108] i915 0000:00:02.0: [drm:dmc_load_work_fn [i915]]  mmio[3]: 0x5f438 = 0xc003e000 (EVT_CTL) (disabling)
[    4.190146] i915 0000:00:02.0: [drm:intel_bios_init_panel [i915]] VBT backlight PWM modulation frequency 200 Hz, active high, min brightness 20, level 255, controller 0
[    4.190288] i915 0000:00:02.0: [drm:dmc_load_work_fn [i915]]  mmio[4]: 0x5f408 = 0xaa5caa24 (EVT_HTP)
[    4.190326] i915 0000:00:02.0: [drm:intel_bios_init_panel [i915]] Found MIPI Config block, panel index = 0
[    4.190467] i915 0000:00:02.0: [drm:dmc_load_work_fn [i915]]  mmio[5]: 0x5f43c = 0xc0032c00 (EVT_CTL) (disabling)
[    4.190504] i915 0000:00:02.0: [drm:intel_bios_init_panel [i915]] Found MIPI sequence block v3
[    4.190647] i915 0000:00:02.0: [drm:dmc_load_work_fn [i915]]  mmio[6]: 0x5f40c = 0xac30ab18 (EVT_HTP)
[    4.190683] i915 0000:00:02.0: [drm:icl_dsi_init [i915]] MIPI related VBT parsing complete
[    4.190823] i915 0000:00:02.0: [drm:dmc_load_work_fn [i915]]  mmio[7]: 0x5f440 = 0xc0033100 (EVT_CTL) (disabling)
[    4.190886] i915 0000:00:02.0: [drm:intel_panel_add_fixed_mode [i915]] [CONNECTOR:189:DSI-1] using VBT LFP fixed mode: "800x1280": 61 67420 800 820 830 842 1280 1297 1301 1322 0x48 0x5
[    4.190992] i915 0000:00:02.0: [drm:dmc_load_work_fn [i915]]  mmio[8]: 0x5f410 = 0xaf14aee8 (EVT_HTP)
[    4.191076] i915 0000:00:02.0: [drm:intel_panel_init [i915]] [CONNECTOR:189:DSI-1] DRRS type: none
[    4.191167] i915 0000:00:02.0: [drm:dmc_load_work_fn [i915]] DMC 3:
[    4.191267] i915 0000:00:02.0: [drm:cnp_setup_backlight [i915]] [CONNECTOR:189:DSI-1] Using native PCH PWM for backlight control (controller=0)
[    4.191337] i915 0000:00:02.0: [drm:dmc_load_work_fn [i915]]  mmio[0]: 0x5f874 = 0x53fc0
[    4.191467] i915 0000:00:02.0: [drm:intel_backlight_setup [i915]] [CONNECTOR:189:DSI-1] backlight initialized, enabled, brightness 96000/96000
[    4.191506] i915 0000:00:02.0: [drm:dmc_load_work_fn [i915]]  mmio[1]: 0x5f83c = 0xc0032c00 (EVT_CTL) (disabling)
[    4.191650] i915 0000:00:02.0: [drm:intel_dsi_vbt_init [i915]] 
[    4.191675] i915 0000:00:02.0: [drm:dmc_load_work_fn [i915]]  mmio[2]: 0x5f80c = 0x25202408 (EVT_HTP)
[    4.191826] i915 0000:00:02.0: [drm:intel_dsi_log_params [i915]] Pclk 67420
[    4.191844] i915 0000:00:02.0: [drm:dmc_load_work_fn [i915]]  mmio[3]: 0x5f840 = 0xc0033100 (EVT_CTL) (disabling)
[    4.191994] i915 0000:00:02.0: [drm:intel_dsi_log_params [i915]] Pixel overlap 0
[    4.192014] i915 0000:00:02.0: [drm:dmc_load_work_fn [i915]]  mmio[4]: 0x5f810 = 0x280427d8 (EVT_HTP)
[    4.192157] i915 0000:00:02.0: [drm:intel_dsi_log_params [i915]] Lane count 4
[    4.192185] i915 0000:00:02.0: [drm:dmc_load_work_fn [i915]] DMC 4:
[    4.192318] i915 0000:00:02.0: [drm:intel_dsi_log_params [i915]] DPHY param reg 0xc8690082
[    4.192353] i915 0000:00:02.0: [drm:dmc_load_work_fn [i915]]  mmio[0]: 0x5fc74 = 0x5afc0
[    4.192477] i915 0000:00:02.0: [drm:intel_dsi_log_params [i915]] Video mode format non-burst with sync events
[    4.192522] i915 0000:00:02.0: [drm:dmc_load_work_fn [i915]]  mmio[1]: 0x5fc3c = 0xc0032c00 (EVT_CTL) (disabling)
[    4.192641] i915 0000:00:02.0: [drm:intel_dsi_log_params [i915]] Burst mode ratio 100
[    4.192696] i915 0000:00:02.0: [drm:dmc_load_work_fn [i915]]  mmio[2]: 0x5fc0c = 0x95209408 (EVT_HTP)
[    4.192798] i915 0000:00:02.0: [drm:intel_dsi_log_params [i915]] Reset timer 255
[    4.192865] i915 0000:00:02.0: [drm:dmc_load_work_fn [i915]]  mmio[3]: 0x5fc40 = 0xc0033100 (EVT_CTL) (disabling)
[    4.192954] i915 0000:00:02.0: [drm:intel_dsi_log_params [i915]] Eot enabled
[    4.193034] i915 0000:00:02.0: [drm:dmc_load_work_fn [i915]]  mmio[4]: 0x5fc10 = 0x980497d8 (EVT_HTP)
[    4.193109] i915 0000:00:02.0: [drm:intel_dsi_log_params [i915]] Clockstop enabled
[    4.193264] i915 0000:00:02.0: [drm:intel_dsi_log_params [i915]] Mode video
[    4.193413] i915 0000:00:02.0: [drm:intel_dsi_log_params [i915]] Dual link: NONE
[    4.193560] i915 0000:00:02.0: [drm:intel_dsi_log_params [i915]] Pixel Format 0
[    4.193708] i915 0000:00:02.0: [drm:intel_dsi_log_params [i915]] TLPX 0
[    4.193855] i915 0000:00:02.0: [drm:intel_dsi_log_params [i915]] LP RX Timeout 0xffff
[    4.194002] i915 0000:00:02.0: [drm:intel_dsi_log_params [i915]] Turnaround Timeout 0x17
[    4.194149] i915 0000:00:02.0: [drm:intel_dsi_log_params [i915]] Init Count 0x7d0
[    4.194295] i915 0000:00:02.0: [drm:intel_dsi_log_params [i915]] HS to LP Count 0x0
[    4.194440] i915 0000:00:02.0: [drm:intel_dsi_log_params [i915]] LP Byte Clock 0
[    4.194586] i915 0000:00:02.0: [drm:intel_dsi_log_params [i915]] DBI BW Timer 0x0
[    4.194732] i915 0000:00:02.0: [drm:intel_dsi_log_params [i915]] LP to HS Clock Count 0x0
[    4.194876] i915 0000:00:02.0: [drm:intel_dsi_log_params [i915]] HS to LP Clock Count 0x0
[    4.195020] i915 0000:00:02.0: [drm:icl_dsi_init [i915]] BTA enabled
[    4.195206] i915 0000:00:02.0: [drm:intel_hdmi_init_connector [i915]] Adding HDMI connector on [ENCODER:192:DDI B/PHY B]
[    4.195363] i915 0000:00:02.0: [drm:intel_hdmi_init_connector [i915]] [ENCODER:192:DDI B/PHY B] Using DDC pin 0x2 (VBT)
[    4.195541] i915 0000:00:02.0: [drm:intel_dp_aux_ch [i915]] [ENCODER:202:DDI TC2/PHY TC2] Using AUX CH USBC2 (VBT)
[    4.195720] i915 0000:00:02.0: [drm:tc_phy_get_current_mode [i915]] Port E/TC#2: PHY mode: tbt-alt (ready: yes, owned: no, HPD: disconnected)
[    4.195926] i915 0000:00:02.0: [drm:intel_dp_init_connector [i915]] Adding DP connector on [ENCODER:202:DDI TC2/PHY TC2]
[    4.196213] i915 0000:00:02.0: [drm] Finished loading DMC firmware i915/adlp_dmc.bin (v2.20)
[    4.196155] i915 0000:00:02.0: [drm:intel_modeset_setup_hw_state [i915]] [CRTC:82:pipe A] hw state readout: enabled
[    4.196363] i915 0000:00:02.0: [drm:intel_modeset_setup_hw_state [i915]] [CRTC:134:pipe B] hw state readout: disabled
[    4.196565] i915 0000:00:02.0: [drm:intel_modeset_setup_hw_state [i915]] [CRTC:186:pipe C] hw state readout: disabled
[    4.196741] i915 0000:00:02.0: [drm:intel_modeset_setup_hw_state [i915]] [PLANE:32:plane 1A] hw state readout: enabled, pipe A
[    4.196912] i915 0000:00:02.0: [drm:intel_modeset_setup_hw_state [i915]] [PLANE:41:plane 2A] hw state readout: disabled, pipe A
[    4.197071] i915 0000:00:02.0: [drm:intel_modeset_setup_hw_state [i915]] [PLANE:50:plane 3A] hw state readout: disabled, pipe A
[    4.197237] i915 0000:00:02.0: [drm:intel_modeset_setup_hw_state [i915]] [PLANE:59:plane 4A] hw state readout: disabled, pipe A
[    4.197403] i915 0000:00:02.0: [drm:intel_modeset_setup_hw_state [i915]] [PLANE:68:plane 5A] hw state readout: disabled, pipe A
[    4.197570] i915 0000:00:02.0: [drm:intel_modeset_setup_hw_state [i915]] [PLANE:77:cursor A] hw state readout: disabled, pipe A
[    4.197734] i915 0000:00:02.0: [drm:intel_modeset_setup_hw_state [i915]] [PLANE:84:plane 1B] hw state readout: disabled, pipe B
[    4.197897] i915 0000:00:02.0: [drm:intel_modeset_setup_hw_state [i915]] [PLANE:93:plane 2B] hw state readout: disabled, pipe B
[    4.198061] i915 0000:00:02.0: [drm:intel_modeset_setup_hw_state [i915]] [PLANE:102:plane 3B] hw state readout: disabled, pipe B
[    4.198231] i915 0000:00:02.0: [drm:intel_modeset_setup_hw_state [i915]] [PLANE:111:plane 4B] hw state readout: disabled, pipe B
[    4.198397] i915 0000:00:02.0: [drm:intel_modeset_setup_hw_state [i915]] [PLANE:120:plane 5B] hw state readout: disabled, pipe B
[    4.198570] i915 0000:00:02.0: [drm:intel_modeset_setup_hw_state [i915]] [PLANE:129:cursor B] hw state readout: disabled, pipe B
[    4.198736] i915 0000:00:02.0: [drm:intel_modeset_setup_hw_state [i915]] [PLANE:136:plane 1C] hw state readout: disabled, pipe C
[    4.198914] i915 0000:00:02.0: [drm:intel_modeset_setup_hw_state [i915]] [PLANE:145:plane 2C] hw state readout: disabled, pipe C
[    4.199089] i915 0000:00:02.0: [drm:intel_modeset_setup_hw_state [i915]] [PLANE:154:plane 3C] hw state readout: disabled, pipe C
[    4.199269] i915 0000:00:02.0: [drm:intel_modeset_setup_hw_state [i915]] [PLANE:163:plane 4C] hw state readout: disabled, pipe C
[    4.199435] i915 0000:00:02.0: [drm:intel_modeset_setup_hw_state [i915]] [PLANE:172:plane 5C] hw state readout: disabled, pipe C
[    4.199594] i915 0000:00:02.0: [drm:intel_modeset_setup_hw_state [i915]] [PLANE:181:cursor C] hw state readout: disabled, pipe C
[    4.199754] i915 0000:00:02.0: [drm] [DEBUG] get_hw_state: Checking hardware. CFGCR0=0x01e07801
[    4.199762] i915 0000:00:02.0: [drm] [DEBUG] get_hw_state: TRANSCONF(port A)=0xc0000000 (Active=YES)
[    4.199775] i915 0000:00:02.0: [drm:intel_modeset_setup_hw_state [i915]] [ENCODER:188:DSI A] hw state readout: enabled, pipe A
[    4.199936] i915 0000:00:02.0: [drm:intel_modeset_setup_hw_state [i915]] [ENCODER:192:DDI B/PHY B] hw state readout: disabled, pipe A
[    4.200096] i915 0000:00:02.0: [drm:intel_tc_port_sanitize_mode [i915]] Port E/TC#2: sanitize mode (disconnected)
[    4.200266] i915 0000:00:02.0: [drm:intel_modeset_setup_hw_state [i915]] [ENCODER:202:DDI TC2/PHY TC2] hw state readout: disabled, pipe A
[    4.200424] i915 0000:00:02.0: [drm:intel_modeset_setup_hw_state [i915]] [ENCODER:204:DP-MST A] hw state readout: disabled, pipe A
[    4.200587] i915 0000:00:02.0: [drm:intel_modeset_setup_hw_state [i915]] [ENCODER:205:DP-MST B] hw state readout: disabled, pipe B
[    4.200744] i915 0000:00:02.0: [drm:intel_modeset_setup_hw_state [i915]] [ENCODER:206:DP-MST C] hw state readout: disabled, pipe C
[    4.200898] i915 0000:00:02.0: [drm:intel_dpll_readout_hw_state [i915]] DPLL 0 hw state readout: pipe_mask 0x0, on 0
[    4.201096] i915 0000:00:02.0: [drm:intel_reference_shared_dpll_crtc [i915]] [CRTC:82:pipe A] reserving DPLL 1
[    4.201286] i915 0000:00:02.0: [drm:intel_dpll_readout_hw_state [i915]] DPLL 1 hw state readout: pipe_mask 0x1, on 1
[    4.201470] i915 0000:00:02.0: [drm:intel_dpll_readout_hw_state [i915]] TBT PLL hw state readout: pipe_mask 0x0, on 0
[    4.201649] i915 0000:00:02.0: [drm:intel_dpll_readout_hw_state [i915]] TC PLL 1 hw state readout: pipe_mask 0x0, on 0
[    4.201825] i915 0000:00:02.0: [drm:intel_dpll_readout_hw_state [i915]] TC PLL 2 hw state readout: pipe_mask 0x0, on 0
[    4.201999] i915 0000:00:02.0: [drm:intel_dpll_readout_hw_state [i915]] TC PLL 3 hw state readout: pipe_mask 0x0, on 0
[    4.202171] i915 0000:00:02.0: [drm:intel_dpll_readout_hw_state [i915]] TC PLL 4 hw state readout: pipe_mask 0x0, on 0
[    4.202344] i915 0000:00:02.0: [drm] [DEBUG] get_hw_state: Checking hardware. CFGCR0=0x01e07801
[    4.202349] i915 0000:00:02.0: [drm] [DEBUG] get_hw_state: TRANSCONF(port A)=0xc0000000 (Active=YES)
[    4.202354] i915 0000:00:02.0: [drm:intel_modeset_setup_hw_state [i915]] [CONNECTOR:189:DSI-1] hw state readout: enabled
[    4.202527] i915 0000:00:02.0: [drm:intel_modeset_setup_hw_state [i915]] [CONNECTOR:193:HDMI-A-1] hw state readout: disabled
[    4.202699] i915 0000:00:02.0: [drm:intel_modeset_setup_hw_state [i915]] [CONNECTOR:203:DP-1] hw state readout: disabled
[    4.202861] i915 0000:00:02.0: [drm:drm_atomic_set_mode_for_crtc [drm]] Set [MODE:800x1280] for [CRTC:82:pipe A] state 00000000ad59a41b
[    4.202901] i915 0000:00:02.0: [drm:intel_modeset_setup_hw_state [i915]] [PLANE:32:plane 1A] min_cdclk 33710 kHz
[    4.203061] i915 0000:00:02.0: [drm:intel_modeset_setup_hw_state [i915]] [PLANE:41:plane 2A] min_cdclk 0 kHz
[    4.203216] i915 0000:00:02.0: [drm:intel_modeset_setup_hw_state [i915]] [PLANE:50:plane 3A] min_cdclk 0 kHz
[    4.203368] i915 0000:00:02.0: [drm:intel_modeset_setup_hw_state [i915]] [PLANE:59:plane 4A] min_cdclk 0 kHz
[    4.203522] i915 0000:00:02.0: [drm:intel_modeset_setup_hw_state [i915]] [PLANE:68:plane 5A] min_cdclk 0 kHz
[    4.203682] i915 0000:00:02.0: [drm:intel_modeset_setup_hw_state [i915]] [PLANE:77:cursor A] min_cdclk 0 kHz
[    4.203836] i915 0000:00:02.0: [drm:intel_bw_crtc_update [i915]] pipe A data rate 269680 num active planes 1
[    4.204053] i915 0000:00:02.0: [drm:intel_modeset_setup_hw_state [i915]] [PLANE:84:plane 1B] min_cdclk 0 kHz
[    4.204225] i915 0000:00:02.0: [drm:intel_modeset_setup_hw_state [i915]] [PLANE:93:plane 2B] min_cdclk 0 kHz
[    4.204384] i915 0000:00:02.0: [drm:intel_modeset_setup_hw_state [i915]] [PLANE:102:plane 3B] min_cdclk 0 kHz
[    4.204544] i915 0000:00:02.0: [drm:intel_modeset_setup_hw_state [i915]] [PLANE:111:plane 4B] min_cdclk 0 kHz
[    4.204700] i915 0000:00:02.0: [drm:intel_modeset_setup_hw_state [i915]] [PLANE:120:plane 5B] min_cdclk 0 kHz
[    4.204853] i915 0000:00:02.0: [drm:intel_modeset_setup_hw_state [i915]] [PLANE:129:cursor B] min_cdclk 0 kHz
[    4.205011] i915 0000:00:02.0: [drm:intel_bw_crtc_update [i915]] pipe B data rate 0 num active planes 0
[    4.205235] i915 0000:00:02.0: [drm:intel_modeset_setup_hw_state [i915]] [PLANE:136:plane 1C] min_cdclk 0 kHz
[    4.205401] i915 0000:00:02.0: [drm:intel_modeset_setup_hw_state [i915]] [PLANE:145:plane 2C] min_cdclk 0 kHz
[    4.205575] i915 0000:00:02.0: [drm:intel_modeset_setup_hw_state [i915]] [PLANE:154:plane 3C] min_cdclk 0 kHz
[    4.205739] i915 0000:00:02.0: [drm:intel_modeset_setup_hw_state [i915]] [PLANE:163:plane 4C] min_cdclk 0 kHz
[    4.205903] i915 0000:00:02.0: [drm:intel_modeset_setup_hw_state [i915]] [PLANE:172:plane 5C] min_cdclk 0 kHz
[    4.206051] i915 0000:00:02.0: [drm:intel_modeset_setup_hw_state [i915]] [PLANE:181:cursor C] min_cdclk 0 kHz
[    4.206199] i915 0000:00:02.0: [drm:intel_bw_crtc_update [i915]] pipe C data rate 0 num active planes 0
[    4.206408] i915 0000:00:02.0: [drm:intel_power_well_enable [i915]] enabling DDI_IO_A
[    4.206619] i915 0000:00:02.0: [drm:intel_ddi_sanitize_encoder_pll_mapping [i915]] [ENCODER:188:DSI A] is disabled/in DSI mode with an ungated DDI clock, gate it
[    4.206806] i915 0000:00:02.0: [drm] [DEBUG] gate_clocks START: CFGCR0=0x01e07801
[    4.206812] i915 0000:00:02.0: [drm] [DEBUG] gate_clocks END: CFGCR0=0x01e07c01
[    4.206823] i915 0000:00:02.0: [drm:intel_crtc_state_dump [i915]] [CRTC:82:pipe A] enable: yes [setup_hw_state]
[    4.207032] i915 0000:00:02.0: [drm:intel_crtc_state_dump [i915]] active: yes, output_types: DSI (0x200), output format: RGB, sink format: RGB
[    4.207232] i915 0000:00:02.0: [drm:intel_crtc_state_dump [i915]] cpu_transcoder: DSI A, pipe bpp: 24, dithering: 0
[    4.207427] i915 0000:00:02.0: [drm:intel_crtc_state_dump [i915]] MST master transcoder: <invalid>
[    4.207627] i915 0000:00:02.0: [drm:intel_crtc_state_dump [i915]] port sync: master transcoder: <invalid>, slave transcoder bitmask = 0x0
[    4.207823] i915 0000:00:02.0: [drm:intel_crtc_state_dump [i915]] joiner: no, pipes: 0x0
[    4.208013] i915 0000:00:02.0: [drm:intel_crtc_state_dump [i915]] splitter: disabled, link count 0, overlap 0
[    4.208214] i915 0000:00:02.0: [drm:intel_crtc_state_dump [i915]] framestart delay: 1, MSA timing delay: 0
[    4.208410] i915 0000:00:02.0: [drm:intel_crtc_state_dump [i915]] audio: 0, infoframes: 0, infoframes enabled: 0x0
[    4.208608] i915 0000:00:02.0: [drm:intel_crtc_state_dump [i915]] vrr: no, vmin: 0, vmax: 0, pipeline full: 0, guardband: 0 flipline: 0, vmin vblank: 1, vmax vblank: 0
[    4.208807] i915 0000:00:02.0: [drm:intel_crtc_state_dump [i915]] requested mode: "800x1280": 61 67420 800 820 830 842 600 1297 1301 1322 0x40 0x0
[    4.208992] i915 0000:00:02.0: [drm:intel_crtc_state_dump [i915]] adjusted mode: "800x1280": 61 67420 800 820 830 842 1280 1297 1301 1322 0x40 0x0
[    4.209176] i915 0000:00:02.0: [drm:intel_crtc_state_dump [i915]] crtc timings: clock=67420, hd=800 hb=800-842 hs=820-830 ht=842, vd=1280 vb=1280-1322 vs=1297-1301 vt=1322, flags=0x0
[    4.209359] i915 0000:00:02.0: [drm:intel_crtc_state_dump [i915]] pipe mode: "800x1280": 61 67420 800 820 830 842 1280 1297 1301 1322 0x40 0x0
[    4.209541] i915 0000:00:02.0: [drm:intel_crtc_state_dump [i915]] crtc timings: clock=67420, hd=800 hb=800-842 hs=820-830 ht=842, vd=1280 vb=1280-1322 vs=1297-1301 vt=1322, flags=0x0
[    4.209723] i915 0000:00:02.0: [drm:intel_crtc_state_dump [i915]] port clock: 80903, pipe src: 800x600+0+0, pixel rate 67420
[    4.209903] i915 0000:00:02.0: [drm:intel_crtc_state_dump [i915]] linetime: 100, ips linetime: 0
[    4.210082] i915 0000:00:02.0: [drm:intel_crtc_state_dump [i915]] num_scalers: 2, scaler_users: 0x80000000, scaler_id: 0, scaling_filter: 0
[    4.210260] i915 0000:00:02.0: [drm:intel_crtc_state_dump [i915]] pch pfit: 800x1280+0+0, enabled, force thru: no
[    4.210439] i915 0000:00:02.0: [drm:intel_crtc_state_dump [i915]] ips: 0, double wide: 0, drrs: 0
[    4.210616] i915 0000:00:02.0: [drm:intel_crtc_state_dump [i915]] dpll_hw_state: cfgcr0: 0x7199ba, cfgcr1: 0x120, div0: 0x0, mg_refclkin_ctl: 0x0, hg_clktop2_coreclkctl1: 0x0, mg_clktop2_hsclkctl: 0x0, mg_pll_div0: 0x0, mg_pll_div2: 0x0, mg_pll_lf: 0x0, mg_pll_frac_lock: 0x0, mg_pll_ssc: 0x0, mg_pll_bias: 0x0, mg_pll_tdc_coldst_bias: 0x0
[    4.210795] i915 0000:00:02.0: [drm:intel_crtc_state_dump [i915]] csc_mode: 0x20000000 gamma_mode: 0x20000000 gamma_enable: 0 csc_enable: 0
[    4.210972] i915 0000:00:02.0: [drm:intel_crtc_state_dump [i915]] pre csc lut: 0 entries, post csc lut: 0 entries
[    4.211148] i915 0000:00:02.0: [drm:intel_crtc_state_dump [i915]] output csc: pre offsets: 0x0000 0x0000 0x0000
[    4.211324] i915 0000:00:02.0: [drm:intel_crtc_state_dump [i915]] output csc: coefficients: 0x0000 0x0000 0x0000
[    4.211499] i915 0000:00:02.0: [drm:intel_crtc_state_dump [i915]] output csc: coefficients: 0x0000 0x0000 0x0000
[    4.211674] i915 0000:00:02.0: [drm:intel_crtc_state_dump [i915]] output csc: coefficients: 0x0000 0x0000 0x0000
[    4.211858] i915 0000:00:02.0: [drm:intel_crtc_state_dump [i915]] output csc: post offsets: 0x0000 0x0000 0x0000
[    4.212051] i915 0000:00:02.0: [drm:intel_crtc_state_dump [i915]] pipe csc: pre offsets: 0x0000 0x0000 0x0000
[    4.212236] i915 0000:00:02.0: [drm:intel_crtc_state_dump [i915]] pipe csc: coefficients: 0x0000 0x0000 0x0000
[    4.212420] i915 0000:00:02.0: [drm:intel_crtc_state_dump [i915]] pipe csc: coefficients: 0x0000 0x0000 0x0000
[    4.212600] i915 0000:00:02.0: [drm:intel_crtc_state_dump [i915]] pipe csc: coefficients: 0x0000 0x0000 0x0000
[    4.212802] i915 0000:00:02.0: [drm:intel_crtc_state_dump [i915]] pipe csc: post offsets: 0x0000 0x0000 0x0000
[    4.212982] i915 0000:00:02.0: [drm:intel_crtc_state_dump [i915]] [CRTC:134:pipe B] enable: no [setup_hw_state]
[    4.213159] i915 0000:00:02.0: [drm:intel_crtc_state_dump [i915]] [CRTC:186:pipe C] enable: no [setup_hw_state]
[    4.213358] i915 0000:00:02.0: [drm:skl_wm_get_hw_state_and_sanitize [i915]] [CRTC:82:pipe A] dbuf slices 0x3, ddb (0 - 2048), active pipes 0x1, mbus joined: no
[    4.213549] i915 0000:00:02.0: [drm:skl_wm_get_hw_state_and_sanitize [i915]] [CRTC:134:pipe B] dbuf slices 0x0, ddb (0 - 0), active pipes 0x1, mbus joined: no
[    4.213727] i915 0000:00:02.0: [drm:skl_wm_get_hw_state_and_sanitize [i915]] [CRTC:186:pipe C] dbuf slices 0x0, ddb (0 - 0), active pipes 0x1, mbus joined: no
[    4.213937] i915 0000:00:02.0: [drm:skl_get_initial_plane_config [i915]] pipe A/plane 1A with fb: size=800x600@32, offset=0, pitch 3200, size 0x1d4c00
[    4.214117] i915 0000:00:02.0: [drm:_i915_gem_object_stolen_init [i915]] creating preallocated stolen object: stolen_offset=0x0000000000000000, size=0x00000000001d5000
[    4.214398] i915 0000:00:02.0: [drm:initial_plane_vma [i915]] Initial plane fb bound to 0x0 in the ggtt (original 0x0)
[    4.221275] i915 0000:00:02.0: [drm:intel_wopcm_init [i915]] Calculated GuC WOPCM [592K, 1420K)
[    4.221544] i915 0000:00:02.0: [drm:i915_init_ggtt [i915]] Reserved GGTT:[1d5000, 1d7000] for use by error capture
[    4.221781] i915 0000:00:02.0: [drm:i915_init_ggtt [i915]] clearing unused GTT space: [1d7000, fee00000]
[    4.222004] i915 0000:00:02.0: [drm:i915_gem_init [i915]] No clock gating settings or workarounds applied.
[    4.222292] i915 0000:00:02.0: [drm:debug_dump_steering [i915]] MCR Steering: Default steering: group=0x0, instance=0x0
[    4.222550] i915 0000:00:02.0: [drm:wa_init_finish [i915]] GT0: Initialized 4 GT workarounds on global
[    4.222893] i915 0000:00:02.0: [drm:wa_init_finish [i915]] GT0: Initialized 11 engine workarounds on rcs'0
[    4.223134] i915 0000:00:02.0: [drm:wa_init_finish [i915]] GT0: Initialized 4 whitelist workarounds on rcs'0
[    4.223362] i915 0000:00:02.0: [drm:wa_init_finish [i915]] GT0: Initialized 5 context workarounds on rcs'0
[    4.223677] i915 0000:00:02.0: [drm:wa_init_finish [i915]] GT0: Initialized 1 engine workarounds on bcs'0
[    4.223908] i915 0000:00:02.0: [drm:wa_init_finish [i915]] GT0: Initialized 1 whitelist workarounds on bcs'0
[    4.224128] i915 0000:00:02.0: [drm:wa_init_finish [i915]] GT0: Initialized 1 context workarounds on bcs'0
[    4.224387] i915 0000:00:02.0: [drm:wa_init_finish [i915]] GT0: Initialized 1 engine workarounds on vcs'0
[    4.224686] i915 0000:00:02.0: [drm:wa_init_finish [i915]] GT0: Initialized 1 whitelist workarounds on vcs'0
[    4.224950] i915 0000:00:02.0: [drm:wa_init_finish [i915]] GT0: Initialized 1 engine workarounds on vecs'0
[    4.225162] i915 0000:00:02.0: [drm:wa_init_finish [i915]] GT0: Initialized 1 whitelist workarounds on vecs'0
