[    0.000000] Linux version 6.12.57 (pg@p8) (gcc (Debian 14.2.0-19) 14.2.0, GNU ld (GNU Binutils for Debian) 2.44) #12 SMP PREEMPT_DYNAMIC Mon Dec  1 22:39:03 CET 2025
[    0.000000] Command line: BOOT_IMAGE=/@/boot/vmlinuz-6.12.57 root=UUID=cf1b7843-392f-413c-ab2f-fa8bfa5d90e7 ro rootflags=subvol=@ fbcon=rotate:1 video=DSI-1:panel_orientation=right_side_up log_buf_len=10M drm.debug=0x1e i915.dsi_extended_wake=1
[    0.000000] x86/split lock detection: #AC: crashing the kernel on kernel split_locks and warning on user-space split_locks
[    0.000000] BIOS-provided physical RAM map:
[    0.000000] BIOS-e820: [mem 0x0000000000000000-0x000000000009dfff] usable
[    0.000000] BIOS-e820: [mem 0x000000000009e000-0x000000000009efff] reserved
[    0.000000] BIOS-e820: [mem 0x000000000009f000-0x000000000009ffff] usable
[    0.000000] BIOS-e820: [mem 0x00000000000a0000-0x00000000000fffff] reserved
[    0.000000] BIOS-e820: [mem 0x0000000000100000-0x00000000416edfff] usable
[    0.000000] BIOS-e820: [mem 0x00000000416ee000-0x00000000416eefff] reserved
[    0.000000] BIOS-e820: [mem 0x00000000416ef000-0x0000000043359fff] usable
[    0.000000] BIOS-e820: [mem 0x000000004335a000-0x000000004335afff] reserved
[    0.000000] BIOS-e820: [mem 0x000000004335b000-0x000000007025cfff] usable
[    0.000000] BIOS-e820: [mem 0x000000007025d000-0x000000007335cfff] reserved
[    0.000000] BIOS-e820: [mem 0x000000007335d000-0x000000007343efff] ACPI data
[    0.000000] BIOS-e820: [mem 0x000000007343f000-0x00000000734fefff] ACPI NVS
[    0.000000] BIOS-e820: [mem 0x00000000734ff000-0x0000000073efefff] reserved
[    0.000000] BIOS-e820: [mem 0x0000000073eff000-0x0000000073efffff] usable
[    0.000000] BIOS-e820: [mem 0x0000000073f00000-0x0000000079ffffff] reserved
[    0.000000] BIOS-e820: [mem 0x000000007aa00000-0x000000007abfffff] reserved
[    0.000000] BIOS-e820: [mem 0x000000007b000000-0x00000000803fffff] reserved
[    0.000000] BIOS-e820: [mem 0x00000000c0000000-0x00000000cfffffff] reserved
[    0.000000] BIOS-e820: [mem 0x00000000fe000000-0x00000000fe010fff] reserved
[    0.000000] BIOS-e820: [mem 0x00000000fec00000-0x00000000fec00fff] reserved
[    0.000000] BIOS-e820: [mem 0x00000000fed00000-0x00000000fed00fff] reserved
[    0.000000] BIOS-e820: [mem 0x00000000fed20000-0x00000000fed7ffff] reserved
[    0.000000] BIOS-e820: [mem 0x00000000fee00000-0x00000000fee00fff] reserved
[    0.000000] BIOS-e820: [mem 0x00000000ff000000-0x00000000ffffffff] reserved
[    0.000000] BIOS-e820: [mem 0x0000000100000000-0x000000037fbfffff] usable
[    0.000000] NX (Execute Disable) protection: active
[    0.000000] APIC: Static calls initialized
[    0.000000] efi: EFI v2.8 by American Megatrends
[    0.000000] efi: ACPI=0x734db000 ACPI 2.0=0x734db014 TPMFinalLog=0x734aa000 SMBIOS=0x73c99000 SMBIOS 3.0=0x73c98000 MEMATTR=0x6c8b8018 ESRT=0x6d078418 INITRD=0x6c6d0b18 TPMEventLog=0x7338a018 
[    0.000000] efi: Remove mem94: MMIO range=[0xc0000000-0xcfffffff] (256MB) from e820 map
[    0.000000] e820: remove [mem 0xc0000000-0xcfffffff] reserved
[    0.000000] efi: Not removing mem95: MMIO range=[0xfe000000-0xfe010fff] (68KB) from e820 map
[    0.000000] efi: Not removing mem96: MMIO range=[0xfec00000-0xfec00fff] (4KB) from e820 map
[    0.000000] efi: Not removing mem97: MMIO range=[0xfed00000-0xfed00fff] (4KB) from e820 map
[    0.000000] efi: Not removing mem99: MMIO range=[0xfee00000-0xfee00fff] (4KB) from e820 map
[    0.000000] efi: Remove mem100: MMIO range=[0xff000000-0xffffffff] (16MB) from e820 map
[    0.000000] e820: remove [mem 0xff000000-0xffffffff] reserved
[    0.000000] secureboot: Secure boot disabled
[    0.000000] SMBIOS 3.5.0 present.
[    0.000000] DMI: Default string Default string/Default string, BIOS 5.25 07/14/2023
[    0.000000] DMI: Memory slots populated: 4/8
[    0.000000] tsc: Detected 800.000 MHz processor
[    0.000000] tsc: Detected 806.400 MHz TSC
[    0.000220] e820: update [mem 0x00000000-0x00000fff] usable ==> reserved
[    0.000222] e820: remove [mem 0x000a0000-0x000fffff] usable
[    0.000233] last_pfn = 0x37fc00 max_arch_pfn = 0x400000000
[    0.000236] MTRR map: 5 entries (3 fixed + 2 variable; max 23), built from 10 variable MTRRs
[    0.000238] x86/PAT: Configuration [0-7]: WB  WC  UC- UC  WB  WP  UC- WT  
[    0.000349] last_pfn = 0x73f00 max_arch_pfn = 0x400000000
[    0.013125] esrt: Reserving ESRT space from 0x000000006d078418 to 0x000000006d0784f0.
[    0.013132] e820: update [mem 0x6d078000-0x6d078fff] usable ==> reserved
[    0.013151] Using GB pages for direct mapping
[    0.027957] printk: log_buf_len: 16777216 bytes
[    0.027959] printk: early log buf free: 126832(96%)
[    0.027961] RAMDISK: [mem 0x63986000-0x6679dfff]
[    0.028305] ACPI: Early table checksum verification disabled
[    0.028310] ACPI: RSDP 0x00000000734DB014 000024 (v02 ALASKA)
[    0.028315] ACPI: XSDT 0x00000000734DA728 00010C (v01 ALASKA A M I    01072009 AMI  01000013)
[    0.028320] ACPI: FACP 0x000000007343C000 000114 (v06 ALASKA A M I    01072009 AMI  01000013)
[    0.028324] ACPI: DSDT 0x00000000733C8000 073A41 (v02 ALASKA A M I    01072009 INTL 20200717)
[    0.028327] ACPI: FACS 0x00000000734FE000 000040
[    0.028329] ACPI: FIDT 0x00000000733C7000 00009C (v01 ALASKA A M I    01072009 AMI  00010013)
[    0.028331] ACPI: SSDT 0x000000007343E000 00038C (v02 PmaxDv Pmax_Dev 00000001 INTL 20200717)
[    0.028333] ACPI: SSDT 0x00000000733C1000 005D0B (v02 CpuRef CpuSsdt  00003000 INTL 20200717)
[    0.028336] ACPI: SSDT 0x00000000733BE000 002AA1 (v02 SaSsdt SaSsdt   00003000 INTL 20200717)
[    0.028338] ACPI: SSDT 0x00000000733BA000 0033D3 (v02 INTEL  IgfxSsdt 00003000 INTL 20200717)
[    0.028340] ACPI: SSDT 0x00000000733AC000 00D39F (v02 INTEL  TcssSsdt 00001000 INTL 20200717)
[    0.028342] ACPI: HPET 0x000000007343D000 000038 (v01 ALASKA A M I    01072009 AMI  01000013)
[    0.028344] ACPI: APIC 0x00000000733AB000 0001DC (v05 ALASKA A M I    01072009 AMI  01000013)
[    0.028346] ACPI: MCFG 0x00000000733AA000 00003C (v01 ALASKA A M I    01072009 AMI  01000013)
[    0.028348] ACPI: SSDT 0x00000000733A8000 001F47 (v02 ALASKA Ther_Rvp 00001000 INTL 20200717)
[    0.028350] ACPI: UEFI 0x0000000073491000 000048 (v01 ALASKA A M I    01072009 AMI  01000013)
[    0.028352] ACPI: NHLT 0x00000000733A6000 0018B6 (v00 ALASKA A M I    01072009 AMI  01000013)
[    0.028354] ACPI: LPIT 0x00000000733A5000 0000CC (v01 ALASKA A M I    01072009 AMI  01000013)
[    0.028356] ACPI: SSDT 0x00000000733A1000 002A83 (v02 ALASKA PtidDevc 00001000 INTL 20200717)
[    0.028358] ACPI: SSDT 0x000000007339E000 002357 (v02 ALASKA TbtTypeC 00000000 INTL 20200717)
[    0.028360] ACPI: DBGP 0x000000007339D000 000034 (v01 ALASKA A M I    01072009 AMI  01000013)
[    0.028362] ACPI: DBG2 0x000000007339C000 000054 (v00 ALASKA A M I    01072009 AMI  01000013)
[    0.028364] ACPI: SSDT 0x000000007339A000 0014CC (v02 ALASKA UsbCTabl 00001000 INTL 20200717)
[    0.028366] ACPI: DMAR 0x0000000073399000 000088 (v02 INTEL  EDK2     00000002      01000013)
[    0.028368] ACPI: SSDT 0x0000000073398000 0005BB (v02 INTEL  xh_adl_N 00000000 INTL 20200717)
[    0.028370] ACPI: SSDT 0x0000000073394000 003AEA (v02 SocGpe SocGpe   00003000 INTL 20200717)
[    0.028372] ACPI: SSDT 0x0000000073390000 0039DA (v02 SocCmn SocCmn   00003000 INTL 20200717)
[    0.028374] ACPI: SSDT 0x000000007338F000 000144 (v02 Intel  ADebTabl 00001000 INTL 20200717)
[    0.028376] ACPI: TPM2 0x000000007338D000 00004C (v04 ALASKA A M I    00000001 AMI  00000000)
[    0.028378] ACPI: BGRT 0x000000007338E000 000038 (v01 ALASKA A M I    01072009 AMI  00010013)
[    0.028380] ACPI: PHAT 0x000000007338C000 0005F1 (v01 ALASKA A M I    00000005 MSFT 0100000D)
[    0.028382] ACPI: WSMT 0x00000000733A4000 000028 (v01 ALASKA A M I    01072009 AMI  00010013)
[    0.028384] ACPI: FPDT 0x000000007338B000 000044 (v01 ALASKA A M I    01072009 AMI  01000013)
[    0.028386] ACPI: Reserving FACP table memory at [mem 0x7343c000-0x7343c113]
[    0.028388] ACPI: Reserving DSDT table memory at [mem 0x733c8000-0x7343ba40]
[    0.028389] ACPI: Reserving FACS table memory at [mem 0x734fe000-0x734fe03f]
[    0.028389] ACPI: Reserving FIDT table memory at [mem 0x733c7000-0x733c709b]
[    0.028390] ACPI: Reserving SSDT table memory at [mem 0x7343e000-0x7343e38b]
[    0.028391] ACPI: Reserving SSDT table memory at [mem 0x733c1000-0x733c6d0a]
[    0.028391] ACPI: Reserving SSDT table memory at [mem 0x733be000-0x733c0aa0]
[    0.028392] ACPI: Reserving SSDT table memory at [mem 0x733ba000-0x733bd3d2]
[    0.028392] ACPI: Reserving SSDT table memory at [mem 0x733ac000-0x733b939e]
[    0.028393] ACPI: Reserving HPET table memory at [mem 0x7343d000-0x7343d037]
[    0.028394] ACPI: Reserving APIC table memory at [mem 0x733ab000-0x733ab1db]
[    0.028394] ACPI: Reserving MCFG table memory at [mem 0x733aa000-0x733aa03b]
[    0.028395] ACPI: Reserving SSDT table memory at [mem 0x733a8000-0x733a9f46]
[    0.028395] ACPI: Reserving UEFI table memory at [mem 0x73491000-0x73491047]
[    0.028396] ACPI: Reserving NHLT table memory at [mem 0x733a6000-0x733a78b5]
[    0.028397] ACPI: Reserving LPIT table memory at [mem 0x733a5000-0x733a50cb]
[    0.028397] ACPI: Reserving SSDT table memory at [mem 0x733a1000-0x733a3a82]
[    0.028398] ACPI: Reserving SSDT table memory at [mem 0x7339e000-0x733a0356]
[    0.028398] ACPI: Reserving DBGP table memory at [mem 0x7339d000-0x7339d033]
[    0.028399] ACPI: Reserving DBG2 table memory at [mem 0x7339c000-0x7339c053]
[    0.028400] ACPI: Reserving SSDT table memory at [mem 0x7339a000-0x7339b4cb]
[    0.028400] ACPI: Reserving DMAR table memory at [mem 0x73399000-0x73399087]
[    0.028401] ACPI: Reserving SSDT table memory at [mem 0x73398000-0x733985ba]
[    0.028401] ACPI: Reserving SSDT table memory at [mem 0x73394000-0x73397ae9]
[    0.028402] ACPI: Reserving SSDT table memory at [mem 0x73390000-0x733939d9]
[    0.028403] ACPI: Reserving SSDT table memory at [mem 0x7338f000-0x7338f143]
[    0.028403] ACPI: Reserving TPM2 table memory at [mem 0x7338d000-0x7338d04b]
[    0.028404] ACPI: Reserving BGRT table memory at [mem 0x7338e000-0x7338e037]
[    0.028404] ACPI: Reserving PHAT table memory at [mem 0x7338c000-0x7338c5f0]
[    0.028405] ACPI: Reserving WSMT table memory at [mem 0x733a4000-0x733a4027]
[    0.028406] ACPI: Reserving FPDT table memory at [mem 0x7338b000-0x7338b043]
[    0.028610] No NUMA configuration found
[    0.028611] Faking a node at [mem 0x0000000000000000-0x000000037fbfffff]
[    0.028620] NODE_DATA(0) allocated [mem 0x37b3d5680-0x37b3fffff]
[    0.028820] Zone ranges:
[    0.028821]   DMA      [mem 0x0000000000001000-0x0000000000ffffff]
[    0.028823]   DMA32    [mem 0x0000000001000000-0x00000000ffffffff]
[    0.028824]   Normal   [mem 0x0000000100000000-0x000000037fbfffff]
[    0.028825]   Device   empty
[    0.028826] Movable zone start for each node
[    0.028828] Early memory node ranges
[    0.028828]   node   0: [mem 0x0000000000001000-0x000000000009dfff]
[    0.028830]   node   0: [mem 0x000000000009f000-0x000000000009ffff]
[    0.028831]   node   0: [mem 0x0000000000100000-0x00000000416edfff]
[    0.028832]   node   0: [mem 0x00000000416ef000-0x0000000043359fff]
[    0.028832]   node   0: [mem 0x000000004335b000-0x000000007025cfff]
[    0.028833]   node   0: [mem 0x0000000073eff000-0x0000000073efffff]
[    0.028834]   node   0: [mem 0x0000000100000000-0x000000037fbfffff]
[    0.028836] Initmem setup node 0 [mem 0x0000000000001000-0x000000037fbfffff]
[    0.028842] On node 0, zone DMA: 1 pages in unavailable ranges
[    0.028843] On node 0, zone DMA: 1 pages in unavailable ranges
[    0.028869] On node 0, zone DMA: 96 pages in unavailable ranges
[    0.030516] On node 0, zone DMA32: 1 pages in unavailable ranges
[    0.031602] On node 0, zone DMA32: 1 pages in unavailable ranges
[    0.031730] On node 0, zone DMA32: 15522 pages in unavailable ranges
[    0.032090] On node 0, zone Normal: 16640 pages in unavailable ranges
[    0.032101] On node 0, zone Normal: 1024 pages in unavailable ranges
[    0.032122] Reserving Intel graphics memory at [mem 0x7c800000-0x803fffff]
[    0.032690] ACPI: PM-Timer IO Port: 0x1808
[    0.032701] ACPI: LAPIC_NMI (acpi_id[0x01] high edge lint[0x1])
[    0.032702] ACPI: LAPIC_NMI (acpi_id[0x02] high edge lint[0x1])
[    0.032703] ACPI: LAPIC_NMI (acpi_id[0x03] high edge lint[0x1])
[    0.032704] ACPI: LAPIC_NMI (acpi_id[0x04] high edge lint[0x1])
[    0.032704] ACPI: LAPIC_NMI (acpi_id[0x05] high edge lint[0x1])
[    0.032705] ACPI: LAPIC_NMI (acpi_id[0x06] high edge lint[0x1])
[    0.032706] ACPI: LAPIC_NMI (acpi_id[0x07] high edge lint[0x1])
[    0.032706] ACPI: LAPIC_NMI (acpi_id[0x08] high edge lint[0x1])
[    0.032707] ACPI: LAPIC_NMI (acpi_id[0x09] high edge lint[0x1])
[    0.032707] ACPI: LAPIC_NMI (acpi_id[0x0a] high edge lint[0x1])
[    0.032708] ACPI: LAPIC_NMI (acpi_id[0x0b] high edge lint[0x1])
[    0.032708] ACPI: LAPIC_NMI (acpi_id[0x0c] high edge lint[0x1])
[    0.032709] ACPI: LAPIC_NMI (acpi_id[0x0d] high edge lint[0x1])
[    0.032710] ACPI: LAPIC_NMI (acpi_id[0x0e] high edge lint[0x1])
[    0.032710] ACPI: LAPIC_NMI (acpi_id[0x0f] high edge lint[0x1])
[    0.032711] ACPI: LAPIC_NMI (acpi_id[0x10] high edge lint[0x1])
[    0.032711] ACPI: LAPIC_NMI (acpi_id[0x11] high edge lint[0x1])
[    0.032712] ACPI: LAPIC_NMI (acpi_id[0x12] high edge lint[0x1])
[    0.032713] ACPI: LAPIC_NMI (acpi_id[0x13] high edge lint[0x1])
[    0.032713] ACPI: LAPIC_NMI (acpi_id[0x14] high edge lint[0x1])
[    0.032714] ACPI: LAPIC_NMI (acpi_id[0x15] high edge lint[0x1])
[    0.032714] ACPI: LAPIC_NMI (acpi_id[0x16] high edge lint[0x1])
[    0.032715] ACPI: LAPIC_NMI (acpi_id[0x17] high edge lint[0x1])
[    0.032715] ACPI: LAPIC_NMI (acpi_id[0x00] high edge lint[0x1])
[    0.032756] IOAPIC[0]: apic_id 2, version 32, address 0xfec00000, GSI 0-119
[    0.032759] ACPI: INT_SRC_OVR (bus 0 bus_irq 0 global_irq 2 dfl dfl)
[    0.032761] ACPI: INT_SRC_OVR (bus 0 bus_irq 9 global_irq 9 high level)
[    0.032764] ACPI: Using ACPI (MADT) for SMP configuration information
[    0.032765] ACPI: HPET id: 0x8086a201 base: 0xfed00000
[    0.032775] e820: update [mem 0x6c772000-0x6c7b2fff] usable ==> reserved
[    0.032789] TSC deadline timer available
[    0.032793] CPU topo: Max. logical packages:   1
[    0.032794] CPU topo: Max. logical dies:       1
[    0.032794] CPU topo: Max. dies per package:   1
[    0.032798] CPU topo: Max. threads per core:   1
[    0.032799] CPU topo: Num. cores per package:     4
[    0.032800] CPU topo: Num. threads per package:   4
[    0.032800] CPU topo: Allowing 4 present CPUs plus 0 hotplug CPUs
[    0.032823] PM: hibernation: Registered nosave memory: [mem 0x00000000-0x00000fff]
[    0.032825] PM: hibernation: Registered nosave memory: [mem 0x0009e000-0x0009efff]
[    0.032826] PM: hibernation: Registered nosave memory: [mem 0x000a0000-0x000fffff]
[    0.032828] PM: hibernation: Registered nosave memory: [mem 0x416ee000-0x416eefff]
[    0.032829] PM: hibernation: Registered nosave memory: [mem 0x4335a000-0x4335afff]
[    0.032831] PM: hibernation: Registered nosave memory: [mem 0x6c772000-0x6c7b2fff]
[    0.032832] PM: hibernation: Registered nosave memory: [mem 0x6d078000-0x6d078fff]
[    0.032834] PM: hibernation: Registered nosave memory: [mem 0x7025d000-0x73efefff]
[    0.032835] PM: hibernation: Registered nosave memory: [mem 0x73f00000-0xffffffff]
[    0.032836] [mem 0x80400000-0xfdffffff] available for PCI devices
[    0.032838] Booting paravirtualized kernel on bare hardware
[    0.032840] clocksource: refined-jiffies: mask: 0xffffffff max_cycles: 0xffffffff, max_idle_ns: 7645519600211568 ns
[    0.037953] setup_percpu: NR_CPUS:8192 nr_cpumask_bits:4 nr_cpu_ids:4 nr_node_ids:1
[    0.038238] percpu: Embedded 66 pages/cpu s233472 r8192 d28672 u524288
[    0.038246] pcpu-alloc: s233472 r8192 d28672 u524288 alloc=1*2097152
[    0.038248] pcpu-alloc: [0] 0 1 2 3 
[    0.038267] Kernel command line: BOOT_IMAGE=/@/boot/vmlinuz-6.12.57 root=UUID=cf1b7843-392f-413c-ab2f-fa8bfa5d90e7 ro rootflags=subvol=@ fbcon=rotate:1 video=DSI-1:panel_orientation=right_side_up log_buf_len=10M drm.debug=0x1e i915.dsi_extended_wake=1
[    0.038355] random: crng init done
[    0.039970] Dentry cache hash table entries: 2097152 (order: 12, 16777216 bytes, linear)
[    0.040797] Inode-cache hash table entries: 1048576 (order: 11, 8388608 bytes, linear)
[    0.040853] Fallback order for Node 0: 0 
[    0.040857] Built 1 zonelists, mobility grouping on.  Total pages: 3079674
[    0.040858] Policy zone: Normal
[    0.040867] mem auto-init: stack:all(zero), heap alloc:on, heap free:off
[    0.040878] software IO TLB: area num 4.
[    0.060481] SLUB: HWalign=64, Order=0-3, MinObjects=0, CPUs=4, Nodes=1
[    0.060518] ftrace: allocating 45728 entries in 179 pages
[    0.063792] ftrace: allocated 179 pages with 5 groups
[    0.064246] Dynamic Preempt: voluntary
[    0.064284] rcu: Preemptible hierarchical RCU implementation.
[    0.064285] rcu: 	RCU restricting CPUs from NR_CPUS=8192 to nr_cpu_ids=4.
[    0.064286] 	Trampoline variant of Tasks RCU enabled.
[    0.064286] 	Rude variant of Tasks RCU enabled.
[    0.064287] 	Tracing variant of Tasks RCU enabled.
[    0.064287] rcu: RCU calculated value of scheduler-enlistment delay is 25 jiffies.
[    0.064288] rcu: Adjusting geometry for rcu_fanout_leaf=16, nr_cpu_ids=4
[    0.064295] RCU Tasks: Setting shift to 2 and lim to 1 rcu_task_cb_adjust=1 rcu_task_cpu_ids=4.
[    0.064297] RCU Tasks Rude: Setting shift to 2 and lim to 1 rcu_task_cb_adjust=1 rcu_task_cpu_ids=4.
[    0.064298] RCU Tasks Trace: Setting shift to 2 and lim to 1 rcu_task_cb_adjust=1 rcu_task_cpu_ids=4.
[    0.068659] NR_IRQS: 524544, nr_irqs: 1024, preallocated irqs: 16
[    0.068979] rcu: srcu_init: Setting srcu_struct sizes based on contention.
[    0.069199] Console: colour dummy device 80x25
[    0.069203] printk: legacy console [tty0] enabled
[    0.069685] ACPI: Core revision 20240827
[    0.070283] hpet: HPET dysfunctional in PC10. Force disabled.
[    0.070378] APIC: Switch to symmetric I/O mode setup
[    0.070383] DMAR: Host address width 39
[    0.070386] DMAR: DRHD base: 0x000000fed90000 flags: 0x0
[    0.070397] DMAR: dmar0: reg_base_addr fed90000 ver 4:0 cap 1c0000c40660462 ecap 29a00f0505e
[    0.070403] DMAR: DRHD base: 0x000000fed91000 flags: 0x1
[    0.070411] DMAR: dmar1: reg_base_addr fed91000 ver 5:0 cap d2008c40660462 ecap f050da
[    0.070416] DMAR: RMRR base: 0x0000007c000000 end: 0x000000803fffff
[    0.070423] DMAR-IR: IOAPIC id 2 under DRHD base  0xfed91000 IOMMU 1
[    0.070426] DMAR-IR: HPET id 0 under DRHD base 0xfed91000
[    0.070430] DMAR-IR: Queued invalidation will be enabled to support x2apic and Intr-remapping.
[    0.072435] DMAR-IR: Enabled IRQ remapping in x2apic mode
[    0.072442] x2apic enabled
[    0.072511] APIC: Switched APIC routing to: cluster x2apic
[    0.077474] clocksource: tsc-early: mask: 0xffffffffffffffff max_cycles: 0xb9fb05486c, max_idle_ns: 440795231721 ns
[    0.077488] Calibrating delay loop (skipped), value calculated using timer frequency.. 1612.80 BogoMIPS (lpj=3225600)
[    0.077535] CPU0: Thermal monitoring enabled (TM1)
[    0.077540] x86/cpu: User Mode Instruction Prevention (UMIP) activated
[    0.077641] CET detected: Indirect Branch Tracking enabled
[    0.077645] Last level iTLB entries: 4KB 0, 2MB 0, 4MB 0
[    0.077648] Last level dTLB entries: 4KB 0, 2MB 0, 4MB 0, 1GB 0
[    0.077655] process: using mwait in idle threads
[    0.077659] Spectre V1 : Mitigation: usercopy/swapgs barriers and __user pointer sanitization
[    0.077665] Spectre V2 : Mitigation: Enhanced / Automatic IBRS
[    0.077670] Spectre V2 : mitigation: Enabling conditional Indirect Branch Prediction Barrier
[    0.077676] Speculative Store Bypass: Mitigation: Speculative Store Bypass disabled via prctl
[    0.077680] Register File Data Sampling: Mitigation: Clear Register File
[    0.077685] VMSCAPE: Mitigation: IBPB before exit to userspace
[    0.077696] x86/fpu: Supporting XSAVE feature 0x001: 'x87 floating point registers'
[    0.077701] x86/fpu: Supporting XSAVE feature 0x002: 'SSE registers'
[    0.077704] x86/fpu: Supporting XSAVE feature 0x004: 'AVX registers'
[    0.077708] x86/fpu: Supporting XSAVE feature 0x200: 'Protection Keys User registers'
[    0.077712] x86/fpu: Supporting XSAVE feature 0x800: 'Control-flow User registers'
[    0.077716] x86/fpu: xstate_offset[2]:  576, xstate_sizes[2]:  256
[    0.077720] x86/fpu: xstate_offset[9]:  832, xstate_sizes[9]:    8
[    0.077724] x86/fpu: xstate_offset[11]:  840, xstate_sizes[11]:   16
[    0.077728] x86/fpu: Enabled xstate features 0xa07, context size is 856 bytes, using 'compacted' format.
[    0.081484] Freeing SMP alternatives memory: 40K
[    0.081484] pid_max: default: 32768 minimum: 301
[    0.081484] LSM: initializing lsm=lockdown,capability,landlock,yama,apparmor,tomoyo,bpf,ipe,ima,evm
[    0.081484] landlock: Up and running.
[    0.081484] Yama: disabled by default; enable with sysctl kernel.yama.*
[    0.081484] AppArmor: AppArmor initialized
[    0.081484] TOMOYO Linux initialized
[    0.081484] LSM support for eBPF active
[    0.081484] Mount-cache hash table entries: 32768 (order: 6, 262144 bytes, linear)
[    0.081484] Mountpoint-cache hash table entries: 32768 (order: 6, 262144 bytes, linear)
[    0.081484] smpboot: CPU0: Intel(R) N100 (family: 0x6, model: 0xbe, stepping: 0x0)
[    0.081484] Performance Events: XSAVE Architectural LBR, PEBS fmt4+-baseline, PEBS-via-PT,  AnyThread deprecated, Gracemont events, 32-deep LBR, full-width counters, Intel PMU driver.
[    0.081484] ... version:                5
[    0.081484] ... bit width:              48
[    0.081484] ... generic registers:      6
[    0.081484] ... value mask:             0000ffffffffffff
[    0.081484] ... max period:             00007fffffffffff
[    0.081484] ... fixed-purpose events:   3
[    0.081484] ... event mask:             000000070000003f
[    0.081484] signal: max sigframe size: 3632
[    0.081484] Estimated ratio of average max frequency by base frequency (times 1024): 3712
[    0.081484] rcu: Hierarchical SRCU implementation.
[    0.081484] rcu: 	Max phase no-delay instances is 1000.
[    0.081484] Timer migration: 1 hierarchy levels; 8 children per group; 1 crossnode level
[    0.081484] NMI watchdog: Enabled. Permanently consumes one hw-PMU counter.
[    0.081484] smp: Bringing up secondary CPUs ...
[    0.081484] smpboot: x86: Booting SMP configuration:
[    0.081484] .... node  #0, CPUs:      #1 #2 #3
[    0.081567] smp: Brought up 1 node, 4 CPUs
[    0.081567] smpboot: Total of 4 processors activated (6451.20 BogoMIPS)
[    0.107400] node 0 deferred pages initialised in 24ms
[    0.107456] Memory: 11854096K/12318696K available (16384K kernel code, 2496K rwdata, 11800K rodata, 4152K init, 4936K bss, 453688K reserved, 0K cma-reserved)
[    0.107456] devtmpfs: initialized
[    0.107456] x86/mm: Memory block size: 128MB
[    0.109549] ACPI: PM: Registering ACPI NVS region [mem 0x7343f000-0x734fefff] (786432 bytes)
[    0.109602] clocksource: jiffies: mask: 0xffffffff max_cycles: 0xffffffff, max_idle_ns: 7645041785100000 ns
[    0.109618] futex hash table entries: 1024 (order: 4, 65536 bytes, linear)
[    0.109698] pinctrl core: initialized pinctrl subsystem
[    0.110494] NET: Registered PF_NETLINK/PF_ROUTE protocol family
[    0.110908] DMA: preallocated 2048 KiB GFP_KERNEL pool for atomic allocations
[    0.111147] DMA: preallocated 2048 KiB GFP_KERNEL|GFP_DMA pool for atomic allocations
[    0.111399] DMA: preallocated 2048 KiB GFP_KERNEL|GFP_DMA32 pool for atomic allocations
[    0.111422] audit: initializing netlink subsys (disabled)
[    0.111443] audit: type=2000 audit(1764635349.000:1): state=initialized audit_enabled=0 res=1
[    0.111443] thermal_sys: Registered thermal governor 'fair_share'
[    0.111443] thermal_sys: Registered thermal governor 'bang_bang'
[    0.111443] thermal_sys: Registered thermal governor 'step_wise'
[    0.111443] thermal_sys: Registered thermal governor 'user_space'
[    0.111443] thermal_sys: Registered thermal governor 'power_allocator'
[    0.111443] cpuidle: using governor ladder
[    0.111443] cpuidle: using governor menu
[    0.111443] acpiphp: ACPI Hot Plug PCI Controller Driver version: 0.5
[    0.111443] PCI: ECAM [mem 0xc0000000-0xcfffffff] (base 0xc0000000) for domain 0000 [bus 00-ff]
[    0.111443] PCI: Using configuration type 1 for base access
[    0.111443] kprobes: kprobe jump-optimization is enabled. All kprobes are optimized if possible.
[    0.111443] HugeTLB: registered 1.00 GiB page size, pre-allocated 0 pages
[    0.111443] HugeTLB: 16380 KiB vmemmap can be freed for a 1.00 GiB page
[    0.111443] HugeTLB: registered 2.00 MiB page size, pre-allocated 0 pages
[    0.111443] HugeTLB: 28 KiB vmemmap can be freed for a 2.00 MiB page
[    0.111443] ACPI: Added _OSI(Module Device)
[    0.111443] ACPI: Added _OSI(Processor Device)
[    0.111443] ACPI: Added _OSI(Processor Aggregator Device)
[    0.256809] ACPI: 14 ACPI AML tables successfully acquired and loaded
[    0.278739] ACPI: Dynamic OEM Table Load:
[    0.278759] ACPI: SSDT 0xFFFF9A8A8158FC00 000394 (v02 PmRef  Cpu0Cst  00003001 INTL 20200717)
[    0.280087] ACPI: Dynamic OEM Table Load:
[    0.280096] ACPI: SSDT 0xFFFF9A8A80FA3A00 0001A3 (v02 PmRef  Cpu0Ist  00003000 INTL 20200717)
[    0.281351] ACPI: Dynamic OEM Table Load:
[    0.281360] ACPI: SSDT 0xFFFF9A8A80FA3200 0001AB (v02 PmRef  Cpu0Psd  00003000 INTL 20200717)
[    0.282625] ACPI: Dynamic OEM Table Load:
[    0.282634] ACPI: SSDT 0xFFFF9A8A80F97800 0004BA (v02 PmRef  Cpu0Hwp  00003000 INTL 20200717)
[    0.284383] ACPI: Dynamic OEM Table Load:
[    0.284397] ACPI: SSDT 0xFFFF9A8A80F9A000 001BAF (v02 PmRef  ApIst    00003000 INTL 20200717)
[    0.286460] ACPI: Dynamic OEM Table Load:
[    0.286472] ACPI: SSDT 0xFFFF9A8A80F9E000 001038 (v02 PmRef  ApHwp    00003000 INTL 20200717)
[    0.288304] ACPI: Dynamic OEM Table Load:
[    0.288315] ACPI: SSDT 0xFFFF9A8A80F9C000 001349 (v02 PmRef  ApPsd    00003000 INTL 20200717)
[    0.290247] ACPI: Dynamic OEM Table Load:
[    0.290258] ACPI: SSDT 0xFFFF9A8A80187000 000FBB (v02 PmRef  ApCst    00003000 INTL 20200717)
[    0.293254] ACPI: EC: EC started
[    0.293258] ACPI: EC: interrupt blocked
[    0.302003] ACPI: EC: EC_CMD/EC_SC=0x66, EC_DATA=0x62
[    0.302009] ACPI: \_SB_.PC00.LPCB.H_EC: Boot DSDT EC used to handle transactions
[    0.302014] ACPI: Interpreter enabled
[    0.302105] ACPI: PM: (supports S0 S3 S4 S5)
[    0.302108] ACPI: Using IOAPIC for interrupt routing
[    0.302191] PCI: Using host bridge windows from ACPI; if necessary, use "pci=nocrs" and report a bug
[    0.302196] PCI: Ignoring E820 reservations for host bridge windows
[    0.303754] ACPI: Enabled 7 GPEs in block 00 to 7F
[    0.336435] ACPI: \_SB_.PC00.CNVW.WRST: New power resource
[    0.349183] ACPI: \_SB_.PC00.TBT0: New power resource
[    0.349720] ACPI: \_SB_.PC00.TBT1: New power resource
[    0.350243] ACPI: \_SB_.PC00.D3C_: New power resource
[    0.421195] ACPI: \_TZ_.FN00: New power resource
[    0.421279] ACPI: \_TZ_.FN01: New power resource
[    0.421357] ACPI: \_TZ_.FN02: New power resource
[    0.421434] ACPI: \_TZ_.FN03: New power resource
[    0.421518] ACPI: \_TZ_.FN04: New power resource
[    0.422179] ACPI: \PIN_: New power resource
[    0.422890] ACPI: PCI Root Bridge [PC00] (domain 0000 [bus 00-fe])
[    0.422902] acpi PNP0A08:00: _OSC: OS supports [ExtendedConfig ASPM ClockPM Segments MSI HPX-Type3]
[    0.424328] acpi PNP0A08:00: _OSC: platform does not support [AER]
[    0.427110] acpi PNP0A08:00: _OSC: OS now controls [PCIeHotplug SHPCHotplug PME PCIeCapability LTR]
[    0.429315] PCI host bridge to bus 0000:00
[    0.429323] pci_bus 0000:00: root bus resource [io  0x0000-0x0cf7 window]
[    0.429328] pci_bus 0000:00: root bus resource [io  0x0d00-0xffff window]
[    0.429332] pci_bus 0000:00: root bus resource [mem 0x000a0000-0x000bffff window]
[    0.429336] pci_bus 0000:00: root bus resource [mem 0x000e0000-0x000fffff window]
[    0.429340] pci_bus 0000:00: root bus resource [mem 0x80400000-0xbfffffff window]
[    0.429344] pci_bus 0000:00: root bus resource [mem 0x4000000000-0x7fffffffff window]
[    0.429348] pci_bus 0000:00: root bus resource [bus 00-fe]
[    0.429392] pci 0000:00:00.0: [8086:461c] type 00 class 0x060000 conventional PCI endpoint
[    0.429576] pci 0000:00:02.0: [8086:46d1] type 00 class 0x030000 PCIe Root Complex Integrated Endpoint
[    0.429591] pci 0000:00:02.0: BAR 0 [mem 0x6000000000-0x6000ffffff 64bit]
[    0.429601] pci 0000:00:02.0: BAR 2 [mem 0x4000000000-0x400fffffff 64bit pref]
[    0.429608] pci 0000:00:02.0: BAR 4 [io  0x5000-0x503f]
[    0.429632] pci 0000:00:02.0: DMAR: Skip IOMMU disabling for graphics
[    0.429638] pci 0000:00:02.0: Video device with shadowed ROM at [mem 0x000c0000-0x000dffff]
[    0.429676] pci 0000:00:02.0: VF BAR 0 [mem 0x00000000-0x00ffffff 64bit]
[    0.429680] pci 0000:00:02.0: VF BAR 0 [mem 0x00000000-0x06ffffff 64bit]: contains BAR 0 for 7 VFs
[    0.429688] pci 0000:00:02.0: VF BAR 2 [mem 0x00000000-0x1fffffff 64bit pref]
[    0.429692] pci 0000:00:02.0: VF BAR 2 [mem 0x00000000-0xdfffffff 64bit pref]: contains BAR 2 for 7 VFs
[    0.429892] pci 0000:00:0a.0: [8086:467d] type 00 class 0x118000 PCIe Root Complex Integrated Endpoint
[    0.429906] pci 0000:00:0a.0: BAR 0 [mem 0x6001120000-0x6001127fff 64bit]
[    0.429930] pci 0000:00:0a.0: enabling Extended Tags
[    0.430049] pci 0000:00:0d.0: [8086:464e] type 00 class 0x0c0330 conventional PCI endpoint
[    0.430068] pci 0000:00:0d.0: BAR 0 [mem 0x6001110000-0x600111ffff 64bit]
[    0.430124] pci 0000:00:0d.0: PME# supported from D3hot D3cold
[    0.433182] pci 0000:00:14.0: [8086:54ed] type 00 class 0x0c0330 conventional PCI endpoint
[    0.433220] pci 0000:00:14.0: BAR 0 [mem 0x6001100000-0x600110ffff 64bit]
[    0.433325] pci 0000:00:14.0: PME# supported from D3hot D3cold
[    0.436209] pci 0000:00:14.2: [8086:54ef] type 00 class 0x050000 conventional PCI endpoint
[    0.436236] pci 0000:00:14.2: BAR 0 [mem 0x600112c000-0x600112ffff 64bit]
[    0.436254] pci 0000:00:14.2: BAR 2 [mem 0x6001134000-0x6001134fff 64bit]
[    0.436509] pci 0000:00:15.0: [8086:54e8] type 00 class 0x0c8000 conventional PCI endpoint
[    0.436582] pci 0000:00:15.0: BAR 0 [mem 0x00000000-0x00000fff 64bit]
[    0.437175] pci 0000:00:15.3: [8086:54eb] type 00 class 0x0c8000 conventional PCI endpoint
[    0.437249] pci 0000:00:15.3: BAR 0 [mem 0x00000000-0x00000fff 64bit]
[    0.437756] pci 0000:00:16.0: [8086:54e0] type 00 class 0x078000 conventional PCI endpoint
[    0.437786] pci 0000:00:16.0: BAR 0 [mem 0x6001131000-0x6001131fff 64bit]
[    0.437887] pci 0000:00:16.0: PME# supported from D3hot
[    0.438629] pci 0000:00:1c.0: [8086:54ba] type 01 class 0x060400 PCIe Root Port
[    0.438665] pci 0000:00:1c.0: PCI bridge to [bus 01]
[    0.438672] pci 0000:00:1c.0:   bridge window [io  0x4000-0x4fff]
[    0.438678] pci 0000:00:1c.0:   bridge window [mem 0x80600000-0x806fffff]
[    0.438778] pci 0000:00:1c.0: PME# supported from D0 D3hot D3cold
[    0.438821] pci 0000:00:1c.0: PTM enabled (root), 4ns granularity
[    0.439506] pci 0000:00:1c.6: [8086:54be] type 01 class 0x060400 PCIe Root Port
[    0.439543] pci 0000:00:1c.6: PCI bridge to [bus 02]
[    0.439549] pci 0000:00:1c.6:   bridge window [io  0x3000-0x3fff]
[    0.439555] pci 0000:00:1c.6:   bridge window [mem 0x80500000-0x805fffff]
[    0.439654] pci 0000:00:1c.6: PME# supported from D0 D3hot D3cold
[    0.439697] pci 0000:00:1c.6: PTM enabled (root), 4ns granularity
[    0.440381] pci 0000:00:1d.0: [8086:54b0] type 01 class 0x060400 PCIe Root Port
[    0.440432] pci 0000:00:1d.0: PCI bridge to [bus 03]
[    0.440442] pci 0000:00:1d.0:   bridge window [mem 0x80400000-0x804fffff]
[    0.440551] pci 0000:00:1d.0: PME# supported from D0 D3hot D3cold
[    0.440598] pci 0000:00:1d.0: PTM enabled (root), 4ns granularity
[    0.441264] pci 0000:00:1f.0: [8086:5481] type 00 class 0x060100 conventional PCI endpoint
[    0.441696] pci 0000:00:1f.3: [8086:54c8] type 00 class 0x040300 conventional PCI endpoint
[    0.441744] pci 0000:00:1f.3: BAR 0 [mem 0x6001128000-0x600112bfff 64bit]
[    0.441800] pci 0000:00:1f.3: BAR 4 [mem 0x6001000000-0x60010fffff 64bit]
[    0.441911] pci 0000:00:1f.3: PME# supported from D3hot D3cold
[    0.442618] pci 0000:00:1f.4: [8086:54a3] type 00 class 0x0c0500 conventional PCI endpoint
[    0.442646] pci 0000:00:1f.4: BAR 0 [mem 0x6001130000-0x60011300ff 64bit]
[    0.442672] pci 0000:00:1f.4: BAR 4 [io  0xefa0-0xefbf]
[    0.442972] pci 0000:00:1f.5: [8086:54a4] type 00 class 0x0c8000 conventional PCI endpoint
[    0.442997] pci 0000:00:1f.5: BAR 0 [mem 0xfe010000-0xfe010fff]
[    0.443205] pci 0000:01:00.0: [10ec:8168] type 00 class 0x020000 PCIe Endpoint
[    0.443229] pci 0000:01:00.0: BAR 0 [io  0x4000-0x40ff]
[    0.443257] pci 0000:01:00.0: BAR 2 [mem 0x80604000-0x80604fff 64bit]
[    0.443276] pci 0000:01:00.0: BAR 4 [mem 0x80600000-0x80603fff 64bit]
[    0.443415] pci 0000:01:00.0: supports D1 D2
[    0.443418] pci 0000:01:00.0: PME# supported from D0 D1 D2 D3hot D3cold
[    0.443708] pci 0000:00:1c.0: PCI bridge to [bus 01]
[    0.443831] pci 0000:02:00.0: [10ec:b852] type 00 class 0x028000 PCIe Endpoint
[    0.443873] pci 0000:02:00.0: BAR 0 [io  0x3000-0x30ff]
[    0.443925] pci 0000:02:00.0: BAR 2 [mem 0x80500000-0x805fffff 64bit]
[    0.444190] pci 0000:02:00.0: PME# supported from D0 D3hot D3cold
[    0.444617] pci 0000:00:1c.6: PCI bridge to [bus 02]
[    0.444977] pci 0000:03:00.0: [1d79:2263] type 00 class 0x010802 PCIe Endpoint
[    0.445057] pci 0000:03:00.0: BAR 0 [mem 0x80400000-0x80403fff 64bit]
[    0.445839] pci 0000:00:1d.0: PCI bridge to [bus 03]
[    0.453841] ACPI: PCI: Interrupt link LNKA configured for IRQ 0
[    0.454016] ACPI: PCI: Interrupt link LNKB configured for IRQ 1
[    0.454186] ACPI: PCI: Interrupt link LNKC configured for IRQ 0
[    0.454354] ACPI: PCI: Interrupt link LNKD configured for IRQ 0
[    0.454519] ACPI: PCI: Interrupt link LNKE configured for IRQ 0
[    0.454678] ACPI: PCI: Interrupt link LNKF configured for IRQ 0
[    0.454838] ACPI: PCI: Interrupt link LNKG configured for IRQ 0
[    0.454997] ACPI: PCI: Interrupt link LNKH configured for IRQ 0
[    0.479014] ACPI: EC: interrupt unblocked
[    0.479020] ACPI: EC: event unblocked
[    0.479043] ACPI: EC: EC_CMD/EC_SC=0x66, EC_DATA=0x62
[    0.479046] ACPI: EC: GPE=0x6e
[    0.479048] ACPI: \_SB_.PC00.LPCB.H_EC: Boot DSDT EC initialization complete
[    0.479052] ACPI: \_SB_.PC00.LPCB.H_EC: EC: Used to handle transactions and events
[    0.479197] iommu: Default domain type: Translated
[    0.479197] iommu: DMA domain TLB invalidation policy: lazy mode
[    0.479197] pps_core: LinuxPPS API ver. 1 registered
[    0.479197] pps_core: Software ver. 5.3.6 - Copyright 2005-2007 Rodolfo Giometti <giometti@linux.it>
[    0.479197] PTP clock support registered
[    0.479197] EDAC MC: Ver: 3.0.0
[    0.479197] efivars: Registered efivars operations
[    0.479197] NetLabel: Initializing
[    0.479197] NetLabel:  domain hash size = 128
[    0.479197] NetLabel:  protocols = UNLABELED CIPSOv4 CALIPSO
[    0.479197] NetLabel:  unlabeled traffic allowed by default
[    0.479197] PCI: Using ACPI for IRQ routing
[    0.502953] PCI: pci_cache_line_size set to 64 bytes
[    0.503099] pci 0000:00:1f.5: BAR 0 [mem 0xfe010000-0xfe010fff]: can't claim; no compatible bridge window
[    0.503243] e820: reserve RAM buffer [mem 0x0009e000-0x0009ffff]
[    0.503246] e820: reserve RAM buffer [mem 0x416ee000-0x43ffffff]
[    0.503248] e820: reserve RAM buffer [mem 0x4335a000-0x43ffffff]
[    0.503249] e820: reserve RAM buffer [mem 0x6c772000-0x6fffffff]
[    0.503250] e820: reserve RAM buffer [mem 0x6d078000-0x6fffffff]
[    0.503252] e820: reserve RAM buffer [mem 0x7025d000-0x73ffffff]
[    0.503253] e820: reserve RAM buffer [mem 0x73f00000-0x73ffffff]
[    0.503254] e820: reserve RAM buffer [mem 0x37fc00000-0x37fffffff]
[    0.503303] pci 0000:00:02.0: vgaarb: setting as boot VGA device
[    0.503303] pci 0000:00:02.0: vgaarb: bridge control possible
[    0.503303] pci 0000:00:02.0: vgaarb: VGA device added: decodes=io+mem,owns=io+mem,locks=none
[    0.503303] vgaarb: loaded
[    0.503303] clocksource: Switched to clocksource tsc-early
[    0.503303] VFS: Disk quotas dquot_6.6.0
[    0.503303] VFS: Dquot-cache hash table entries: 512 (order 0, 4096 bytes)
[    0.503303] AppArmor: AppArmor Filesystem Enabled
[    0.503303] pnp: PnP ACPI init
[    0.503303] system 00:01: [io  0x0680-0x069f] has been reserved
[    0.503303] system 00:01: [io  0x164e-0x164f] has been reserved
[    0.503437] pnp 00:02: disabling [mem 0xc0000000-0xcfffffff] because it overlaps 0000:00:02.0 BAR 9 [mem 0x00000000-0xdfffffff 64bit pref]
[    0.503476] system 00:02: [mem 0xfedc0000-0xfedc7fff] has been reserved
[    0.503481] system 00:02: [mem 0xfeda0000-0xfeda0fff] has been reserved
[    0.503485] system 00:02: [mem 0xfeda1000-0xfeda1fff] has been reserved
[    0.503489] system 00:02: [mem 0xfed20000-0xfed7ffff] could not be reserved
[    0.503493] system 00:02: [mem 0xfed90000-0xfed93fff] could not be reserved
[    0.503497] system 00:02: [mem 0xfed45000-0xfed8ffff] could not be reserved
[    0.503501] system 00:02: [mem 0xfee00000-0xfeefffff] could not be reserved
[    0.508730] system 00:03: [io  0x2000-0x20fe] has been reserved
[    0.510037] pnp: PnP ACPI: found 5 devices
[    0.516250] clocksource: acpi_pm: mask: 0xffffff max_cycles: 0xffffff, max_idle_ns: 2085701024 ns
[    0.516327] NET: Registered PF_INET protocol family
[    0.516686] IP idents hash table entries: 262144 (order: 9, 2097152 bytes, linear)
[    0.536709] tcp_listen_portaddr_hash hash table entries: 8192 (order: 5, 131072 bytes, linear)
[    0.536755] Table-perturb hash table entries: 65536 (order: 6, 262144 bytes, linear)
[    0.536898] TCP established hash table entries: 131072 (order: 8, 1048576 bytes, linear)
[    0.537273] TCP bind hash table entries: 65536 (order: 9, 2097152 bytes, linear)
[    0.537474] TCP: Hash tables configured (established 131072 bind 65536)
[    0.537598] MPTCP token hash table entries: 16384 (order: 6, 393216 bytes, linear)
[    0.537672] UDP hash table entries: 8192 (order: 6, 262144 bytes, linear)
[    0.537732] UDP-Lite hash table entries: 8192 (order: 6, 262144 bytes, linear)
[    0.537825] NET: Registered PF_UNIX/PF_LOCAL protocol family
[    0.537836] NET: Registered PF_XDP protocol family
[    0.537848] pci_bus 0000:00: max bus depth: 1 pci_try_num: 2
[    0.537865] pci 0000:00:02.0: VF BAR 2 [mem 0x4020000000-0x40ffffffff 64bit pref]: assigned
[    0.537875] pci 0000:00:02.0: VF BAR 0 [mem 0x4010000000-0x4016ffffff 64bit]: assigned
[    0.537882] pci 0000:00:15.0: BAR 0 [mem 0x4017000000-0x4017000fff 64bit]: assigned
[    0.537943] pci 0000:00:15.3: BAR 0 [mem 0x4017001000-0x4017001fff 64bit]: assigned
[    0.538006] pci 0000:00:1f.5: BAR 0 [mem 0x80700000-0x80700fff]: assigned
[    0.538021] pci 0000:00:1c.0: PCI bridge to [bus 01]
[    0.538026] pci 0000:00:1c.0:   bridge window [io  0x4000-0x4fff]
[    0.538033] pci 0000:00:1c.0:   bridge window [mem 0x80600000-0x806fffff]
[    0.538044] pci 0000:00:1c.6: PCI bridge to [bus 02]
[    0.538048] pci 0000:00:1c.6:   bridge window [io  0x3000-0x3fff]
[    0.538055] pci 0000:00:1c.6:   bridge window [mem 0x80500000-0x805fffff]
[    0.538065] pci 0000:00:1d.0: PCI bridge to [bus 03]
[    0.538072] pci 0000:00:1d.0:   bridge window [mem 0x80400000-0x804fffff]
[    0.538083] pci_bus 0000:00: resource 4 [io  0x0000-0x0cf7 window]
[    0.538086] pci_bus 0000:00: resource 5 [io  0x0d00-0xffff window]
[    0.538090] pci_bus 0000:00: resource 6 [mem 0x000a0000-0x000bffff window]
[    0.538093] pci_bus 0000:00: resource 7 [mem 0x000e0000-0x000fffff window]
[    0.538097] pci_bus 0000:00: resource 8 [mem 0x80400000-0xbfffffff window]
[    0.538100] pci_bus 0000:00: resource 9 [mem 0x4000000000-0x7fffffffff window]
[    0.538105] pci_bus 0000:01: resource 0 [io  0x4000-0x4fff]
[    0.538108] pci_bus 0000:01: resource 1 [mem 0x80600000-0x806fffff]
[    0.538111] pci_bus 0000:02: resource 0 [io  0x3000-0x3fff]
[    0.538114] pci_bus 0000:02: resource 1 [mem 0x80500000-0x805fffff]
[    0.538118] pci_bus 0000:03: resource 1 [mem 0x80400000-0x804fffff]
[    0.538945] PCI: CLS 64 bytes, default 64
[    0.539012] DMAR: No ATSR found
[    0.539014] DMAR: No SATC found
[    0.539017] DMAR: IOMMU feature fl1gp_support inconsistent
[    0.539018] DMAR: IOMMU feature pgsel_inv inconsistent
[    0.539021] DMAR: IOMMU feature nwfs inconsistent
[    0.539024] DMAR: IOMMU feature dit inconsistent
[    0.539026] DMAR: IOMMU feature sc_support inconsistent
[    0.539028] DMAR: IOMMU feature dev_iotlb_support inconsistent
[    0.539031] DMAR: dmar0: Using Queued invalidation
[    0.539039] DMAR: dmar1: Using Queued invalidation
[    0.539072] Trying to unpack rootfs image as initramfs...
[    0.539386] pci 0000:00:02.0: Adding to iommu group 0
[    0.539435] pci 0000:00:00.0: Adding to iommu group 1
[    0.539452] pci 0000:00:0a.0: Adding to iommu group 2
[    0.539474] pci 0000:00:0d.0: Adding to iommu group 3
[    0.539501] pci 0000:00:14.0: Adding to iommu group 4
[    0.539519] pci 0000:00:14.2: Adding to iommu group 4
[    0.539543] pci 0000:00:15.0: Adding to iommu group 5
[    0.539559] pci 0000:00:15.3: Adding to iommu group 5
[    0.539580] pci 0000:00:16.0: Adding to iommu group 6
[    0.539600] pci 0000:00:1c.0: Adding to iommu group 7
[    0.539623] pci 0000:00:1c.6: Adding to iommu group 8
[    0.539643] pci 0000:00:1d.0: Adding to iommu group 9
[    0.539680] pci 0000:00:1f.0: Adding to iommu group 10
[    0.539697] pci 0000:00:1f.3: Adding to iommu group 10
[    0.539717] pci 0000:00:1f.4: Adding to iommu group 10
[    0.539733] pci 0000:00:1f.5: Adding to iommu group 10
[    0.539754] pci 0000:01:00.0: Adding to iommu group 11
[    0.539774] pci 0000:02:00.0: Adding to iommu group 12
[    0.539795] pci 0000:03:00.0: Adding to iommu group 13
[    0.541129] DMAR: Intel(R) Virtualization Technology for Directed I/O
[    0.541140] PCI-DMA: Using software bounce buffering for IO (SWIOTLB)
[    0.541143] software IO TLB: mapped [mem 0x000000005dcd8000-0x0000000061cd8000] (64MB)
[    0.541225] clocksource: tsc: mask: 0xffffffffffffffff max_cycles: 0xb9fb05486c, max_idle_ns: 440795231721 ns
[    0.541253] clocksource: Switched to clocksource tsc
[    0.541310] platform rtc_cmos: registered platform RTC device (no PNP device found)
[    0.544862] Initialise system trusted keyrings
[    0.544880] Key type blacklist registered
[    0.544950] workingset: timestamp_bits=36 max_order=22 bucket_order=0
[    0.544963] zbud: loaded
[    0.545071] fuse: init (API version 7.41)
[    0.545248] integrity: Platform Keyring initialized
[    0.545256] integrity: Machine keyring initialized
[    0.566067] Key type asymmetric registered
[    0.566077] Asymmetric key parser 'x509' registered
[    0.638903] Freeing initrd memory: 47200K
[    0.645188] Block layer SCSI generic (bsg) driver version 0.4 loaded (major 246)
[    0.645241] io scheduler mq-deadline registered
[    0.647094] ledtrig-cpu: registered to indicate activity on CPUs
[    0.647498] pcieport 0000:00:1c.0: PME: Signaling with IRQ 122
[    0.647819] pcieport 0000:00:1c.6: PME: Signaling with IRQ 123
[    0.648170] pcieport 0000:00:1d.0: PME: Signaling with IRQ 124
[    0.648312] shpchp: Standard Hot Plug PCI Controller Driver version: 0.4
[    0.650213] thermal LNXTHERM:00: registered as thermal_zone0
[    0.650219] ACPI: thermal: Thermal Zone [TZ00] (28 C)
[    0.650382] Serial: 8250/16550 driver, 4 ports, IRQ sharing enabled
[    0.651148] hpet_acpi_add: no address or irqs in _CRS
[    0.651179] Linux agpgart interface v0.103
[    0.657053] i8042: PNP: PS/2 Controller [PNP0303:PS2K] at 0x60,0x64 irq 1
[    0.657059] i8042: PNP: PS/2 appears to have AUX port disabled, if this is incorrect please boot with i8042.nopnp
[    0.657909] serio: i8042 KBD port at 0x60,0x64 irq 1
[    0.657999] mousedev: PS/2 mouse device common for all mice
[    0.658060] rtc_cmos rtc_cmos: RTC can wake from S4
[    0.658933] rtc_cmos rtc_cmos: registered as rtc0
[    0.659128] rtc_cmos rtc_cmos: setting system clock to 2025-12-02T00:29:09 UTC (1764635349)
[    0.659165] rtc_cmos rtc_cmos: alarms up to one month, y3k, 114 bytes nvram
[    0.659353] intel_pstate: Intel P-state driver initializing
[    0.659580] input: AT Translated Set 2 keyboard as /devices/platform/i8042/serio0/input/input0
[    0.659721] intel_pstate: HWP enabled
[    0.660262] efifb: probing for efifb
[    0.660277] efifb: framebuffer at 0x4000000000, using 1876k, total 1875k
[    0.660282] efifb: mode is 800x600x32, linelength=3200, pages=1
[    0.660286] efifb: scrolling: redraw
[    0.660288] efifb: Truecolor: size=8:8:8:8, shift=24:16:8:0
[    0.666335] Console: switching to colour frame buffer device 75x50
[    0.673433] fb0: EFI VGA frame buffer device
[    0.673652] NET: Registered PF_INET6 protocol family
[    0.679258] Segment Routing with IPv6
[    0.679340] In-situ OAM (IOAM) with IPv6
[    0.679431] mip6: Mobile IPv6
[    0.679479] NET: Registered PF_PACKET protocol family
[    0.679596] mpls_gso: MPLS GSO support
[    0.680063] ENERGY_PERF_BIAS: Set to 'normal', was 'performance'
[    0.680253] microcode: Current revision: 0x0000001d
[    0.680336] microcode: Updated early from: 0x0000000f
[    0.680900] resctrl: L2 allocation detected
[    0.680980] IPI shorthand broadcast: enabled
[    0.682801] sched_clock: Marking stable (672538664, 8346269)->(715683148, -34798215)
[    0.683265] registered taskstats version 1
[    0.683473] Loading compiled-in X.509 certificates
[    0.708275] Loaded X.509 cert 'Build time autogenerated kernel key: d2dd4bf04bc5201ffcfa02ea549298b155fb4038'
[    0.710550] Demotion targets for Node 0: null
[    0.710837] Key type .fscrypt registered
[    0.710918] Key type fscrypt-provisioning registered
[    0.732622] Key type encrypted registered
[    0.732695] AppArmor: AppArmor sha256 policy hashing enabled
[    0.733642] ima: Allocated hash algorithm: sha256
[    0.768582] ima: No architecture policies found
[    0.772446] evm: Initialising EVM extended attributes:
[    0.776011] evm: security.selinux
[    0.780132] evm: security.SMACK64 (disabled)
[    0.784407] evm: security.SMACK64EXEC (disabled)
[    0.788514] evm: security.SMACK64TRANSMUTE (disabled)
[    0.792607] evm: security.SMACK64MMAP (disabled)
[    0.796625] evm: security.apparmor
[    0.800589] evm: security.ima
[    0.804430] evm: security.capability
[    0.808282] evm: HMAC attrs: 0x1
[    0.814923] RAS: Correctable Errors collector initialized.
[    0.823495] clk: Disabling unused clocks
[    0.826643] PM: genpd: Disabling unused power domains
[    0.831567] Freeing unused decrypted memory: 2028K
[    0.835440] Freeing unused kernel image (initmem) memory: 4152K
[    0.838618] Write protecting the kernel read-only data: 28672k
[    0.842023] Freeing unused kernel image (rodata/data gap) memory: 488K
[    0.896185] x86/mm: Checked W+X mappings: passed, no W+X pages found.
[    0.900036] Run /init as init process
[    0.903878]   with arguments:
[    0.903880]     /init
[    0.903881]   with environment:
[    0.903882]     HOME=/
[    0.903883]     TERM=linux
[    0.928873] udevd[178]: starting version 3.2.14
[    0.933052] udevd[180]: starting eudev-3.2.14
[    0.969311] ACPI: battery: Slot [BAT0] (battery present)
[    0.999192] i801_smbus 0000:00:1f.4: enabling device (0000 -> 0003)
[    1.011472] intel-lpss 0000:00:15.0: enabling device (0004 -> 0006)
[    1.011518] i801_smbus 0000:00:1f.4: SPD Write Disable is set
[    1.017993] i801_smbus 0000:00:1f.4: SMBus using PCI interrupt
[    1.021798] idma64 idma64.0: Found Intel integrated DMA 64-bit
[    1.032189] ACPI: bus type USB registered
[    1.035347] usbcore: registered new interface driver usbfs
[    1.038645] usbcore: registered new interface driver hub
[    1.042433] usbcore: registered new device driver usb
[    1.064400] intel-lpss 0000:00:15.3: enabling device (0004 -> 0006)
[    1.068735] idma64 idma64.1: Found Intel integrated DMA 64-bit
[    1.242728] i801_smbus 0000:00:1f.4: SMBus is busy, can't use it!
[    1.246465] i801_smbus 0000:00:1f.4: SMBus is busy, can't use it!
[    1.249552] i801_smbus 0000:00:1f.4: SMBus is busy, can't use it!
[    1.252275] i801_smbus 0000:00:1f.4: SMBus is busy, can't use it!
[    1.255562] i801_smbus 0000:00:1f.4: SMBus is busy, can't use it!
[    1.258939] i801_smbus 0000:00:1f.4: SMBus is busy, can't use it!
[    1.262280] i801_smbus 0000:00:1f.4: SMBus is busy, can't use it!
[    1.276154] nvme 0000:03:00.0: platform quirk: setting simple suspend
[    1.279842] iTCO_vendor_support: vendor-support=0
[    1.280551] nvme nvme0: pci function 0000:03:00.0
[    1.287982] r8169 0000:01:00.0: enabling device (0000 -> 0003)
[    1.291481] nvme nvme0: missing or invalid SUBNQN field.
[    1.304799] r8169 0000:01:00.0 eth0: RTL8168h/8111h, 00:e0:4c:59:d2:6c, XID 541, IRQ 126
[    1.310381] r8169 0000:01:00.0 eth0: jumbo features [frames: 9194 bytes, tx checksumming: ko]
[    1.316010] nvme nvme0: allocated 64 MiB host memory buffer.
[    1.328016] nvme nvme0: 4/0/0 default/read/poll queues
[    1.340619]  nvme0n1: p1 p2 p5 p6 p7
[    1.349469] xhci_hcd 0000:00:0d.0: xHCI Host Controller
[    1.352580] xhci_hcd 0000:00:0d.0: new USB bus registered, assigned bus number 1
[    1.359632] iTCO_wdt iTCO_wdt: Found a Intel PCH TCO device (Version=6, TCOBASE=0x0400)
[    1.360829] xhci_hcd 0000:00:0d.0: hcc params 0x20007fc1 hci version 0x120 quirks 0x0000000200009810
[    1.366684] iTCO_wdt iTCO_wdt: initialized. heartbeat=30 sec (nowayout=0)
[    1.374844] xhci_hcd 0000:00:0d.0: xHCI Host Controller
[    1.384074] xhci_hcd 0000:00:0d.0: new USB bus registered, assigned bus number 2
[    1.390724] xhci_hcd 0000:00:0d.0: Host supports USB 3.2 Enhanced SuperSpeed
[    1.397349] usb usb1: New USB device found, idVendor=1d6b, idProduct=0002, bcdDevice= 6.12
[    1.403887] usb usb1: New USB device strings: Mfr=3, Product=2, SerialNumber=1
[    1.410807] usb usb1: Product: xHCI Host Controller
[    1.414229] usb usb1: Manufacturer: Linux 6.12.57 xhci-hcd
[    1.417658] usb usb1: SerialNumber: 0000:00:0d.0
[    1.421314] hub 1-0:1.0: USB hub found
[    1.424747] hub 1-0:1.0: 1 port detected
[    1.428463] usb usb2: New USB device found, idVendor=1d6b, idProduct=0003, bcdDevice= 6.12
[    1.435202] usb usb2: New USB device strings: Mfr=3, Product=2, SerialNumber=1
[    1.442974] usb usb2: Product: xHCI Host Controller
[    1.447413] usb usb2: Manufacturer: Linux 6.12.57 xhci-hcd
[    1.451870] usb usb2: SerialNumber: 0000:00:0d.0
[    1.456384] hub 2-0:1.0: USB hub found
[    1.461877] hub 2-0:1.0: 2 ports detected
[    1.467551] xhci_hcd 0000:00:14.0: xHCI Host Controller
[    1.470959] xhci_hcd 0000:00:14.0: new USB bus registered, assigned bus number 3
[    1.479009] xhci_hcd 0000:00:14.0: hcc params 0x20007fc1 hci version 0x120 quirks 0x0000100200009810
[    1.488998] xhci_hcd 0000:00:14.0: xHCI Host Controller
[    1.493154] xhci_hcd 0000:00:14.0: new USB bus registered, assigned bus number 4
[    1.500960] xhci_hcd 0000:00:14.0: Host supports USB 3.1 Enhanced SuperSpeed
[    1.508855] usb usb3: New USB device found, idVendor=1d6b, idProduct=0002, bcdDevice= 6.12
[    1.516758] usb usb3: New USB device strings: Mfr=3, Product=2, SerialNumber=1
[    1.524637] usb usb3: Product: xHCI Host Controller
[    1.528583] usb usb3: Manufacturer: Linux 6.12.57 xhci-hcd
[    1.532531] usb usb3: SerialNumber: 0000:00:14.0
[    1.536665] hub 3-0:1.0: USB hub found
[    1.540609] hub 3-0:1.0: 12 ports detected
[    1.546505] usb usb4: New USB device found, idVendor=1d6b, idProduct=0003, bcdDevice= 6.12
[    1.556162] usb usb4: New USB device strings: Mfr=3, Product=2, SerialNumber=1
[    1.565837] usb usb4: Product: xHCI Host Controller
[    1.570632] usb usb4: Manufacturer: Linux 6.12.57 xhci-hcd
[    1.575391] usb usb4: SerialNumber: 0000:00:14.0
[    1.580287] hub 4-0:1.0: USB hub found
[    1.584946] hub 4-0:1.0: 4 ports detected
[    1.692350] raid6: avx2x4   gen() 20043 MB/s
[    1.764349] raid6: avx2x2   gen() 22982 MB/s
[    1.804404] usb 3-3: new high-speed USB device number 2 using xhci_hcd
[    1.832350] raid6: avx2x1   gen() 18819 MB/s
[    1.835882] raid6: using algorithm avx2x2 gen() 22982 MB/s
[    1.904362] raid6: .... xor() 13465 MB/s, rmw enabled
[    1.908880] raid6: using avx2x2 recovery algorithm
[    1.915582] xor: automatically using best checksumming function   avx       
[    1.962603] usb 3-3: New USB device found, idVendor=32e6, idProduct=9005, bcdDevice= 0.01
[    1.970229] usb 3-3: New USB device strings: Mfr=1, Product=2, SerialNumber=0
[    1.977749] usb 3-3: Product: icspring camera
[    1.981556] usb 3-3: Manufacturer: icSpring
[    2.108381] usb 3-4: new full-speed USB device number 3 using xhci_hcd
[    2.133538] Btrfs loaded, zoned=yes, fsverity=yes
[    2.253621] usb 3-4: New USB device found, idVendor=222a, idProduct=0001, bcdDevice= 0.02
[    2.261283] usb 3-4: New USB device strings: Mfr=1, Product=2, SerialNumber=0
[    2.266548] PM: Image not found (code -22)
[    2.269149] usb 3-4: Product: ILITEK-2900
[    2.269150] usb 3-4: Manufacturer: ILITEK
[    2.299835] hid: raw HID events driver (C) Jiri Kosina
[    2.312276] usbcore: registered new interface driver usbhid
[    2.315561] usbhid: USB HID core driver
[    2.321745] input: ILITEK ILITEK-2900 Touchscreen as /devices/pci0000:00/0000:00:14.0/usb3/3-4/3-4:1.0/0003:222A:0001.0001/input/input1
[    2.330491] input: ILITEK ILITEK-2900 Stylus as /devices/pci0000:00/0000:00:14.0/usb3/3-4/3-4:1.0/0003:222A:0001.0001/input/input2
[    2.339897] hid-generic 0003:222A:0001.0001: input,hiddev0,hidraw0: USB HID v1.10 Device [ILITEK ILITEK-2900] on usb-0000:00:14.0-4/input0
[    2.400509] usb 3-8: new full-speed USB device number 4 using xhci_hcd
[    2.404475] input: ILITEK ILITEK-2900 as /devices/pci0000:00/0000:00:14.0/usb3/3-4/3-4:1.0/0003:222A:0001.0001/input/input4
[    2.413923] input: ILITEK ILITEK-2900 Stylus as /devices/pci0000:00/0000:00:14.0/usb3/3-4/3-4:1.0/0003:222A:0001.0001/input/input5
[    2.423897] hid-multitouch 0003:222A:0001.0001: input,hiddev0,hidraw0: USB HID v1.10 Device [ILITEK ILITEK-2900] on usb-0000:00:14.0-4/input0
[    2.471208] BTRFS: device label root1 devid 1 transid 131978 /dev/nvme0n1p5 (259:3) scanned by mount (247)
[    2.480316] BTRFS info (device nvme0n1p5): first mount of filesystem cf1b7843-392f-413c-ab2f-fa8bfa5d90e7
[    2.488403] BTRFS info (device nvme0n1p5): using crc32c (crc32c-intel) checksum algorithm
[    2.506110] BTRFS info (device nvme0n1p5): enabling ssd optimizations
[    2.510211] BTRFS info (device nvme0n1p5): turning on async discard
[    2.514221] BTRFS info (device nvme0n1p5): enabling free space tree
[    2.550442] usb 3-8: New USB device found, idVendor=0bda, idProduct=b85b, bcdDevice= 0.00
[    2.559139] usb 3-8: New USB device strings: Mfr=1, Product=2, SerialNumber=3
[    2.559142] usb 3-8: Product: Bluetooth Radio
[    2.559144] usb 3-8: Manufacturer: Realtek
[    2.559145] usb 3-8: SerialNumber: 00e04c000001
[    2.604203] Not activating Mandatory Access Control as /sbin/tomoyo-init does not exist.
[    2.880075] udevd[463]: starting version 3.2.14
[    2.934404] udevd[463]: GOTO 'alsa_restore_std' has no matching label in: '/usr/lib/udev/rules.d/90-alsa-restore.rules'
[    2.943138] udevd[463]: GOTO 'alsa_restore_std' has no matching label in: '/usr/lib/udev/rules.d/90-alsa-restore.rules'
[    2.957741] udevd[464]: starting eudev-3.2.14
[    3.013604] resource: resource sanity check: requesting [mem 0x00000000fedc0000-0x00000000fedcffff], which spans more than pnp 00:02 [mem 0xfedc0000-0xfedc7fff]
[    3.026745] caller igen6_probe+0x15e/0x7c0 [igen6_edac] mapping multiple BARs
[    3.027813] ACPI: AC: AC Adapter [ADP1] (on-line)
[    3.035504] EDAC MC0: Giving out device to module igen6_edac controller Intel_client_SoC MC#0: DEV 0000:00:00.0 (INTERRUPT)
[    3.048090] EDAC igen6 MC0: HANDLING IBECC MEMORY ERROR
[    3.048092] EDAC igen6 MC0: ADDR 0x7fffffffe0 
[    3.048139] EDAC igen6: v2.5.1
[    3.066607] input: Lid Switch as /devices/LNXSYSTM:00/LNXSYBUS:00/PNP0A08:00/device:06/PNP0C09:00/PNP0C0D:00/input/input7
[    3.076000] ACPI: button: Lid Switch [LID0]
[    3.080541] input: Power Button as /devices/LNXSYSTM:00/LNXSYBUS:00/PNP0C0C:00/input/input8
[    3.089954] ACPI: button: Power Button [PWRB]
[    3.090144] input: Intel HID events as /devices/platform/INTC1070:00/input/input9
[    3.094456] intel_pmc_core INT33A1:00:  initialized
[    3.099183] input: Sleep Button as /devices/LNXSYSTM:00/LNXSYBUS:00/PNP0C0E:00/input/input10
[    3.099231] ACPI: button: Sleep Button [SLPB]
[    3.102907] intel-hid INTC1070:00: platform supports 5 button array
[    3.129372] input: Intel HID 5 button array as /devices/platform/INTC1070:00/input/input11
[    3.142696] ACPI: bus type drm_connector registered
[    3.190046] bmc150_accel_i2c i2c-BOSC0200:00: supply vdd not found, using dummy regulator
[    3.210020] pstore: Using crash dump compression: deflate
[    3.215220] bmc150_accel_i2c i2c-BOSC0200:00: supply vddio not found, using dummy regulator
[    3.228636] pstore: Registered efi_pstore as persistent store backend
[    3.234444] mei_me 0000:00:16.0: enabling device (0000 -> 0002)
[    3.244108] mc: Linux media interface: v0.10
[    3.312981] input: PC Speaker as /devices/platform/pcspkr/input/input12
[    3.356335] Bluetooth: Core ver 2.22
[    3.361507] NET: Registered PF_BLUETOOTH protocol family
[    3.365661] Bluetooth: HCI device and connection manager initialized
[    3.376589] Bluetooth: HCI socket layer initialized
[    3.381126] Bluetooth: L2CAP socket layer initialized
[    3.385972] Bluetooth: SCO socket layer initialized
[    3.410975] videodev: Linux video capture interface: v2.00
[    3.411233] cfg80211: Loading compiled-in X.509 certificates for regulatory database
[    3.434972] Loaded X.509 cert 'benh@debian.org: 577e021cb980e0e820821ba7b54b4961b8b4fadf'
[    3.443960] RAPL PMU: API unit is 2^-32 Joules, 4 fixed counters, 655360 ms ovfl timer
[    3.452365] RAPL PMU: hw unit of domain pp0-core 2^-14 Joules
[    3.457075] RAPL PMU: hw unit of domain package 2^-14 Joules
[    3.460619] Loaded X.509 cert 'romain.perier@gmail.com: 3abbc6ec146e09d1b6016ab9d6cf71dd233f0328'
[    3.461501] RAPL PMU: hw unit of domain pp1-gpu 2^-14 Joules
[    3.471094] Loaded X.509 cert 'sforshee: 00b28ddf47aef9cea7'
[    3.476004] RAPL PMU: hw unit of domain psys 2^-14 Joules
[    3.485021] Loaded X.509 cert 'wens: 61c038651aabdcf94bd0ac7ff06c7248db18c600'
[    3.505278] cryptd: max_cpu_qlen set to 1000
[    3.515562] usbcore: registered new interface driver btusb
[    3.524431] Bluetooth: hci0: RTL: examining hci_ver=0b hci_rev=000b lmp_ver=0b lmp_subver=8852
[    3.534265] Bluetooth: hci0: RTL: rom_version status=0 version=1
[    3.538491] Bluetooth: hci0: RTL: loading rtl_bt/rtl8852bu_fw.bin
[    3.542963] AES CTR mode by8 optimization enabled
[    3.552389] Bluetooth: hci0: RTL: loading rtl_bt/rtl8852bu_config.bin
[    3.561061] Bluetooth: hci0: RTL: cfg_sz 6, total sz 54947
[    3.572837] usb 3-3: Found UVC 1.00 device icspring camera (32e6:9005)
[    3.608236] usbcore: registered new interface driver uvcvideo
[    3.624533] snd_hda_intel 0000:00:1f.3: enabling device (0000 -> 0002)
[    3.915051] Bluetooth: hci0: RTL: fw version 0x0474842d
[    4.102342] i915 0000:00:02.0: [drm] Found ALDERLAKE_P/ADL-N (device ID 46d1) display version 13.00 stepping D0
[    4.110638] i915 0000:00:02.0: [drm:intel_gt_common_init_early [i915]] WOPCM: 2048K
[    4.110852] i915 0000:00:02.0: [drm:intel_uc_init_early [i915]] GT0: enable_guc=3 (guc:yes submission:yes huc:yes slpc:yes)
[    4.111076] i915 0000:00:02.0: [drm:intel_pch_type [i915]] Found Alder Lake PCH
[    4.111332] i915 0000:00:02.0: [drm:intel_gt_probe_all [i915]] GT0: Setting up Primary GT
[    4.111544] i915 0000:00:02.0: [drm:intel_uncore_init_mmio [i915]] unclaimed mmio detected on uncore init, clearing
[    4.111727] i915 0000:00:02.0: [drm:intel_display_device_info_runtime_init [i915]] rawclk rate: 19200 kHz
[    4.112159] i915 0000:00:02.0: [drm:intel_engines_init_mmio [i915]] GT0: vcs2 fused off
[    4.112357] i915 0000:00:02.0: [drm:intel_engines_init_mmio [i915]] GT0: vdbox enable: 0001, instances: 0001
[    4.112554] i915 0000:00:02.0: [drm:intel_engines_init_mmio [i915]] GT0: vebox enable: 0001, instances: 0001
[    4.112974] i915 0000:00:02.0: [drm:i915_ggtt_probe_hw [i915]] GGTT size = 4096M
[    4.113179] i915 0000:00:02.0: [drm:i915_ggtt_probe_hw [i915]] GMADR size = 256M
[    4.113369] i915 0000:00:02.0: [drm:i915_ggtt_probe_hw [i915]] DSM size = 60M
[    4.113557] i915 0000:00:02.0: [drm] VT-d active for gfx access
[    4.118235] Console: switching to colour dummy device 80x25
[    4.118497] i915 0000:00:02.0: vgaarb: deactivate vga console
[    4.118587] i915 0000:00:02.0: [drm] Using Transparent Hugepages
[    4.118598] i915 0000:00:02.0: [drm:i915_gem_init_stolen [i915]] GEN6_STOLEN_RESERVED = 0x0000000080200087
[    4.118792] i915 0000:00:02.0: [drm:i915_gem_init_stolen [i915]] Memory reserved for graphics device: 61440K, usable: 59392K
[    4.118955] i915 0000:00:02.0: [drm:intel_memory_regions_hw_probe [i915]] Memory region(0): system: 11639 MiB [mem 0x00000000-0x2d7786fff], io: n/a
[    4.119087] i915 0000:00:02.0: [drm:intel_memory_regions_hw_probe [i915]] Memory region(5): stolen-system: 58 MiB [mem 0x7c800000-0x801fffff], io: n/a
[    4.119263] i915 0000:00:02.0: [drm:intel_opregion_setup [i915]] graphic opregion physical addr: 0x734a3018
[    4.119456] i915 0000:00:02.0: [drm:intel_opregion_setup [i915]] ACPI OpRegion version 2.1.0
[    4.119624] i915 0000:00:02.0: [drm:intel_opregion_setup [i915]] Public ACPI methods supported
[    4.119786] i915 0000:00:02.0: [drm:intel_opregion_setup [i915]] ASLE supported
[    4.119943] i915 0000:00:02.0: [drm:intel_opregion_setup [i915]] ASLE extension supported
[    4.120105] i915 0000:00:02.0: [drm:intel_opregion_setup [i915]] Found valid VBT in ACPI OpRegion (RVDA)
[    4.120264] i915 0000:00:02.0: [drm:intel_dram_detect [i915]] Num qgv points 4
[    4.120429] i915 0000:00:02.0: [drm:intel_dram_detect [i915]] DRAM channels: 2
[    4.120559] i915 0000:00:02.0: [drm:i915_driver_probe [i915]] Watermark level 0 adjustment needed: no
[    4.120713] i915 0000:00:02.0: [drm:icl_get_qgv_points.constprop.0 [i915]] QGV 0: DCLK=2401 tRP=24 tRDPRE=20 tRAS=52 tRCD=24 tRC=76
[    4.120934] i915 0000:00:02.0: [drm:icl_get_qgv_points.constprop.0 [i915]] QGV 1: DCLK=4001 tRP=36 tRDPRE=24 tRAS=84 tRCD=36 tRC=120
[    4.121131] i915 0000:00:02.0: [drm:icl_get_qgv_points.constprop.0 [i915]] QGV 2: DCLK=4401 tRP=40 tRDPRE=28 tRAS=96 tRCD=40 tRC=136
[    4.121322] i915 0000:00:02.0: [drm:icl_get_qgv_points.constprop.0 [i915]] QGV 3: DCLK=4801 tRP=44 tRDPRE=28 tRAS=104 tRCD=44 tRC=148
[    4.121513] i915 0000:00:02.0: [drm:icl_get_qgv_points.constprop.0 [i915]] PSF GV 0: CLK=32 
[    4.121708] i915 0000:00:02.0: [drm:icl_get_qgv_points.constprop.0 [i915]] PSF GV 1: CLK=38 
[    4.121883] i915 0000:00:02.0: [drm:icl_get_qgv_points.constprop.0 [i915]] PSF GV 2: CLK=48 
[    4.122053] i915 0000:00:02.0: [drm:tgl_get_bw_info.isra.0 [i915]] BW0 / QGV 0: num_planes=0 deratedbw=8478 peakbw: 19208
[    4.122223] i915 0000:00:02.0: [drm:tgl_get_bw_info.isra.0 [i915]] BW0 / QGV 1: num_planes=0 deratedbw=11380 peakbw: 32008
[    4.122389] i915 0000:00:02.0: [drm:tgl_get_bw_info.isra.0 [i915]] BW0 / QGV 2: num_planes=0 deratedbw=11556 peakbw: 35208
[    4.122554] i915 0000:00:02.0: [drm:tgl_get_bw_info.isra.0 [i915]] BW0 / QGV 3: num_planes=0 deratedbw=11991 peakbw: 38408
[    4.122721] i915 0000:00:02.0: [drm:tgl_get_bw_info.isra.0 [i915]] BW0 / PSF GV 0: num_planes=0 bw=34133
[    4.122888] i915 0000:00:02.0: [drm:tgl_get_bw_info.isra.0 [i915]] BW0 / PSF GV 1: num_planes=0 bw=40533
[    4.123052] i915 0000:00:02.0: [drm:tgl_get_bw_info.isra.0 [i915]] BW0 / PSF GV 2: num_planes=0 bw=51200
[    4.123218] i915 0000:00:02.0: [drm:tgl_get_bw_info.isra.0 [i915]] BW1 / QGV 0: num_planes=4 deratedbw=10928 peakbw: 19208
[    4.123384] i915 0000:00:02.0: [drm:tgl_get_bw_info.isra.0 [i915]] BW1 / QGV 1: num_planes=4 deratedbw=15758 peakbw: 32008
[    4.123545] i915 0000:00:02.0: [drm:tgl_get_bw_info.isra.0 [i915]] BW1 / QGV 2: num_planes=4 deratedbw=16388 peakbw: 35208
[    4.123710] i915 0000:00:02.0: [drm:tgl_get_bw_info.isra.0 [i915]] BW1 / QGV 3: num_planes=4 deratedbw=17250 peakbw: 38408
[    4.123869] i915 0000:00:02.0: [drm:tgl_get_bw_info.isra.0 [i915]] BW1 / PSF GV 0: num_planes=4 bw=34133
[    4.124026] i915 0000:00:02.0: [drm:tgl_get_bw_info.isra.0 [i915]] BW1 / PSF GV 1: num_planes=4 bw=40533
[    4.124182] i915 0000:00:02.0: [drm:tgl_get_bw_info.isra.0 [i915]] BW1 / PSF GV 2: num_planes=4 bw=51200
[    4.124338] i915 0000:00:02.0: [drm:tgl_get_bw_info.isra.0 [i915]] BW2 / QGV 0: num_planes=0 deratedbw=12772 peakbw: 19208
[    4.124520] i915 0000:00:02.0: [drm:tgl_get_bw_info.isra.0 [i915]] BW2 / QGV 1: num_planes=0 deratedbw=19510 peakbw: 32008
[    4.124682] i915 0000:00:02.0: [drm:tgl_get_bw_info.isra.0 [i915]] BW2 / QGV 2: num_planes=0 deratedbw=20720 peakbw: 35208
[    4.124839] i915 0000:00:02.0: [drm:tgl_get_bw_info.isra.0 [i915]] BW2 / QGV 3: num_planes=0 deratedbw=22096 peakbw: 38408
[    4.124994] i915 0000:00:02.0: [drm:tgl_get_bw_info.isra.0 [i915]] BW2 / PSF GV 0: num_planes=0 bw=34133
[    4.125158] i915 0000:00:02.0: [drm:tgl_get_bw_info.isra.0 [i915]] BW2 / PSF GV 1: num_planes=0 bw=40533
[    4.125326] i915 0000:00:02.0: [drm:tgl_get_bw_info.isra.0 [i915]] BW2 / PSF GV 2: num_planes=0 bw=51200
[    4.125486] i915 0000:00:02.0: [drm:tgl_get_bw_info.isra.0 [i915]] BW3 / QGV 0: num_planes=0 deratedbw=13950 peakbw: 19208
[    4.125646] i915 0000:00:02.0: [drm:tgl_get_bw_info.isra.0 [i915]] BW3 / QGV 1: num_planes=0 deratedbw=22146 peakbw: 32008
[    4.125822] i915 0000:00:02.0: [drm:tgl_get_bw_info.isra.0 [i915]] BW3 / QGV 2: num_planes=0 deratedbw=23044 peakbw: 35208
[    4.125988] i915 0000:00:02.0: [drm:tgl_get_bw_info.isra.0 [i915]] BW3 / QGV 3: num_planes=0 deratedbw=23044 peakbw: 38408
[    4.126160] i915 0000:00:02.0: [drm:tgl_get_bw_info.isra.0 [i915]] BW3 / PSF GV 0: num_planes=0 bw=34133
[    4.126331] i915 0000:00:02.0: [drm:tgl_get_bw_info.isra.0 [i915]] BW3 / PSF GV 1: num_planes=0 bw=40533
[    4.126502] i915 0000:00:02.0: [drm:tgl_get_bw_info.isra.0 [i915]] BW3 / PSF GV 2: num_planes=0 bw=51200
[    4.126672] i915 0000:00:02.0: [drm:tgl_get_bw_info.isra.0 [i915]] BW4 / QGV 0: num_planes=0 deratedbw=14624 peakbw: 19208
[    4.126843] i915 0000:00:02.0: [drm:tgl_get_bw_info.isra.0 [i915]] BW4 / QGV 1: num_planes=0 deratedbw=23044 peakbw: 32008
[    4.127013] i915 0000:00:02.0: [drm:tgl_get_bw_info.isra.0 [i915]] BW4 / QGV 2: num_planes=0 deratedbw=23044 peakbw: 35208
[    4.127181] i915 0000:00:02.0: [drm:tgl_get_bw_info.isra.0 [i915]] BW4 / QGV 3: num_planes=0 deratedbw=23044 peakbw: 38408
[    4.127344] i915 0000:00:02.0: [drm:tgl_get_bw_info.isra.0 [i915]] BW4 / PSF GV 0: num_planes=0 bw=34133
[    4.127509] i915 0000:00:02.0: [drm:tgl_get_bw_info.isra.0 [i915]] BW4 / PSF GV 1: num_planes=0 bw=40533
[    4.127674] i915 0000:00:02.0: [drm:tgl_get_bw_info.isra.0 [i915]] BW4 / PSF GV 2: num_planes=0 bw=51200
[    4.127838] i915 0000:00:02.0: [drm:tgl_get_bw_info.isra.0 [i915]] BW5 / QGV 0: num_planes=0 deratedbw=14986 peakbw: 19208
[    4.128001] i915 0000:00:02.0: [drm:tgl_get_bw_info.isra.0 [i915]] BW5 / QGV 1: num_planes=0 deratedbw=23044 peakbw: 32008
[    4.128163] i915 0000:00:02.0: [drm:tgl_get_bw_info.isra.0 [i915]] BW5 / QGV 2: num_planes=0 deratedbw=23044 peakbw: 35208
[    4.128326] i915 0000:00:02.0: [drm:tgl_get_bw_info.isra.0 [i915]] BW5 / QGV 3: num_planes=0 deratedbw=23044 peakbw: 38408
[    4.128506] i915 0000:00:02.0: [drm:tgl_get_bw_info.isra.0 [i915]] BW5 / PSF GV 0: num_planes=0 bw=34133
[    4.128688] i915 0000:00:02.0: [drm:tgl_get_bw_info.isra.0 [i915]] BW5 / PSF GV 1: num_planes=0 bw=40533
[    4.128869] i915 0000:00:02.0: [drm:tgl_get_bw_info.isra.0 [i915]] BW5 / PSF GV 2: num_planes=0 bw=51200
[    4.129312] i915 0000:00:02.0: [drm:intel_bios_init [i915]] Set default to SSC at 120000 kHz
[    4.129489] i915 0000:00:02.0: [drm:intel_bios_init [i915]] VBT signature "$VBT ALDERLAKE-P    ", BDB version 249
[    4.129651] i915 0000:00:02.0: [drm:intel_bios_init [i915]] Found BDB block 1 (size 6, min size 7)
[    4.129810] i915 0000:00:02.0: [drm:intel_bios_init [i915]] Found BDB block 2 (size 395, min size 5)
[    4.129978] i915 0000:00:02.0: [drm:intel_bios_init [i915]] Found BDB block 9 (size 100, min size 100)
[    4.130145] i915 0000:00:02.0: [drm:intel_bios_init [i915]] Found BDB block 12 (size 19, min size 19)
[    4.130301] i915 0000:00:02.0: [drm:intel_bios_init [i915]] Found BDB block 27 (size 812, min size 848)
[    4.130460] i915 0000:00:02.0: [drm:intel_bios_init [i915]] Found BDB block 40 (size 34, min size 34)
[    4.130612] i915 0000:00:02.0: [drm:intel_bios_init [i915]] Generating LFP data table pointers
[    4.130765] i915 0000:00:02.0: [drm:intel_bios_init [i915]] Found BDB block 41 (size 148, min size 148)
[    4.130919] i915 0000:00:02.0: [drm:intel_bios_init [i915]] Found BDB block 42 (size 1366, min size 1366)
[    4.131076] i915 0000:00:02.0: [drm:intel_bios_init [i915]] Found BDB block 43 (size 305, min size 305)
[    4.131228] i915 0000:00:02.0: [drm:intel_bios_init [i915]] Found BDB block 44 (size 78, min size 136)
[    4.131380] i915 0000:00:02.0: [drm:intel_bios_init [i915]] Found BDB block 52 (size 822, min size 822)
[    4.131533] i915 0000:00:02.0: [drm:intel_bios_init [i915]] Found BDB block 53 (size 2001, min size 1)
[    4.131687] i915 0000:00:02.0: [drm:intel_bios_init [i915]] Found BDB block 56 (size 210, min size 210)
[    4.131838] i915 0000:00:02.0: [drm:intel_bios_init [i915]] Found BDB block 58 (size 674, min size 2)
[    4.131989] i915 0000:00:02.0: [drm:intel_bios_init [i915]] BDB_GENERAL_FEATURES int_tv_support 0 int_crt_support 0 lvds_use_ssc 0 lvds_ssc_freq 120000 display_clock_mode 1 fdi_rx_polarity_inverted 0
[    4.132140] i915 0000:00:02.0: [drm:intel_bios_init [i915]] crt_ddc_bus_pin: 2
[    4.132292] i915 0000:00:02.0: [drm:intel_bios_init [i915]] Found VBT child device with type 0x1400
[    4.132456] i915 0000:00:02.0: [drm:intel_bios_init [i915]] Found VBT child device with type 0x60d2
[    4.132608] i915 0000:00:02.0: [drm:intel_bios_init [i915]] Found VBT child device with type 0x68c6
[    4.132758] i915 0000:00:02.0: [drm:intel_bios_init [i915]] Skipping SDVO device mapping
[    4.132910] i915 0000:00:02.0: [drm:intel_bios_init [i915]] Port A VBT info: CRT:0 DVI:0 HDMI:0 DP:0 eDP:0 DSI:1 DP++:0 LSPCON:0 USB-Type-C:0 TBT:0 DSC:0
[    4.133062] i915 0000:00:02.0: [drm:intel_bios_init [i915]] Port A VBT HDMI level shift: 0
[    4.133212] i915 0000:00:02.0: [drm:intel_bios_init [i915]] Port B VBT info: CRT:0 DVI:1 HDMI:1 DP:0 eDP:0 DSI:0 DP++:0 LSPCON:0 USB-Type-C:0 TBT:0 DSC:0
[    4.133364] i915 0000:00:02.0: [drm:intel_bios_init [i915]] Port B VBT HDMI level shift: 0
[    4.133513] i915 0000:00:02.0: [drm:intel_bios_init [i915]] Port B VBT HDMI max TMDS clock: 594000 kHz
[    4.133663] i915 0000:00:02.0: [drm:intel_bios_init [i915]] Port E VBT info: CRT:0 DVI:0 HDMI:0 DP:1 eDP:0 DSI:0 DP++:0 LSPCON:0 USB-Type-C:1 TBT:1 DSC:0
[    4.133815] i915 0000:00:02.0: [drm:intel_bios_init [i915]] Port E VBT HDMI level shift: 0
[    4.133967] i915 0000:00:02.0: [drm:intel_power_domains_init [i915]] Allowed DC state mask 4000000a
[    4.134165] i915 0000:00:02.0: [drm:gen9_set_dc_state.part.0 [i915]] Setting DC state from 00 to 00
[    4.134384] i915 0000:00:02.0: [drm:check_phy_reg [i915]] Combo PHY A reg 001628a0 state mismatch: current 9003517c mask e0000000 expected a0000000
[    4.134583] i915 0000:00:02.0: [drm:icl_combo_phys_init [i915]] Initializing combo PHY A (Voltage/Process Info : 0.85V dot0 (low-voltage))
[    4.134802] i915 0000:00:02.0: [drm:intel_power_well_enable [i915]] enabling PW_1
[    4.134993] i915 0000:00:02.0: [drm:intel_cdclk_init_hw [i915]] Current CDCLK 179200 kHz, VCO 537600 kHz, ref 38400 kHz, bypass 19200 kHz, voltage level 0
[    4.135169] i915 0000:00:02.0: [drm:gen9_dbuf_slices_update [i915]] Updating dbuf slices to 0xf
[    4.135397] i915 0000:00:02.0: [drm:intel_power_well_enable [i915]] enabling always-on
[    4.135571] i915 0000:00:02.0: [drm:intel_power_well_enable [i915]] enabling DC_off
[    4.135742] i915 0000:00:02.0: [drm:gen9_set_dc_state.part.0 [i915]] Setting DC state from 00 to 00
[    4.135965] i915 0000:00:02.0: [drm:intel_power_well_enable [i915]] enabling PW_2
[    4.136135] i915 0000:00:02.0: vgaarb: VGA decodes changed: olddecodes=io+mem,decodes=io+mem:owns=io+mem
[    4.136147] i915 0000:00:02.0: [drm:intel_power_well_enable [i915]] enabling PW_A
[    4.136317] i915 0000:00:02.0: [drm:intel_power_well_enable [i915]] enabling PW_B
[    4.136485] i915 0000:00:02.0: [drm:intel_power_well_enable [i915]] enabling PW_C
[    4.136648] i915 0000:00:02.0: [drm:intel_power_well_enable [i915]] enabling PW_D
[    4.136843] i915 0000:00:02.0: [drm:intel_dmc_init [i915]] Loading i915/adlp_dmc.bin
[    4.137165] i915 0000:00:02.0: [drm:intel_bw_init [i915]] Forcing SAGV disable: mask 0x307
[    4.137487] i915 0000:00:02.0: [drm:intel_fbc_init [i915]] Sanitized enable_fbc value: 1
[    4.137979] i915 0000:00:02.0: [drm:skl_wm_init [i915]] SAGV supported: yes, original SAGV block time: 35 us
[    4.138189] i915 0000:00:02.0: [drm:intel_print_wm_latency [i915]] Gen9 Plane WM0 latency 3 (3.0 usec)
[    4.138374] i915 0000:00:02.0: [drm:intel_print_wm_latency [i915]] Gen9 Plane WM1 latency 54 (54.0 usec)
[    4.138551] i915 0000:00:02.0: [drm:intel_print_wm_latency [i915]] Gen9 Plane WM2 latency 83 (83.0 usec)
[    4.138724] i915 0000:00:02.0: [drm:intel_print_wm_latency [i915]] Gen9 Plane WM3 latency 102 (102.0 usec)
[    4.138895] i915 0000:00:02.0: [drm:intel_print_wm_latency [i915]] Gen9 Plane WM4 latency 147 (147.0 usec)
[    4.139064] i915 0000:00:02.0: [drm:intel_print_wm_latency [i915]] Gen9 Plane WM5 latency 147 (147.0 usec)
[    4.139722] i915 0000:00:02.0: [drm:intel_display_driver_probe_nogem [i915]] 3 display pipes available.
[    4.140107] i915 0000:00:02.0: [drm:dmc_load_work_fn [i915]] DMC 0:
[    4.140304] i915 0000:00:02.0: [drm:dmc_load_work_fn [i915]]  mmio[0]: 0x8f074 = 0x86fc0
[    4.140499] i915 0000:00:02.0: [drm:dmc_load_work_fn [i915]]  mmio[1]: 0x8f034 = 0xc003b400 (EVT_CTL)
[    4.140682] i915 0000:00:02.0: [drm:dmc_load_work_fn [i915]]  mmio[2]: 0x8f004 = 0x1240108 (EVT_HTP)
[    4.140860] i915 0000:00:02.0: [drm:dmc_load_work_fn [i915]]  mmio[3]: 0x8f038 = 0xc003b200 (EVT_CTL)
[    4.141038] i915 0000:00:02.0: [drm:dmc_load_work_fn [i915]]  mmio[4]: 0x8f008 = 0x512050d4 (EVT_HTP)
[    4.141213] i915 0000:00:02.0: [drm:dmc_load_work_fn [i915]]  mmio[5]: 0x8f03c = 0xc003b300 (EVT_CTL)
[    4.141386] i915 0000:00:02.0: [drm:dmc_load_work_fn [i915]]  mmio[6]: 0x8f00c = 0x584c57fc (EVT_HTP)
[    4.141567] i915 0000:00:02.0: [drm:dmc_load_work_fn [i915]] DMC 1:
[    4.141740] i915 0000:00:02.0: [drm:dmc_load_work_fn [i915]]  mmio[0]: 0x5f074 = 0x96fc0
[    4.141911] i915 0000:00:02.0: [drm:dmc_load_work_fn [i915]]  mmio[1]: 0x5f034 = 0xc003df00 (EVT_CTL) (disabling)
[    4.142081] i915 0000:00:02.0: [drm:dmc_load_work_fn [i915]]  mmio[2]: 0x5f004 = 0x214c2114 (EVT_HTP)
[    4.142252] i915 0000:00:02.0: [drm:dmc_load_work_fn [i915]]  mmio[3]: 0x5f038 = 0xc003e000 (EVT_CTL) (disabling)
[    4.142421] i915 0000:00:02.0: [drm:dmc_load_work_fn [i915]]  mmio[4]: 0x5f008 = 0x22402208 (EVT_HTP)
[    4.142590] i915 0000:00:02.0: [drm:dmc_load_work_fn [i915]]  mmio[5]: 0x5f03c = 0xc0032c00 (EVT_CTL) (disabling)
[    4.142759] i915 0000:00:02.0: [drm:dmc_load_work_fn [i915]]  mmio[6]: 0x5f00c = 0x241422fc (EVT_HTP)
[    4.142927] i915 0000:00:02.0: [drm:dmc_load_work_fn [i915]]  mmio[7]: 0x5f040 = 0xc0033100 (EVT_CTL) (disabling)
[    4.143094] i915 0000:00:02.0: [drm:dmc_load_work_fn [i915]]  mmio[8]: 0x5f010 = 0x26f826cc (EVT_HTP)
[    4.143264] i915 0000:00:02.0: [drm:dmc_load_work_fn [i915]] DMC 2:
[    4.143430] i915 0000:00:02.0: [drm:dmc_load_work_fn [i915]]  mmio[0]: 0x5f474 = 0x9efc0
[    4.143596] i915 0000:00:02.0: [drm:dmc_load_work_fn [i915]]  mmio[1]: 0x5f434 = 0xc003df00 (EVT_CTL) (disabling)
[    4.143762] i915 0000:00:02.0: [drm:dmc_load_work_fn [i915]]  mmio[2]: 0x5f404 = 0xa968a930 (EVT_HTP)
[    4.143928] i915 0000:00:02.0: [drm:dmc_load_work_fn [i915]]  mmio[3]: 0x5f438 = 0xc003e000 (EVT_CTL) (disabling)
[    4.144094] i915 0000:00:02.0: [drm:dmc_load_work_fn [i915]]  mmio[4]: 0x5f408 = 0xaa5caa24 (EVT_HTP)
[    4.144258] i915 0000:00:02.0: [drm:dmc_load_work_fn [i915]]  mmio[5]: 0x5f43c = 0xc0032c00 (EVT_CTL) (disabling)
[    4.144430] i915 0000:00:02.0: [drm:dmc_load_work_fn [i915]]  mmio[6]: 0x5f40c = 0xac30ab18 (EVT_HTP)
[    4.144595] i915 0000:00:02.0: [drm:dmc_load_work_fn [i915]]  mmio[7]: 0x5f440 = 0xc0033100 (EVT_CTL) (disabling)
[    4.144759] i915 0000:00:02.0: [drm:dmc_load_work_fn [i915]]  mmio[8]: 0x5f410 = 0xaf14aee8 (EVT_HTP)
[    4.145266] i915 0000:00:02.0: [drm:intel_cdclk_dump_config [i915]] Current CDCLK 179200 kHz, VCO 537600 kHz, ref 38400 kHz, bypass 19200 kHz, voltage level 0
[    4.145481] i915 0000:00:02.0: [drm:intel_update_max_cdclk [i915]] Max CD clock rate: 652800 kHz
[    4.145682] i915 0000:00:02.0: [drm:intel_display_driver_probe_nogem [i915]] Max dotclock rate: 1305600 kHz
[    4.145899] [drm] cmdline forces connector DSI-1 panel_orientation to 3
[    4.145909] [drm:__drm_connector_init [drm]] cmdline mode for connector DSI-1  0x0@60Hz
[    4.145962] i915 0000:00:02.0: [drm:intel_bios_init_panel [i915]] Panel type (VBT): 0
[    4.146167] i915 0000:00:02.0: [drm:intel_bios_init_panel [i915]] Panel type (fallback): 0
[    4.146360] i915 0000:00:02.0: [drm:intel_bios_init_panel [i915]] Selected panel type (VBT): 0
[    4.146547] i915 0000:00:02.0: [drm:intel_bios_init_panel [i915]] DRRS supported mode is seamless
[    4.146734] i915 0000:00:02.0: [drm:intel_bios_init_panel [i915]] Found panel mode in BIOS VBT generic dtd table: "800x1280": 61 67420 800 820 830 842 1280 1297 1301 1322 0x8 0x5
[    4.146922] i915 0000:00:02.0: [drm:intel_bios_init_panel [i915]] Panel manufacturer name: MS_, product code: 1, serial number: 1, year of manufacture: 2002
[    4.147105] i915 0000:00:02.0: [drm:intel_bios_init_panel [i915]] Panel name: LFP_PanelName
[    4.147284] i915 0000:00:02.0: [drm:intel_bios_init_panel [i915]] Seamless DRRS min refresh rate: 0 Hz
[    4.147463] i915 0000:00:02.0: [drm:intel_bios_init_panel [i915]] VBT backlight PWM modulation frequency 200 Hz, active high, min brightness 20, level 255, controller 0
[    4.147644] i915 0000:00:02.0: [drm:intel_bios_init_panel [i915]] Found MIPI Config block, panel index = 0
[    4.147822] i915 0000:00:02.0: [drm:intel_bios_init_panel [i915]] Found MIPI sequence block v3
[    4.148000] i915 0000:00:02.0: [drm:icl_dsi_init [i915]] MIPI related VBT parsing complete
[    4.148192] i915 0000:00:02.0: [drm:intel_panel_add_fixed_mode [i915]] [CONNECTOR:189:DSI-1] using VBT LFP fixed mode: "800x1280": 61 67420 800 820 830 842 1280 1297 1301 1322 0x48 0x5
[    4.148384] i915 0000:00:02.0: [drm:intel_panel_init [i915]] [CONNECTOR:189:DSI-1] DRRS type: none
[    4.148560] i915 0000:00:02.0: [drm:dmc_load_work_fn [i915]] DMC 3:
[    4.148759] i915 0000:00:02.0: [drm:dmc_load_work_fn [i915]]  mmio[0]: 0x5f874 = 0x53fc0
[    4.148949] i915 0000:00:02.0: [drm:dmc_load_work_fn [i915]]  mmio[1]: 0x5f83c = 0xc0032c00 (EVT_CTL) (disabling)
[    4.149133] i915 0000:00:02.0: [drm:dmc_load_work_fn [i915]]  mmio[2]: 0x5f80c = 0x25202408 (EVT_HTP)
[    4.149312] i915 0000:00:02.0: [drm:dmc_load_work_fn [i915]]  mmio[3]: 0x5f840 = 0xc0033100 (EVT_CTL) (disabling)
[    4.149490] i915 0000:00:02.0: [drm:dmc_load_work_fn [i915]]  mmio[4]: 0x5f810 = 0x280427d8 (EVT_HTP)
[    4.149668] i915 0000:00:02.0: [drm:dmc_load_work_fn [i915]] DMC 4:
[    4.149842] i915 0000:00:02.0: [drm:dmc_load_work_fn [i915]]  mmio[0]: 0x5fc74 = 0x5afc0
[    4.150014] i915 0000:00:02.0: [drm:dmc_load_work_fn [i915]]  mmio[1]: 0x5fc3c = 0xc0032c00 (EVT_CTL) (disabling)
[    4.150187] i915 0000:00:02.0: [drm:dmc_load_work_fn [i915]]  mmio[2]: 0x5fc0c = 0x95209408 (EVT_HTP)
[    4.150358] i915 0000:00:02.0: [drm:dmc_load_work_fn [i915]]  mmio[3]: 0x5fc40 = 0xc0033100 (EVT_CTL) (disabling)
[    4.150528] i915 0000:00:02.0: [drm:dmc_load_work_fn [i915]]  mmio[4]: 0x5fc10 = 0x980497d8 (EVT_HTP)
[    4.152616] i915 0000:00:02.0: [drm:cnp_setup_backlight [i915]] [CONNECTOR:189:DSI-1] Using native PCH PWM for backlight control (controller=0)
[    4.152855] i915 0000:00:02.0: [drm:intel_backlight_setup [i915]] [CONNECTOR:189:DSI-1] backlight initialized, enabled, brightness 96000/96000
[    4.153119] i915 0000:00:02.0: [drm] Finished loading DMC firmware i915/adlp_dmc.bin (v2.20)
[    4.153048] i915 0000:00:02.0: [drm:intel_dsi_vbt_init [i915]] 
[    4.153249] i915 0000:00:02.0: [drm:intel_dsi_log_params [i915]] Pclk 67420
[    4.153429] i915 0000:00:02.0: [drm:intel_dsi_log_params [i915]] Pixel overlap 0
[    4.153601] i915 0000:00:02.0: [drm:intel_dsi_log_params [i915]] Lane count 4
[    4.153771] i915 0000:00:02.0: [drm:intel_dsi_log_params [i915]] DPHY param reg 0xc8690082
[    4.153937] i915 0000:00:02.0: [drm:intel_dsi_log_params [i915]] Video mode format non-burst with sync events
[    4.154103] i915 0000:00:02.0: [drm:intel_dsi_log_params [i915]] Burst mode ratio 100
[    4.154266] i915 0000:00:02.0: [drm:intel_dsi_log_params [i915]] Reset timer 255
[    4.154428] i915 0000:00:02.0: [drm:intel_dsi_log_params [i915]] Eot enabled
[    4.154588] i915 0000:00:02.0: [drm:intel_dsi_log_params [i915]] Clockstop enabled
[    4.154747] i915 0000:00:02.0: [drm:intel_dsi_log_params [i915]] Mode video
[    4.154905] i915 0000:00:02.0: [drm:intel_dsi_log_params [i915]] Dual link: NONE
[    4.155061] i915 0000:00:02.0: [drm:intel_dsi_log_params [i915]] Pixel Format 0
[    4.155218] i915 0000:00:02.0: [drm:intel_dsi_log_params [i915]] TLPX 0
[    4.155373] i915 0000:00:02.0: [drm:intel_dsi_log_params [i915]] LP RX Timeout 0xffff
[    4.155528] i915 0000:00:02.0: [drm:intel_dsi_log_params [i915]] Turnaround Timeout 0x17
[    4.155683] i915 0000:00:02.0: [drm:intel_dsi_log_params [i915]] Init Count 0x7d0
[    4.155837] i915 0000:00:02.0: [drm:intel_dsi_log_params [i915]] HS to LP Count 0x0
[    4.155991] i915 0000:00:02.0: [drm:intel_dsi_log_params [i915]] LP Byte Clock 0
[    4.156145] i915 0000:00:02.0: [drm:intel_dsi_log_params [i915]] DBI BW Timer 0x0
[    4.156298] i915 0000:00:02.0: [drm:intel_dsi_log_params [i915]] LP to HS Clock Count 0x0
[    4.156473] i915 0000:00:02.0: [drm:intel_dsi_log_params [i915]] HS to LP Clock Count 0x0
[    4.156650] i915 0000:00:02.0: [drm:icl_dsi_init [i915]] BTA enabled
[    4.156873] i915 0000:00:02.0: [drm:intel_hdmi_init_connector [i915]] Adding HDMI connector on [ENCODER:192:DDI B/PHY B]
[    4.157058] i915 0000:00:02.0: [drm:intel_hdmi_init_connector [i915]] [ENCODER:192:DDI B/PHY B] Using DDC pin 0x2 (VBT)
[    4.157248] i915 0000:00:02.0: [drm:intel_dp_aux_ch [i915]] [ENCODER:202:DDI TC2/PHY TC2] Using AUX CH USBC2 (VBT)
[    4.157435] i915 0000:00:02.0: [drm:tc_phy_get_current_mode [i915]] Port E/TC#2: PHY mode: tbt-alt (ready: yes, owned: no, HPD: disconnected)
[    4.157638] i915 0000:00:02.0: [drm:intel_dp_init_connector [i915]] Adding DP connector on [ENCODER:202:DDI TC2/PHY TC2]
[    4.157876] i915 0000:00:02.0: [drm:intel_modeset_setup_hw_state [i915]] [CRTC:82:pipe A] hw state readout: enabled
[    4.158096] i915 0000:00:02.0: [drm:intel_modeset_setup_hw_state [i915]] [CRTC:134:pipe B] hw state readout: disabled
[    4.158306] i915 0000:00:02.0: [drm:intel_modeset_setup_hw_state [i915]] [CRTC:186:pipe C] hw state readout: disabled
[    4.158492] i915 0000:00:02.0: [drm:intel_modeset_setup_hw_state [i915]] [PLANE:32:plane 1A] hw state readout: enabled, pipe A
[    4.158676] i915 0000:00:02.0: [drm:intel_modeset_setup_hw_state [i915]] [PLANE:41:plane 2A] hw state readout: disabled, pipe A
[    4.158850] i915 0000:00:02.0: [drm:intel_modeset_setup_hw_state [i915]] [PLANE:50:plane 3A] hw state readout: disabled, pipe A
[    4.159022] i915 0000:00:02.0: [drm:intel_modeset_setup_hw_state [i915]] [PLANE:59:plane 4A] hw state readout: disabled, pipe A
[    4.159193] i915 0000:00:02.0: [drm:intel_modeset_setup_hw_state [i915]] [PLANE:68:plane 5A] hw state readout: disabled, pipe A
[    4.159363] i915 0000:00:02.0: [drm:intel_modeset_setup_hw_state [i915]] [PLANE:77:cursor A] hw state readout: disabled, pipe A
[    4.159531] i915 0000:00:02.0: [drm:intel_modeset_setup_hw_state [i915]] [PLANE:84:plane 1B] hw state readout: disabled, pipe B
[    4.159699] i915 0000:00:02.0: [drm:intel_modeset_setup_hw_state [i915]] [PLANE:93:plane 2B] hw state readout: disabled, pipe B
[    4.159865] i915 0000:00:02.0: [drm:intel_modeset_setup_hw_state [i915]] [PLANE:102:plane 3B] hw state readout: disabled, pipe B
[    4.160030] i915 0000:00:02.0: [drm:intel_modeset_setup_hw_state [i915]] [PLANE:111:plane 4B] hw state readout: disabled, pipe B
[    4.160195] i915 0000:00:02.0: [drm:intel_modeset_setup_hw_state [i915]] [PLANE:120:plane 5B] hw state readout: disabled, pipe B
[    4.160365] i915 0000:00:02.0: [drm:intel_modeset_setup_hw_state [i915]] [PLANE:129:cursor B] hw state readout: disabled, pipe B
[    4.160550] i915 0000:00:02.0: [drm:intel_modeset_setup_hw_state [i915]] [PLANE:136:plane 1C] hw state readout: disabled, pipe C
[    4.160714] i915 0000:00:02.0: [drm:intel_modeset_setup_hw_state [i915]] [PLANE:145:plane 2C] hw state readout: disabled, pipe C
[    4.160871] i915 0000:00:02.0: [drm:intel_modeset_setup_hw_state [i915]] [PLANE:154:plane 3C] hw state readout: disabled, pipe C
[    4.161032] i915 0000:00:02.0: [drm:intel_modeset_setup_hw_state [i915]] [PLANE:163:plane 4C] hw state readout: disabled, pipe C
[    4.161193] i915 0000:00:02.0: [drm:intel_modeset_setup_hw_state [i915]] [PLANE:172:plane 5C] hw state readout: disabled, pipe C
[    4.161354] i915 0000:00:02.0: [drm:intel_modeset_setup_hw_state [i915]] [PLANE:181:cursor C] hw state readout: disabled, pipe C
[    4.161522] i915 0000:00:02.0: [drm] [DEBUG] get_hw_state: Checking hardware. CFGCR0=0x01e07801
[    4.161531] i915 0000:00:02.0: [drm] [DEBUG] get_hw_state: TRANSCONF(port A)=0xc0000000 (Active=YES)
[    4.161547] i915 0000:00:02.0: [drm:intel_modeset_setup_hw_state [i915]] [ENCODER:188:DSI A] hw state readout: enabled, pipe A
[    4.161714] i915 0000:00:02.0: [drm:intel_modeset_setup_hw_state [i915]] [ENCODER:192:DDI B/PHY B] hw state readout: disabled, pipe A
[    4.161881] i915 0000:00:02.0: [drm:intel_tc_port_sanitize_mode [i915]] Port E/TC#2: sanitize mode (disconnected)
[    4.162060] i915 0000:00:02.0: [drm:intel_modeset_setup_hw_state [i915]] [ENCODER:202:DDI TC2/PHY TC2] hw state readout: disabled, pipe A
[    4.162233] i915 0000:00:02.0: [drm:intel_modeset_setup_hw_state [i915]] [ENCODER:204:DP-MST A] hw state readout: disabled, pipe A
[    4.162431] i915 0000:00:02.0: [drm:intel_modeset_setup_hw_state [i915]] [ENCODER:205:DP-MST B] hw state readout: disabled, pipe B
[    4.162595] i915 0000:00:02.0: [drm:intel_modeset_setup_hw_state [i915]] [ENCODER:206:DP-MST C] hw state readout: disabled, pipe C
[    4.162758] i915 0000:00:02.0: [drm:intel_dpll_readout_hw_state [i915]] DPLL 0 hw state readout: pipe_mask 0x0, on 0
[    4.162967] i915 0000:00:02.0: [drm:intel_reference_shared_dpll_crtc [i915]] [CRTC:82:pipe A] reserving DPLL 1
[    4.163166] i915 0000:00:02.0: [drm:intel_dpll_readout_hw_state [i915]] DPLL 1 hw state readout: pipe_mask 0x1, on 1
[    4.163380] rtw89_8852be 0000:02:00.0: loaded firmware rtw89/rtw8852b_fw-1.bin
[    4.163359] i915 0000:00:02.0: [drm:intel_dpll_readout_hw_state [i915]] TBT PLL hw state readout: pipe_mask 0x0, on 0
[    4.163493] rtw89_8852be 0000:02:00.0: enabling device (0000 -> 0003)
[    4.163558] i915 0000:00:02.0: [drm:intel_dpll_readout_hw_state [i915]] TC PLL 1 hw state readout: pipe_mask 0x0, on 0
[    4.163745] i915 0000:00:02.0: [drm:intel_dpll_readout_hw_state [i915]] TC PLL 2 hw state readout: pipe_mask 0x0, on 0
[    4.163933] i915 0000:00:02.0: [drm:intel_dpll_readout_hw_state [i915]] TC PLL 3 hw state readout: pipe_mask 0x0, on 0
[    4.164136] i915 0000:00:02.0: [drm:intel_dpll_readout_hw_state [i915]] TC PLL 4 hw state readout: pipe_mask 0x0, on 0
[    4.164342] i915 0000:00:02.0: [drm] [DEBUG] get_hw_state: Checking hardware. CFGCR0=0x01e07801
[    4.164356] i915 0000:00:02.0: [drm] [DEBUG] get_hw_state: TRANSCONF(port A)=0xc0000000 (Active=YES)
[    4.164363] i915 0000:00:02.0: [drm:intel_modeset_setup_hw_state [i915]] [CONNECTOR:189:DSI-1] hw state readout: enabled
[    4.164568] i915 0000:00:02.0: [drm:intel_modeset_setup_hw_state [i915]] [CONNECTOR:193:HDMI-A-1] hw state readout: disabled
[    4.164769] i915 0000:00:02.0: [drm:intel_modeset_setup_hw_state [i915]] [CONNECTOR:203:DP-1] hw state readout: disabled
[    4.164966] i915 0000:00:02.0: [drm:drm_atomic_set_mode_for_crtc [drm]] Set [MODE:800x1280] for [CRTC:82:pipe A] state 000000001b25d023
[    4.165019] i915 0000:00:02.0: [drm:intel_modeset_setup_hw_state [i915]] [PLANE:32:plane 1A] min_cdclk 33710 kHz
[    4.165198] i915 0000:00:02.0: [drm:intel_modeset_setup_hw_state [i915]] [PLANE:41:plane 2A] min_cdclk 0 kHz
[    4.165370] i915 0000:00:02.0: [drm:intel_modeset_setup_hw_state [i915]] [PLANE:50:plane 3A] min_cdclk 0 kHz
[    4.165539] i915 0000:00:02.0: [drm:intel_modeset_setup_hw_state [i915]] [PLANE:59:plane 4A] min_cdclk 0 kHz
[    4.165714] i915 0000:00:02.0: [drm:intel_modeset_setup_hw_state [i915]] [PLANE:68:plane 5A] min_cdclk 0 kHz
[    4.165877] i915 0000:00:02.0: [drm:intel_modeset_setup_hw_state [i915]] [PLANE:77:cursor A] min_cdclk 0 kHz
[    4.166043] i915 0000:00:02.0: [drm:intel_bw_crtc_update [i915]] pipe A data rate 269680 num active planes 1
[    4.166277] i915 0000:00:02.0: [drm:intel_modeset_setup_hw_state [i915]] [PLANE:84:plane 1B] min_cdclk 0 kHz
[    4.166449] i915 0000:00:02.0: [drm:intel_modeset_setup_hw_state [i915]] [PLANE:93:plane 2B] min_cdclk 0 kHz
[    4.166607] i915 0000:00:02.0: [drm:intel_modeset_setup_hw_state [i915]] [PLANE:102:plane 3B] min_cdclk 0 kHz
[    4.166760] i915 0000:00:02.0: [drm:intel_modeset_setup_hw_state [i915]] [PLANE:111:plane 4B] min_cdclk 0 kHz
[    4.166912] i915 0000:00:02.0: [drm:intel_modeset_setup_hw_state [i915]] [PLANE:120:plane 5B] min_cdclk 0 kHz
[    4.167063] i915 0000:00:02.0: [drm:intel_modeset_setup_hw_state [i915]] [PLANE:129:cursor B] min_cdclk 0 kHz
[    4.167213] i915 0000:00:02.0: [drm:intel_bw_crtc_update [i915]] pipe B data rate 0 num active planes 0
[    4.167427] i915 0000:00:02.0: [drm:intel_modeset_setup_hw_state [i915]] [PLANE:136:plane 1C] min_cdclk 0 kHz
[    4.167587] i915 0000:00:02.0: [drm:intel_modeset_setup_hw_state [i915]] [PLANE:145:plane 2C] min_cdclk 0 kHz
[    4.167740] i915 0000:00:02.0: [drm:intel_modeset_setup_hw_state [i915]] [PLANE:154:plane 3C] min_cdclk 0 kHz
[    4.167894] i915 0000:00:02.0: [drm:intel_modeset_setup_hw_state [i915]] [PLANE:163:plane 4C] min_cdclk 0 kHz
[    4.168043] i915 0000:00:02.0: [drm:intel_modeset_setup_hw_state [i915]] [PLANE:172:plane 5C] min_cdclk 0 kHz
[    4.168192] i915 0000:00:02.0: [drm:intel_modeset_setup_hw_state [i915]] [PLANE:181:cursor C] min_cdclk 0 kHz
[    4.168339] i915 0000:00:02.0: [drm:intel_bw_crtc_update [i915]] pipe C data rate 0 num active planes 0
[    4.168561] i915 0000:00:02.0: [drm:intel_power_well_enable [i915]] enabling DDI_IO_A
[    4.168780] i915 0000:00:02.0: [drm:intel_ddi_sanitize_encoder_pll_mapping [i915]] [ENCODER:188:DSI A] is disabled/in DSI mode with an ungated DDI clock, gate it
[    4.168965] i915 0000:00:02.0: [drm] [DEBUG] gate_clocks START: CFGCR0=0x01e07801
[    4.168977] i915 0000:00:02.0: [drm] [DEBUG] gate_clocks END: CFGCR0=0x01e07c01
[    4.168992] i915 0000:00:02.0: [drm:intel_crtc_state_dump [i915]] [CRTC:82:pipe A] enable: yes [setup_hw_state]
[    4.169205] i915 0000:00:02.0: [drm:intel_crtc_state_dump [i915]] active: yes, output_types: DSI (0x200), output format: RGB, sink format: RGB
[    4.169410] i915 0000:00:02.0: [drm:intel_crtc_state_dump [i915]] cpu_transcoder: DSI A, pipe bpp: 24, dithering: 0
[    4.169665] rtw89_8852be 0000:02:00.0: Firmware version 0.29.29.8 (39dbf50f), cmd version 0, type 5
[    4.169675] rtw89_8852be 0000:02:00.0: Firmware version 0.29.29.8 (39dbf50f), cmd version 0, type 3
[    4.169610] i915 0000:00:02.0: [drm:intel_crtc_state_dump [i915]] MST master transcoder: <invalid>
[    4.169804] i915 0000:00:02.0: [drm:intel_crtc_state_dump [i915]] port sync: master transcoder: <invalid>, slave transcoder bitmask = 0x0
[    4.169997] i915 0000:00:02.0: [drm:intel_crtc_state_dump [i915]] joiner: no, pipes: 0x0
[    4.170189] i915 0000:00:02.0: [drm:intel_crtc_state_dump [i915]] splitter: disabled, link count 0, overlap 0
[    4.170377] i915 0000:00:02.0: [drm:intel_crtc_state_dump [i915]] framestart delay: 1, MSA timing delay: 0
[    4.170563] i915 0000:00:02.0: [drm:intel_crtc_state_dump [i915]] audio: 0, infoframes: 0, infoframes enabled: 0x0
[    4.170749] i915 0000:00:02.0: [drm:intel_crtc_state_dump [i915]] vrr: no, vmin: 0, vmax: 0, pipeline full: 0, guardband: 0 flipline: 0, vmin vblank: 1, vmax vblank: 0
[    4.170936] i915 0000:00:02.0: [drm:intel_crtc_state_dump [i915]] requested mode: "800x1280": 61 67420 800 820 830 842 600 1297 1301 1322 0x40 0x0
[    4.171123] i915 0000:00:02.0: [drm:intel_crtc_state_dump [i915]] adjusted mode: "800x1280": 61 67420 800 820 830 842 1280 1297 1301 1322 0x40 0x0
[    4.171309] i915 0000:00:02.0: [drm:intel_crtc_state_dump [i915]] crtc timings: clock=67420, hd=800 hb=800-842 hs=820-830 ht=842, vd=1280 vb=1280-1322 vs=1297-1301 vt=1322, flags=0x0
[    4.171495] i915 0000:00:02.0: [drm:intel_crtc_state_dump [i915]] pipe mode: "800x1280": 61 67420 800 820 830 842 1280 1297 1301 1322 0x40 0x0
[    4.171680] i915 0000:00:02.0: [drm:intel_crtc_state_dump [i915]] crtc timings: clock=67420, hd=800 hb=800-842 hs=820-830 ht=842, vd=1280 vb=1280-1322 vs=1297-1301 vt=1322, flags=0x0
[    4.171864] i915 0000:00:02.0: [drm:intel_crtc_state_dump [i915]] port clock: 80903, pipe src: 800x600+0+0, pixel rate 67420
[    4.172046] i915 0000:00:02.0: [drm:intel_crtc_state_dump [i915]] linetime: 100, ips linetime: 0
[    4.172226] i915 0000:00:02.0: [drm:intel_crtc_state_dump [i915]] num_scalers: 2, scaler_users: 0x80000000, scaler_id: 0, scaling_filter: 0
[    4.172414] i915 0000:00:02.0: [drm:intel_crtc_state_dump [i915]] pch pfit: 800x1280+0+0, enabled, force thru: no
[    4.172596] i915 0000:00:02.0: [drm:intel_crtc_state_dump [i915]] ips: 0, double wide: 0, drrs: 0
[    4.172778] i915 0000:00:02.0: [drm:intel_crtc_state_dump [i915]] dpll_hw_state: cfgcr0: 0x7199ba, cfgcr1: 0x120, div0: 0x0, mg_refclkin_ctl: 0x0, hg_clktop2_coreclkctl1: 0x0, mg_clktop2_hsclkctl: 0x0, mg_pll_div0: 0x0, mg_pll_div2: 0x0, mg_pll_lf: 0x0, mg_pll_frac_lock: 0x0, mg_pll_ssc: 0x0, mg_pll_bias: 0x0, mg_pll_tdc_coldst_bias: 0x0
[    4.172960] i915 0000:00:02.0: [drm:intel_crtc_state_dump [i915]] csc_mode: 0x20000000 gamma_mode: 0x20000000 gamma_enable: 0 csc_enable: 0
[    4.173138] i915 0000:00:02.0: [drm:intel_crtc_state_dump [i915]] pre csc lut: 0 entries, post csc lut: 0 entries
[    4.173315] i915 0000:00:02.0: [drm:intel_crtc_state_dump [i915]] output csc: pre offsets: 0x0000 0x0000 0x0000
[    4.173493] i915 0000:00:02.0: [drm:intel_crtc_state_dump [i915]] output csc: coefficients: 0x0000 0x0000 0x0000
[    4.173670] i915 0000:00:02.0: [drm:intel_crtc_state_dump [i915]] output csc: coefficients: 0x0000 0x0000 0x0000
[    4.173847] i915 0000:00:02.0: [drm:intel_crtc_state_dump [i915]] output csc: coefficients: 0x0000 0x0000 0x0000
[    4.174023] i915 0000:00:02.0: [drm:intel_crtc_state_dump [i915]] output csc: post offsets: 0x0000 0x0000 0x0000
[    4.174199] i915 0000:00:02.0: [drm:intel_crtc_state_dump [i915]] pipe csc: pre offsets: 0x0000 0x0000 0x0000
[    4.174374] i915 0000:00:02.0: [drm:intel_crtc_state_dump [i915]] pipe csc: coefficients: 0x0000 0x0000 0x0000
[    4.174549] i915 0000:00:02.0: [drm:intel_crtc_state_dump [i915]] pipe csc: coefficients: 0x0000 0x0000 0x0000
[    4.174723] i915 0000:00:02.0: [drm:intel_crtc_state_dump [i915]] pipe csc: coefficients: 0x0000 0x0000 0x0000
[    4.174898] i915 0000:00:02.0: [drm:intel_crtc_state_dump [i915]] pipe csc: post offsets: 0x0000 0x0000 0x0000
[    4.175072] i915 0000:00:02.0: [drm:intel_crtc_state_dump [i915]] [CRTC:134:pipe B] enable: no [setup_hw_state]
[    4.175246] i915 0000:00:02.0: [drm:intel_crtc_state_dump [i915]] [CRTC:186:pipe C] enable: no [setup_hw_state]
[    4.175452] i915 0000:00:02.0: [drm:skl_wm_get_hw_state_and_sanitize [i915]] [CRTC:82:pipe A] dbuf slices 0x3, ddb (0 - 2048), active pipes 0x1, mbus joined: no
[    4.175639] i915 0000:00:02.0: [drm:skl_wm_get_hw_state_and_sanitize [i915]] [CRTC:134:pipe B] dbuf slices 0x0, ddb (0 - 0), active pipes 0x1, mbus joined: no
[    4.175816] i915 0000:00:02.0: [drm:skl_wm_get_hw_state_and_sanitize [i915]] [CRTC:186:pipe C] dbuf slices 0x0, ddb (0 - 0), active pipes 0x1, mbus joined: no
[    4.176028] i915 0000:00:02.0: [drm:skl_get_initial_plane_config [i915]] pipe A/plane 1A with fb: size=800x600@32, offset=0, pitch 3200, size 0x1d4c00
[    4.176210] i915 0000:00:02.0: [drm:_i915_gem_object_stolen_init [i915]] creating preallocated stolen object: stolen_offset=0x0000000000000000, size=0x00000000001d5000
[    4.176508] i915 0000:00:02.0: [drm:initial_plane_vma [i915]] Initial plane fb bound to 0x0 in the ggtt (original 0x0)
[    4.181259] i915 0000:00:02.0: [drm:intel_wopcm_init [i915]] Calculated GuC WOPCM [592K, 1420K)
[    4.181501] i915 0000:00:02.0: [drm:i915_init_ggtt [i915]] Reserved GGTT:[1d5000, 1d7000] for use by error capture
[    4.181736] i915 0000:00:02.0: [drm:i915_init_ggtt [i915]] clearing unused GTT space: [1d7000, fee00000]
[    4.181954] i915 0000:00:02.0: [drm:i915_gem_init [i915]] No clock gating settings or workarounds applied.
[    4.182232] i915 0000:00:02.0: [drm:debug_dump_steering [i915]] MCR Steering: Default steering: group=0x0, instance=0x0
[    4.182486] i915 0000:00:02.0: [drm:wa_init_finish [i915]] GT0: Initialized 4 GT workarounds on global
[    4.182840] i915 0000:00:02.0: [drm:wa_init_finish [i915]] GT0: Initialized 11 engine workarounds on rcs'0
[    4.183079] i915 0000:00:02.0: [drm:wa_init_finish [i915]] GT0: Initialized 4 whitelist workarounds on rcs'0
[    4.183309] i915 0000:00:02.0: [drm:wa_init_finish [i915]] GT0: Initialized 5 context workarounds on rcs'0
[    4.183631] i915 0000:00:02.0: [drm:wa_init_finish [i915]] GT0: Initialized 1 engine workarounds on bcs'0
[    4.183856] i915 0000:00:02.0: [drm:wa_init_finish [i915]] GT0: Initialized 1 whitelist workarounds on bcs'0
[    4.184076] i915 0000:00:02.0: [drm:wa_init_finish [i915]] GT0: Initialized 1 context workarounds on bcs'0
[    4.184338] i915 0000:00:02.0: [drm:wa_init_finish [i915]] GT0: Initialized 1 engine workarounds on vcs'0
[    4.184567] i915 0000:00:02.0: [drm:wa_init_finish [i915]] GT0: Initialized 1 whitelist workarounds on vcs'0
[    4.184833] i915 0000:00:02.0: [drm:wa_init_finish [i915]] GT0: Initialized 1 engine workarounds on vecs'0
[    4.185051] i915 0000:00:02.0: [drm:wa_init_finish [i915]] GT0: Initialized 1 whitelist workarounds on vecs'0
