[    0.000000] Linux version 6.12.57+deb13-amd64 (debian-kernel@lists.debian.org) (x86_64-linux-gnu-gcc-14 (Debian 14.2.0-19) 14.2.0, GNU ld (GNU Binutils for Debian) 2.44) #1 SMP PREEMPT_DYNAMIC Debian 6.12.57-1 (2025-11-05)
[    0.000000] Command line: BOOT_IMAGE=/@/boot/vmlinuz-6.12.57+deb13-amd64 root=UUID=cf1b7843-392f-413c-ab2f-fa8bfa5d90e7 ro rootflags=subvol=@ fbcon=rotate:1 video=DSI-1:panel_orientation=right_side_up log_buf_len=10M i915.enable_psr=0 i915.enable_dc=0 i915.enable_fbc=0 drm.debug=0x1e
[    0.000000] x86/split lock detection: #AC: crashing the kernel on kernel split_locks and warning on user-space split_locks
[    0.000000] BIOS-provided physical RAM map:
[    0.000000] BIOS-e820: [mem 0x0000000000000000-0x000000000009dfff] usable
[    0.000000] BIOS-e820: [mem 0x000000000009e000-0x000000000009efff] reserved
[    0.000000] BIOS-e820: [mem 0x000000000009f000-0x000000000009ffff] usable
[    0.000000] BIOS-e820: [mem 0x00000000000a0000-0x00000000000fffff] reserved
[    0.000000] BIOS-e820: [mem 0x0000000000100000-0x00000000416edfff] usable
[    0.000000] BIOS-e820: [mem 0x00000000416ee000-0x00000000416eefff] reserved
[    0.000000] BIOS-e820: [mem 0x00000000416ef000-0x0000000043359fff] usable
[    0.000000] BIOS-e820: [mem 0x000000004335a000-0x000000004335afff] reserved
[    0.000000] BIOS-e820: [mem 0x000000004335b000-0x000000007025cfff] usable
[    0.000000] BIOS-e820: [mem 0x000000007025d000-0x000000007335cfff] reserved
[    0.000000] BIOS-e820: [mem 0x000000007335d000-0x000000007343efff] ACPI data
[    0.000000] BIOS-e820: [mem 0x000000007343f000-0x00000000734fefff] ACPI NVS
[    0.000000] BIOS-e820: [mem 0x00000000734ff000-0x0000000073efefff] reserved
[    0.000000] BIOS-e820: [mem 0x0000000073eff000-0x0000000073efffff] usable
[    0.000000] BIOS-e820: [mem 0x0000000073f00000-0x0000000079ffffff] reserved
[    0.000000] BIOS-e820: [mem 0x000000007aa00000-0x000000007abfffff] reserved
[    0.000000] BIOS-e820: [mem 0x000000007b000000-0x00000000803fffff] reserved
[    0.000000] BIOS-e820: [mem 0x00000000c0000000-0x00000000cfffffff] reserved
[    0.000000] BIOS-e820: [mem 0x00000000fe000000-0x00000000fe010fff] reserved
[    0.000000] BIOS-e820: [mem 0x00000000fec00000-0x00000000fec00fff] reserved
[    0.000000] BIOS-e820: [mem 0x00000000fed00000-0x00000000fed00fff] reserved
[    0.000000] BIOS-e820: [mem 0x00000000fed20000-0x00000000fed7ffff] reserved
[    0.000000] BIOS-e820: [mem 0x00000000fee00000-0x00000000fee00fff] reserved
[    0.000000] BIOS-e820: [mem 0x00000000ff000000-0x00000000ffffffff] reserved
[    0.000000] BIOS-e820: [mem 0x0000000100000000-0x000000037fbfffff] usable
[    0.000000] NX (Execute Disable) protection: active
[    0.000000] APIC: Static calls initialized
[    0.000000] efi: EFI v2.8 by American Megatrends
[    0.000000] efi: ACPI=0x734db000 ACPI 2.0=0x734db014 TPMFinalLog=0x734aa000 SMBIOS=0x73c99000 SMBIOS 3.0=0x73c98000 MEMATTR=0x6a54f018 ESRT=0x6cc00818 INITRD=0x6a551b18 TPMEventLog=0x7338a018 
[    0.000000] efi: Remove mem78: MMIO range=[0xc0000000-0xcfffffff] (256MB) from e820 map
[    0.000000] e820: remove [mem 0xc0000000-0xcfffffff] reserved
[    0.000000] efi: Not removing mem79: MMIO range=[0xfe000000-0xfe010fff] (68KB) from e820 map
[    0.000000] efi: Not removing mem80: MMIO range=[0xfec00000-0xfec00fff] (4KB) from e820 map
[    0.000000] efi: Not removing mem81: MMIO range=[0xfed00000-0xfed00fff] (4KB) from e820 map
[    0.000000] efi: Not removing mem83: MMIO range=[0xfee00000-0xfee00fff] (4KB) from e820 map
[    0.000000] efi: Remove mem84: MMIO range=[0xff000000-0xffffffff] (16MB) from e820 map
[    0.000000] e820: remove [mem 0xff000000-0xffffffff] reserved
[    0.000000] secureboot: Secure boot disabled
[    0.000000] SMBIOS 3.5.0 present.
[    0.000000] DMI: Default string Default string/Default string, BIOS 5.25 07/14/2023
[    0.000000] DMI: Memory slots populated: 4/8
[    0.000000] tsc: Detected 800.000 MHz processor
[    0.000000] tsc: Detected 806.400 MHz TSC
[    0.000218] e820: update [mem 0x00000000-0x00000fff] usable ==> reserved
[    0.000221] e820: remove [mem 0x000a0000-0x000fffff] usable
[    0.000231] last_pfn = 0x37fc00 max_arch_pfn = 0x400000000
[    0.000235] MTRR map: 5 entries (3 fixed + 2 variable; max 23), built from 10 variable MTRRs
[    0.000237] x86/PAT: Configuration [0-7]: WB  WC  UC- UC  WB  WP  UC- WT  
[    0.000347] last_pfn = 0x73f00 max_arch_pfn = 0x400000000
[    0.012619] esrt: Reserving ESRT space from 0x000000006cc00818 to 0x000000006cc008f0.
[    0.012626] e820: update [mem 0x6cc00000-0x6cc00fff] usable ==> reserved
[    0.012643] Using GB pages for direct mapping
[    0.027063] printk: log_buf_len: 16777216 bytes
[    0.027065] printk: early log buf free: 126736(96%)
[    0.027066] RAMDISK: [mem 0x63c1b000-0x66a6cfff]
[    0.027399] ACPI: Early table checksum verification disabled
[    0.027404] ACPI: RSDP 0x00000000734DB014 000024 (v02 ALASKA)
[    0.027409] ACPI: XSDT 0x00000000734DA728 00010C (v01 ALASKA A M I    01072009 AMI  01000013)
[    0.027414] ACPI: FACP 0x000000007343C000 000114 (v06 ALASKA A M I    01072009 AMI  01000013)
[    0.027418] ACPI: DSDT 0x00000000733C8000 073A41 (v02 ALASKA A M I    01072009 INTL 20200717)
[    0.027421] ACPI: FACS 0x00000000734FE000 000040
[    0.027423] ACPI: FIDT 0x00000000733C7000 00009C (v01 ALASKA A M I    01072009 AMI  00010013)
[    0.027425] ACPI: SSDT 0x000000007343E000 00038C (v02 PmaxDv Pmax_Dev 00000001 INTL 20200717)
[    0.027427] ACPI: SSDT 0x00000000733C1000 005D0B (v02 CpuRef CpuSsdt  00003000 INTL 20200717)
[    0.027430] ACPI: SSDT 0x00000000733BE000 002AA1 (v02 SaSsdt SaSsdt   00003000 INTL 20200717)
[    0.027432] ACPI: SSDT 0x00000000733BA000 0033D3 (v02 INTEL  IgfxSsdt 00003000 INTL 20200717)
[    0.027434] ACPI: SSDT 0x00000000733AC000 00D39F (v02 INTEL  TcssSsdt 00001000 INTL 20200717)
[    0.027436] ACPI: HPET 0x000000007343D000 000038 (v01 ALASKA A M I    01072009 AMI  01000013)
[    0.027438] ACPI: APIC 0x00000000733AB000 0001DC (v05 ALASKA A M I    01072009 AMI  01000013)
[    0.027440] ACPI: MCFG 0x00000000733AA000 00003C (v01 ALASKA A M I    01072009 AMI  01000013)
[    0.027442] ACPI: SSDT 0x00000000733A8000 001F47 (v02 ALASKA Ther_Rvp 00001000 INTL 20200717)
[    0.027444] ACPI: UEFI 0x0000000073491000 000048 (v01 ALASKA A M I    01072009 AMI  01000013)
[    0.027446] ACPI: NHLT 0x00000000733A6000 0018B6 (v00 ALASKA A M I    01072009 AMI  01000013)
[    0.027447] ACPI: LPIT 0x00000000733A5000 0000CC (v01 ALASKA A M I    01072009 AMI  01000013)
[    0.027449] ACPI: SSDT 0x00000000733A1000 002A83 (v02 ALASKA PtidDevc 00001000 INTL 20200717)
[    0.027451] ACPI: SSDT 0x000000007339E000 002357 (v02 ALASKA TbtTypeC 00000000 INTL 20200717)
[    0.027453] ACPI: DBGP 0x000000007339D000 000034 (v01 ALASKA A M I    01072009 AMI  01000013)
[    0.027455] ACPI: DBG2 0x000000007339C000 000054 (v00 ALASKA A M I    01072009 AMI  01000013)
[    0.027457] ACPI: SSDT 0x000000007339A000 0014CC (v02 ALASKA UsbCTabl 00001000 INTL 20200717)
[    0.027459] ACPI: DMAR 0x0000000073399000 000088 (v02 INTEL  EDK2     00000002      01000013)
[    0.027461] ACPI: SSDT 0x0000000073398000 0005BB (v02 INTEL  xh_adl_N 00000000 INTL 20200717)
[    0.027463] ACPI: SSDT 0x0000000073394000 003AEA (v02 SocGpe SocGpe   00003000 INTL 20200717)
[    0.027465] ACPI: SSDT 0x0000000073390000 0039DA (v02 SocCmn SocCmn   00003000 INTL 20200717)
[    0.027467] ACPI: SSDT 0x000000007338F000 000144 (v02 Intel  ADebTabl 00001000 INTL 20200717)
[    0.027469] ACPI: BGRT 0x000000007338E000 000038 (v01 ALASKA A M I    01072009 AMI  00010013)
[    0.027471] ACPI: TPM2 0x000000007338D000 00004C (v04 ALASKA A M I    00000001 AMI  00000000)
[    0.027473] ACPI: PHAT 0x000000007338C000 0005F1 (v01 ALASKA A M I    00000005 MSFT 0100000D)
[    0.027475] ACPI: WSMT 0x00000000733A4000 000028 (v01 ALASKA A M I    01072009 AMI  00010013)
[    0.027477] ACPI: FPDT 0x000000007338B000 000044 (v01 ALASKA A M I    01072009 AMI  01000013)
[    0.027479] ACPI: Reserving FACP table memory at [mem 0x7343c000-0x7343c113]
[    0.027481] ACPI: Reserving DSDT table memory at [mem 0x733c8000-0x7343ba40]
[    0.027482] ACPI: Reserving FACS table memory at [mem 0x734fe000-0x734fe03f]
[    0.027482] ACPI: Reserving FIDT table memory at [mem 0x733c7000-0x733c709b]
[    0.027483] ACPI: Reserving SSDT table memory at [mem 0x7343e000-0x7343e38b]
[    0.027483] ACPI: Reserving SSDT table memory at [mem 0x733c1000-0x733c6d0a]
[    0.027484] ACPI: Reserving SSDT table memory at [mem 0x733be000-0x733c0aa0]
[    0.027485] ACPI: Reserving SSDT table memory at [mem 0x733ba000-0x733bd3d2]
[    0.027485] ACPI: Reserving SSDT table memory at [mem 0x733ac000-0x733b939e]
[    0.027486] ACPI: Reserving HPET table memory at [mem 0x7343d000-0x7343d037]
[    0.027486] ACPI: Reserving APIC table memory at [mem 0x733ab000-0x733ab1db]
[    0.027487] ACPI: Reserving MCFG table memory at [mem 0x733aa000-0x733aa03b]
[    0.027487] ACPI: Reserving SSDT table memory at [mem 0x733a8000-0x733a9f46]
[    0.027488] ACPI: Reserving UEFI table memory at [mem 0x73491000-0x73491047]
[    0.027489] ACPI: Reserving NHLT table memory at [mem 0x733a6000-0x733a78b5]
[    0.027489] ACPI: Reserving LPIT table memory at [mem 0x733a5000-0x733a50cb]
[    0.027490] ACPI: Reserving SSDT table memory at [mem 0x733a1000-0x733a3a82]
[    0.027490] ACPI: Reserving SSDT table memory at [mem 0x7339e000-0x733a0356]
[    0.027491] ACPI: Reserving DBGP table memory at [mem 0x7339d000-0x7339d033]
[    0.027491] ACPI: Reserving DBG2 table memory at [mem 0x7339c000-0x7339c053]
[    0.027492] ACPI: Reserving SSDT table memory at [mem 0x7339a000-0x7339b4cb]
[    0.027493] ACPI: Reserving DMAR table memory at [mem 0x73399000-0x73399087]
[    0.027493] ACPI: Reserving SSDT table memory at [mem 0x73398000-0x733985ba]
[    0.027494] ACPI: Reserving SSDT table memory at [mem 0x73394000-0x73397ae9]
[    0.027494] ACPI: Reserving SSDT table memory at [mem 0x73390000-0x733939d9]
[    0.027495] ACPI: Reserving SSDT table memory at [mem 0x7338f000-0x7338f143]
[    0.027495] ACPI: Reserving BGRT table memory at [mem 0x7338e000-0x7338e037]
[    0.027496] ACPI: Reserving TPM2 table memory at [mem 0x7338d000-0x7338d04b]
[    0.027497] ACPI: Reserving PHAT table memory at [mem 0x7338c000-0x7338c5f0]
[    0.027497] ACPI: Reserving WSMT table memory at [mem 0x733a4000-0x733a4027]
[    0.027498] ACPI: Reserving FPDT table memory at [mem 0x7338b000-0x7338b043]
[    0.027696] No NUMA configuration found
[    0.027697] Faking a node at [mem 0x0000000000000000-0x000000037fbfffff]
[    0.027706] NODE_DATA(0) allocated [mem 0x37b3d5680-0x37b3fffff]
[    0.027901] Zone ranges:
[    0.027902]   DMA      [mem 0x0000000000001000-0x0000000000ffffff]
[    0.027904]   DMA32    [mem 0x0000000001000000-0x00000000ffffffff]
[    0.027905]   Normal   [mem 0x0000000100000000-0x000000037fbfffff]
[    0.027906]   Device   empty
[    0.027907] Movable zone start for each node
[    0.027909] Early memory node ranges
[    0.027909]   node   0: [mem 0x0000000000001000-0x000000000009dfff]
[    0.027910]   node   0: [mem 0x000000000009f000-0x000000000009ffff]
[    0.027911]   node   0: [mem 0x0000000000100000-0x00000000416edfff]
[    0.027912]   node   0: [mem 0x00000000416ef000-0x0000000043359fff]
[    0.027913]   node   0: [mem 0x000000004335b000-0x000000007025cfff]
[    0.027914]   node   0: [mem 0x0000000073eff000-0x0000000073efffff]
[    0.027914]   node   0: [mem 0x0000000100000000-0x000000037fbfffff]
[    0.027916] Initmem setup node 0 [mem 0x0000000000001000-0x000000037fbfffff]
[    0.027922] On node 0, zone DMA: 1 pages in unavailable ranges
[    0.027923] On node 0, zone DMA: 1 pages in unavailable ranges
[    0.027968] On node 0, zone DMA: 96 pages in unavailable ranges
[    0.029558] On node 0, zone DMA32: 1 pages in unavailable ranges
[    0.030637] On node 0, zone DMA32: 1 pages in unavailable ranges
[    0.030762] On node 0, zone DMA32: 15522 pages in unavailable ranges
[    0.031116] On node 0, zone Normal: 16640 pages in unavailable ranges
[    0.031127] On node 0, zone Normal: 1024 pages in unavailable ranges
[    0.031149] Reserving Intel graphics memory at [mem 0x7c800000-0x803fffff]
[    0.031719] ACPI: PM-Timer IO Port: 0x1808
[    0.031730] ACPI: LAPIC_NMI (acpi_id[0x01] high edge lint[0x1])
[    0.031731] ACPI: LAPIC_NMI (acpi_id[0x02] high edge lint[0x1])
[    0.031732] ACPI: LAPIC_NMI (acpi_id[0x03] high edge lint[0x1])
[    0.031733] ACPI: LAPIC_NMI (acpi_id[0x04] high edge lint[0x1])
[    0.031733] ACPI: LAPIC_NMI (acpi_id[0x05] high edge lint[0x1])
[    0.031734] ACPI: LAPIC_NMI (acpi_id[0x06] high edge lint[0x1])
[    0.031734] ACPI: LAPIC_NMI (acpi_id[0x07] high edge lint[0x1])
[    0.031735] ACPI: LAPIC_NMI (acpi_id[0x08] high edge lint[0x1])
[    0.031736] ACPI: LAPIC_NMI (acpi_id[0x09] high edge lint[0x1])
[    0.031736] ACPI: LAPIC_NMI (acpi_id[0x0a] high edge lint[0x1])
[    0.031737] ACPI: LAPIC_NMI (acpi_id[0x0b] high edge lint[0x1])
[    0.031737] ACPI: LAPIC_NMI (acpi_id[0x0c] high edge lint[0x1])
[    0.031738] ACPI: LAPIC_NMI (acpi_id[0x0d] high edge lint[0x1])
[    0.031738] ACPI: LAPIC_NMI (acpi_id[0x0e] high edge lint[0x1])
[    0.031739] ACPI: LAPIC_NMI (acpi_id[0x0f] high edge lint[0x1])
[    0.031739] ACPI: LAPIC_NMI (acpi_id[0x10] high edge lint[0x1])
[    0.031740] ACPI: LAPIC_NMI (acpi_id[0x11] high edge lint[0x1])
[    0.031741] ACPI: LAPIC_NMI (acpi_id[0x12] high edge lint[0x1])
[    0.031741] ACPI: LAPIC_NMI (acpi_id[0x13] high edge lint[0x1])
[    0.031742] ACPI: LAPIC_NMI (acpi_id[0x14] high edge lint[0x1])
[    0.031743] ACPI: LAPIC_NMI (acpi_id[0x15] high edge lint[0x1])
[    0.031743] ACPI: LAPIC_NMI (acpi_id[0x16] high edge lint[0x1])
[    0.031744] ACPI: LAPIC_NMI (acpi_id[0x17] high edge lint[0x1])
[    0.031744] ACPI: LAPIC_NMI (acpi_id[0x00] high edge lint[0x1])
[    0.031782] IOAPIC[0]: apic_id 2, version 32, address 0xfec00000, GSI 0-119
[    0.031784] ACPI: INT_SRC_OVR (bus 0 bus_irq 0 global_irq 2 dfl dfl)
[    0.031786] ACPI: INT_SRC_OVR (bus 0 bus_irq 9 global_irq 9 high level)
[    0.031790] ACPI: Using ACPI (MADT) for SMP configuration information
[    0.031791] ACPI: HPET id: 0x8086a201 base: 0xfed00000
[    0.031800] e820: update [mem 0x6a4f4000-0x6a534fff] usable ==> reserved
[    0.031813] TSC deadline timer available
[    0.031817] CPU topo: Max. logical packages:   1
[    0.031818] CPU topo: Max. logical dies:       1
[    0.031818] CPU topo: Max. dies per package:   1
[    0.031822] CPU topo: Max. threads per core:   1
[    0.031823] CPU topo: Num. cores per package:     4
[    0.031823] CPU topo: Num. threads per package:   4
[    0.031824] CPU topo: Allowing 4 present CPUs plus 0 hotplug CPUs
[    0.031845] PM: hibernation: Registered nosave memory: [mem 0x00000000-0x00000fff]
[    0.031846] PM: hibernation: Registered nosave memory: [mem 0x0009e000-0x0009efff]
[    0.031848] PM: hibernation: Registered nosave memory: [mem 0x000a0000-0x000fffff]
[    0.031849] PM: hibernation: Registered nosave memory: [mem 0x416ee000-0x416eefff]
[    0.031850] PM: hibernation: Registered nosave memory: [mem 0x4335a000-0x4335afff]
[    0.031852] PM: hibernation: Registered nosave memory: [mem 0x6a4f4000-0x6a534fff]
[    0.031853] PM: hibernation: Registered nosave memory: [mem 0x6cc00000-0x6cc00fff]
[    0.031854] PM: hibernation: Registered nosave memory: [mem 0x7025d000-0x73efefff]
[    0.031856] PM: hibernation: Registered nosave memory: [mem 0x73f00000-0xffffffff]
[    0.031857] [mem 0x80400000-0xfdffffff] available for PCI devices
[    0.031858] Booting paravirtualized kernel on bare hardware
[    0.031861] clocksource: refined-jiffies: mask: 0xffffffff max_cycles: 0xffffffff, max_idle_ns: 7645519600211568 ns
[    0.036806] setup_percpu: NR_CPUS:8192 nr_cpumask_bits:4 nr_cpu_ids:4 nr_node_ids:1
[    0.037089] percpu: Embedded 66 pages/cpu s233472 r8192 d28672 u524288
[    0.037097] pcpu-alloc: s233472 r8192 d28672 u524288 alloc=1*2097152
[    0.037099] pcpu-alloc: [0] 0 1 2 3 
[    0.037117] Kernel command line: BOOT_IMAGE=/@/boot/vmlinuz-6.12.57+deb13-amd64 root=UUID=cf1b7843-392f-413c-ab2f-fa8bfa5d90e7 ro rootflags=subvol=@ fbcon=rotate:1 video=DSI-1:panel_orientation=right_side_up log_buf_len=10M i915.enable_psr=0 i915.enable_dc=0 i915.enable_fbc=0 drm.debug=0x1e
[    0.037221] random: crng init done
[    0.038796] Dentry cache hash table entries: 2097152 (order: 12, 16777216 bytes, linear)
[    0.039615] Inode-cache hash table entries: 1048576 (order: 11, 8388608 bytes, linear)
[    0.039670] Fallback order for Node 0: 0 
[    0.039673] Built 1 zonelists, mobility grouping on.  Total pages: 3079674
[    0.039674] Policy zone: Normal
[    0.039682] mem auto-init: stack:all(zero), heap alloc:on, heap free:off
[    0.039693] software IO TLB: area num 4.
[    0.058970] SLUB: HWalign=64, Order=0-3, MinObjects=0, CPUs=4, Nodes=1
[    0.059007] ftrace: allocating 45728 entries in 179 pages
[    0.062224] ftrace: allocated 179 pages with 5 groups
[    0.062678] Dynamic Preempt: voluntary
[    0.062716] rcu: Preemptible hierarchical RCU implementation.
[    0.062717] rcu: 	RCU restricting CPUs from NR_CPUS=8192 to nr_cpu_ids=4.
[    0.062718] 	Trampoline variant of Tasks RCU enabled.
[    0.062719] 	Rude variant of Tasks RCU enabled.
[    0.062719] 	Tracing variant of Tasks RCU enabled.
[    0.062720] rcu: RCU calculated value of scheduler-enlistment delay is 25 jiffies.
[    0.062720] rcu: Adjusting geometry for rcu_fanout_leaf=16, nr_cpu_ids=4
[    0.062727] RCU Tasks: Setting shift to 2 and lim to 1 rcu_task_cb_adjust=1 rcu_task_cpu_ids=4.
[    0.062729] RCU Tasks Rude: Setting shift to 2 and lim to 1 rcu_task_cb_adjust=1 rcu_task_cpu_ids=4.
[    0.062730] RCU Tasks Trace: Setting shift to 2 and lim to 1 rcu_task_cb_adjust=1 rcu_task_cpu_ids=4.
[    0.066971] NR_IRQS: 524544, nr_irqs: 1024, preallocated irqs: 16
[    0.067286] rcu: srcu_init: Setting srcu_struct sizes based on contention.
[    0.067524] Console: colour dummy device 80x25
[    0.067528] printk: legacy console [tty0] enabled
[    0.067959] ACPI: Core revision 20240827
[    0.068498] hpet: HPET dysfunctional in PC10. Force disabled.
[    0.068592] APIC: Switch to symmetric I/O mode setup
[    0.068597] DMAR: Host address width 39
[    0.068599] DMAR: DRHD base: 0x000000fed90000 flags: 0x0
[    0.068609] DMAR: dmar0: reg_base_addr fed90000 ver 4:0 cap 1c0000c40660462 ecap 29a00f0505e
[    0.068615] DMAR: DRHD base: 0x000000fed91000 flags: 0x1
[    0.068622] DMAR: dmar1: reg_base_addr fed91000 ver 5:0 cap d2008c40660462 ecap f050da
[    0.068627] DMAR: RMRR base: 0x0000007c000000 end: 0x000000803fffff
[    0.068632] DMAR-IR: IOAPIC id 2 under DRHD base  0xfed91000 IOMMU 1
[    0.068635] DMAR-IR: HPET id 0 under DRHD base 0xfed91000
[    0.068638] DMAR-IR: Queued invalidation will be enabled to support x2apic and Intr-remapping.
[    0.070757] DMAR-IR: Enabled IRQ remapping in x2apic mode
[    0.070764] x2apic enabled
[    0.070833] APIC: Switched APIC routing to: cluster x2apic
[    0.075757] clocksource: tsc-early: mask: 0xffffffffffffffff max_cycles: 0xb9fb05486c, max_idle_ns: 440795231721 ns
[    0.075770] Calibrating delay loop (skipped), value calculated using timer frequency.. 1612.80 BogoMIPS (lpj=3225600)
[    0.075814] CPU0: Thermal monitoring enabled (TM1)
[    0.075818] x86/cpu: User Mode Instruction Prevention (UMIP) activated
[    0.075913] CET detected: Indirect Branch Tracking enabled
[    0.075917] Last level iTLB entries: 4KB 0, 2MB 0, 4MB 0
[    0.075920] Last level dTLB entries: 4KB 0, 2MB 0, 4MB 0, 1GB 0
[    0.075926] process: using mwait in idle threads
[    0.075930] Spectre V1 : Mitigation: usercopy/swapgs barriers and __user pointer sanitization
[    0.075935] Spectre V2 : Mitigation: Enhanced / Automatic IBRS
[    0.075940] Spectre V2 : mitigation: Enabling conditional Indirect Branch Prediction Barrier
[    0.075946] Speculative Store Bypass: Mitigation: Speculative Store Bypass disabled via prctl
[    0.075949] Register File Data Sampling: Mitigation: Clear Register File
[    0.075954] VMSCAPE: Mitigation: IBPB before exit to userspace
[    0.075965] x86/fpu: Supporting XSAVE feature 0x001: 'x87 floating point registers'
[    0.075969] x86/fpu: Supporting XSAVE feature 0x002: 'SSE registers'
[    0.075972] x86/fpu: Supporting XSAVE feature 0x004: 'AVX registers'
[    0.075975] x86/fpu: Supporting XSAVE feature 0x200: 'Protection Keys User registers'
[    0.075979] x86/fpu: Supporting XSAVE feature 0x800: 'Control-flow User registers'
[    0.075983] x86/fpu: xstate_offset[2]:  576, xstate_sizes[2]:  256
[    0.075987] x86/fpu: xstate_offset[9]:  832, xstate_sizes[9]:    8
[    0.075990] x86/fpu: xstate_offset[11]:  840, xstate_sizes[11]:   16
[    0.075994] x86/fpu: Enabled xstate features 0xa07, context size is 856 bytes, using 'compacted' format.
[    0.079766] Freeing SMP alternatives memory: 40K
[    0.079766] pid_max: default: 32768 minimum: 301
[    0.079766] LSM: initializing lsm=lockdown,capability,landlock,yama,apparmor,tomoyo,bpf,ipe,ima,evm
[    0.079766] landlock: Up and running.
[    0.079766] Yama: disabled by default; enable with sysctl kernel.yama.*
[    0.079766] AppArmor: AppArmor initialized
[    0.079766] TOMOYO Linux initialized
[    0.079766] LSM support for eBPF active
[    0.079766] Mount-cache hash table entries: 32768 (order: 6, 262144 bytes, linear)
[    0.079766] Mountpoint-cache hash table entries: 32768 (order: 6, 262144 bytes, linear)
[    0.079766] smpboot: CPU0: Intel(R) N100 (family: 0x6, model: 0xbe, stepping: 0x0)
[    0.079766] Performance Events: XSAVE Architectural LBR, PEBS fmt4+-baseline, PEBS-via-PT,  AnyThread deprecated, Gracemont events, 32-deep LBR, full-width counters, Intel PMU driver.
[    0.079766] ... version:                5
[    0.079766] ... bit width:              48
[    0.079766] ... generic registers:      6
[    0.079766] ... value mask:             0000ffffffffffff
[    0.079766] ... max period:             00007fffffffffff
[    0.079766] ... fixed-purpose events:   3
[    0.079766] ... event mask:             000000070000003f
[    0.079766] signal: max sigframe size: 3632
[    0.079766] Estimated ratio of average max frequency by base frequency (times 1024): 3712
[    0.079766] rcu: Hierarchical SRCU implementation.
[    0.079766] rcu: 	Max phase no-delay instances is 1000.
[    0.079766] Timer migration: 1 hierarchy levels; 8 children per group; 1 crossnode level
[    0.079766] NMI watchdog: Enabled. Permanently consumes one hw-PMU counter.
[    0.079766] smp: Bringing up secondary CPUs ...
[    0.079766] smpboot: x86: Booting SMP configuration:
[    0.079766] .... node  #0, CPUs:      #1 #2 #3
[    0.079852] smp: Brought up 1 node, 4 CPUs
[    0.079852] smpboot: Total of 4 processors activated (6451.20 BogoMIPS)
[    0.103210] node 0 deferred pages initialised in 20ms
[    0.103210] Memory: 11853864K/12318696K available (16384K kernel code, 2496K rwdata, 11800K rodata, 4152K init, 4936K bss, 453912K reserved, 0K cma-reserved)
[    0.104070] devtmpfs: initialized
[    0.104070] x86/mm: Memory block size: 128MB
[    0.105117] ACPI: PM: Registering ACPI NVS region [mem 0x7343f000-0x734fefff] (786432 bytes)
[    0.105117] clocksource: jiffies: mask: 0xffffffff max_cycles: 0xffffffff, max_idle_ns: 7645041785100000 ns
[    0.105117] futex hash table entries: 1024 (order: 4, 65536 bytes, linear)
[    0.105117] pinctrl core: initialized pinctrl subsystem
[    0.105117] NET: Registered PF_NETLINK/PF_ROUTE protocol family
[    0.105117] DMA: preallocated 2048 KiB GFP_KERNEL pool for atomic allocations
[    0.105324] DMA: preallocated 2048 KiB GFP_KERNEL|GFP_DMA pool for atomic allocations
[    0.105561] DMA: preallocated 2048 KiB GFP_KERNEL|GFP_DMA32 pool for atomic allocations
[    0.105583] audit: initializing netlink subsys (disabled)
[    0.105602] audit: type=2000 audit(1764531256.000:1): state=initialized audit_enabled=0 res=1
[    0.105602] thermal_sys: Registered thermal governor 'fair_share'
[    0.105602] thermal_sys: Registered thermal governor 'bang_bang'
[    0.105602] thermal_sys: Registered thermal governor 'step_wise'
[    0.105602] thermal_sys: Registered thermal governor 'user_space'
[    0.105602] thermal_sys: Registered thermal governor 'power_allocator'
[    0.105602] cpuidle: using governor ladder
[    0.105602] cpuidle: using governor menu
[    0.105602] acpiphp: ACPI Hot Plug PCI Controller Driver version: 0.5
[    0.107802] PCI: ECAM [mem 0xc0000000-0xcfffffff] (base 0xc0000000) for domain 0000 [bus 00-ff]
[    0.107823] PCI: Using configuration type 1 for base access
[    0.107952] kprobes: kprobe jump-optimization is enabled. All kprobes are optimized if possible.
[    0.107952] HugeTLB: registered 1.00 GiB page size, pre-allocated 0 pages
[    0.107952] HugeTLB: 16380 KiB vmemmap can be freed for a 1.00 GiB page
[    0.107952] HugeTLB: registered 2.00 MiB page size, pre-allocated 0 pages
[    0.107952] HugeTLB: 28 KiB vmemmap can be freed for a 2.00 MiB page
[    0.107952] ACPI: Added _OSI(Module Device)
[    0.107952] ACPI: Added _OSI(Processor Device)
[    0.107952] ACPI: Added _OSI(Processor Aggregator Device)
[    0.239705] ACPI: 14 ACPI AML tables successfully acquired and loaded
[    0.259658] ACPI: Dynamic OEM Table Load:
[    0.259675] ACPI: SSDT 0xFFFF906A8158D400 000394 (v02 PmRef  Cpu0Cst  00003001 INTL 20200717)
[    0.260883] ACPI: Dynamic OEM Table Load:
[    0.260893] ACPI: SSDT 0xFFFF906A80FA3400 0001A3 (v02 PmRef  Cpu0Ist  00003000 INTL 20200717)
[    0.262035] ACPI: Dynamic OEM Table Load:
[    0.262043] ACPI: SSDT 0xFFFF906A80FA2E00 0001AB (v02 PmRef  Cpu0Psd  00003000 INTL 20200717)
[    0.263188] ACPI: Dynamic OEM Table Load:
[    0.263196] ACPI: SSDT 0xFFFF906A80F93000 0004BA (v02 PmRef  Cpu0Hwp  00003000 INTL 20200717)
[    0.264807] ACPI: Dynamic OEM Table Load:
[    0.264820] ACPI: SSDT 0xFFFF906A80F9A000 001BAF (v02 PmRef  ApIst    00003000 INTL 20200717)
[    0.266676] ACPI: Dynamic OEM Table Load:
[    0.266686] ACPI: SSDT 0xFFFF906A80F9C000 001038 (v02 PmRef  ApHwp    00003000 INTL 20200717)
[    0.268356] ACPI: Dynamic OEM Table Load:
[    0.268366] ACPI: SSDT 0xFFFF906A80F98000 001349 (v02 PmRef  ApPsd    00003000 INTL 20200717)
[    0.270112] ACPI: Dynamic OEM Table Load:
[    0.270122] ACPI: SSDT 0xFFFF906A80183000 000FBB (v02 PmRef  ApCst    00003000 INTL 20200717)
[    0.272877] ACPI: EC: EC started
[    0.272881] ACPI: EC: interrupt blocked
[    0.280784] ACPI: EC: EC_CMD/EC_SC=0x66, EC_DATA=0x62
[    0.280789] ACPI: \_SB_.PC00.LPCB.H_EC: Boot DSDT EC used to handle transactions
[    0.280794] ACPI: Interpreter enabled
[    0.280877] ACPI: PM: (supports S0 S3 S4 S5)
[    0.280880] ACPI: Using IOAPIC for interrupt routing
[    0.280955] PCI: Using host bridge windows from ACPI; if necessary, use "pci=nocrs" and report a bug
[    0.280959] PCI: Ignoring E820 reservations for host bridge windows
[    0.282370] ACPI: Enabled 7 GPEs in block 00 to 7F
[    0.311726] ACPI: \_SB_.PC00.CNVW.WRST: New power resource
[    0.323264] ACPI: \_SB_.PC00.TBT0: New power resource
[    0.323746] ACPI: \_SB_.PC00.TBT1: New power resource
[    0.324221] ACPI: \_SB_.PC00.D3C_: New power resource
[    0.388487] ACPI: \_TZ_.FN00: New power resource
[    0.388564] ACPI: \_TZ_.FN01: New power resource
[    0.388634] ACPI: \_TZ_.FN02: New power resource
[    0.388703] ACPI: \_TZ_.FN03: New power resource
[    0.388779] ACPI: \_TZ_.FN04: New power resource
[    0.389384] ACPI: \PIN_: New power resource
[    0.390026] ACPI: PCI Root Bridge [PC00] (domain 0000 [bus 00-fe])
[    0.390038] acpi PNP0A08:00: _OSC: OS supports [ExtendedConfig ASPM ClockPM Segments MSI HPX-Type3]
[    0.391384] acpi PNP0A08:00: _OSC: platform does not support [AER]
[    0.394003] acpi PNP0A08:00: _OSC: OS now controls [PCIeHotplug SHPCHotplug PME PCIeCapability LTR]
[    0.396067] PCI host bridge to bus 0000:00
[    0.396073] pci_bus 0000:00: root bus resource [io  0x0000-0x0cf7 window]
[    0.396078] pci_bus 0000:00: root bus resource [io  0x0d00-0xffff window]
[    0.396081] pci_bus 0000:00: root bus resource [mem 0x000a0000-0x000bffff window]
[    0.396086] pci_bus 0000:00: root bus resource [mem 0x000e0000-0x000fffff window]
[    0.396090] pci_bus 0000:00: root bus resource [mem 0x80400000-0xbfffffff window]
[    0.396093] pci_bus 0000:00: root bus resource [mem 0x4000000000-0x7fffffffff window]
[    0.396097] pci_bus 0000:00: root bus resource [bus 00-fe]
[    0.396139] pci 0000:00:00.0: [8086:461c] type 00 class 0x060000 conventional PCI endpoint
[    0.396312] pci 0000:00:02.0: [8086:46d1] type 00 class 0x030000 PCIe Root Complex Integrated Endpoint
[    0.396325] pci 0000:00:02.0: BAR 0 [mem 0x6000000000-0x6000ffffff 64bit]
[    0.396334] pci 0000:00:02.0: BAR 2 [mem 0x4000000000-0x400fffffff 64bit pref]
[    0.396341] pci 0000:00:02.0: BAR 4 [io  0x5000-0x503f]
[    0.396362] pci 0000:00:02.0: DMAR: Skip IOMMU disabling for graphics
[    0.396368] pci 0000:00:02.0: Video device with shadowed ROM at [mem 0x000c0000-0x000dffff]
[    0.396403] pci 0000:00:02.0: VF BAR 0 [mem 0x00000000-0x00ffffff 64bit]
[    0.396407] pci 0000:00:02.0: VF BAR 0 [mem 0x00000000-0x06ffffff 64bit]: contains BAR 0 for 7 VFs
[    0.396415] pci 0000:00:02.0: VF BAR 2 [mem 0x00000000-0x1fffffff 64bit pref]
[    0.396418] pci 0000:00:02.0: VF BAR 2 [mem 0x00000000-0xdfffffff 64bit pref]: contains BAR 2 for 7 VFs
[    0.396605] pci 0000:00:0a.0: [8086:467d] type 00 class 0x118000 PCIe Root Complex Integrated Endpoint
[    0.396617] pci 0000:00:0a.0: BAR 0 [mem 0x6001120000-0x6001127fff 64bit]
[    0.396640] pci 0000:00:0a.0: enabling Extended Tags
[    0.396750] pci 0000:00:0d.0: [8086:464e] type 00 class 0x0c0330 conventional PCI endpoint
[    0.396767] pci 0000:00:0d.0: BAR 0 [mem 0x6001110000-0x600111ffff 64bit]
[    0.396821] pci 0000:00:0d.0: PME# supported from D3hot D3cold
[    0.399601] pci 0000:00:14.0: [8086:54ed] type 00 class 0x0c0330 conventional PCI endpoint
[    0.399631] pci 0000:00:14.0: BAR 0 [mem 0x6001100000-0x600110ffff 64bit]
[    0.399732] pci 0000:00:14.0: PME# supported from D3hot D3cold
[    0.402372] pci 0000:00:14.2: [8086:54ef] type 00 class 0x050000 conventional PCI endpoint
[    0.402398] pci 0000:00:14.2: BAR 0 [mem 0x600112c000-0x600112ffff 64bit]
[    0.402415] pci 0000:00:14.2: BAR 2 [mem 0x6001134000-0x6001134fff 64bit]
[    0.402652] pci 0000:00:15.0: [8086:54e8] type 00 class 0x0c8000 conventional PCI endpoint
[    0.402726] pci 0000:00:15.0: BAR 0 [mem 0x00000000-0x00000fff 64bit]
[    0.403276] pci 0000:00:15.3: [8086:54eb] type 00 class 0x0c8000 conventional PCI endpoint
[    0.403353] pci 0000:00:15.3: BAR 0 [mem 0x00000000-0x00000fff 64bit]
[    0.403837] pci 0000:00:16.0: [8086:54e0] type 00 class 0x078000 conventional PCI endpoint
[    0.403866] pci 0000:00:16.0: BAR 0 [mem 0x6001131000-0x6001131fff 64bit]
[    0.403962] pci 0000:00:16.0: PME# supported from D3hot
[    0.404640] pci 0000:00:1c.0: [8086:54ba] type 01 class 0x060400 PCIe Root Port
[    0.404674] pci 0000:00:1c.0: PCI bridge to [bus 01]
[    0.404680] pci 0000:00:1c.0:   bridge window [io  0x4000-0x4fff]
[    0.404686] pci 0000:00:1c.0:   bridge window [mem 0x80600000-0x806fffff]
[    0.404783] pci 0000:00:1c.0: PME# supported from D0 D3hot D3cold
[    0.404825] pci 0000:00:1c.0: PTM enabled (root), 4ns granularity
[    0.405454] pci 0000:00:1c.6: [8086:54be] type 01 class 0x060400 PCIe Root Port
[    0.405488] pci 0000:00:1c.6: PCI bridge to [bus 02]
[    0.405494] pci 0000:00:1c.6:   bridge window [io  0x3000-0x3fff]
[    0.405499] pci 0000:00:1c.6:   bridge window [mem 0x80500000-0x805fffff]
[    0.405594] pci 0000:00:1c.6: PME# supported from D0 D3hot D3cold
[    0.405636] pci 0000:00:1c.6: PTM enabled (root), 4ns granularity
[    0.406262] pci 0000:00:1d.0: [8086:54b0] type 01 class 0x060400 PCIe Root Port
[    0.406313] pci 0000:00:1d.0: PCI bridge to [bus 03]
[    0.406322] pci 0000:00:1d.0:   bridge window [mem 0x80400000-0x804fffff]
[    0.406426] pci 0000:00:1d.0: PME# supported from D0 D3hot D3cold
[    0.406472] pci 0000:00:1d.0: PTM enabled (root), 4ns granularity
[    0.407111] pci 0000:00:1f.0: [8086:5481] type 00 class 0x060100 conventional PCI endpoint
[    0.407517] pci 0000:00:1f.3: [8086:54c8] type 00 class 0x040300 conventional PCI endpoint
[    0.407564] pci 0000:00:1f.3: BAR 0 [mem 0x6001128000-0x600112bfff 64bit]
[    0.407619] pci 0000:00:1f.3: BAR 4 [mem 0x6001000000-0x60010fffff 64bit]
[    0.407729] pci 0000:00:1f.3: PME# supported from D3hot D3cold
[    0.408378] pci 0000:00:1f.4: [8086:54a3] type 00 class 0x0c0500 conventional PCI endpoint
[    0.408406] pci 0000:00:1f.4: BAR 0 [mem 0x6001130000-0x60011300ff 64bit]
[    0.408431] pci 0000:00:1f.4: BAR 4 [io  0xefa0-0xefbf]
[    0.408708] pci 0000:00:1f.5: [8086:54a4] type 00 class 0x0c8000 conventional PCI endpoint
[    0.408732] pci 0000:00:1f.5: BAR 0 [mem 0xfe010000-0xfe010fff]
[    0.408931] pci 0000:01:00.0: [10ec:8168] type 00 class 0x020000 PCIe Endpoint
[    0.408955] pci 0000:01:00.0: BAR 0 [io  0x4000-0x40ff]
[    0.408982] pci 0000:01:00.0: BAR 2 [mem 0x80604000-0x80604fff 64bit]
[    0.409000] pci 0000:01:00.0: BAR 4 [mem 0x80600000-0x80603fff 64bit]
[    0.409136] pci 0000:01:00.0: supports D1 D2
[    0.409139] pci 0000:01:00.0: PME# supported from D0 D1 D2 D3hot D3cold
[    0.409421] pci 0000:00:1c.0: PCI bridge to [bus 01]
[    0.409540] pci 0000:02:00.0: [10ec:b852] type 00 class 0x028000 PCIe Endpoint
[    0.409582] pci 0000:02:00.0: BAR 0 [io  0x3000-0x30ff]
[    0.409633] pci 0000:02:00.0: BAR 2 [mem 0x80500000-0x805fffff 64bit]
[    0.409895] pci 0000:02:00.0: PME# supported from D0 D3hot D3cold
[    0.410375] pci 0000:00:1c.6: PCI bridge to [bus 02]
[    0.410742] pci 0000:03:00.0: [1d79:2263] type 00 class 0x010802 PCIe Endpoint
[    0.410815] pci 0000:03:00.0: BAR 0 [mem 0x80400000-0x80403fff 64bit]
[    0.411569] pci 0000:00:1d.0: PCI bridge to [bus 03]
[    0.418441] ACPI: PCI: Interrupt link LNKA configured for IRQ 0
[    0.418591] ACPI: PCI: Interrupt link LNKB configured for IRQ 1
[    0.418738] ACPI: PCI: Interrupt link LNKC configured for IRQ 0
[    0.418883] ACPI: PCI: Interrupt link LNKD configured for IRQ 0
[    0.419028] ACPI: PCI: Interrupt link LNKE configured for IRQ 0
[    0.419173] ACPI: PCI: Interrupt link LNKF configured for IRQ 0
[    0.419318] ACPI: PCI: Interrupt link LNKG configured for IRQ 0
[    0.419463] ACPI: PCI: Interrupt link LNKH configured for IRQ 0
[    0.441243] ACPI: EC: interrupt unblocked
[    0.441249] ACPI: EC: event unblocked
[    0.441274] ACPI: EC: EC_CMD/EC_SC=0x66, EC_DATA=0x62
[    0.441277] ACPI: EC: GPE=0x6e
[    0.441280] ACPI: \_SB_.PC00.LPCB.H_EC: Boot DSDT EC initialization complete
[    0.441283] ACPI: \_SB_.PC00.LPCB.H_EC: EC: Used to handle transactions and events
[    0.441415] iommu: Default domain type: Translated
[    0.441415] iommu: DMA domain TLB invalidation policy: lazy mode
[    0.441415] pps_core: LinuxPPS API ver. 1 registered
[    0.441415] pps_core: Software ver. 5.3.6 - Copyright 2005-2007 Rodolfo Giometti <giometti@linux.it>
[    0.441415] PTP clock support registered
[    0.441415] EDAC MC: Ver: 3.0.0
[    0.441415] efivars: Registered efivars operations
[    0.441415] NetLabel: Initializing
[    0.441415] NetLabel:  domain hash size = 128
[    0.441415] NetLabel:  protocols = UNLABELED CIPSOv4 CALIPSO
[    0.441415] NetLabel:  unlabeled traffic allowed by default
[    0.441415] PCI: Using ACPI for IRQ routing
[    0.466240] PCI: pci_cache_line_size set to 64 bytes
[    0.466384] pci 0000:00:1f.5: BAR 0 [mem 0xfe010000-0xfe010fff]: can't claim; no compatible bridge window
[    0.466526] e820: reserve RAM buffer [mem 0x0009e000-0x0009ffff]
[    0.466529] e820: reserve RAM buffer [mem 0x416ee000-0x43ffffff]
[    0.466530] e820: reserve RAM buffer [mem 0x4335a000-0x43ffffff]
[    0.466532] e820: reserve RAM buffer [mem 0x6a4f4000-0x6bffffff]
[    0.466533] e820: reserve RAM buffer [mem 0x6cc00000-0x6fffffff]
[    0.466534] e820: reserve RAM buffer [mem 0x7025d000-0x73ffffff]
[    0.466535] e820: reserve RAM buffer [mem 0x73f00000-0x73ffffff]
[    0.466536] e820: reserve RAM buffer [mem 0x37fc00000-0x37fffffff]
[    0.466588] pci 0000:00:02.0: vgaarb: setting as boot VGA device
[    0.466588] pci 0000:00:02.0: vgaarb: bridge control possible
[    0.466588] pci 0000:00:02.0: vgaarb: VGA device added: decodes=io+mem,owns=io+mem,locks=none
[    0.466588] vgaarb: loaded
[    0.466588] clocksource: Switched to clocksource tsc-early
[    0.466588] VFS: Disk quotas dquot_6.6.0
[    0.466588] VFS: Dquot-cache hash table entries: 512 (order 0, 4096 bytes)
[    0.466588] AppArmor: AppArmor Filesystem Enabled
[    0.466588] pnp: PnP ACPI init
[    0.466588] system 00:01: [io  0x0680-0x069f] has been reserved
[    0.466588] system 00:01: [io  0x164e-0x164f] has been reserved
[    0.466588] pnp 00:02: disabling [mem 0xc0000000-0xcfffffff] because it overlaps 0000:00:02.0 BAR 9 [mem 0x00000000-0xdfffffff 64bit pref]
[    0.466588] system 00:02: [mem 0xfedc0000-0xfedc7fff] has been reserved
[    0.466588] system 00:02: [mem 0xfeda0000-0xfeda0fff] has been reserved
[    0.466588] system 00:02: [mem 0xfeda1000-0xfeda1fff] has been reserved
[    0.466588] system 00:02: [mem 0xfed20000-0xfed7ffff] could not be reserved
[    0.466588] system 00:02: [mem 0xfed90000-0xfed93fff] could not be reserved
[    0.466588] system 00:02: [mem 0xfed45000-0xfed8ffff] could not be reserved
[    0.466588] system 00:02: [mem 0xfee00000-0xfeefffff] could not be reserved
[    0.470333] system 00:03: [io  0x2000-0x20fe] has been reserved
[    0.471499] pnp: PnP ACPI: found 5 devices
[    0.477506] clocksource: acpi_pm: mask: 0xffffff max_cycles: 0xffffff, max_idle_ns: 2085701024 ns
[    0.477577] NET: Registered PF_INET protocol family
[    0.477917] IP idents hash table entries: 262144 (order: 9, 2097152 bytes, linear)
[    0.496235] tcp_listen_portaddr_hash hash table entries: 8192 (order: 5, 131072 bytes, linear)
[    0.496277] Table-perturb hash table entries: 65536 (order: 6, 262144 bytes, linear)
[    0.496406] TCP established hash table entries: 131072 (order: 8, 1048576 bytes, linear)
[    0.496760] TCP bind hash table entries: 65536 (order: 9, 2097152 bytes, linear)
[    0.496899] TCP: Hash tables configured (established 131072 bind 65536)
[    0.497027] MPTCP token hash table entries: 16384 (order: 6, 393216 bytes, linear)
[    0.497096] UDP hash table entries: 8192 (order: 6, 262144 bytes, linear)
[    0.497150] UDP-Lite hash table entries: 8192 (order: 6, 262144 bytes, linear)
[    0.497227] NET: Registered PF_UNIX/PF_LOCAL protocol family
[    0.497238] NET: Registered PF_XDP protocol family
[    0.497249] pci_bus 0000:00: max bus depth: 1 pci_try_num: 2
[    0.497265] pci 0000:00:02.0: VF BAR 2 [mem 0x4020000000-0x40ffffffff 64bit pref]: assigned
[    0.497275] pci 0000:00:02.0: VF BAR 0 [mem 0x4010000000-0x4016ffffff 64bit]: assigned
[    0.497280] pci 0000:00:15.0: BAR 0 [mem 0x4017000000-0x4017000fff 64bit]: assigned
[    0.497340] pci 0000:00:15.3: BAR 0 [mem 0x4017001000-0x4017001fff 64bit]: assigned
[    0.497403] pci 0000:00:1f.5: BAR 0 [mem 0x80700000-0x80700fff]: assigned
[    0.497417] pci 0000:00:1c.0: PCI bridge to [bus 01]
[    0.497422] pci 0000:00:1c.0:   bridge window [io  0x4000-0x4fff]
[    0.497429] pci 0000:00:1c.0:   bridge window [mem 0x80600000-0x806fffff]
[    0.497439] pci 0000:00:1c.6: PCI bridge to [bus 02]
[    0.497442] pci 0000:00:1c.6:   bridge window [io  0x3000-0x3fff]
[    0.497448] pci 0000:00:1c.6:   bridge window [mem 0x80500000-0x805fffff]
[    0.497458] pci 0000:00:1d.0: PCI bridge to [bus 03]
[    0.497464] pci 0000:00:1d.0:   bridge window [mem 0x80400000-0x804fffff]
[    0.497474] pci_bus 0000:00: resource 4 [io  0x0000-0x0cf7 window]
[    0.497478] pci_bus 0000:00: resource 5 [io  0x0d00-0xffff window]
[    0.497481] pci_bus 0000:00: resource 6 [mem 0x000a0000-0x000bffff window]
[    0.497484] pci_bus 0000:00: resource 7 [mem 0x000e0000-0x000fffff window]
[    0.497487] pci_bus 0000:00: resource 8 [mem 0x80400000-0xbfffffff window]
[    0.497491] pci_bus 0000:00: resource 9 [mem 0x4000000000-0x7fffffffff window]
[    0.497494] pci_bus 0000:01: resource 0 [io  0x4000-0x4fff]
[    0.497497] pci_bus 0000:01: resource 1 [mem 0x80600000-0x806fffff]
[    0.497500] pci_bus 0000:02: resource 0 [io  0x3000-0x3fff]
[    0.497503] pci_bus 0000:02: resource 1 [mem 0x80500000-0x805fffff]
[    0.497506] pci_bus 0000:03: resource 1 [mem 0x80400000-0x804fffff]
[    0.498291] PCI: CLS 64 bytes, default 64
[    0.498356] DMAR: No ATSR found
[    0.498358] DMAR: No SATC found
[    0.498360] DMAR: IOMMU feature fl1gp_support inconsistent
[    0.498362] DMAR: IOMMU feature pgsel_inv inconsistent
[    0.498365] DMAR: IOMMU feature nwfs inconsistent
[    0.498367] DMAR: IOMMU feature dit inconsistent
[    0.498369] DMAR: IOMMU feature sc_support inconsistent
[    0.498371] DMAR: IOMMU feature dev_iotlb_support inconsistent
[    0.498374] DMAR: dmar0: Using Queued invalidation
[    0.498381] DMAR: dmar1: Using Queued invalidation
[    0.498415] Trying to unpack rootfs image as initramfs...
[    0.498708] pci 0000:00:02.0: Adding to iommu group 0
[    0.498752] pci 0000:00:00.0: Adding to iommu group 1
[    0.498768] pci 0000:00:0a.0: Adding to iommu group 2
[    0.498784] pci 0000:00:0d.0: Adding to iommu group 3
[    0.498803] pci 0000:00:14.0: Adding to iommu group 4
[    0.498816] pci 0000:00:14.2: Adding to iommu group 4
[    0.498835] pci 0000:00:15.0: Adding to iommu group 5
[    0.498848] pci 0000:00:15.3: Adding to iommu group 5
[    0.498863] pci 0000:00:16.0: Adding to iommu group 6
[    0.498879] pci 0000:00:1c.0: Adding to iommu group 7
[    0.498900] pci 0000:00:1c.6: Adding to iommu group 8
[    0.498916] pci 0000:00:1d.0: Adding to iommu group 9
[    0.498942] pci 0000:00:1f.0: Adding to iommu group 10
[    0.498954] pci 0000:00:1f.3: Adding to iommu group 10
[    0.498967] pci 0000:00:1f.4: Adding to iommu group 10
[    0.498980] pci 0000:00:1f.5: Adding to iommu group 10
[    0.498997] pci 0000:01:00.0: Adding to iommu group 11
[    0.499012] pci 0000:02:00.0: Adding to iommu group 12
[    0.499029] pci 0000:03:00.0: Adding to iommu group 13
[    0.500204] DMAR: Intel(R) Virtualization Technology for Directed I/O
[    0.500213] PCI-DMA: Using software bounce buffering for IO (SWIOTLB)
[    0.500217] software IO TLB: mapped [mem 0x000000005ddd8000-0x0000000061dd8000] (64MB)
[    0.500297] clocksource: tsc: mask: 0xffffffffffffffff max_cycles: 0xb9fb05486c, max_idle_ns: 440795231721 ns
[    0.500332] clocksource: Switched to clocksource tsc
[    0.500385] platform rtc_cmos: registered platform RTC device (no PNP device found)
[    0.504749] Initialise system trusted keyrings
[    0.504766] Key type blacklist registered
[    0.504832] workingset: timestamp_bits=36 max_order=22 bucket_order=0
[    0.504845] zbud: loaded
[    0.504943] fuse: init (API version 7.41)
[    0.505102] integrity: Platform Keyring initialized
[    0.505109] integrity: Machine keyring initialized
[    0.523773] Key type asymmetric registered
[    0.523782] Asymmetric key parser 'x509' registered
[    0.596177] Freeing initrd memory: 47432K
[    0.601928] Block layer SCSI generic (bsg) driver version 0.4 loaded (major 246)
[    0.601975] io scheduler mq-deadline registered
[    0.603651] ledtrig-cpu: registered to indicate activity on CPUs
[    0.604031] pcieport 0000:00:1c.0: PME: Signaling with IRQ 122
[    0.604341] pcieport 0000:00:1c.6: PME: Signaling with IRQ 123
[    0.604673] pcieport 0000:00:1d.0: PME: Signaling with IRQ 124
[    0.604819] shpchp: Standard Hot Plug PCI Controller Driver version: 0.4
[    0.606544] thermal LNXTHERM:00: registered as thermal_zone0
[    0.606549] ACPI: thermal: Thermal Zone [TZ00] (28 C)
[    0.606698] Serial: 8250/16550 driver, 4 ports, IRQ sharing enabled
[    0.607422] hpet_acpi_add: no address or irqs in _CRS
[    0.607451] Linux agpgart interface v0.103
[    0.613149] i8042: PNP: PS/2 Controller [PNP0303:PS2K] at 0x60,0x64 irq 1
[    0.613155] i8042: PNP: PS/2 appears to have AUX port disabled, if this is incorrect please boot with i8042.nopnp
[    0.613997] serio: i8042 KBD port at 0x60,0x64 irq 1
[    0.614066] mousedev: PS/2 mouse device common for all mice
[    0.614122] rtc_cmos rtc_cmos: RTC can wake from S4
[    0.614928] rtc_cmos rtc_cmos: registered as rtc0
[    0.615115] rtc_cmos rtc_cmos: setting system clock to 2025-11-30T19:34:17 UTC (1764531257)
[    0.615154] rtc_cmos rtc_cmos: alarms up to one month, y3k, 114 bytes nvram
[    0.615293] intel_pstate: Intel P-state driver initializing
[    0.615645] intel_pstate: HWP enabled
[    0.615793] input: AT Translated Set 2 keyboard as /devices/platform/i8042/serio0/input/input0
[    0.616294] efifb: probing for efifb
[    0.616319] efifb: framebuffer at 0x4000000000, using 1876k, total 1875k
[    0.616325] efifb: mode is 800x600x32, linelength=3200, pages=1
[    0.616329] efifb: scrolling: redraw
[    0.616331] efifb: Truecolor: size=8:8:8:8, shift=24:16:8:0
[    0.622332] Console: switching to colour frame buffer device 75x50
[    0.629260] fb0: EFI VGA frame buffer device
[    0.629493] NET: Registered PF_INET6 protocol family
[    0.634960] Segment Routing with IPv6
[    0.635042] In-situ OAM (IOAM) with IPv6
[    0.635136] mip6: Mobile IPv6
[    0.635184] NET: Registered PF_PACKET protocol family
[    0.635298] mpls_gso: MPLS GSO support
[    0.635762] ENERGY_PERF_BIAS: Set to 'normal', was 'performance'
[    0.635948] microcode: Current revision: 0x0000001d
[    0.636027] microcode: Updated early from: 0x0000000f
[    0.636271] resctrl: L2 allocation detected
[    0.636355] IPI shorthand broadcast: enabled
[    0.638100] sched_clock: Marking stable (628041853, 8297921)->(669330757, -32990983)
[    0.638496] registered taskstats version 1
[    0.638673] Loading compiled-in X.509 certificates
[    0.665283] Loaded X.509 cert 'Build time autogenerated kernel key: 7c2b230a25e7258756ba9d8e66b30d6d89429d6d'
[    0.666887] Demotion targets for Node 0: null
[    0.667176] Key type .fscrypt registered
[    0.667241] Key type fscrypt-provisioning registered
[    0.684481] Key type encrypted registered
[    0.684557] AppArmor: AppArmor sha256 policy hashing enabled
[    0.685090] ima: Allocated hash algorithm: sha256
[    0.719926] ima: No architecture policies found
[    0.723902] evm: Initialising EVM extended attributes:
[    0.727262] evm: security.selinux
[    0.730494] evm: security.SMACK64 (disabled)
[    0.734561] evm: security.SMACK64EXEC (disabled)
[    0.738722] evm: security.SMACK64TRANSMUTE (disabled)
[    0.742808] evm: security.SMACK64MMAP (disabled)
[    0.746914] evm: security.apparmor
[    0.750857] evm: security.ima
[    0.754771] evm: security.capability
[    0.758561] evm: HMAC attrs: 0x1
[    0.776628] RAS: Correctable Errors collector initialized.
[    0.784896] clk: Disabling unused clocks
[    0.787996] PM: genpd: Disabling unused power domains
[    0.794003] Freeing unused decrypted memory: 2028K
[    0.797901] Freeing unused kernel image (initmem) memory: 4152K
[    0.800990] Write protecting the kernel read-only data: 28672k
[    0.804374] Freeing unused kernel image (rodata/data gap) memory: 488K
[    0.846083] x86/mm: Checked W+X mappings: passed, no W+X pages found.
[    0.849872] Run /init as init process
[    0.853702]   with arguments:
[    0.853704]     /init
[    0.853705]   with environment:
[    0.853705]     HOME=/
[    0.853706]     TERM=linux
[    0.877103] udevd[178]: starting version 3.2.14
[    0.880926] udevd[180]: starting eudev-3.2.14
[    0.923193] ACPI: battery: Slot [BAT0] (battery present)
[    0.964390] intel-lpss 0000:00:15.0: enabling device (0004 -> 0006)
[    0.967939] idma64 idma64.0: Found Intel integrated DMA 64-bit
[    0.989364] i801_smbus 0000:00:1f.4: enabling device (0000 -> 0003)
[    0.994315] i801_smbus 0000:00:1f.4: SPD Write Disable is set
[    0.997632] i801_smbus 0000:00:1f.4: SMBus using PCI interrupt
[    1.002340] ACPI: bus type USB registered
[    1.005463] usbcore: registered new interface driver usbfs
[    1.008958] usbcore: registered new interface driver hub
[    1.012505] usbcore: registered new device driver usb
[    1.018581] intel-lpss 0000:00:15.3: enabling device (0004 -> 0006)
[    1.022161] idma64 idma64.1: Found Intel integrated DMA 64-bit
[    1.214679] i801_smbus 0000:00:1f.4: SMBus is busy, can't use it!
[    1.218354] i801_smbus 0000:00:1f.4: SMBus is busy, can't use it!
[    1.221582] i801_smbus 0000:00:1f.4: SMBus is busy, can't use it!
[    1.224340] i801_smbus 0000:00:1f.4: SMBus is busy, can't use it!
[    1.227674] i801_smbus 0000:00:1f.4: SMBus is busy, can't use it!
[    1.231129] i801_smbus 0000:00:1f.4: SMBus is busy, can't use it!
[    1.234528] i801_smbus 0000:00:1f.4: SMBus is busy, can't use it!
[    1.251702] nvme 0000:03:00.0: platform quirk: setting simple suspend
[    1.254576] nvme nvme0: pci function 0000:03:00.0
[    1.258005] r8169 0000:01:00.0: enabling device (0000 -> 0003)
[    1.263257] nvme nvme0: missing or invalid SUBNQN field.
[    1.276777] r8169 0000:01:00.0 eth0: RTL8168h/8111h, 00:e0:4c:59:d2:6c, XID 541, IRQ 126
[    1.282454] r8169 0000:01:00.0 eth0: jumbo features [frames: 9194 bytes, tx checksumming: ko]
[    1.287351] nvme nvme0: allocated 64 MiB host memory buffer.
[    1.300261] nvme nvme0: 4/0/0 default/read/poll queues
[    1.313085]  nvme0n1: p1 p2 p5 p6 p7
[    1.326346] iTCO_vendor_support: vendor-support=0
[    1.331522] xhci_hcd 0000:00:0d.0: xHCI Host Controller
[    1.334698] xhci_hcd 0000:00:0d.0: new USB bus registered, assigned bus number 1
[    1.342480] xhci_hcd 0000:00:0d.0: hcc params 0x20007fc1 hci version 0x120 quirks 0x0000000200009810
[    1.349289] xhci_hcd 0000:00:0d.0: xHCI Host Controller
[    1.352544] xhci_hcd 0000:00:0d.0: new USB bus registered, assigned bus number 2
[    1.359019] xhci_hcd 0000:00:0d.0: Host supports USB 3.2 Enhanced SuperSpeed
[    1.359290] iTCO_wdt iTCO_wdt: Found a Intel PCH TCO device (Version=6, TCOBASE=0x0400)
[    1.365601] usb usb1: New USB device found, idVendor=1d6b, idProduct=0002, bcdDevice= 6.12
[    1.372330] iTCO_wdt iTCO_wdt: initialized. heartbeat=30 sec (nowayout=0)
[    1.378666] usb usb1: New USB device strings: Mfr=3, Product=2, SerialNumber=1
[    1.392125] usb usb1: Product: xHCI Host Controller
[    1.396268] usb usb1: Manufacturer: Linux 6.12.57+deb13-amd64 xhci-hcd
[    1.400655] usb usb1: SerialNumber: 0000:00:0d.0
[    1.405116] hub 1-0:1.0: USB hub found
[    1.408782] hub 1-0:1.0: 1 port detected
[    1.412400] usb usb2: New USB device found, idVendor=1d6b, idProduct=0003, bcdDevice= 6.12
[    1.419330] usb usb2: New USB device strings: Mfr=3, Product=2, SerialNumber=1
[    1.426507] usb usb2: Product: xHCI Host Controller
[    1.431022] usb usb2: Manufacturer: Linux 6.12.57+deb13-amd64 xhci-hcd
[    1.435590] usb usb2: SerialNumber: 0000:00:0d.0
[    1.440279] hub 2-0:1.0: USB hub found
[    1.444737] hub 2-0:1.0: 2 ports detected
[    1.450421] xhci_hcd 0000:00:14.0: xHCI Host Controller
[    1.454054] xhci_hcd 0000:00:14.0: new USB bus registered, assigned bus number 3
[    1.462528] xhci_hcd 0000:00:14.0: hcc params 0x20007fc1 hci version 0x120 quirks 0x0000100200009810
[    1.472686] xhci_hcd 0000:00:14.0: xHCI Host Controller
[    1.476721] xhci_hcd 0000:00:14.0: new USB bus registered, assigned bus number 4
[    1.484858] xhci_hcd 0000:00:14.0: Host supports USB 3.1 Enhanced SuperSpeed
[    1.494773] usb usb3: New USB device found, idVendor=1d6b, idProduct=0002, bcdDevice= 6.12
[    1.504672] usb usb3: New USB device strings: Mfr=3, Product=2, SerialNumber=1
[    1.514588] usb usb3: Product: xHCI Host Controller
[    1.519549] usb usb3: Manufacturer: Linux 6.12.57+deb13-amd64 xhci-hcd
[    1.524584] usb usb3: SerialNumber: 0000:00:14.0
[    1.529784] hub 3-0:1.0: USB hub found
[    1.534777] hub 3-0:1.0: 12 ports detected
[    1.541542] usb usb4: New USB device found, idVendor=1d6b, idProduct=0003, bcdDevice= 6.12
[    1.549484] usb usb4: New USB device strings: Mfr=3, Product=2, SerialNumber=1
[    1.557468] usb usb4: Product: xHCI Host Controller
[    1.561495] usb usb4: Manufacturer: Linux 6.12.57+deb13-amd64 xhci-hcd
[    1.565510] usb usb4: SerialNumber: 0000:00:14.0
[    1.570650] hub 4-0:1.0: USB hub found
[    1.575535] hub 4-0:1.0: 4 ports detected
[    1.708301] raid6: avx2x4   gen() 21125 MB/s
[    1.780333] raid6: avx2x2   gen() 24297 MB/s
[    1.792330] usb 3-3: new high-speed USB device number 2 using xhci_hcd
[    1.848301] raid6: avx2x1   gen() 19703 MB/s
[    1.851939] raid6: using algorithm avx2x2 gen() 24297 MB/s
[    1.920300] raid6: .... xor() 14312 MB/s, rmw enabled
[    1.924938] raid6: using avx2x2 recovery algorithm
[    1.935559] xor: automatically using best checksumming function   avx       
[    1.944518] usb 3-3: New USB device found, idVendor=32e6, idProduct=9005, bcdDevice= 0.01
[    1.952087] usb 3-3: New USB device strings: Mfr=1, Product=2, SerialNumber=0
[    1.959739] usb 3-3: Product: icspring camera
[    1.963579] usb 3-3: Manufacturer: icSpring
[    2.088370] usb 3-4: new full-speed USB device number 3 using xhci_hcd
[    2.154879] Btrfs loaded, zoned=yes, fsverity=yes
[    2.225708] usb 3-4: New USB device found, idVendor=222a, idProduct=0001, bcdDevice= 0.02
[    2.233748] usb 3-4: New USB device strings: Mfr=1, Product=2, SerialNumber=0
[    2.233751] usb 3-4: Product: ILITEK-2900
[    2.233752] usb 3-4: Manufacturer: ILITEK
[    2.258586] hid: raw HID events driver (C) Jiri Kosina
[    2.272878] usbcore: registered new interface driver usbhid
[    2.276360] usbhid: USB HID core driver
[    2.285442] input: ILITEK ILITEK-2900 Touchscreen as /devices/pci0000:00/0000:00:14.0/usb3/3-4/3-4:1.0/0003:222A:0001.0001/input/input1
[    2.292753] input: ILITEK ILITEK-2900 Stylus as /devices/pci0000:00/0000:00:14.0/usb3/3-4/3-4:1.0/0003:222A:0001.0001/input/input2
[    2.302689] hid-generic 0003:222A:0001.0001: input,hiddev0,hidraw0: USB HID v1.10 Device [ILITEK ILITEK-2900] on usb-0000:00:14.0-4/input0
[    2.355290] input: ILITEK ILITEK-2900 as /devices/pci0000:00/0000:00:14.0/usb3/3-4/3-4:1.0/0003:222A:0001.0001/input/input4
[    2.363905] usb 3-8: new full-speed USB device number 4 using xhci_hcd
[    2.368608] input: ILITEK ILITEK-2900 Stylus as /devices/pci0000:00/0000:00:14.0/usb3/3-4/3-4:1.0/0003:222A:0001.0001/input/input5
[    2.379150] hid-multitouch 0003:222A:0001.0001: input,hiddev0,hidraw0: USB HID v1.10 Device [ILITEK ILITEK-2900] on usb-0000:00:14.0-4/input0
[    2.404235] PM: Image not found (code -22)
[    2.468196] BTRFS: device label root1 devid 1 transid 131009 /dev/nvme0n1p5 (259:3) scanned by mount (247)
[    2.477548] BTRFS info (device nvme0n1p5): first mount of filesystem cf1b7843-392f-413c-ab2f-fa8bfa5d90e7
[    2.485487] BTRFS info (device nvme0n1p5): using crc32c (crc32c-intel) checksum algorithm
[    2.503083] BTRFS info (device nvme0n1p5): enabling ssd optimizations
[    2.507186] BTRFS info (device nvme0n1p5): turning on async discard
[    2.511567] BTRFS info (device nvme0n1p5): enabling free space tree
[    2.513976] usb 3-8: New USB device found, idVendor=0bda, idProduct=b85b, bcdDevice= 0.00
[    2.525014] usb 3-8: New USB device strings: Mfr=1, Product=2, SerialNumber=3
[    2.533457] usb 3-8: Product: Bluetooth Radio
[    2.537633] usb 3-8: Manufacturer: Realtek
[    2.541878] usb 3-8: SerialNumber: 00e04c000001
[    2.614412] Not activating Mandatory Access Control as /sbin/tomoyo-init does not exist.
[    2.897308] udevd[463]: starting version 3.2.14
[    2.951471] udevd[463]: GOTO 'alsa_restore_std' has no matching label in: '/usr/lib/udev/rules.d/90-alsa-restore.rules'
[    2.960049] udevd[463]: GOTO 'alsa_restore_std' has no matching label in: '/usr/lib/udev/rules.d/90-alsa-restore.rules'
[    2.977082] udevd[464]: starting eudev-3.2.14
[    3.048531] resource: resource sanity check: requesting [mem 0x00000000fedc0000-0x00000000fedcffff], which spans more than pnp 00:02 [mem 0xfedc0000-0xfedc7fff]
[    3.051733] ACPI: AC: AC Adapter [ADP1] (off-line)
[    3.061862] caller igen6_probe+0x15e/0x7c0 [igen6_edac] mapping multiple BARs
[    3.062068] EDAC MC0: Giving out device to module igen6_edac controller Intel_client_SoC MC#0: DEV 0000:00:00.0 (INTERRUPT)
[    3.083489] EDAC igen6 MC0: HANDLING IBECC MEMORY ERROR
[    3.083492] EDAC igen6 MC0: ADDR 0x7fffffffe0 
[    3.084636] EDAC igen6: v2.5.1
[    3.120027] input: Lid Switch as /devices/LNXSYSTM:00/LNXSYBUS:00/PNP0A08:00/device:06/PNP0C09:00/PNP0C0D:00/input/input7
[    3.130233] input: Intel HID events as /devices/platform/INTC1070:00/input/input8
[    3.132418] ACPI: button: Lid Switch [LID0]
[    3.142760] intel-hid INTC1070:00: platform supports 5 button array
[    3.144062] input: Power Button as /devices/LNXSYSTM:00/LNXSYBUS:00/PNP0C0C:00/input/input9
[    3.147330] input: Intel HID 5 button array as /devices/platform/INTC1070:00/input/input10
[    3.169213] ACPI: button: Power Button [PWRB]
[    3.173262] input: Sleep Button as /devices/LNXSYSTM:00/LNXSYBUS:00/PNP0C0E:00/input/input11
[    3.183189] ACPI: button: Sleep Button [SLPB]
[    3.201282] intel_pmc_core INT33A1:00:  initialized
[    3.216418] ACPI: bus type drm_connector registered
[    3.253521] mc: Linux media interface: v0.10
[    3.294384] mei_me 0000:00:16.0: enabling device (0000 -> 0002)
[    3.337952] input: PC Speaker as /devices/platform/pcspkr/input/input12
[    3.342338] pstore: Using crash dump compression: deflate
[    3.377470] bmc150_accel_i2c i2c-BOSC0200:00: supply vdd not found, using dummy regulator
[    3.385950] bmc150_accel_i2c i2c-BOSC0200:00: supply vddio not found, using dummy regulator
[    3.401313] pstore: Registered efi_pstore as persistent store backend
[    3.437001] Bluetooth: Core ver 2.22
[    3.441350] NET: Registered PF_BLUETOOTH protocol family
[    3.445680] Bluetooth: HCI device and connection manager initialized
[    3.450429] Bluetooth: HCI socket layer initialized
[    3.455034] Bluetooth: L2CAP socket layer initialized
[    3.459444] Bluetooth: SCO socket layer initialized
[    3.497151] cfg80211: Loading compiled-in X.509 certificates for regulatory database
[    3.515585] videodev: Linux video capture interface: v2.00
[    3.517412] Loaded X.509 cert 'benh@debian.org: 577e021cb980e0e820821ba7b54b4961b8b4fadf'
[    3.529496] Loaded X.509 cert 'romain.perier@gmail.com: 3abbc6ec146e09d1b6016ab9d6cf71dd233f0328'
[    3.538321] Loaded X.509 cert 'sforshee: 00b28ddf47aef9cea7'
[    3.543412] Loaded X.509 cert 'wens: 61c038651aabdcf94bd0ac7ff06c7248db18c600'
[    3.570154] RAPL PMU: API unit is 2^-32 Joules, 4 fixed counters, 655360 ms ovfl timer
[    3.570176] RAPL PMU: hw unit of domain pp0-core 2^-14 Joules
[    3.570177] RAPL PMU: hw unit of domain package 2^-14 Joules
[    3.570178] RAPL PMU: hw unit of domain pp1-gpu 2^-14 Joules
[    3.570179] RAPL PMU: hw unit of domain psys 2^-14 Joules
[    3.610014] cryptd: max_cpu_qlen set to 1000
[    3.640166] usbcore: registered new interface driver btusb
[    3.646896] Bluetooth: hci0: RTL: examining hci_ver=0b hci_rev=000b lmp_ver=0b lmp_subver=8852
[    3.655879] Bluetooth: hci0: RTL: rom_version status=0 version=1
[    3.660036] Bluetooth: hci0: RTL: loading rtl_bt/rtl8852bu_fw.bin
[    3.666302] Bluetooth: hci0: RTL: loading rtl_bt/rtl8852bu_config.bin
[    3.670535] AES CTR mode by8 optimization enabled
[    3.675939] Bluetooth: hci0: RTL: cfg_sz 6, total sz 54947
[    3.708396] snd_hda_intel 0000:00:1f.3: enabling device (0000 -> 0002)
[    3.708696] usb 3-3: Found UVC 1.00 device icspring camera (32e6:9005)
[    3.733524] usbcore: registered new interface driver uvcvideo
[    3.995371] rtw89_8852be 0000:02:00.0: loaded firmware rtw89/rtw8852b_fw-1.bin
[    4.003124] rtw89_8852be 0000:02:00.0: enabling device (0000 -> 0003)
[    4.013902] rtw89_8852be 0000:02:00.0: Firmware version 0.29.29.8 (39dbf50f), cmd version 0, type 5
[    4.021918] rtw89_8852be 0000:02:00.0: Firmware version 0.29.29.8 (39dbf50f), cmd version 0, type 3
[    4.072915] Bluetooth: hci0: RTL: fw version 0x0474842d
[    4.305492] Setting dangerous option enable_psr - tainting kernel
[    4.309595] Setting dangerous option enable_dc - tainting kernel
[    4.313624] Setting dangerous option enable_fbc - tainting kernel
[    4.319487] i915 0000:00:02.0: [drm] Found ALDERLAKE_P/ADL-N (device ID 46d1) display version 13.00 stepping D0
[    4.325175] rtw89_8852be 0000:02:00.0: chip rfe_type is 5
[    4.331387] i915 0000:00:02.0: [drm:intel_gt_common_init_early [i915]] WOPCM: 2048K
[    4.331646] i915 0000:00:02.0: [drm:intel_uc_init_early [i915]] GT0: enable_guc=3 (guc:yes submission:yes huc:yes slpc:yes)
[    4.331859] i915 0000:00:02.0: [drm:intel_pch_type [i915]] Found Alder Lake PCH
[    4.332043] i915 0000:00:02.0: [drm:intel_gt_probe_all [i915]] GT0: Setting up Primary GT
[    4.332393] i915 0000:00:02.0: [drm:intel_uncore_init_mmio [i915]] unclaimed mmio detected on uncore init, clearing
[    4.332562] i915 0000:00:02.0: [drm:intel_display_device_info_runtime_init [i915]] rawclk rate: 19200 kHz
[    4.332992] i915 0000:00:02.0: [drm:intel_engines_init_mmio [i915]] GT0: vcs2 fused off
[    4.333206] i915 0000:00:02.0: [drm:intel_engines_init_mmio [i915]] GT0: vdbox enable: 0001, instances: 0001
[    4.333413] i915 0000:00:02.0: [drm:intel_engines_init_mmio [i915]] GT0: vebox enable: 0001, instances: 0001
[    4.333855] i915 0000:00:02.0: [drm:i915_ggtt_probe_hw [i915]] GGTT size = 4096M
[    4.334069] i915 0000:00:02.0: [drm:i915_ggtt_probe_hw [i915]] GMADR size = 256M
[    4.334274] i915 0000:00:02.0: [drm:i915_ggtt_probe_hw [i915]] DSM size = 60M
[    4.334473] i915 0000:00:02.0: [drm] VT-d active for gfx access
[    4.340463] Console: switching to colour dummy device 80x25
[    4.340533] i915 0000:00:02.0: vgaarb: deactivate vga console
[    4.340618] i915 0000:00:02.0: [drm] Using Transparent Hugepages
[    4.340629] i915 0000:00:02.0: [drm:i915_gem_init_stolen [i915]] GEN6_STOLEN_RESERVED = 0x0000000080200087
[    4.340827] i915 0000:00:02.0: [drm:i915_gem_init_stolen [i915]] Memory reserved for graphics device: 61440K, usable: 59392K
[    4.341001] i915 0000:00:02.0: [drm:intel_memory_regions_hw_probe [i915]] Memory region(0): system: 11639 MiB [mem 0x00000000-0x2d7788fff], io: n/a
[    4.341145] i915 0000:00:02.0: [drm:intel_memory_regions_hw_probe [i915]] Memory region(5): stolen-system: 58 MiB [mem 0x7c800000-0x801fffff], io: n/a
[    4.341341] i915 0000:00:02.0: [drm:intel_opregion_setup [i915]] graphic opregion physical addr: 0x734a3018
[    4.341550] i915 0000:00:02.0: [drm:intel_opregion_setup [i915]] ACPI OpRegion version 2.1.0
[    4.341731] i915 0000:00:02.0: [drm:intel_opregion_setup [i915]] Public ACPI methods supported
[    4.341905] i915 0000:00:02.0: [drm:intel_opregion_setup [i915]] ASLE supported
[    4.342076] i915 0000:00:02.0: [drm:intel_opregion_setup [i915]] ASLE extension supported
[    4.342243] i915 0000:00:02.0: [drm:intel_opregion_setup [i915]] Found valid VBT in ACPI OpRegion (RVDA)
[    4.342410] i915 0000:00:02.0: [drm:intel_dram_detect [i915]] Num qgv points 4
[    4.342550] i915 0000:00:02.0: [drm:intel_dram_detect [i915]] DRAM channels: 2
[    4.342680] i915 0000:00:02.0: [drm:i915_driver_probe [i915]] Watermark level 0 adjustment needed: no
[    4.342820] i915 0000:00:02.0: [drm:icl_get_qgv_points.constprop.0 [i915]] QGV 0: DCLK=2401 tRP=24 tRDPRE=20 tRAS=52 tRCD=24 tRC=76
[    4.343027] i915 0000:00:02.0: [drm:icl_get_qgv_points.constprop.0 [i915]] QGV 1: DCLK=4001 tRP=36 tRDPRE=24 tRAS=84 tRCD=36 tRC=120
[    4.343227] i915 0000:00:02.0: [drm:icl_get_qgv_points.constprop.0 [i915]] QGV 2: DCLK=4401 tRP=40 tRDPRE=28 tRAS=96 tRCD=40 tRC=136
[    4.343419] i915 0000:00:02.0: [drm:icl_get_qgv_points.constprop.0 [i915]] QGV 3: DCLK=4801 tRP=44 tRDPRE=28 tRAS=104 tRCD=44 tRC=148
[    4.343607] i915 0000:00:02.0: [drm:icl_get_qgv_points.constprop.0 [i915]] PSF GV 0: CLK=32 
[    4.343786] i915 0000:00:02.0: [drm:icl_get_qgv_points.constprop.0 [i915]] PSF GV 1: CLK=38 
[    4.343963] i915 0000:00:02.0: [drm:icl_get_qgv_points.constprop.0 [i915]] PSF GV 2: CLK=48 
[    4.344138] i915 0000:00:02.0: [drm:tgl_get_bw_info.isra.0 [i915]] BW0 / QGV 0: num_planes=0 deratedbw=8478 peakbw: 19208
[    4.344319] i915 0000:00:02.0: [drm:tgl_get_bw_info.isra.0 [i915]] BW0 / QGV 1: num_planes=0 deratedbw=11380 peakbw: 32008
[    4.344497] i915 0000:00:02.0: [drm:tgl_get_bw_info.isra.0 [i915]] BW0 / QGV 2: num_planes=0 deratedbw=11556 peakbw: 35208
[    4.344669] i915 0000:00:02.0: [drm:tgl_get_bw_info.isra.0 [i915]] BW0 / QGV 3: num_planes=0 deratedbw=11991 peakbw: 38408
[    4.344963] i915 0000:00:02.0: [drm:tgl_get_bw_info.isra.0 [i915]] BW0 / PSF GV 0: num_planes=0 bw=34133
[    4.345169] i915 0000:00:02.0: [drm:tgl_get_bw_info.isra.0 [i915]] BW0 / PSF GV 1: num_planes=0 bw=40533
[    4.345340] i915 0000:00:02.0: [drm:tgl_get_bw_info.isra.0 [i915]] BW0 / PSF GV 2: num_planes=0 bw=51200
[    4.345506] i915 0000:00:02.0: [drm:tgl_get_bw_info.isra.0 [i915]] BW1 / QGV 0: num_planes=4 deratedbw=10928 peakbw: 19208
[    4.345672] i915 0000:00:02.0: [drm:tgl_get_bw_info.isra.0 [i915]] BW1 / QGV 1: num_planes=4 deratedbw=15758 peakbw: 32008
[    4.345837] i915 0000:00:02.0: [drm:tgl_get_bw_info.isra.0 [i915]] BW1 / QGV 2: num_planes=4 deratedbw=16388 peakbw: 35208
[    4.346002] i915 0000:00:02.0: [drm:tgl_get_bw_info.isra.0 [i915]] BW1 / QGV 3: num_planes=4 deratedbw=17250 peakbw: 38408
[    4.346165] i915 0000:00:02.0: [drm:tgl_get_bw_info.isra.0 [i915]] BW1 / PSF GV 0: num_planes=4 bw=34133
[    4.346328] i915 0000:00:02.0: [drm:tgl_get_bw_info.isra.0 [i915]] BW1 / PSF GV 1: num_planes=4 bw=40533
[    4.346490] i915 0000:00:02.0: [drm:tgl_get_bw_info.isra.0 [i915]] BW1 / PSF GV 2: num_planes=4 bw=51200
[    4.346652] i915 0000:00:02.0: [drm:tgl_get_bw_info.isra.0 [i915]] BW2 / QGV 0: num_planes=0 deratedbw=12772 peakbw: 19208
[    4.346813] i915 0000:00:02.0: [drm:tgl_get_bw_info.isra.0 [i915]] BW2 / QGV 1: num_planes=0 deratedbw=19510 peakbw: 32008
[    4.346974] i915 0000:00:02.0: [drm:tgl_get_bw_info.isra.0 [i915]] BW2 / QGV 2: num_planes=0 deratedbw=20720 peakbw: 35208
[    4.347133] i915 0000:00:02.0: [drm:tgl_get_bw_info.isra.0 [i915]] BW2 / QGV 3: num_planes=0 deratedbw=22096 peakbw: 38408
[    4.347294] i915 0000:00:02.0: [drm:tgl_get_bw_info.isra.0 [i915]] BW2 / PSF GV 0: num_planes=0 bw=34133
[    4.347453] i915 0000:00:02.0: [drm:tgl_get_bw_info.isra.0 [i915]] BW2 / PSF GV 1: num_planes=0 bw=40533
[    4.347613] i915 0000:00:02.0: [drm:tgl_get_bw_info.isra.0 [i915]] BW2 / PSF GV 2: num_planes=0 bw=51200
[    4.347772] i915 0000:00:02.0: [drm:tgl_get_bw_info.isra.0 [i915]] BW3 / QGV 0: num_planes=0 deratedbw=13950 peakbw: 19208
[    4.347932] i915 0000:00:02.0: [drm:tgl_get_bw_info.isra.0 [i915]] BW3 / QGV 1: num_planes=0 deratedbw=22146 peakbw: 32008
[    4.348091] i915 0000:00:02.0: [drm:tgl_get_bw_info.isra.0 [i915]] BW3 / QGV 2: num_planes=0 deratedbw=23044 peakbw: 35208
[    4.348250] i915 0000:00:02.0: [drm:tgl_get_bw_info.isra.0 [i915]] BW3 / QGV 3: num_planes=0 deratedbw=23044 peakbw: 38408
[    4.348420] i915 0000:00:02.0: [drm:tgl_get_bw_info.isra.0 [i915]] BW3 / PSF GV 0: num_planes=0 bw=34133
[    4.348581] i915 0000:00:02.0: [drm:tgl_get_bw_info.isra.0 [i915]] BW3 / PSF GV 1: num_planes=0 bw=40533
[    4.348739] i915 0000:00:02.0: [drm:tgl_get_bw_info.isra.0 [i915]] BW3 / PSF GV 2: num_planes=0 bw=51200
[    4.348896] i915 0000:00:02.0: [drm:tgl_get_bw_info.isra.0 [i915]] BW4 / QGV 0: num_planes=0 deratedbw=14624 peakbw: 19208
[    4.349052] i915 0000:00:02.0: [drm:tgl_get_bw_info.isra.0 [i915]] BW4 / QGV 1: num_planes=0 deratedbw=23044 peakbw: 32008
[    4.349209] i915 0000:00:02.0: [drm:tgl_get_bw_info.isra.0 [i915]] BW4 / QGV 2: num_planes=0 deratedbw=23044 peakbw: 35208
[    4.349364] i915 0000:00:02.0: [drm:tgl_get_bw_info.isra.0 [i915]] BW4 / QGV 3: num_planes=0 deratedbw=23044 peakbw: 38408
[    4.349520] i915 0000:00:02.0: [drm:tgl_get_bw_info.isra.0 [i915]] BW4 / PSF GV 0: num_planes=0 bw=34133
[    4.349675] i915 0000:00:02.0: [drm:tgl_get_bw_info.isra.0 [i915]] BW4 / PSF GV 1: num_planes=0 bw=40533
[    4.349830] i915 0000:00:02.0: [drm:tgl_get_bw_info.isra.0 [i915]] BW4 / PSF GV 2: num_planes=0 bw=51200
[    4.349984] i915 0000:00:02.0: [drm:tgl_get_bw_info.isra.0 [i915]] BW5 / QGV 0: num_planes=0 deratedbw=14986 peakbw: 19208
[    4.350138] i915 0000:00:02.0: [drm:tgl_get_bw_info.isra.0 [i915]] BW5 / QGV 1: num_planes=0 deratedbw=23044 peakbw: 32008
[    4.350293] i915 0000:00:02.0: [drm:tgl_get_bw_info.isra.0 [i915]] BW5 / QGV 2: num_planes=0 deratedbw=23044 peakbw: 35208
[    4.350448] i915 0000:00:02.0: [drm:tgl_get_bw_info.isra.0 [i915]] BW5 / QGV 3: num_planes=0 deratedbw=23044 peakbw: 38408
[    4.350603] i915 0000:00:02.0: [drm:tgl_get_bw_info.isra.0 [i915]] BW5 / PSF GV 0: num_planes=0 bw=34133
[    4.350760] i915 0000:00:02.0: [drm:tgl_get_bw_info.isra.0 [i915]] BW5 / PSF GV 1: num_planes=0 bw=40533
[    4.350915] i915 0000:00:02.0: [drm:tgl_get_bw_info.isra.0 [i915]] BW5 / PSF GV 2: num_planes=0 bw=51200
[    4.351525] i915 0000:00:02.0: [drm:intel_bios_init [i915]] Set default to SSC at 120000 kHz
[    4.351708] i915 0000:00:02.0: [drm:intel_bios_init [i915]] VBT signature "$VBT ALDERLAKE-P    ", BDB version 249
[    4.351870] i915 0000:00:02.0: [drm:intel_bios_init [i915]] Found BDB block 1 (size 6, min size 7)
[    4.352120] i915 0000:00:02.0: [drm:intel_bios_init [i915]] Found BDB block 2 (size 395, min size 5)
[    4.352334] i915 0000:00:02.0: [drm:intel_bios_init [i915]] Found BDB block 9 (size 100, min size 100)
[    4.352497] i915 0000:00:02.0: [drm:intel_bios_init [i915]] Found BDB block 12 (size 19, min size 19)
[    4.352661] i915 0000:00:02.0: [drm:intel_bios_init [i915]] Found BDB block 27 (size 812, min size 848)
[    4.352823] i915 0000:00:02.0: [drm:intel_bios_init [i915]] Found BDB block 40 (size 34, min size 34)
[    4.352983] i915 0000:00:02.0: [drm:intel_bios_init [i915]] Generating LFP data table pointers
[    4.353145] i915 0000:00:02.0: [drm:intel_bios_init [i915]] Found BDB block 41 (size 148, min size 148)
[    4.353308] i915 0000:00:02.0: [drm:intel_bios_init [i915]] Found BDB block 42 (size 1366, min size 1366)
[    4.353467] i915 0000:00:02.0: [drm:intel_bios_init [i915]] Found BDB block 43 (size 305, min size 305)
[    4.353627] i915 0000:00:02.0: [drm:intel_bios_init [i915]] Found BDB block 44 (size 78, min size 136)
[    4.353786] i915 0000:00:02.0: [drm:intel_bios_init [i915]] Found BDB block 52 (size 822, min size 822)
[    4.353945] i915 0000:00:02.0: [drm:intel_bios_init [i915]] Found BDB block 53 (size 2001, min size 1)
[    4.354104] i915 0000:00:02.0: [drm:intel_bios_init [i915]] Found BDB block 56 (size 210, min size 210)
[    4.354263] i915 0000:00:02.0: [drm:intel_bios_init [i915]] Found BDB block 58 (size 674, min size 2)
[    4.354421] i915 0000:00:02.0: [drm:intel_bios_init [i915]] BDB_GENERAL_FEATURES int_tv_support 0 int_crt_support 0 lvds_use_ssc 0 lvds_ssc_freq 120000 display_clock_mode 1 fdi_rx_polarity_inverted 0
[    4.354581] i915 0000:00:02.0: [drm:intel_bios_init [i915]] crt_ddc_bus_pin: 2
[    4.354739] i915 0000:00:02.0: [drm:intel_bios_init [i915]] Found VBT child device with type 0x1400
[    4.354897] i915 0000:00:02.0: [drm:intel_bios_init [i915]] Found VBT child device with type 0x60d2
[    4.355055] i915 0000:00:02.0: [drm:intel_bios_init [i915]] Found VBT child device with type 0x68c6
[    4.355213] i915 0000:00:02.0: [drm:intel_bios_init [i915]] Skipping SDVO device mapping
[    4.355372] i915 0000:00:02.0: [drm:intel_bios_init [i915]] Port A VBT info: CRT:0 DVI:0 HDMI:0 DP:0 eDP:0 DSI:1 DP++:0 LSPCON:0 USB-Type-C:0 TBT:0 DSC:0
[    4.355531] i915 0000:00:02.0: [drm:intel_bios_init [i915]] Port A VBT HDMI level shift: 0
[    4.355692] i915 0000:00:02.0: [drm:intel_bios_init [i915]] Port B VBT info: CRT:0 DVI:1 HDMI:1 DP:0 eDP:0 DSI:0 DP++:0 LSPCON:0 USB-Type-C:0 TBT:0 DSC:0
[    4.355854] i915 0000:00:02.0: [drm:intel_bios_init [i915]] Port B VBT HDMI level shift: 0
[    4.356014] i915 0000:00:02.0: [drm:intel_bios_init [i915]] Port B VBT HDMI max TMDS clock: 594000 kHz
[    4.356175] i915 0000:00:02.0: [drm:intel_bios_init [i915]] Port E VBT info: CRT:0 DVI:0 HDMI:0 DP:1 eDP:0 DSI:0 DP++:0 LSPCON:0 USB-Type-C:1 TBT:1 DSC:0
[    4.356345] i915 0000:00:02.0: [drm:intel_bios_init [i915]] Port E VBT HDMI level shift: 0
[    4.356509] i915 0000:00:02.0: [drm:intel_power_domains_init [i915]] Allowed DC state mask 08
[    4.356714] i915 0000:00:02.0: [drm:gen9_set_dc_state.part.0 [i915]] Setting DC state from 00 to 00
[    4.356938] i915 0000:00:02.0: [drm:check_phy_reg [i915]] Combo PHY A reg 001628a0 state mismatch: current 9003513c mask e0000000 expected a0000000
[    4.357152] i915 0000:00:02.0: [drm:icl_combo_phys_init [i915]] Initializing combo PHY A (Voltage/Process Info : 0.85V dot0 (low-voltage))
[    4.357387] i915 0000:00:02.0: [drm:intel_power_well_enable [i915]] enabling PW_1
[    4.357588] i915 0000:00:02.0: [drm:intel_cdclk_init_hw [i915]] Current CDCLK 179200 kHz, VCO 537600 kHz, ref 38400 kHz, bypass 19200 kHz, voltage level 0
[    4.357777] i915 0000:00:02.0: [drm:gen9_dbuf_slices_update [i915]] Updating dbuf slices to 0xf
[    4.358014] i915 0000:00:02.0: [drm:intel_power_well_enable [i915]] enabling always-on
[    4.358202] i915 0000:00:02.0: [drm:intel_power_well_enable [i915]] enabling DC_off
[    4.358388] i915 0000:00:02.0: [drm:gen9_set_dc_state.part.0 [i915]] Setting DC state from 00 to 00
[    4.358626] i915 0000:00:02.0: [drm:intel_power_well_enable [i915]] enabling PW_2
[    4.358810] i915 0000:00:02.0: vgaarb: VGA decodes changed: olddecodes=io+mem,decodes=io+mem:owns=io+mem
[    4.358820] i915 0000:00:02.0: [drm:intel_power_well_enable [i915]] enabling PW_A
[    4.359000] i915 0000:00:02.0: [drm:intel_power_well_enable [i915]] enabling PW_B
[    4.359178] i915 0000:00:02.0: [drm:intel_power_well_enable [i915]] enabling PW_C
[    4.359356] i915 0000:00:02.0: [drm:intel_power_well_enable [i915]] enabling PW_D
[    4.359565] i915 0000:00:02.0: [drm:intel_dmc_init [i915]] Loading i915/adlp_dmc.bin
[    4.359879] i915 0000:00:02.0: [drm:intel_bw_init [i915]] Forcing SAGV disable: mask 0x307
[    4.360197] i915 0000:00:02.0: [drm:intel_fbc_init [i915]] Sanitized enable_fbc value: 0
[    4.360624] i915 0000:00:02.0: [drm:skl_wm_init [i915]] SAGV supported: yes, original SAGV block time: 35 us
[    4.360838] i915 0000:00:02.0: [drm:intel_print_wm_latency [i915]] Gen9 Plane WM0 latency 3 (3.0 usec)
[    4.361018] i915 0000:00:02.0: [drm:intel_print_wm_latency [i915]] Gen9 Plane WM1 latency 54 (54.0 usec)
[    4.361191] i915 0000:00:02.0: [drm:intel_print_wm_latency [i915]] Gen9 Plane WM2 latency 83 (83.0 usec)
[    4.361363] i915 0000:00:02.0: [drm:intel_print_wm_latency [i915]] Gen9 Plane WM3 latency 102 (102.0 usec)
[    4.361531] i915 0000:00:02.0: [drm:intel_print_wm_latency [i915]] Gen9 Plane WM4 latency 147 (147.0 usec)
[    4.361698] i915 0000:00:02.0: [drm:intel_print_wm_latency [i915]] Gen9 Plane WM5 latency 147 (147.0 usec)
[    4.362233] i915 0000:00:02.0: [drm:intel_display_driver_probe_nogem [i915]] 3 display pipes available.
[    4.362778] i915 0000:00:02.0: [drm:intel_cdclk_dump_config [i915]] Current CDCLK 179200 kHz, VCO 537600 kHz, ref 38400 kHz, bypass 19200 kHz, voltage level 0
[    4.362999] i915 0000:00:02.0: [drm:intel_update_max_cdclk [i915]] Max CD clock rate: 652800 kHz
[    4.363208] i915 0000:00:02.0: [drm:intel_display_driver_probe_nogem [i915]] Max dotclock rate: 1305600 kHz
[    4.363426] [drm] cmdline forces connector DSI-1 panel_orientation to 3
[    4.363434] [drm:__drm_connector_init [drm]] cmdline mode for connector DSI-1  0x0@60Hz
[    4.363489] i915 0000:00:02.0: [drm:intel_bios_init_panel [i915]] Panel type (VBT): 0
[    4.363695] i915 0000:00:02.0: [drm:intel_bios_init_panel [i915]] Panel type (fallback): 0
[    4.363886] i915 0000:00:02.0: [drm:intel_bios_init_panel [i915]] Selected panel type (VBT): 0
[    4.364073] i915 0000:00:02.0: [drm:intel_bios_init_panel [i915]] DRRS supported mode is seamless
[    4.364258] i915 0000:00:02.0: [drm:intel_bios_init_panel [i915]] Found panel mode in BIOS VBT generic dtd table: "800x1280": 61 67420 800 820 830 842 1280 1297 1301 1322 0x8 0x5
[    4.364459] i915 0000:00:02.0: [drm:intel_bios_init_panel [i915]] Panel manufacturer name: MS_, product code: 1, serial number: 1, year of manufacture: 2002
[    4.364645] i915 0000:00:02.0: [drm:intel_bios_init_panel [i915]] Panel name: LFP_PanelName
[    4.364824] i915 0000:00:02.0: [drm:intel_bios_init_panel [i915]] Seamless DRRS min refresh rate: 0 Hz
[    4.365000] i915 0000:00:02.0: [drm:intel_bios_init_panel [i915]] VBT backlight PWM modulation frequency 200 Hz, active high, min brightness 20, level 255, controller 0
[    4.365176] i915 0000:00:02.0: [drm:intel_bios_init_panel [i915]] Found MIPI Config block, panel index = 0
[    4.365477] i915 0000:00:02.0: [drm:dmc_load_work_fn [i915]] DMC 0:
[    4.365694] i915 0000:00:02.0: [drm:dmc_load_work_fn [i915]]  mmio[0]: 0x8f074 = 0x86fc0
[    4.365825] i915 0000:00:02.0: [drm:intel_bios_init_panel [i915]] Found MIPI sequence block v3
[    4.365900] i915 0000:00:02.0: [drm:dmc_load_work_fn [i915]]  mmio[1]: 0x8f034 = 0xc003b400 (EVT_CTL)
[    4.366080] i915 0000:00:02.0: [drm:icl_dsi_init [i915]] MIPI related VBT parsing complete
[    4.366090] i915 0000:00:02.0: [drm:dmc_load_work_fn [i915]]  mmio[2]: 0x8f004 = 0x1240108 (EVT_HTP)
[    4.366282] i915 0000:00:02.0: [drm:dmc_load_work_fn [i915]]  mmio[3]: 0x8f038 = 0xc003b200 (EVT_CTL)
[    4.366288] i915 0000:00:02.0: [drm:intel_panel_add_fixed_mode [i915]] [CONNECTOR:189:DSI-1] using VBT LFP fixed mode: "800x1280": 61 67420 800 820 830 842 1280 1297 1301 1322 0x48 0x5
[    4.366467] i915 0000:00:02.0: [drm:dmc_load_work_fn [i915]]  mmio[4]: 0x8f008 = 0x512050d4 (EVT_HTP)
[    4.366478] i915 0000:00:02.0: [drm:intel_panel_init [i915]] [CONNECTOR:189:DSI-1] DRRS type: none
[    4.366651] i915 0000:00:02.0: [drm:dmc_load_work_fn [i915]]  mmio[5]: 0x8f03c = 0xc003b300 (EVT_CTL)
[    4.366674] i915 0000:00:02.0: [drm:cnp_setup_backlight [i915]] [CONNECTOR:189:DSI-1] Using native PCH PWM for backlight control (controller=0)
[    4.366831] i915 0000:00:02.0: [drm:dmc_load_work_fn [i915]]  mmio[6]: 0x8f00c = 0x584c57fc (EVT_HTP)
[    4.366872] i915 0000:00:02.0: [drm:intel_backlight_setup [i915]] [CONNECTOR:189:DSI-1] backlight initialized, enabled, brightness 96000/96000
[    4.367020] i915 0000:00:02.0: [drm:dmc_load_work_fn [i915]] DMC 1:
[    4.367052] i915 0000:00:02.0: [drm:intel_dsi_vbt_init [i915]] 
[    4.367204] i915 0000:00:02.0: [drm:dmc_load_work_fn [i915]]  mmio[0]: 0x5f074 = 0x96fc0
[    4.367228] i915 0000:00:02.0: [drm:intel_dsi_log_params [i915]] Pclk 67420
[    4.367396] i915 0000:00:02.0: [drm:intel_dsi_log_params [i915]] Pixel overlap 0
[    4.367388] i915 0000:00:02.0: [drm:dmc_load_work_fn [i915]]  mmio[1]: 0x5f034 = 0xc003df00 (EVT_CTL) (disabling)
[    4.367579] i915 0000:00:02.0: [drm:intel_dsi_log_params [i915]] Lane count 4
[    4.367587] i915 0000:00:02.0: [drm:dmc_load_work_fn [i915]]  mmio[2]: 0x5f004 = 0x214c2114 (EVT_HTP)
[    4.367751] i915 0000:00:02.0: [drm:intel_dsi_log_params [i915]] DPHY param reg 0xc8690082
[    4.367769] i915 0000:00:02.0: [drm:dmc_load_work_fn [i915]]  mmio[3]: 0x5f038 = 0xc003e000 (EVT_CTL) (disabling)
[    4.367921] rtw89_8852be 0000:02:00.0: rfkill hardware state changed to enable
[    4.367911] i915 0000:00:02.0: [drm:intel_dsi_log_params [i915]] Video mode format non-burst with sync events
[    4.367953] i915 0000:00:02.0: [drm:dmc_load_work_fn [i915]]  mmio[4]: 0x5f008 = 0x22402208 (EVT_HTP)
[    4.368074] i915 0000:00:02.0: [drm:intel_dsi_log_params [i915]] Burst mode ratio 100
[    4.368143] i915 0000:00:02.0: [drm:dmc_load_work_fn [i915]]  mmio[5]: 0x5f03c = 0xc0032c00 (EVT_CTL) (disabling)
[    4.368232] i915 0000:00:02.0: [drm:intel_dsi_log_params [i915]] Reset timer 255
[    4.368336] i915 0000:00:02.0: [drm:dmc_load_work_fn [i915]]  mmio[6]: 0x5f00c = 0x241422fc (EVT_HTP)
[    4.368406] i915 0000:00:02.0: [drm:intel_dsi_log_params [i915]] Eot enabled
[    4.368515] i915 0000:00:02.0: [drm:dmc_load_work_fn [i915]]  mmio[7]: 0x5f040 = 0xc0033100 (EVT_CTL) (disabling)
[    4.368562] i915 0000:00:02.0: [drm:intel_dsi_log_params [i915]] Clockstop enabled
[    4.368690] i915 0000:00:02.0: [drm:dmc_load_work_fn [i915]]  mmio[8]: 0x5f010 = 0x26f826cc (EVT_HTP)
[    4.368713] i915 0000:00:02.0: [drm:intel_dsi_log_params [i915]] Mode video
[    4.368862] i915 0000:00:02.0: [drm:intel_dsi_log_params [i915]] Dual link: NONE
[    4.368872] i915 0000:00:02.0: [drm:dmc_load_work_fn [i915]] DMC 2:
[    4.369012] i915 0000:00:02.0: [drm:intel_dsi_log_params [i915]] Pixel Format 0
[    4.369046] i915 0000:00:02.0: [drm:dmc_load_work_fn [i915]]  mmio[0]: 0x5f474 = 0x9efc0
[    4.369161] i915 0000:00:02.0: [drm:intel_dsi_log_params [i915]] TLPX 0
[    4.369219] i915 0000:00:02.0: [drm:dmc_load_work_fn [i915]]  mmio[1]: 0x5f434 = 0xc003df00 (EVT_CTL) (disabling)
[    4.369309] i915 0000:00:02.0: [drm:intel_dsi_log_params [i915]] LP RX Timeout 0xffff
[    4.369391] i915 0000:00:02.0: [drm:dmc_load_work_fn [i915]]  mmio[2]: 0x5f404 = 0xa968a930 (EVT_HTP)
[    4.369458] i915 0000:00:02.0: [drm:intel_dsi_log_params [i915]] Turnaround Timeout 0x17
[    4.369564] i915 0000:00:02.0: [drm:dmc_load_work_fn [i915]]  mmio[3]: 0x5f438 = 0xc003e000 (EVT_CTL) (disabling)
[    4.369605] i915 0000:00:02.0: [drm:intel_dsi_log_params [i915]] Init Count 0x7d0
[    4.369736] i915 0000:00:02.0: [drm:dmc_load_work_fn [i915]]  mmio[4]: 0x5f408 = 0xaa5caa24 (EVT_HTP)
[    4.369751] i915 0000:00:02.0: [drm:intel_dsi_log_params [i915]] HS to LP Count 0x0
[    4.369898] i915 0000:00:02.0: [drm:intel_dsi_log_params [i915]] LP Byte Clock 0
[    4.369908] i915 0000:00:02.0: [drm:dmc_load_work_fn [i915]]  mmio[5]: 0x5f43c = 0xc0032c00 (EVT_CTL) (disabling)
[    4.370046] i915 0000:00:02.0: [drm:intel_dsi_log_params [i915]] DBI BW Timer 0x0
[    4.370080] i915 0000:00:02.0: [drm:dmc_load_work_fn [i915]]  mmio[6]: 0x5f40c = 0xac30ab18 (EVT_HTP)
[    4.370191] i915 0000:00:02.0: [drm:intel_dsi_log_params [i915]] LP to HS Clock Count 0x0
[    4.370251] i915 0000:00:02.0: [drm:dmc_load_work_fn [i915]]  mmio[7]: 0x5f440 = 0xc0033100 (EVT_CTL) (disabling)
[    4.370338] i915 0000:00:02.0: [drm:intel_dsi_log_params [i915]] HS to LP Clock Count 0x0
[    4.370422] i915 0000:00:02.0: [drm:dmc_load_work_fn [i915]]  mmio[8]: 0x5f410 = 0xaf14aee8 (EVT_HTP)
[    4.370485] i915 0000:00:02.0: [drm:icl_dsi_init [i915]] BTA enabled
[    4.370596] i915 0000:00:02.0: [drm:dmc_load_work_fn [i915]] DMC 3:
[    4.370777] i915 0000:00:02.0: [drm:dmc_load_work_fn [i915]]  mmio[0]: 0x5f874 = 0x53fc0
[    4.370955] i915 0000:00:02.0: [drm:dmc_load_work_fn [i915]]  mmio[1]: 0x5f83c = 0xc0032c00 (EVT_CTL) (disabling)
[    4.371130] i915 0000:00:02.0: [drm:dmc_load_work_fn [i915]]  mmio[2]: 0x5f80c = 0x25202408 (EVT_HTP)
[    4.371293] i915 0000:00:02.0: [drm:dmc_load_work_fn [i915]]  mmio[3]: 0x5f840 = 0xc0033100 (EVT_CTL) (disabling)
[    4.371455] i915 0000:00:02.0: [drm:dmc_load_work_fn [i915]]  mmio[4]: 0x5f810 = 0x280427d8 (EVT_HTP)
[    4.371619] i915 0000:00:02.0: [drm:dmc_load_work_fn [i915]] DMC 4:
[    4.371782] i915 0000:00:02.0: [drm:dmc_load_work_fn [i915]]  mmio[0]: 0x5fc74 = 0x5afc0
[    4.371945] i915 0000:00:02.0: [drm:dmc_load_work_fn [i915]]  mmio[1]: 0x5fc3c = 0xc0032c00 (EVT_CTL) (disabling)
[    4.372106] i915 0000:00:02.0: [drm:dmc_load_work_fn [i915]]  mmio[2]: 0x5fc0c = 0x95209408 (EVT_HTP)
[    4.372268] i915 0000:00:02.0: [drm:dmc_load_work_fn [i915]]  mmio[3]: 0x5fc40 = 0xc0033100 (EVT_CTL) (disabling)
[    4.372331] i915 0000:00:02.0: [drm:intel_hdmi_init_connector [i915]] Adding HDMI connector on [ENCODER:192:DDI B/PHY B]
[    4.372454] i915 0000:00:02.0: [drm:dmc_load_work_fn [i915]]  mmio[4]: 0x5fc10 = 0x980497d8 (EVT_HTP)
[    4.372546] i915 0000:00:02.0: [drm:intel_hdmi_init_connector [i915]] [ENCODER:192:DDI B/PHY B] Using DDC pin 0x2 (VBT)
[    4.372771] i915 0000:00:02.0: [drm:intel_dp_aux_ch [i915]] [ENCODER:202:DDI TC2/PHY TC2] Using AUX CH USBC2 (VBT)
[    4.372987] i915 0000:00:02.0: [drm:tc_phy_get_current_mode [i915]] Port E/TC#2: PHY mode: tbt-alt (ready: yes, owned: no, HPD: disconnected)
[    4.373211] i915 0000:00:02.0: [drm:intel_dp_init_connector [i915]] Adding DP connector on [ENCODER:202:DDI TC2/PHY TC2]
[    4.373457] i915 0000:00:02.0: [drm:intel_modeset_setup_hw_state [i915]] [CRTC:82:pipe A] hw state readout: enabled
[    4.373676] i915 0000:00:02.0: [drm:intel_modeset_setup_hw_state [i915]] [CRTC:134:pipe B] hw state readout: disabled
[    4.373881] i915 0000:00:02.0: [drm:intel_modeset_setup_hw_state [i915]] [CRTC:186:pipe C] hw state readout: disabled
[    4.374066] i915 0000:00:02.0: [drm:intel_modeset_setup_hw_state [i915]] [PLANE:32:plane 1A] hw state readout: enabled, pipe A
[    4.374246] i915 0000:00:02.0: [drm:intel_modeset_setup_hw_state [i915]] [PLANE:41:plane 2A] hw state readout: disabled, pipe A
[    4.374424] i915 0000:00:02.0: [drm:intel_modeset_setup_hw_state [i915]] [PLANE:50:plane 3A] hw state readout: disabled, pipe A
[    4.374598] i915 0000:00:02.0: [drm:intel_modeset_setup_hw_state [i915]] [PLANE:59:plane 4A] hw state readout: disabled, pipe A
[    4.374771] i915 0000:00:02.0: [drm:intel_modeset_setup_hw_state [i915]] [PLANE:68:plane 5A] hw state readout: disabled, pipe A
[    4.375001] i915 0000:00:02.0: [drm] Finished loading DMC firmware i915/adlp_dmc.bin (v2.20)
[    4.374941] i915 0000:00:02.0: [drm:intel_modeset_setup_hw_state [i915]] [PLANE:77:cursor A] hw state readout: disabled, pipe A
[    4.375115] i915 0000:00:02.0: [drm:intel_modeset_setup_hw_state [i915]] [PLANE:84:plane 1B] hw state readout: disabled, pipe B
[    4.375284] i915 0000:00:02.0: [drm:intel_modeset_setup_hw_state [i915]] [PLANE:93:plane 2B] hw state readout: disabled, pipe B
[    4.375451] i915 0000:00:02.0: [drm:intel_modeset_setup_hw_state [i915]] [PLANE:102:plane 3B] hw state readout: disabled, pipe B
[    4.375618] i915 0000:00:02.0: [drm:intel_modeset_setup_hw_state [i915]] [PLANE:111:plane 4B] hw state readout: disabled, pipe B
[    4.375784] i915 0000:00:02.0: [drm:intel_modeset_setup_hw_state [i915]] [PLANE:120:plane 5B] hw state readout: disabled, pipe B
[    4.375950] i915 0000:00:02.0: [drm:intel_modeset_setup_hw_state [i915]] [PLANE:129:cursor B] hw state readout: disabled, pipe B
[    4.376114] i915 0000:00:02.0: [drm:intel_modeset_setup_hw_state [i915]] [PLANE:136:plane 1C] hw state readout: disabled, pipe C
[    4.376278] i915 0000:00:02.0: [drm:intel_modeset_setup_hw_state [i915]] [PLANE:145:plane 2C] hw state readout: disabled, pipe C
[    4.376454] i915 0000:00:02.0: [drm:intel_modeset_setup_hw_state [i915]] [PLANE:154:plane 3C] hw state readout: disabled, pipe C
[    4.376618] i915 0000:00:02.0: [drm:intel_modeset_setup_hw_state [i915]] [PLANE:163:plane 4C] hw state readout: disabled, pipe C
[    4.376781] i915 0000:00:02.0: [drm:intel_modeset_setup_hw_state [i915]] [PLANE:172:plane 5C] hw state readout: disabled, pipe C
[    4.376943] i915 0000:00:02.0: [drm:intel_modeset_setup_hw_state [i915]] [PLANE:181:cursor C] hw state readout: disabled, pipe C
[    4.377116] i915 0000:00:02.0: [drm:intel_modeset_setup_hw_state [i915]] [ENCODER:188:DSI A] hw state readout: enabled, pipe A
[    4.377280] i915 0000:00:02.0: [drm:intel_modeset_setup_hw_state [i915]] [ENCODER:192:DDI B/PHY B] hw state readout: disabled, pipe A
[    4.377442] i915 0000:00:02.0: [drm:intel_tc_port_sanitize_mode [i915]] Port E/TC#2: sanitize mode (disconnected)
[    4.377615] i915 0000:00:02.0: [drm:intel_modeset_setup_hw_state [i915]] [ENCODER:202:DDI TC2/PHY TC2] hw state readout: disabled, pipe A
[    4.377777] i915 0000:00:02.0: [drm:intel_modeset_setup_hw_state [i915]] [ENCODER:204:DP-MST A] hw state readout: disabled, pipe A
[    4.377936] i915 0000:00:02.0: [drm:intel_modeset_setup_hw_state [i915]] [ENCODER:205:DP-MST B] hw state readout: disabled, pipe B
[    4.378094] i915 0000:00:02.0: [drm:intel_modeset_setup_hw_state [i915]] [ENCODER:206:DP-MST C] hw state readout: disabled, pipe C
[    4.378253] i915 0000:00:02.0: [drm:intel_dpll_readout_hw_state [i915]] DPLL 0 hw state readout: pipe_mask 0x0, on 0
[    4.378455] i915 0000:00:02.0: [drm:intel_reference_shared_dpll_crtc [i915]] [CRTC:82:pipe A] reserving DPLL 1
[    4.378648] i915 0000:00:02.0: [drm:intel_dpll_readout_hw_state [i915]] DPLL 1 hw state readout: pipe_mask 0x1, on 1
[    4.378836] i915 0000:00:02.0: [drm:intel_dpll_readout_hw_state [i915]] TBT PLL hw state readout: pipe_mask 0x0, on 0
[    4.379020] i915 0000:00:02.0: [drm:intel_dpll_readout_hw_state [i915]] TC PLL 1 hw state readout: pipe_mask 0x0, on 0
[    4.379200] i915 0000:00:02.0: [drm:intel_dpll_readout_hw_state [i915]] TC PLL 2 hw state readout: pipe_mask 0x0, on 0
[    4.379378] i915 0000:00:02.0: [drm:intel_dpll_readout_hw_state [i915]] TC PLL 3 hw state readout: pipe_mask 0x0, on 0
[    4.379553] i915 0000:00:02.0: [drm:intel_dpll_readout_hw_state [i915]] TC PLL 4 hw state readout: pipe_mask 0x0, on 0
[    4.379742] i915 0000:00:02.0: [drm:intel_modeset_setup_hw_state [i915]] [CONNECTOR:189:DSI-1] hw state readout: enabled
[    4.379925] i915 0000:00:02.0: [drm:intel_modeset_setup_hw_state [i915]] [CONNECTOR:193:HDMI-A-1] hw state readout: disabled
[    4.380097] i915 0000:00:02.0: [drm:intel_modeset_setup_hw_state [i915]] [CONNECTOR:203:DP-1] hw state readout: disabled
[    4.380268] i915 0000:00:02.0: [drm:drm_atomic_set_mode_for_crtc [drm]] Set [MODE:800x1280] for [CRTC:82:pipe A] state 0000000012791663
[    4.380320] i915 0000:00:02.0: [drm:intel_modeset_setup_hw_state [i915]] [PLANE:32:plane 1A] min_cdclk 33710 kHz
[    4.380494] i915 0000:00:02.0: [drm:intel_modeset_setup_hw_state [i915]] [PLANE:41:plane 2A] min_cdclk 0 kHz
[    4.380662] i915 0000:00:02.0: [drm:intel_modeset_setup_hw_state [i915]] [PLANE:50:plane 3A] min_cdclk 0 kHz
[    4.380819] i915 0000:00:02.0: [drm:intel_modeset_setup_hw_state [i915]] [PLANE:59:plane 4A] min_cdclk 0 kHz
[    4.380975] i915 0000:00:02.0: [drm:intel_modeset_setup_hw_state [i915]] [PLANE:68:plane 5A] min_cdclk 0 kHz
[    4.381129] i915 0000:00:02.0: [drm:intel_modeset_setup_hw_state [i915]] [PLANE:77:cursor A] min_cdclk 0 kHz
[    4.381285] i915 0000:00:02.0: [drm:intel_bw_crtc_update [i915]] pipe A data rate 269680 num active planes 1
[    4.381518] i915 0000:00:02.0: [drm:intel_modeset_setup_hw_state [i915]] [PLANE:84:plane 1B] min_cdclk 0 kHz
[    4.381693] i915 0000:00:02.0: [drm:intel_modeset_setup_hw_state [i915]] [PLANE:93:plane 2B] min_cdclk 0 kHz
[    4.381857] i915 0000:00:02.0: [drm:intel_modeset_setup_hw_state [i915]] [PLANE:102:plane 3B] min_cdclk 0 kHz
[    4.382016] i915 0000:00:02.0: [drm:intel_modeset_setup_hw_state [i915]] [PLANE:111:plane 4B] min_cdclk 0 kHz
[    4.382183] i915 0000:00:02.0: [drm:intel_modeset_setup_hw_state [i915]] [PLANE:120:plane 5B] min_cdclk 0 kHz
[    4.382337] i915 0000:00:02.0: [drm:intel_modeset_setup_hw_state [i915]] [PLANE:129:cursor B] min_cdclk 0 kHz
[    4.382488] i915 0000:00:02.0: [drm:intel_bw_crtc_update [i915]] pipe B data rate 0 num active planes 0
[    4.382703] i915 0000:00:02.0: [drm:intel_modeset_setup_hw_state [i915]] [PLANE:136:plane 1C] min_cdclk 0 kHz
[    4.382865] i915 0000:00:02.0: [drm:intel_modeset_setup_hw_state [i915]] [PLANE:145:plane 2C] min_cdclk 0 kHz
[    4.383019] i915 0000:00:02.0: [drm:intel_modeset_setup_hw_state [i915]] [PLANE:154:plane 3C] min_cdclk 0 kHz
[    4.383171] i915 0000:00:02.0: [drm:intel_modeset_setup_hw_state [i915]] [PLANE:163:plane 4C] min_cdclk 0 kHz
[    4.383320] i915 0000:00:02.0: [drm:intel_modeset_setup_hw_state [i915]] [PLANE:172:plane 5C] min_cdclk 0 kHz
[    4.383469] i915 0000:00:02.0: [drm:intel_modeset_setup_hw_state [i915]] [PLANE:181:cursor C] min_cdclk 0 kHz
[    4.383618] i915 0000:00:02.0: [drm:intel_bw_crtc_update [i915]] pipe C data rate 0 num active planes 0
[    4.383832] i915 0000:00:02.0: [drm:intel_power_well_enable [i915]] enabling DDI_IO_A
[    4.384047] i915 0000:00:02.0: [drm:intel_ddi_sanitize_encoder_pll_mapping [i915]] [ENCODER:188:DSI A] is disabled/in DSI mode with an ungated DDI clock, gate it
[    4.384242] i915 0000:00:02.0: [drm:intel_crtc_state_dump [i915]] [CRTC:82:pipe A] enable: yes [setup_hw_state]
[    4.384462] i915 0000:00:02.0: [drm:intel_crtc_state_dump [i915]] active: yes, output_types: DSI (0x200), output format: RGB, sink format: RGB
[    4.384668] i915 0000:00:02.0: [drm:intel_crtc_state_dump [i915]] cpu_transcoder: DSI A, pipe bpp: 24, dithering: 0
[    4.384866] i915 0000:00:02.0: [drm:intel_crtc_state_dump [i915]] MST master transcoder: <invalid>
[    4.385060] i915 0000:00:02.0: [drm:intel_crtc_state_dump [i915]] port sync: master transcoder: <invalid>, slave transcoder bitmask = 0x0
[    4.385252] i915 0000:00:02.0: [drm:intel_crtc_state_dump [i915]] joiner: no, pipes: 0x0
[    4.385442] i915 0000:00:02.0: [drm:intel_crtc_state_dump [i915]] splitter: disabled, link count 0, overlap 0
[    4.385631] i915 0000:00:02.0: [drm:intel_crtc_state_dump [i915]] framestart delay: 1, MSA timing delay: 0
[    4.385818] i915 0000:00:02.0: [drm:intel_crtc_state_dump [i915]] audio: 0, infoframes: 0, infoframes enabled: 0x0
[    4.386007] i915 0000:00:02.0: [drm:intel_crtc_state_dump [i915]] vrr: no, vmin: 0, vmax: 0, pipeline full: 0, guardband: 0 flipline: 0, vmin vblank: 1, vmax vblank: 0
[    4.386195] i915 0000:00:02.0: [drm:intel_crtc_state_dump [i915]] requested mode: "800x1280": 61 67420 800 820 830 842 600 1297 1301 1322 0x40 0x0
[    4.386382] i915 0000:00:02.0: [drm:intel_crtc_state_dump [i915]] adjusted mode: "800x1280": 61 67420 800 820 830 842 1280 1297 1301 1322 0x40 0x0
[    4.386568] i915 0000:00:02.0: [drm:intel_crtc_state_dump [i915]] crtc timings: clock=67420, hd=800 hb=800-842 hs=820-830 ht=842, vd=1280 vb=1280-1322 vs=1297-1301 vt=1322, flags=0x0
[    4.386754] i915 0000:00:02.0: [drm:intel_crtc_state_dump [i915]] pipe mode: "800x1280": 61 67420 800 820 830 842 1280 1297 1301 1322 0x40 0x0
[    4.386939] i915 0000:00:02.0: [drm:intel_crtc_state_dump [i915]] crtc timings: clock=67420, hd=800 hb=800-842 hs=820-830 ht=842, vd=1280 vb=1280-1322 vs=1297-1301 vt=1322, flags=0x0
[    4.387122] i915 0000:00:02.0: [drm:intel_crtc_state_dump [i915]] port clock: 80903, pipe src: 800x600+0+0, pixel rate 67420
[    4.387305] i915 0000:00:02.0: [drm:intel_crtc_state_dump [i915]] linetime: 100, ips linetime: 0
[    4.387486] i915 0000:00:02.0: [drm:intel_crtc_state_dump [i915]] num_scalers: 2, scaler_users: 0x80000000, scaler_id: 0, scaling_filter: 0
[    4.387667] i915 0000:00:02.0: [drm:intel_crtc_state_dump [i915]] pch pfit: 800x1280+0+0, enabled, force thru: no
[    4.387848] i915 0000:00:02.0: [drm:intel_crtc_state_dump [i915]] ips: 0, double wide: 0, drrs: 0
[    4.388028] i915 0000:00:02.0: [drm:intel_crtc_state_dump [i915]] dpll_hw_state: cfgcr0: 0x7199ba, cfgcr1: 0x120, div0: 0x0, mg_refclkin_ctl: 0x0, hg_clktop2_coreclkctl1: 0x0, mg_clktop2_hsclkctl: 0x0, mg_pll_div0: 0x0, mg_pll_div2: 0x0, mg_pll_lf: 0x0, mg_pll_frac_lock: 0x0, mg_pll_ssc: 0x0, mg_pll_bias: 0x0, mg_pll_tdc_coldst_bias: 0x0
[    4.388210] i915 0000:00:02.0: [drm:intel_crtc_state_dump [i915]] csc_mode: 0x20000000 gamma_mode: 0x20000000 gamma_enable: 0 csc_enable: 0
[    4.388398] i915 0000:00:02.0: [drm:intel_crtc_state_dump [i915]] pre csc lut: 0 entries, post csc lut: 0 entries
[    4.388578] i915 0000:00:02.0: [drm:intel_crtc_state_dump [i915]] output csc: pre offsets: 0x0000 0x0000 0x0000
[    4.388756] i915 0000:00:02.0: [drm:intel_crtc_state_dump [i915]] output csc: coefficients: 0x0000 0x0000 0x0000
[    4.388935] i915 0000:00:02.0: [drm:intel_crtc_state_dump [i915]] output csc: coefficients: 0x0000 0x0000 0x0000
[    4.389113] i915 0000:00:02.0: [drm:intel_crtc_state_dump [i915]] output csc: coefficients: 0x0000 0x0000 0x0000
[    4.389290] i915 0000:00:02.0: [drm:intel_crtc_state_dump [i915]] output csc: post offsets: 0x0000 0x0000 0x0000
[    4.389467] i915 0000:00:02.0: [drm:intel_crtc_state_dump [i915]] pipe csc: pre offsets: 0x0000 0x0000 0x0000
[    4.389644] i915 0000:00:02.0: [drm:intel_crtc_state_dump [i915]] pipe csc: coefficients: 0x0000 0x0000 0x0000
[    4.389820] i915 0000:00:02.0: [drm:intel_crtc_state_dump [i915]] pipe csc: coefficients: 0x0000 0x0000 0x0000
[    4.389997] i915 0000:00:02.0: [drm:intel_crtc_state_dump [i915]] pipe csc: coefficients: 0x0000 0x0000 0x0000
[    4.390173] i915 0000:00:02.0: [drm:intel_crtc_state_dump [i915]] pipe csc: post offsets: 0x0000 0x0000 0x0000
[    4.390348] i915 0000:00:02.0: [drm:intel_crtc_state_dump [i915]] [CRTC:134:pipe B] enable: no [setup_hw_state]
[    4.390525] i915 0000:00:02.0: [drm:intel_crtc_state_dump [i915]] [CRTC:186:pipe C] enable: no [setup_hw_state]
[    4.390736] i915 0000:00:02.0: [drm:skl_wm_get_hw_state_and_sanitize [i915]] [CRTC:82:pipe A] dbuf slices 0x3, ddb (0 - 2048), active pipes 0x1, mbus joined: no
[    4.390931] i915 0000:00:02.0: [drm:skl_wm_get_hw_state_and_sanitize [i915]] [CRTC:134:pipe B] dbuf slices 0x0, ddb (0 - 0), active pipes 0x1, mbus joined: no
[    4.391112] i915 0000:00:02.0: [drm:skl_wm_get_hw_state_and_sanitize [i915]] [CRTC:186:pipe C] dbuf slices 0x0, ddb (0 - 0), active pipes 0x1, mbus joined: no
[    4.391322] i915 0000:00:02.0: [drm:skl_get_initial_plane_config [i915]] pipe A/plane 1A with fb: size=800x600@32, offset=0, pitch 3200, size 0x1d4c00
[    4.391498] i915 0000:00:02.0: [drm:_i915_gem_object_stolen_init [i915]] creating preallocated stolen object: stolen_offset=0x0000000000000000, size=0x00000000001d5000
[    4.391793] i915 0000:00:02.0: [drm:initial_plane_vma [i915]] Initial plane fb bound to 0x0 in the ggtt (original 0x0)
[    4.396661] i915 0000:00:02.0: [drm:intel_wopcm_init [i915]] Calculated GuC WOPCM [592K, 1420K)
[    4.396907] i915 0000:00:02.0: [drm:i915_init_ggtt [i915]] Reserved GGTT:[1d5000, 1d7000] for use by error capture
[    4.397147] i915 0000:00:02.0: [drm:i915_init_ggtt [i915]] clearing unused GTT space: [1d7000, fee00000]
[    4.397370] i915 0000:00:02.0: [drm:i915_gem_init [i915]] No clock gating settings or workarounds applied.
[    4.397657] i915 0000:00:02.0: [drm:debug_dump_steering [i915]] MCR Steering: Default steering: group=0x0, instance=0x0
[    4.397913] i915 0000:00:02.0: [drm:wa_init_finish [i915]] GT0: Initialized 4 GT workarounds on global
[    4.398255] i915 0000:00:02.0: [drm:wa_init_finish [i915]] GT0: Initialized 11 engine workarounds on rcs'0
[    4.398498] i915 0000:00:02.0: [drm:wa_init_finish [i915]] GT0: Initialized 4 whitelist workarounds on rcs'0
[    4.398731] i915 0000:00:02.0: [drm:wa_init_finish [i915]] GT0: Initialized 5 context workarounds on rcs'0
[    4.399061] i915 0000:00:02.0: [drm:wa_init_finish [i915]] GT0: Initialized 1 engine workarounds on bcs'0
[    4.399291] i915 0000:00:02.0: [drm:wa_init_finish [i915]] GT0: Initialized 1 whitelist workarounds on bcs'0
[    4.399511] i915 0000:00:02.0: [drm:wa_init_finish [i915]] GT0: Initialized 1 context workarounds on bcs'0
[    4.399784] i915 0000:00:02.0: [drm:wa_init_finish [i915]] GT0: Initialized 1 engine workarounds on vcs'0
[    4.400006] i915 0000:00:02.0: [drm:wa_init_finish [i915]] GT0: Initialized 1 whitelist workarounds on vcs'0
[    4.400265] i915 0000:00:02.0: [drm:wa_init_finish [i915]] GT0: Initialized 1 engine workarounds on vecs'0
[    4.400491] i915 0000:00:02.0: [drm:wa_init_finish [i915]] GT0: Initialized 1 whitelist workarounds on vecs'0
